Archive member included because of file (symbol)

../bai2_bsp/\libhal_bsp.a(alt_load.o)
                              ../bai2_bsp//obj/HAL/src/crt0.o (alt_load)
../bai2_bsp/\libhal_bsp.a(alt_main.o)
                              ../bai2_bsp//obj/HAL/src/crt0.o (alt_main)
../bai2_bsp/\libhal_bsp.a(alt_sys_init.o)
                              ../bai2_bsp/\libhal_bsp.a(alt_main.o) (alt_irq_init)
../bai2_bsp/\libhal_bsp.a(altera_avalon_jtag_uart_fd.o)
                              ../bai2_bsp/\libhal_bsp.a(alt_sys_init.o) (altera_avalon_jtag_uart_read_fd)
../bai2_bsp/\libhal_bsp.a(altera_avalon_jtag_uart_read.o)
                              ../bai2_bsp/\libhal_bsp.a(altera_avalon_jtag_uart_fd.o) (altera_avalon_jtag_uart_read)
../bai2_bsp/\libhal_bsp.a(altera_avalon_jtag_uart_write.o)
                              ../bai2_bsp/\libhal_bsp.a(altera_avalon_jtag_uart_fd.o) (altera_avalon_jtag_uart_write)
../bai2_bsp/\libhal_bsp.a(alt_close.o)
                              ../bai2_bsp/\libhal_bsp.a(alt_main.o) (close)
../bai2_bsp/\libhal_bsp.a(alt_dcache_flush_all.o)
                              ../bai2_bsp/\libhal_bsp.a(alt_load.o) (alt_dcache_flush_all)
../bai2_bsp/\libhal_bsp.a(alt_dev.o)
                              ../bai2_bsp/\libhal_bsp.a(alt_sys_init.o) (alt_dev_list)
../bai2_bsp/\libhal_bsp.a(alt_dev_llist_insert.o)
                              ../bai2_bsp/\libhal_bsp.a(alt_sys_init.o) (alt_dev_llist_insert)
../bai2_bsp/\libhal_bsp.a(alt_do_ctors.o)
                              ../bai2_bsp/\libhal_bsp.a(alt_main.o) (_do_ctors)
../bai2_bsp/\libhal_bsp.a(alt_do_dtors.o)
                              ../bai2_bsp/\libhal_bsp.a(alt_main.o) (_do_dtors)
../bai2_bsp/\libhal_bsp.a(alt_errno.o)
                              ../bai2_bsp/\libhal_bsp.a(alt_close.o) (alt_errno)
../bai2_bsp/\libhal_bsp.a(alt_icache_flush_all.o)
                              ../bai2_bsp/\libhal_bsp.a(alt_load.o) (alt_icache_flush_all)
../bai2_bsp/\libhal_bsp.a(alt_io_redirect.o)
                              ../bai2_bsp/\libhal_bsp.a(alt_main.o) (alt_io_redirect)
../bai2_bsp/\libhal_bsp.a(alt_open.o)
                              ../bai2_bsp/\libhal_bsp.a(alt_io_redirect.o) (open)
../bai2_bsp/\libhal_bsp.a(alt_release_fd.o)
                              ../bai2_bsp/\libhal_bsp.a(alt_close.o) (alt_release_fd)
../bai2_bsp/\libhal_bsp.a(altera_nios2_qsys_irq.o)
                              ../bai2_bsp/\libhal_bsp.a(alt_sys_init.o) (altera_nios2_qsys_irq_init)
../bai2_bsp/\libhal_bsp.a(alt_find_dev.o)
                              ../bai2_bsp/\libhal_bsp.a(alt_open.o) (alt_find_dev)
../bai2_bsp/\libhal_bsp.a(alt_find_file.o)
                              ../bai2_bsp/\libhal_bsp.a(alt_open.o) (alt_find_file)
../bai2_bsp/\libhal_bsp.a(alt_get_fd.o)
                              ../bai2_bsp/\libhal_bsp.a(alt_open.o) (alt_get_fd)
c:/altera/13.0sp1/nios2eds/bin/gnu/h-i686-mingw32/bin/../lib/gcc/nios2-elf/4.1.2/../../../../nios2-elf/lib/mno-hw-mul\libsmallc.a(lib_a-atexit.o)
                              ../bai2_bsp/\libhal_bsp.a(alt_main.o) (atexit)
c:/altera/13.0sp1/nios2eds/bin/gnu/h-i686-mingw32/bin/../lib/gcc/nios2-elf/4.1.2/../../../../nios2-elf/lib/mno-hw-mul\libsmallc.a(lib_a-exit.o)
                              ../bai2_bsp/\libhal_bsp.a(alt_main.o) (exit)
c:/altera/13.0sp1/nios2eds/bin/gnu/h-i686-mingw32/bin/../lib/gcc/nios2-elf/4.1.2/../../../../nios2-elf/lib/mno-hw-mul\libsmallc.a(lib_a-int_errno.o)
                              ../bai2_bsp/\libhal_bsp.a(alt_close.o) (errno)
c:/altera/13.0sp1/nios2eds/bin/gnu/h-i686-mingw32/bin/../lib/gcc/nios2-elf/4.1.2/../../../../nios2-elf/lib/mno-hw-mul\libsmallc.a(lib_a-memcmp.o)
                              ../bai2_bsp/\libhal_bsp.a(alt_find_dev.o) (memcmp)
c:/altera/13.0sp1/nios2eds/bin/gnu/h-i686-mingw32/bin/../lib/gcc/nios2-elf/4.1.2/../../../../nios2-elf/lib/mno-hw-mul\libsmallc.a(lib_a-strlen.o)
                              ../bai2_bsp/\libhal_bsp.a(alt_find_dev.o) (strlen)
c:/altera/13.0sp1/nios2eds/bin/gnu/h-i686-mingw32/bin/../lib/gcc/nios2-elf/4.1.2/../../../../nios2-elf/lib/mno-hw-mul\libsmallc.a(lib_a-__atexit.o)
                              c:/altera/13.0sp1/nios2eds/bin/gnu/h-i686-mingw32/bin/../lib/gcc/nios2-elf/4.1.2/../../../../nios2-elf/lib/mno-hw-mul\libsmallc.a(lib_a-atexit.o) (__register_exitproc)
c:/altera/13.0sp1/nios2eds/bin/gnu/h-i686-mingw32/bin/../lib/gcc/nios2-elf/4.1.2/../../../../nios2-elf/lib/mno-hw-mul\libsmallc.a(lib_a-__call_atexit.o)
                              c:/altera/13.0sp1/nios2eds/bin/gnu/h-i686-mingw32/bin/../lib/gcc/nios2-elf/4.1.2/../../../../nios2-elf/lib/mno-hw-mul\libsmallc.a(lib_a-exit.o) (__call_exitprocs)
c:/altera/13.0sp1/nios2eds/bin/gnu/h-i686-mingw32/bin/../lib/gcc/nios2-elf/4.1.2/../../../../nios2-elf/lib/mno-hw-mul\libsmallc.a(lib_a-impure.o)
                              c:/altera/13.0sp1/nios2eds/bin/gnu/h-i686-mingw32/bin/../lib/gcc/nios2-elf/4.1.2/../../../../nios2-elf/lib/mno-hw-mul\libsmallc.a(lib_a-__atexit.o) (_global_impure_ptr)
c:/altera/13.0sp1/nios2eds/bin/gnu/h-i686-mingw32/bin/../lib/gcc/nios2-elf/4.1.2/mno-hw-mul\libgcc.a(lib2-mul.o)
                              ../bai2_bsp/\libhal_bsp.a(alt_close.o) (__mulsi3)
../bai2_bsp/\libhal_bsp.a(alt_exit.o)
                              c:/altera/13.0sp1/nios2eds/bin/gnu/h-i686-mingw32/bin/../lib/gcc/nios2-elf/4.1.2/../../../../nios2-elf/lib/mno-hw-mul\libsmallc.a(lib_a-exit.o) (_exit)

Allocating common symbols
Common symbol       size              file

errno               0x4               c:/altera/13.0sp1/nios2eds/bin/gnu/h-i686-mingw32/bin/../lib/gcc/nios2-elf/4.1.2/../../../../nios2-elf/lib/mno-hw-mul\libsmallc.a(lib_a-int_errno.o)
_atexit0            0x8c              c:/altera/13.0sp1/nios2eds/bin/gnu/h-i686-mingw32/bin/../lib/gcc/nios2-elf/4.1.2/../../../../nios2-elf/lib/mno-hw-mul\libsmallc.a(lib_a-atexit.o)

Memory Configuration

Name             Origin             Length             Attributes
reset            0x00008000         0x00000020
onchip_memory2_0 0x00008020         0x00007fe0
*default*        0x00000000         0xffffffff

Linker script and memory map

LOAD ../bai2_bsp//obj/HAL/src/crt0.o
LOAD obj/default/source.o
LOAD c:/altera/13.0sp1/nios2eds/bin/gnu/h-i686-mingw32/bin/../lib/gcc/nios2-elf/4.1.2/../../../../nios2-elf/lib/mno-hw-mul\libstdc++.a
LOAD c:/altera/13.0sp1/nios2eds/bin/gnu/h-i686-mingw32/bin/../lib/gcc/nios2-elf/4.1.2/../../../../nios2-elf/lib/mno-hw-mul\libm.a
LOAD c:/altera/13.0sp1/nios2eds/bin/gnu/h-i686-mingw32/bin/../lib/gcc/nios2-elf/4.1.2/mno-hw-mul\libgcc.a
START GROUP
LOAD c:/altera/13.0sp1/nios2eds/bin/gnu/h-i686-mingw32/bin/../lib/gcc/nios2-elf/4.1.2/../../../../nios2-elf/lib/mno-hw-mul\libsmallc.a
LOAD c:/altera/13.0sp1/nios2eds/bin/gnu/h-i686-mingw32/bin/../lib/gcc/nios2-elf/4.1.2/mno-hw-mul\libgcc.a
LOAD ../bai2_bsp/\libhal_bsp.a
END GROUP
LOAD c:/altera/13.0sp1/nios2eds/bin/gnu/h-i686-mingw32/bin/../lib/gcc/nios2-elf/4.1.2/mno-hw-mul\libgcc.a
                0x00008000                __alt_mem_onchip_memory2_0 = 0x8000

.entry          0x00008000       0x20
 *(.entry)
 .entry         0x00008000       0x20 ../bai2_bsp//obj/HAL/src/crt0.o
                0x00008000                __reset

.exceptions     0x00008020        0x0
                0x00008020                PROVIDE (__ram_exceptions_start, ABSOLUTE (.))
                0x00008020                . = ALIGN (0x20)
 *(.irq)
 *(.exceptions.entry.label)
 *(.exceptions.entry.user)
 *(.exceptions.entry)
 *(.exceptions.irqtest.user)
 *(.exceptions.irqtest)
 *(.exceptions.irqhandler.user)
 *(.exceptions.irqhandler)
 *(.exceptions.irqreturn.user)
 *(.exceptions.irqreturn)
 *(.exceptions.notirq.label)
 *(.exceptions.notirq.user)
 *(.exceptions.notirq)
 *(.exceptions.soft.user)
 *(.exceptions.soft)
 *(.exceptions.unknown.user)
 *(.exceptions.unknown)
 *(.exceptions.exit.label)
 *(.exceptions.exit.user)
 *(.exceptions.exit)
 *(.exceptions)
                0x00008020                PROVIDE (__ram_exceptions_end, ABSOLUTE (.))
                0x00008020                PROVIDE (__flash_exceptions_start, LOADADDR (.exceptions))

.text           0x00008020     0x1400
                0x00008020                PROVIDE (stext, ABSOLUTE (.))
 *(.interp)
 *(.hash)
 *(.dynsym)
 *(.dynstr)
 *(.gnu.version)
 *(.gnu.version_d)
 *(.gnu.version_r)
 *(.rel.init)
 *(.rela.init)
 *(.rel.text .rel.text.* .rel.gnu.linkonce.t.*)
 *(.rela.text .rela.text.* .rela.gnu.linkonce.t.*)
 *(.rel.fini)
 *(.rela.fini)
 *(.rel.rodata .rel.rodata.* .rel.gnu.linkonce.r.*)
 *(.rela.rodata .rela.rodata.* .rela.gnu.linkonce.r.*)
 *(.rel.data .rel.data.* .rel.gnu.linkonce.d.*)
 *(.rela.data .rela.data.* .rela.gnu.linkonce.d.*)
 *(.rel.tdata .rel.tdata.* .rel.gnu.linkonce.td.*)
 *(.rela.tdata .rela.tdata.* .rela.gnu.linkonce.td.*)
 *(.rel.tbss .rel.tbss.* .rel.gnu.linkonce.tb.*)
 *(.rela.tbss .rela.tbss.* .rela.gnu.linkonce.tb.*)
 *(.rel.ctors)
 *(.rela.ctors)
 *(.rel.dtors)
 *(.rela.dtors)
 *(.rel.got)
 *(.rela.got)
 *(.rel.sdata .rel.sdata.* .rel.gnu.linkonce.s.*)
 *(.rela.sdata .rela.sdata.* .rela.gnu.linkonce.s.*)
 *(.rel.sbss .rel.sbss.* .rel.gnu.linkonce.sb.*)
 *(.rela.sbss .rela.sbss.* .rela.gnu.linkonce.sb.*)
 *(.rel.sdata2 .rel.sdata2.* .rel.gnu.linkonce.s2.*)
 *(.rela.sdata2 .rela.sdata2.* .rela.gnu.linkonce.s2.*)
 *(.rel.sbss2 .rel.sbss2.* .rel.gnu.linkonce.sb2.*)
 *(.rela.sbss2 .rela.sbss2.* .rela.gnu.linkonce.sb2.*)
 *(.rel.bss .rel.bss.* .rel.gnu.linkonce.b.*)
 *(.rela.bss .rela.bss.* .rela.gnu.linkonce.b.*)
 *(.rel.plt)
 *(.rela.plt)
 *(.rel.dyn)
 *(.init)
 *(.plt)
 *(.text .stub .text.* .gnu.linkonce.t.*)
 .text          0x00008020       0x3c ../bai2_bsp//obj/HAL/src/crt0.o
                0x00008020                _start
 .text          0x0000805c       0x30 obj/default/source.o
                0x0000805c                main
 .text          0x0000808c       0xec ../bai2_bsp/\libhal_bsp.a(alt_load.o)
                0x0000808c                alt_load
 .text          0x00008178       0x6c ../bai2_bsp/\libhal_bsp.a(alt_main.o)
                0x00008178                alt_main
 .text          0x000081e4       0x9c ../bai2_bsp/\libhal_bsp.a(alt_sys_init.o)
                0x000081e4                alt_irq_init
                0x00008218                alt_sys_init
 .text          0x00008280       0xb0 ../bai2_bsp/\libhal_bsp.a(altera_avalon_jtag_uart_fd.o)
                0x00008280                altera_avalon_jtag_uart_read_fd
                0x000082d8                altera_avalon_jtag_uart_write_fd
 .text          0x00008330      0x104 ../bai2_bsp/\libhal_bsp.a(altera_avalon_jtag_uart_read.o)
                0x00008330                altera_avalon_jtag_uart_read
 .text          0x00008434       0xa4 ../bai2_bsp/\libhal_bsp.a(altera_avalon_jtag_uart_write.o)
                0x00008434                altera_avalon_jtag_uart_write
 .text          0x000084d8      0x160 ../bai2_bsp/\libhal_bsp.a(alt_close.o)
                0x000084d8                close
 .text          0x00008638       0x1c ../bai2_bsp/\libhal_bsp.a(alt_dcache_flush_all.o)
                0x00008638                alt_dcache_flush_all
 .text          0x00008654       0x2c ../bai2_bsp/\libhal_bsp.a(alt_dev.o)
 .text          0x00008680      0x114 ../bai2_bsp/\libhal_bsp.a(alt_dev_llist_insert.o)
                0x00008680                alt_dev_llist_insert
 .text          0x00008794       0x64 ../bai2_bsp/\libhal_bsp.a(alt_do_ctors.o)
                0x00008794                _do_ctors
 .text          0x000087f8       0x64 ../bai2_bsp/\libhal_bsp.a(alt_do_dtors.o)
                0x000087f8                _do_dtors
 .text          0x0000885c        0x0 ../bai2_bsp/\libhal_bsp.a(alt_errno.o)
 .text          0x0000885c       0x1c ../bai2_bsp/\libhal_bsp.a(alt_icache_flush_all.o)
                0x0000885c                alt_icache_flush_all
 .text          0x00008878      0x150 ../bai2_bsp/\libhal_bsp.a(alt_io_redirect.o)
                0x00008950                alt_io_redirect
 .text          0x000089c8      0x2e4 ../bai2_bsp/\libhal_bsp.a(alt_open.o)
                0x00008ac0                open
 .text          0x00008cac       0x78 ../bai2_bsp/\libhal_bsp.a(alt_release_fd.o)
                0x00008cac                alt_release_fd
 .text          0x00008d24       0x20 ../bai2_bsp/\libhal_bsp.a(altera_nios2_qsys_irq.o)
                0x00008d24                altera_nios2_qsys_irq_init
 .text          0x00008d44       0x94 ../bai2_bsp/\libhal_bsp.a(alt_find_dev.o)
                0x00008d44                alt_find_dev
 .text          0x00008dd8      0x120 ../bai2_bsp/\libhal_bsp.a(alt_find_file.o)
                0x00008dd8                alt_find_file
 .text          0x00008ef8       0xd0 ../bai2_bsp/\libhal_bsp.a(alt_get_fd.o)
                0x00008ef8                alt_get_fd
 .text          0x00008fc8       0x14 c:/altera/13.0sp1/nios2eds/bin/gnu/h-i686-mingw32/bin/../lib/gcc/nios2-elf/4.1.2/../../../../nios2-elf/lib/mno-hw-mul\libsmallc.a(lib_a-atexit.o)
                0x00008fc8                atexit
 .text          0x00008fdc       0x20 c:/altera/13.0sp1/nios2eds/bin/gnu/h-i686-mingw32/bin/../lib/gcc/nios2-elf/4.1.2/../../../../nios2-elf/lib/mno-hw-mul\libsmallc.a(lib_a-exit.o)
                0x00008fdc                exit
 .text          0x00008ffc        0x0 c:/altera/13.0sp1/nios2eds/bin/gnu/h-i686-mingw32/bin/../lib/gcc/nios2-elf/4.1.2/../../../../nios2-elf/lib/mno-hw-mul\libsmallc.a(lib_a-int_errno.o)
 .text          0x00008ffc       0x3c c:/altera/13.0sp1/nios2eds/bin/gnu/h-i686-mingw32/bin/../lib/gcc/nios2-elf/4.1.2/../../../../nios2-elf/lib/mno-hw-mul\libsmallc.a(lib_a-memcmp.o)
                0x00008ffc                memcmp
 .text          0x00009038       0x20 c:/altera/13.0sp1/nios2eds/bin/gnu/h-i686-mingw32/bin/../lib/gcc/nios2-elf/4.1.2/../../../../nios2-elf/lib/mno-hw-mul\libsmallc.a(lib_a-strlen.o)
                0x00009038                strlen
 .text          0x00009058      0x16c c:/altera/13.0sp1/nios2eds/bin/gnu/h-i686-mingw32/bin/../lib/gcc/nios2-elf/4.1.2/../../../../nios2-elf/lib/mno-hw-mul\libsmallc.a(lib_a-__atexit.o)
                0x00009058                __register_exitproc
 .text          0x000091c4      0x1c0 c:/altera/13.0sp1/nios2eds/bin/gnu/h-i686-mingw32/bin/../lib/gcc/nios2-elf/4.1.2/../../../../nios2-elf/lib/mno-hw-mul\libsmallc.a(lib_a-__call_atexit.o)
                0x000091c8                __call_exitprocs
 .text          0x00009384        0x0 c:/altera/13.0sp1/nios2eds/bin/gnu/h-i686-mingw32/bin/../lib/gcc/nios2-elf/4.1.2/../../../../nios2-elf/lib/mno-hw-mul\libsmallc.a(lib_a-impure.o)
 .text          0x00009384       0x38 c:/altera/13.0sp1/nios2eds/bin/gnu/h-i686-mingw32/bin/../lib/gcc/nios2-elf/4.1.2/mno-hw-mul\libgcc.a(lib2-mul.o)
                0x00009384                __mulsi3
 .text          0x000093bc       0x60 ../bai2_bsp/\libhal_bsp.a(alt_exit.o)
                0x000093fc                _exit
 *(.gnu.warning.*)
 *(.fini)
                0x0000941c                PROVIDE (__etext, ABSOLUTE (.))
                0x0000941c                PROVIDE (_etext, ABSOLUTE (.))
                0x0000941c                PROVIDE (etext, ABSOLUTE (.))
 *(.eh_frame_hdr)
                0x0000941c                . = ALIGN (0x4)
                0x0000941c                PROVIDE (__preinit_array_start, ABSOLUTE (.))
 *(.preinit_array)
                0x0000941c                PROVIDE (__preinit_array_end, ABSOLUTE (.))
                0x0000941c                PROVIDE (__init_array_start, ABSOLUTE (.))
 *(.init_array)
                0x0000941c                PROVIDE (__init_array_end, ABSOLUTE (.))
                0x0000941c                PROVIDE (__fini_array_start, ABSOLUTE (.))
 *(.fini_array)
                0x0000941c                PROVIDE (__fini_array_end, ABSOLUTE (.))
 *(.eh_frame)
 *(.gcc_except_table)
 *(.dynamic)
                0x0000941c                PROVIDE (__CTOR_LIST__, ABSOLUTE (.))
 *(.ctors)
 *(SORT(.ctors.*))
 .ctors.65535   0x0000941c        0x4 c:/altera/13.0sp1/nios2eds/bin/gnu/h-i686-mingw32/bin/../lib/gcc/nios2-elf/4.1.2/../../../../nios2-elf/lib/mno-hw-mul\libsmallc.a(lib_a-__call_atexit.o)
                0x00009420                PROVIDE (__CTOR_END__, ABSOLUTE (.))
                0x00009420                PROVIDE (__DTOR_LIST__, ABSOLUTE (.))
 *(.dtors)
 *(SORT(.dtors.*))
                0x00009420                PROVIDE (__DTOR_END__, ABSOLUTE (.))
 *(.jcr)
                0x00009420                . = ALIGN (0x4)

.rodata         0x00009420       0x34
                0x00009420                PROVIDE (__ram_rodata_start, ABSOLUTE (.))
                0x00009420                . = ALIGN (0x4)
 *(.rodata .rodata.* .gnu.linkonce.r.*)
 .rodata        0x00009420       0x14 ../bai2_bsp/\libhal_bsp.a(alt_main.o)
 .rodata        0x00009434       0x14 ../bai2_bsp/\libhal_bsp.a(alt_sys_init.o)
 .rodata        0x00009448        0xc ../bai2_bsp/\libhal_bsp.a(alt_dev.o)
 *(.rodata1)
                0x00009454                . = ALIGN (0x4)
                0x00009454                PROVIDE (__ram_rodata_end, ABSOLUTE (.))
                0x00009420                PROVIDE (__flash_rodata_start, LOADADDR (.rodata))

.rwdata         0x00009454      0x2d4 load address 0x00009728
                0x00009454                PROVIDE (__ram_rwdata_start, ABSOLUTE (.))
                0x00009454                . = ALIGN (0x4)
 *(.got.plt)
 *(.got)
 *(.data1)
 *(.data .data.* .gnu.linkonce.d.*)
 .data          0x00009454        0x0 ../bai2_bsp//obj/HAL/src/crt0.o
 .data          0x00009454        0x0 obj/default/source.o
 .data          0x00009454        0x0 ../bai2_bsp/\libhal_bsp.a(alt_load.o)
 .data          0x00009454        0x0 ../bai2_bsp/\libhal_bsp.a(alt_main.o)
 .data          0x00009454       0x2c ../bai2_bsp/\libhal_bsp.a(alt_sys_init.o)
 .data          0x00009480        0x0 ../bai2_bsp/\libhal_bsp.a(altera_avalon_jtag_uart_fd.o)
 .data          0x00009480        0x0 ../bai2_bsp/\libhal_bsp.a(altera_avalon_jtag_uart_read.o)
 .data          0x00009480        0x0 ../bai2_bsp/\libhal_bsp.a(altera_avalon_jtag_uart_write.o)
 .data          0x00009480        0x0 ../bai2_bsp/\libhal_bsp.a(alt_close.o)
 .data          0x00009480        0x0 ../bai2_bsp/\libhal_bsp.a(alt_dcache_flush_all.o)
 .data          0x00009480      0x1a8 ../bai2_bsp/\libhal_bsp.a(alt_dev.o)
                0x00009480                alt_dev_null
                0x000094a8                alt_fd_list
 .data          0x00009628        0x0 ../bai2_bsp/\libhal_bsp.a(alt_dev_llist_insert.o)
 .data          0x00009628        0x0 ../bai2_bsp/\libhal_bsp.a(alt_do_ctors.o)
 .data          0x00009628        0x0 ../bai2_bsp/\libhal_bsp.a(alt_do_dtors.o)
 .data          0x00009628        0x0 ../bai2_bsp/\libhal_bsp.a(alt_errno.o)
 .data          0x00009628        0x0 ../bai2_bsp/\libhal_bsp.a(alt_icache_flush_all.o)
 .data          0x00009628        0x0 ../bai2_bsp/\libhal_bsp.a(alt_io_redirect.o)
 .data          0x00009628        0x0 ../bai2_bsp/\libhal_bsp.a(alt_open.o)
 .data          0x00009628        0x0 ../bai2_bsp/\libhal_bsp.a(alt_release_fd.o)
 .data          0x00009628        0x0 ../bai2_bsp/\libhal_bsp.a(altera_nios2_qsys_irq.o)
 .data          0x00009628        0x0 ../bai2_bsp/\libhal_bsp.a(alt_find_dev.o)
 .data          0x00009628        0x0 ../bai2_bsp/\libhal_bsp.a(alt_find_file.o)
 .data          0x00009628        0x0 ../bai2_bsp/\libhal_bsp.a(alt_get_fd.o)
 .data          0x00009628        0x0 c:/altera/13.0sp1/nios2eds/bin/gnu/h-i686-mingw32/bin/../lib/gcc/nios2-elf/4.1.2/../../../../nios2-elf/lib/mno-hw-mul\libsmallc.a(lib_a-atexit.o)
 .data          0x00009628        0x0 c:/altera/13.0sp1/nios2eds/bin/gnu/h-i686-mingw32/bin/../lib/gcc/nios2-elf/4.1.2/../../../../nios2-elf/lib/mno-hw-mul\libsmallc.a(lib_a-exit.o)
 .data          0x00009628        0x0 c:/altera/13.0sp1/nios2eds/bin/gnu/h-i686-mingw32/bin/../lib/gcc/nios2-elf/4.1.2/../../../../nios2-elf/lib/mno-hw-mul\libsmallc.a(lib_a-int_errno.o)
 .data          0x00009628        0x0 c:/altera/13.0sp1/nios2eds/bin/gnu/h-i686-mingw32/bin/../lib/gcc/nios2-elf/4.1.2/../../../../nios2-elf/lib/mno-hw-mul\libsmallc.a(lib_a-memcmp.o)
 .data          0x00009628        0x0 c:/altera/13.0sp1/nios2eds/bin/gnu/h-i686-mingw32/bin/../lib/gcc/nios2-elf/4.1.2/../../../../nios2-elf/lib/mno-hw-mul\libsmallc.a(lib_a-strlen.o)
 .data          0x00009628        0x0 c:/altera/13.0sp1/nios2eds/bin/gnu/h-i686-mingw32/bin/../lib/gcc/nios2-elf/4.1.2/../../../../nios2-elf/lib/mno-hw-mul\libsmallc.a(lib_a-__atexit.o)
 .data          0x00009628        0x0 c:/altera/13.0sp1/nios2eds/bin/gnu/h-i686-mingw32/bin/../lib/gcc/nios2-elf/4.1.2/../../../../nios2-elf/lib/mno-hw-mul\libsmallc.a(lib_a-__call_atexit.o)
 .data          0x00009628       0xe0 c:/altera/13.0sp1/nios2eds/bin/gnu/h-i686-mingw32/bin/../lib/gcc/nios2-elf/4.1.2/../../../../nios2-elf/lib/mno-hw-mul\libsmallc.a(lib_a-impure.o)
 .data          0x00009708        0x0 c:/altera/13.0sp1/nios2eds/bin/gnu/h-i686-mingw32/bin/../lib/gcc/nios2-elf/4.1.2/mno-hw-mul\libgcc.a(lib2-mul.o)
 .data          0x00009708        0x0 ../bai2_bsp/\libhal_bsp.a(alt_exit.o)
                0x00011708                _gp = ABSOLUTE ((. + 0x8000))
                0x00011708                PROVIDE (gp, _gp)
 *(.rwdata .rwdata.*)
 *(.sdata .sdata.* .gnu.linkonce.s.*)
 .sdata         0x00009708       0x14 ../bai2_bsp/\libhal_bsp.a(alt_dev.o)
                0x00009708                alt_fs_list
                0x00009710                alt_dev_list
                0x00009718                alt_max_fd
 .sdata         0x0000971c        0x4 ../bai2_bsp/\libhal_bsp.a(alt_errno.o)
                0x0000971c                alt_errno
 .sdata         0x00009720        0x8 c:/altera/13.0sp1/nios2eds/bin/gnu/h-i686-mingw32/bin/../lib/gcc/nios2-elf/4.1.2/../../../../nios2-elf/lib/mno-hw-mul\libsmallc.a(lib_a-impure.o)
                0x00009720                _impure_ptr
                0x00009724                _global_impure_ptr
 *(.sdata2 .sdata2.* .gnu.linkonce.s2.*)
                0x00009728                . = ALIGN (0x4)
                0x00009728                _edata = ABSOLUTE (.)
                0x00009728                PROVIDE (edata, ABSOLUTE (.))
                0x00009728                PROVIDE (__ram_rwdata_end, ABSOLUTE (.))
                0x00009728                PROVIDE (__flash_rwdata_start, LOADADDR (.rwdata))

.bss            0x000099fc       0x9c
                0x000099fc                __bss_start = ABSOLUTE (.)
                0x000099fc                PROVIDE (__sbss_start, ABSOLUTE (.))
                0x000099fc                PROVIDE (___sbss_start, ABSOLUTE (.))
 *(.dynsbss)
 *(.sbss .sbss.* .gnu.linkonce.sb.*)
 .sbss          0x000099fc        0xc ../bai2_bsp/\libhal_bsp.a(alt_main.o)
                0x000099fc                alt_argc
                0x00009a00                alt_argv
                0x00009a04                alt_envp
 .sbss          0x00009a08        0x4 c:/altera/13.0sp1/nios2eds/bin/gnu/h-i686-mingw32/bin/../lib/gcc/nios2-elf/4.1.2/../../../../nios2-elf/lib/mno-hw-mul\libsmallc.a(lib_a-int_errno.o)
                0x00009a08                errno
 *(.sbss2 .sbss2.* .gnu.linkonce.sb2.*)
 *(.scommon)
                0x00009a0c                PROVIDE (__sbss_end, ABSOLUTE (.))
                0x00009a0c                PROVIDE (___sbss_end, ABSOLUTE (.))
 *(.dynbss)
 *(.bss .bss.* .gnu.linkonce.b.*)
 .bss           0x00009a0c        0x0 ../bai2_bsp//obj/HAL/src/crt0.o
 .bss           0x00009a0c        0x0 obj/default/source.o
 .bss           0x00009a0c        0x0 ../bai2_bsp/\libhal_bsp.a(alt_load.o)
 .bss           0x00009a0c        0x0 ../bai2_bsp/\libhal_bsp.a(alt_main.o)
 .bss           0x00009a0c        0x0 ../bai2_bsp/\libhal_bsp.a(alt_sys_init.o)
 .bss           0x00009a0c        0x0 ../bai2_bsp/\libhal_bsp.a(altera_avalon_jtag_uart_fd.o)
 .bss           0x00009a0c        0x0 ../bai2_bsp/\libhal_bsp.a(altera_avalon_jtag_uart_read.o)
 .bss           0x00009a0c        0x0 ../bai2_bsp/\libhal_bsp.a(altera_avalon_jtag_uart_write.o)
 .bss           0x00009a0c        0x0 ../bai2_bsp/\libhal_bsp.a(alt_close.o)
 .bss           0x00009a0c        0x0 ../bai2_bsp/\libhal_bsp.a(alt_dcache_flush_all.o)
 .bss           0x00009a0c        0x0 ../bai2_bsp/\libhal_bsp.a(alt_dev.o)
 .bss           0x00009a0c        0x0 ../bai2_bsp/\libhal_bsp.a(alt_dev_llist_insert.o)
 .bss           0x00009a0c        0x0 ../bai2_bsp/\libhal_bsp.a(alt_do_ctors.o)
 .bss           0x00009a0c        0x0 ../bai2_bsp/\libhal_bsp.a(alt_do_dtors.o)
 .bss           0x00009a0c        0x0 ../bai2_bsp/\libhal_bsp.a(alt_errno.o)
 .bss           0x00009a0c        0x0 ../bai2_bsp/\libhal_bsp.a(alt_icache_flush_all.o)
 .bss           0x00009a0c        0x0 ../bai2_bsp/\libhal_bsp.a(alt_io_redirect.o)
 .bss           0x00009a0c        0x0 ../bai2_bsp/\libhal_bsp.a(alt_open.o)
 .bss           0x00009a0c        0x0 ../bai2_bsp/\libhal_bsp.a(alt_release_fd.o)
 .bss           0x00009a0c        0x0 ../bai2_bsp/\libhal_bsp.a(altera_nios2_qsys_irq.o)
 .bss           0x00009a0c        0x0 ../bai2_bsp/\libhal_bsp.a(alt_find_dev.o)
 .bss           0x00009a0c        0x0 ../bai2_bsp/\libhal_bsp.a(alt_find_file.o)
 .bss           0x00009a0c        0x0 ../bai2_bsp/\libhal_bsp.a(alt_get_fd.o)
 .bss           0x00009a0c        0x0 c:/altera/13.0sp1/nios2eds/bin/gnu/h-i686-mingw32/bin/../lib/gcc/nios2-elf/4.1.2/../../../../nios2-elf/lib/mno-hw-mul\libsmallc.a(lib_a-atexit.o)
 .bss           0x00009a0c        0x0 c:/altera/13.0sp1/nios2eds/bin/gnu/h-i686-mingw32/bin/../lib/gcc/nios2-elf/4.1.2/../../../../nios2-elf/lib/mno-hw-mul\libsmallc.a(lib_a-exit.o)
 .bss           0x00009a0c        0x0 c:/altera/13.0sp1/nios2eds/bin/gnu/h-i686-mingw32/bin/../lib/gcc/nios2-elf/4.1.2/../../../../nios2-elf/lib/mno-hw-mul\libsmallc.a(lib_a-int_errno.o)
 .bss           0x00009a0c        0x0 c:/altera/13.0sp1/nios2eds/bin/gnu/h-i686-mingw32/bin/../lib/gcc/nios2-elf/4.1.2/../../../../nios2-elf/lib/mno-hw-mul\libsmallc.a(lib_a-memcmp.o)
 .bss           0x00009a0c        0x0 c:/altera/13.0sp1/nios2eds/bin/gnu/h-i686-mingw32/bin/../lib/gcc/nios2-elf/4.1.2/../../../../nios2-elf/lib/mno-hw-mul\libsmallc.a(lib_a-strlen.o)
 .bss           0x00009a0c        0x0 c:/altera/13.0sp1/nios2eds/bin/gnu/h-i686-mingw32/bin/../lib/gcc/nios2-elf/4.1.2/../../../../nios2-elf/lib/mno-hw-mul\libsmallc.a(lib_a-__atexit.o)
 .bss           0x00009a0c        0x0 c:/altera/13.0sp1/nios2eds/bin/gnu/h-i686-mingw32/bin/../lib/gcc/nios2-elf/4.1.2/../../../../nios2-elf/lib/mno-hw-mul\libsmallc.a(lib_a-__call_atexit.o)
 .bss           0x00009a0c        0x0 c:/altera/13.0sp1/nios2eds/bin/gnu/h-i686-mingw32/bin/../lib/gcc/nios2-elf/4.1.2/../../../../nios2-elf/lib/mno-hw-mul\libsmallc.a(lib_a-impure.o)
 .bss           0x00009a0c        0x0 c:/altera/13.0sp1/nios2eds/bin/gnu/h-i686-mingw32/bin/../lib/gcc/nios2-elf/4.1.2/mno-hw-mul\libgcc.a(lib2-mul.o)
 .bss           0x00009a0c        0x0 ../bai2_bsp/\libhal_bsp.a(alt_exit.o)
 *(COMMON)
 COMMON         0x00009a0c       0x8c c:/altera/13.0sp1/nios2eds/bin/gnu/h-i686-mingw32/bin/../lib/gcc/nios2-elf/4.1.2/../../../../nios2-elf/lib/mno-hw-mul\libsmallc.a(lib_a-atexit.o)
                0x00009a0c                _atexit0
                0x00009a98                . = ALIGN (0x4)
                0x00009a98                __bss_end = ABSOLUTE (.)

.onchip_memory2_0
                0x00009a98        0x0
                0x00009a98                PROVIDE (_alt_partition_onchip_memory2_0_start, ABSOLUTE (.))
 *(.onchip_memory2_0. onchip_memory2_0.*)
                0x00009a98                . = ALIGN (0x4)
                0x00009a98                PROVIDE (_alt_partition_onchip_memory2_0_end, ABSOLUTE (.))
                0x00009a98                _end = ABSOLUTE (.)
                0x00009a98                end = ABSOLUTE (.)
                0x00009a98                __alt_stack_base = ABSOLUTE (.)
                0x00009a98                PROVIDE (_alt_partition_onchip_memory2_0_load_addr, LOADADDR (.onchip_memory2_0))

.stab
 *(.stab)

.stabstr
 *(.stabstr)

.stab.excl
 *(.stab.excl)

.stab.exclstr
 *(.stab.exclstr)

.stab.index
 *(.stab.index)

.stab.indexstr
 *(.stab.indexstr)

.comment        0x00000000       0x26
 *(.comment)
 .comment       0x00000000       0x26 obj/default/source.o
                                 0x27 (size before relaxing)
 .comment       0x00000000       0x27 ../bai2_bsp/\libhal_bsp.a(alt_load.o)
 .comment       0x00000000       0x27 ../bai2_bsp/\libhal_bsp.a(alt_main.o)
 .comment       0x00000000       0x27 ../bai2_bsp/\libhal_bsp.a(alt_sys_init.o)
 .comment       0x00000000       0x27 ../bai2_bsp/\libhal_bsp.a(altera_avalon_jtag_uart_fd.o)
 .comment       0x00000000       0x27 ../bai2_bsp/\libhal_bsp.a(altera_avalon_jtag_uart_read.o)
 .comment       0x00000000       0x27 ../bai2_bsp/\libhal_bsp.a(altera_avalon_jtag_uart_write.o)
 .comment       0x00000000       0x27 ../bai2_bsp/\libhal_bsp.a(alt_close.o)
 .comment       0x00000000       0x27 ../bai2_bsp/\libhal_bsp.a(alt_dcache_flush_all.o)
 .comment       0x00000000       0x27 ../bai2_bsp/\libhal_bsp.a(alt_dev.o)
 .comment       0x00000000       0x27 ../bai2_bsp/\libhal_bsp.a(alt_dev_llist_insert.o)
 .comment       0x00000000       0x27 ../bai2_bsp/\libhal_bsp.a(alt_do_ctors.o)
 .comment       0x00000000       0x27 ../bai2_bsp/\libhal_bsp.a(alt_do_dtors.o)
 .comment       0x00000000       0x27 ../bai2_bsp/\libhal_bsp.a(alt_errno.o)
 .comment       0x00000000       0x27 ../bai2_bsp/\libhal_bsp.a(alt_icache_flush_all.o)
 .comment       0x00000000       0x27 ../bai2_bsp/\libhal_bsp.a(alt_io_redirect.o)
 .comment       0x00000000       0x27 ../bai2_bsp/\libhal_bsp.a(alt_open.o)
 .comment       0x00000000       0x27 ../bai2_bsp/\libhal_bsp.a(alt_release_fd.o)
 .comment       0x00000000       0x27 ../bai2_bsp/\libhal_bsp.a(altera_nios2_qsys_irq.o)
 .comment       0x00000000       0x27 ../bai2_bsp/\libhal_bsp.a(alt_find_dev.o)
 .comment       0x00000000       0x27 ../bai2_bsp/\libhal_bsp.a(alt_find_file.o)
 .comment       0x00000000       0x27 ../bai2_bsp/\libhal_bsp.a(alt_get_fd.o)
 .comment       0x00000000       0x27 c:/altera/13.0sp1/nios2eds/bin/gnu/h-i686-mingw32/bin/../lib/gcc/nios2-elf/4.1.2/../../../../nios2-elf/lib/mno-hw-mul\libsmallc.a(lib_a-atexit.o)
 .comment       0x00000000       0x27 c:/altera/13.0sp1/nios2eds/bin/gnu/h-i686-mingw32/bin/../lib/gcc/nios2-elf/4.1.2/../../../../nios2-elf/lib/mno-hw-mul\libsmallc.a(lib_a-exit.o)
 .comment       0x00000000       0x27 c:/altera/13.0sp1/nios2eds/bin/gnu/h-i686-mingw32/bin/../lib/gcc/nios2-elf/4.1.2/../../../../nios2-elf/lib/mno-hw-mul\libsmallc.a(lib_a-int_errno.o)
 .comment       0x00000000       0x27 c:/altera/13.0sp1/nios2eds/bin/gnu/h-i686-mingw32/bin/../lib/gcc/nios2-elf/4.1.2/../../../../nios2-elf/lib/mno-hw-mul\libsmallc.a(lib_a-memcmp.o)
 .comment       0x00000000       0x27 c:/altera/13.0sp1/nios2eds/bin/gnu/h-i686-mingw32/bin/../lib/gcc/nios2-elf/4.1.2/../../../../nios2-elf/lib/mno-hw-mul\libsmallc.a(lib_a-strlen.o)
 .comment       0x00000000       0x27 c:/altera/13.0sp1/nios2eds/bin/gnu/h-i686-mingw32/bin/../lib/gcc/nios2-elf/4.1.2/../../../../nios2-elf/lib/mno-hw-mul\libsmallc.a(lib_a-__atexit.o)
 .comment       0x00000000       0x27 c:/altera/13.0sp1/nios2eds/bin/gnu/h-i686-mingw32/bin/../lib/gcc/nios2-elf/4.1.2/../../../../nios2-elf/lib/mno-hw-mul\libsmallc.a(lib_a-__call_atexit.o)
 .comment       0x00000000       0x27 c:/altera/13.0sp1/nios2eds/bin/gnu/h-i686-mingw32/bin/../lib/gcc/nios2-elf/4.1.2/../../../../nios2-elf/lib/mno-hw-mul\libsmallc.a(lib_a-impure.o)
 .comment       0x00000000       0x27 c:/altera/13.0sp1/nios2eds/bin/gnu/h-i686-mingw32/bin/../lib/gcc/nios2-elf/4.1.2/mno-hw-mul\libgcc.a(lib2-mul.o)
 .comment       0x00000000       0x27 ../bai2_bsp/\libhal_bsp.a(alt_exit.o)

.debug
 *(.debug)

.line
 *(.line)

.debug_srcinfo
 *(.debug_srcinfo)

.debug_sfnames
 *(.debug_sfnames)

.debug_aranges  0x00000000      0x3c8
 *(.debug_aranges)
 .debug_aranges
                0x00000000       0x28 ../bai2_bsp//obj/HAL/src/crt0.o
 .debug_aranges
                0x00000028       0x20 obj/default/source.o
 .debug_aranges
                0x00000048       0x20 ../bai2_bsp/\libhal_bsp.a(alt_load.o)
 .debug_aranges
                0x00000068       0x20 ../bai2_bsp/\libhal_bsp.a(alt_main.o)
 .debug_aranges
                0x00000088       0x20 ../bai2_bsp/\libhal_bsp.a(alt_sys_init.o)
 .debug_aranges
                0x000000a8       0x20 ../bai2_bsp/\libhal_bsp.a(altera_avalon_jtag_uart_fd.o)
 .debug_aranges
                0x000000c8       0x20 ../bai2_bsp/\libhal_bsp.a(altera_avalon_jtag_uart_read.o)
 .debug_aranges
                0x000000e8       0x20 ../bai2_bsp/\libhal_bsp.a(altera_avalon_jtag_uart_write.o)
 .debug_aranges
                0x00000108       0x20 ../bai2_bsp/\libhal_bsp.a(alt_close.o)
 .debug_aranges
                0x00000128       0x20 ../bai2_bsp/\libhal_bsp.a(alt_dcache_flush_all.o)
 .debug_aranges
                0x00000148       0x20 ../bai2_bsp/\libhal_bsp.a(alt_dev.o)
 .debug_aranges
                0x00000168       0x20 ../bai2_bsp/\libhal_bsp.a(alt_dev_llist_insert.o)
 .debug_aranges
                0x00000188       0x20 ../bai2_bsp/\libhal_bsp.a(alt_do_ctors.o)
 .debug_aranges
                0x000001a8       0x20 ../bai2_bsp/\libhal_bsp.a(alt_do_dtors.o)
 .debug_aranges
                0x000001c8       0x20 ../bai2_bsp/\libhal_bsp.a(alt_icache_flush_all.o)
 .debug_aranges
                0x000001e8       0x20 ../bai2_bsp/\libhal_bsp.a(alt_io_redirect.o)
 .debug_aranges
                0x00000208       0x20 ../bai2_bsp/\libhal_bsp.a(alt_open.o)
 .debug_aranges
                0x00000228       0x20 ../bai2_bsp/\libhal_bsp.a(alt_release_fd.o)
 .debug_aranges
                0x00000248       0x20 ../bai2_bsp/\libhal_bsp.a(altera_nios2_qsys_irq.o)
 .debug_aranges
                0x00000268       0x20 ../bai2_bsp/\libhal_bsp.a(alt_find_dev.o)
 .debug_aranges
                0x00000288       0x20 ../bai2_bsp/\libhal_bsp.a(alt_find_file.o)
 .debug_aranges
                0x000002a8       0x20 ../bai2_bsp/\libhal_bsp.a(alt_get_fd.o)
 .debug_aranges
                0x000002c8       0x20 c:/altera/13.0sp1/nios2eds/bin/gnu/h-i686-mingw32/bin/../lib/gcc/nios2-elf/4.1.2/../../../../nios2-elf/lib/mno-hw-mul\libsmallc.a(lib_a-atexit.o)
 .debug_aranges
                0x000002e8       0x20 c:/altera/13.0sp1/nios2eds/bin/gnu/h-i686-mingw32/bin/../lib/gcc/nios2-elf/4.1.2/../../../../nios2-elf/lib/mno-hw-mul\libsmallc.a(lib_a-exit.o)
 .debug_aranges
                0x00000308       0x20 c:/altera/13.0sp1/nios2eds/bin/gnu/h-i686-mingw32/bin/../lib/gcc/nios2-elf/4.1.2/../../../../nios2-elf/lib/mno-hw-mul\libsmallc.a(lib_a-memcmp.o)
 .debug_aranges
                0x00000328       0x20 c:/altera/13.0sp1/nios2eds/bin/gnu/h-i686-mingw32/bin/../lib/gcc/nios2-elf/4.1.2/../../../../nios2-elf/lib/mno-hw-mul\libsmallc.a(lib_a-strlen.o)
 .debug_aranges
                0x00000348       0x20 c:/altera/13.0sp1/nios2eds/bin/gnu/h-i686-mingw32/bin/../lib/gcc/nios2-elf/4.1.2/../../../../nios2-elf/lib/mno-hw-mul\libsmallc.a(lib_a-__atexit.o)
 .debug_aranges
                0x00000368       0x20 c:/altera/13.0sp1/nios2eds/bin/gnu/h-i686-mingw32/bin/../lib/gcc/nios2-elf/4.1.2/../../../../nios2-elf/lib/mno-hw-mul\libsmallc.a(lib_a-__call_atexit.o)
 .debug_aranges
                0x00000388       0x20 c:/altera/13.0sp1/nios2eds/bin/gnu/h-i686-mingw32/bin/../lib/gcc/nios2-elf/4.1.2/mno-hw-mul\libgcc.a(lib2-mul.o)
 .debug_aranges
                0x000003a8       0x20 ../bai2_bsp/\libhal_bsp.a(alt_exit.o)

.debug_pubnames
                0x00000000      0x535
 *(.debug_pubnames)
 .debug_pubnames
                0x00000000       0x1b obj/default/source.o
 .debug_pubnames
                0x0000001b       0x1f ../bai2_bsp/\libhal_bsp.a(alt_load.o)
 .debug_pubnames
                0x0000003a       0x46 ../bai2_bsp/\libhal_bsp.a(alt_main.o)
 .debug_pubnames
                0x00000080       0x34 ../bai2_bsp/\libhal_bsp.a(alt_sys_init.o)
 .debug_pubnames
                0x000000b4       0x5b ../bai2_bsp/\libhal_bsp.a(altera_avalon_jtag_uart_fd.o)
 .debug_pubnames
                0x0000010f       0x33 ../bai2_bsp/\libhal_bsp.a(altera_avalon_jtag_uart_read.o)
 .debug_pubnames
                0x00000142       0x34 ../bai2_bsp/\libhal_bsp.a(altera_avalon_jtag_uart_write.o)
 .debug_pubnames
                0x00000176       0x1c ../bai2_bsp/\libhal_bsp.a(alt_close.o)
 .debug_pubnames
                0x00000192       0x2b ../bai2_bsp/\libhal_bsp.a(alt_dcache_flush_all.o)
 .debug_pubnames
                0x000001bd       0x63 ../bai2_bsp/\libhal_bsp.a(alt_dev.o)
 .debug_pubnames
                0x00000220       0x2b ../bai2_bsp/\libhal_bsp.a(alt_dev_llist_insert.o)
 .debug_pubnames
                0x0000024b       0x20 ../bai2_bsp/\libhal_bsp.a(alt_do_ctors.o)
 .debug_pubnames
                0x0000026b       0x20 ../bai2_bsp/\libhal_bsp.a(alt_do_dtors.o)
 .debug_pubnames
                0x0000028b       0x20 ../bai2_bsp/\libhal_bsp.a(alt_errno.o)
 .debug_pubnames
                0x000002ab       0x2b ../bai2_bsp/\libhal_bsp.a(alt_icache_flush_all.o)
 .debug_pubnames
                0x000002d6       0x26 ../bai2_bsp/\libhal_bsp.a(alt_io_redirect.o)
 .debug_pubnames
                0x000002fc       0x1b ../bai2_bsp/\libhal_bsp.a(alt_open.o)
 .debug_pubnames
                0x00000317       0x25 ../bai2_bsp/\libhal_bsp.a(alt_release_fd.o)
 .debug_pubnames
                0x0000033c       0x31 ../bai2_bsp/\libhal_bsp.a(altera_nios2_qsys_irq.o)
 .debug_pubnames
                0x0000036d       0x23 ../bai2_bsp/\libhal_bsp.a(alt_find_dev.o)
 .debug_pubnames
                0x00000390       0x24 ../bai2_bsp/\libhal_bsp.a(alt_find_file.o)
 .debug_pubnames
                0x000003b4       0x21 ../bai2_bsp/\libhal_bsp.a(alt_get_fd.o)
 .debug_pubnames
                0x000003d5       0x2a c:/altera/13.0sp1/nios2eds/bin/gnu/h-i686-mingw32/bin/../lib/gcc/nios2-elf/4.1.2/../../../../nios2-elf/lib/mno-hw-mul\libsmallc.a(lib_a-atexit.o)
 .debug_pubnames
                0x000003ff       0x1b c:/altera/13.0sp1/nios2eds/bin/gnu/h-i686-mingw32/bin/../lib/gcc/nios2-elf/4.1.2/../../../../nios2-elf/lib/mno-hw-mul\libsmallc.a(lib_a-exit.o)
 .debug_pubnames
                0x0000041a       0x1c c:/altera/13.0sp1/nios2eds/bin/gnu/h-i686-mingw32/bin/../lib/gcc/nios2-elf/4.1.2/../../../../nios2-elf/lib/mno-hw-mul\libsmallc.a(lib_a-int_errno.o)
 .debug_pubnames
                0x00000436       0x1d c:/altera/13.0sp1/nios2eds/bin/gnu/h-i686-mingw32/bin/../lib/gcc/nios2-elf/4.1.2/../../../../nios2-elf/lib/mno-hw-mul\libsmallc.a(lib_a-memcmp.o)
 .debug_pubnames
                0x00000453       0x1d c:/altera/13.0sp1/nios2eds/bin/gnu/h-i686-mingw32/bin/../lib/gcc/nios2-elf/4.1.2/../../../../nios2-elf/lib/mno-hw-mul\libsmallc.a(lib_a-strlen.o)
 .debug_pubnames
                0x00000470       0x2a c:/altera/13.0sp1/nios2eds/bin/gnu/h-i686-mingw32/bin/../lib/gcc/nios2-elf/4.1.2/../../../../nios2-elf/lib/mno-hw-mul\libsmallc.a(lib_a-__atexit.o)
 .debug_pubnames
                0x0000049a       0x27 c:/altera/13.0sp1/nios2eds/bin/gnu/h-i686-mingw32/bin/../lib/gcc/nios2-elf/4.1.2/../../../../nios2-elf/lib/mno-hw-mul\libsmallc.a(lib_a-__call_atexit.o)
 .debug_pubnames
                0x000004c1       0x39 c:/altera/13.0sp1/nios2eds/bin/gnu/h-i686-mingw32/bin/../lib/gcc/nios2-elf/4.1.2/../../../../nios2-elf/lib/mno-hw-mul\libsmallc.a(lib_a-impure.o)
 .debug_pubnames
                0x000004fa       0x1f c:/altera/13.0sp1/nios2eds/bin/gnu/h-i686-mingw32/bin/../lib/gcc/nios2-elf/4.1.2/mno-hw-mul\libgcc.a(lib2-mul.o)
 .debug_pubnames
                0x00000519       0x1c ../bai2_bsp/\libhal_bsp.a(alt_exit.o)

.debug_info     0x00000000     0x601a
 *(.debug_info .gnu.linkonce.wi.*)
 .debug_info    0x00000000       0x57 ../bai2_bsp//obj/HAL/src/crt0.o
 .debug_info    0x00000057      0x110 obj/default/source.o
 .debug_info    0x00000167      0x269 ../bai2_bsp/\libhal_bsp.a(alt_load.o)
 .debug_info    0x000003d0      0x201 ../bai2_bsp/\libhal_bsp.a(alt_main.o)
 .debug_info    0x000005d1      0x555 ../bai2_bsp/\libhal_bsp.a(alt_sys_init.o)
 .debug_info    0x00000b26      0x595 ../bai2_bsp/\libhal_bsp.a(altera_avalon_jtag_uart_fd.o)
 .debug_info    0x000010bb      0x2e5 ../bai2_bsp/\libhal_bsp.a(altera_avalon_jtag_uart_read.o)
 .debug_info    0x000013a0      0x2c2 ../bai2_bsp/\libhal_bsp.a(altera_avalon_jtag_uart_write.o)
 .debug_info    0x00001662      0x443 ../bai2_bsp/\libhal_bsp.a(alt_close.o)
 .debug_info    0x00001aa5      0x138 ../bai2_bsp/\libhal_bsp.a(alt_dcache_flush_all.o)
 .debug_info    0x00001bdd      0x65b ../bai2_bsp/\libhal_bsp.a(alt_dev.o)
 .debug_info    0x00002238      0x293 ../bai2_bsp/\libhal_bsp.a(alt_dev_llist_insert.o)
 .debug_info    0x000024cb       0xeb ../bai2_bsp/\libhal_bsp.a(alt_do_ctors.o)
 .debug_info    0x000025b6       0xea ../bai2_bsp/\libhal_bsp.a(alt_do_dtors.o)
 .debug_info    0x000026a0      0x140 ../bai2_bsp/\libhal_bsp.a(alt_errno.o)
 .debug_info    0x000027e0      0x138 ../bai2_bsp/\libhal_bsp.a(alt_icache_flush_all.o)
 .debug_info    0x00002918      0x671 ../bai2_bsp/\libhal_bsp.a(alt_io_redirect.o)
 .debug_info    0x00002f89      0x501 ../bai2_bsp/\libhal_bsp.a(alt_open.o)
 .debug_info    0x0000348a      0x3ce ../bai2_bsp/\libhal_bsp.a(alt_release_fd.o)
 .debug_info    0x00003858      0x13f ../bai2_bsp/\libhal_bsp.a(altera_nios2_qsys_irq.o)
 .debug_info    0x00003997      0x3f4 ../bai2_bsp/\libhal_bsp.a(alt_find_dev.o)
 .debug_info    0x00003d8b      0x3fb ../bai2_bsp/\libhal_bsp.a(alt_find_file.o)
 .debug_info    0x00004186      0x43c ../bai2_bsp/\libhal_bsp.a(alt_get_fd.o)
 .debug_info    0x000045c2      0x186 c:/altera/13.0sp1/nios2eds/bin/gnu/h-i686-mingw32/bin/../lib/gcc/nios2-elf/4.1.2/../../../../nios2-elf/lib/mno-hw-mul\libsmallc.a(lib_a-atexit.o)
 .debug_info    0x00004748       0x9f c:/altera/13.0sp1/nios2eds/bin/gnu/h-i686-mingw32/bin/../lib/gcc/nios2-elf/4.1.2/../../../../nios2-elf/lib/mno-hw-mul\libsmallc.a(lib_a-exit.o)
 .debug_info    0x000047e7       0x8c c:/altera/13.0sp1/nios2eds/bin/gnu/h-i686-mingw32/bin/../lib/gcc/nios2-elf/4.1.2/../../../../nios2-elf/lib/mno-hw-mul\libsmallc.a(lib_a-int_errno.o)
 .debug_info    0x00004873       0xef c:/altera/13.0sp1/nios2eds/bin/gnu/h-i686-mingw32/bin/../lib/gcc/nios2-elf/4.1.2/../../../../nios2-elf/lib/mno-hw-mul\libsmallc.a(lib_a-memcmp.o)
 .debug_info    0x00004962       0xc2 c:/altera/13.0sp1/nios2eds/bin/gnu/h-i686-mingw32/bin/../lib/gcc/nios2-elf/4.1.2/../../../../nios2-elf/lib/mno-hw-mul\libsmallc.a(lib_a-strlen.o)
 .debug_info    0x00004a24      0x68f c:/altera/13.0sp1/nios2eds/bin/gnu/h-i686-mingw32/bin/../lib/gcc/nios2-elf/4.1.2/../../../../nios2-elf/lib/mno-hw-mul\libsmallc.a(lib_a-__atexit.o)
 .debug_info    0x000050b3      0x6d5 c:/altera/13.0sp1/nios2eds/bin/gnu/h-i686-mingw32/bin/../lib/gcc/nios2-elf/4.1.2/../../../../nios2-elf/lib/mno-hw-mul\libsmallc.a(lib_a-__call_atexit.o)
 .debug_info    0x00005788      0x636 c:/altera/13.0sp1/nios2eds/bin/gnu/h-i686-mingw32/bin/../lib/gcc/nios2-elf/4.1.2/../../../../nios2-elf/lib/mno-hw-mul\libsmallc.a(lib_a-impure.o)
 .debug_info    0x00005dbe       0xf3 c:/altera/13.0sp1/nios2eds/bin/gnu/h-i686-mingw32/bin/../lib/gcc/nios2-elf/4.1.2/mno-hw-mul\libgcc.a(lib2-mul.o)
 .debug_info    0x00005eb1      0x169 ../bai2_bsp/\libhal_bsp.a(alt_exit.o)

.debug_abbrev   0x00000000     0x16d2
 *(.debug_abbrev)
 .debug_abbrev  0x00000000       0x12 ../bai2_bsp//obj/HAL/src/crt0.o
 .debug_abbrev  0x00000012       0x43 obj/default/source.o
 .debug_abbrev  0x00000055       0x88 ../bai2_bsp/\libhal_bsp.a(alt_load.o)
 .debug_abbrev  0x000000dd       0xb7 ../bai2_bsp/\libhal_bsp.a(alt_main.o)
 .debug_abbrev  0x00000194      0x121 ../bai2_bsp/\libhal_bsp.a(alt_sys_init.o)
 .debug_abbrev  0x000002b5       0xcb ../bai2_bsp/\libhal_bsp.a(altera_avalon_jtag_uart_fd.o)
 .debug_abbrev  0x00000380       0xb6 ../bai2_bsp/\libhal_bsp.a(altera_avalon_jtag_uart_read.o)
 .debug_abbrev  0x00000436       0xb4 ../bai2_bsp/\libhal_bsp.a(altera_avalon_jtag_uart_write.o)
 .debug_abbrev  0x000004ea       0xfb ../bai2_bsp/\libhal_bsp.a(alt_close.o)
 .debug_abbrev  0x000005e5       0x3f ../bai2_bsp/\libhal_bsp.a(alt_dcache_flush_all.o)
 .debug_abbrev  0x00000624       0xc7 ../bai2_bsp/\libhal_bsp.a(alt_dev.o)
 .debug_abbrev  0x000006eb       0xf6 ../bai2_bsp/\libhal_bsp.a(alt_dev_llist_insert.o)
 .debug_abbrev  0x000007e1       0x76 ../bai2_bsp/\libhal_bsp.a(alt_do_ctors.o)
 .debug_abbrev  0x00000857       0x76 ../bai2_bsp/\libhal_bsp.a(alt_do_dtors.o)
 .debug_abbrev  0x000008cd       0x5e ../bai2_bsp/\libhal_bsp.a(alt_errno.o)
 .debug_abbrev  0x0000092b       0x3f ../bai2_bsp/\libhal_bsp.a(alt_icache_flush_all.o)
 .debug_abbrev  0x0000096a       0xf0 ../bai2_bsp/\libhal_bsp.a(alt_io_redirect.o)
 .debug_abbrev  0x00000a5a      0x112 ../bai2_bsp/\libhal_bsp.a(alt_open.o)
 .debug_abbrev  0x00000b6c       0xc1 ../bai2_bsp/\libhal_bsp.a(alt_release_fd.o)
 .debug_abbrev  0x00000c2d       0x3f ../bai2_bsp/\libhal_bsp.a(altera_nios2_qsys_irq.o)
 .debug_abbrev  0x00000c6c       0xcf ../bai2_bsp/\libhal_bsp.a(alt_find_dev.o)
 .debug_abbrev  0x00000d3b       0xcf ../bai2_bsp/\libhal_bsp.a(alt_find_file.o)
 .debug_abbrev  0x00000e0a       0xfb ../bai2_bsp/\libhal_bsp.a(alt_get_fd.o)
 .debug_abbrev  0x00000f05       0xc6 c:/altera/13.0sp1/nios2eds/bin/gnu/h-i686-mingw32/bin/../lib/gcc/nios2-elf/4.1.2/../../../../nios2-elf/lib/mno-hw-mul\libsmallc.a(lib_a-atexit.o)
 .debug_abbrev  0x00000fcb       0x4e c:/altera/13.0sp1/nios2eds/bin/gnu/h-i686-mingw32/bin/../lib/gcc/nios2-elf/4.1.2/../../../../nios2-elf/lib/mno-hw-mul\libsmallc.a(lib_a-exit.o)
 .debug_abbrev  0x00001019       0x3b c:/altera/13.0sp1/nios2eds/bin/gnu/h-i686-mingw32/bin/../lib/gcc/nios2-elf/4.1.2/../../../../nios2-elf/lib/mno-hw-mul\libsmallc.a(lib_a-int_errno.o)
 .debug_abbrev  0x00001054       0x7c c:/altera/13.0sp1/nios2eds/bin/gnu/h-i686-mingw32/bin/../lib/gcc/nios2-elf/4.1.2/../../../../nios2-elf/lib/mno-hw-mul\libsmallc.a(lib_a-memcmp.o)
 .debug_abbrev  0x000010d0       0x7a c:/altera/13.0sp1/nios2eds/bin/gnu/h-i686-mingw32/bin/../lib/gcc/nios2-elf/4.1.2/../../../../nios2-elf/lib/mno-hw-mul\libsmallc.a(lib_a-strlen.o)
 .debug_abbrev  0x0000114a      0x196 c:/altera/13.0sp1/nios2eds/bin/gnu/h-i686-mingw32/bin/../lib/gcc/nios2-elf/4.1.2/../../../../nios2-elf/lib/mno-hw-mul\libsmallc.a(lib_a-__atexit.o)
 .debug_abbrev  0x000012e0      0x1c6 c:/altera/13.0sp1/nios2eds/bin/gnu/h-i686-mingw32/bin/../lib/gcc/nios2-elf/4.1.2/../../../../nios2-elf/lib/mno-hw-mul\libsmallc.a(lib_a-__call_atexit.o)
 .debug_abbrev  0x000014a6      0x13f c:/altera/13.0sp1/nios2eds/bin/gnu/h-i686-mingw32/bin/../lib/gcc/nios2-elf/4.1.2/../../../../nios2-elf/lib/mno-hw-mul\libsmallc.a(lib_a-impure.o)
 .debug_abbrev  0x000015e5       0x7b c:/altera/13.0sp1/nios2eds/bin/gnu/h-i686-mingw32/bin/../lib/gcc/nios2-elf/4.1.2/mno-hw-mul\libgcc.a(lib2-mul.o)
 .debug_abbrev  0x00001660       0x72 ../bai2_bsp/\libhal_bsp.a(alt_exit.o)

.debug_line     0x00000000     0x44b3
 *(.debug_line)
 .debug_line    0x00000000       0x66 ../bai2_bsp//obj/HAL/src/crt0.o
 .debug_line    0x00000066       0x93 obj/default/source.o
 .debug_line    0x000000f9      0x217 ../bai2_bsp/\libhal_bsp.a(alt_load.o)
 .debug_line    0x00000310      0x2ca ../bai2_bsp/\libhal_bsp.a(alt_main.o)
 .debug_line    0x000005da      0x2a6 ../bai2_bsp/\libhal_bsp.a(alt_sys_init.o)
 .debug_line    0x00000880      0x1d7 ../bai2_bsp/\libhal_bsp.a(altera_avalon_jtag_uart_fd.o)
 .debug_line    0x00000a57      0x343 ../bai2_bsp/\libhal_bsp.a(altera_avalon_jtag_uart_read.o)
 .debug_line    0x00000d9a      0x304 ../bai2_bsp/\libhal_bsp.a(altera_avalon_jtag_uart_write.o)
 .debug_line    0x0000109e      0x299 ../bai2_bsp/\libhal_bsp.a(alt_close.o)
 .debug_line    0x00001337      0x1b5 ../bai2_bsp/\libhal_bsp.a(alt_dcache_flush_all.o)
 .debug_line    0x000014ec      0x254 ../bai2_bsp/\libhal_bsp.a(alt_dev.o)
 .debug_line    0x00001740      0x25a ../bai2_bsp/\libhal_bsp.a(alt_dev_llist_insert.o)
 .debug_line    0x0000199a       0x83 ../bai2_bsp/\libhal_bsp.a(alt_do_ctors.o)
 .debug_line    0x00001a1d       0x83 ../bai2_bsp/\libhal_bsp.a(alt_do_dtors.o)
 .debug_line    0x00001aa0      0x1aa ../bai2_bsp/\libhal_bsp.a(alt_errno.o)
 .debug_line    0x00001c4a      0x1b5 ../bai2_bsp/\libhal_bsp.a(alt_icache_flush_all.o)
 .debug_line    0x00001dff      0x2b4 ../bai2_bsp/\libhal_bsp.a(alt_io_redirect.o)
 .debug_line    0x000020b3      0x2ff ../bai2_bsp/\libhal_bsp.a(alt_open.o)
 .debug_line    0x000023b2       0xed ../bai2_bsp/\libhal_bsp.a(alt_release_fd.o)
 .debug_line    0x0000249f      0x1ce ../bai2_bsp/\libhal_bsp.a(altera_nios2_qsys_irq.o)
 .debug_line    0x0000266d      0x26b ../bai2_bsp/\libhal_bsp.a(alt_find_dev.o)
 .debug_line    0x000028d8      0x27c ../bai2_bsp/\libhal_bsp.a(alt_find_file.o)
 .debug_line    0x00002b54      0x297 ../bai2_bsp/\libhal_bsp.a(alt_get_fd.o)
 .debug_line    0x00002deb      0x203 c:/altera/13.0sp1/nios2eds/bin/gnu/h-i686-mingw32/bin/../lib/gcc/nios2-elf/4.1.2/../../../../nios2-elf/lib/mno-hw-mul\libsmallc.a(lib_a-atexit.o)
 .debug_line    0x00002fee      0x223 c:/altera/13.0sp1/nios2eds/bin/gnu/h-i686-mingw32/bin/../lib/gcc/nios2-elf/4.1.2/../../../../nios2-elf/lib/mno-hw-mul\libsmallc.a(lib_a-exit.o)
 .debug_line    0x00003211      0x1e2 c:/altera/13.0sp1/nios2eds/bin/gnu/h-i686-mingw32/bin/../lib/gcc/nios2-elf/4.1.2/../../../../nios2-elf/lib/mno-hw-mul\libsmallc.a(lib_a-int_errno.o)
 .debug_line    0x000033f3      0x270 c:/altera/13.0sp1/nios2eds/bin/gnu/h-i686-mingw32/bin/../lib/gcc/nios2-elf/4.1.2/../../../../nios2-elf/lib/mno-hw-mul\libsmallc.a(lib_a-memcmp.o)
 .debug_line    0x00003663      0x250 c:/altera/13.0sp1/nios2eds/bin/gnu/h-i686-mingw32/bin/../lib/gcc/nios2-elf/4.1.2/../../../../nios2-elf/lib/mno-hw-mul\libsmallc.a(lib_a-strlen.o)
 .debug_line    0x000038b3      0x350 c:/altera/13.0sp1/nios2eds/bin/gnu/h-i686-mingw32/bin/../lib/gcc/nios2-elf/4.1.2/../../../../nios2-elf/lib/mno-hw-mul\libsmallc.a(lib_a-__atexit.o)
 .debug_line    0x00003c03      0x360 c:/altera/13.0sp1/nios2eds/bin/gnu/h-i686-mingw32/bin/../lib/gcc/nios2-elf/4.1.2/../../../../nios2-elf/lib/mno-hw-mul\libsmallc.a(lib_a-__call_atexit.o)
 .debug_line    0x00003f63      0x230 c:/altera/13.0sp1/nios2eds/bin/gnu/h-i686-mingw32/bin/../lib/gcc/nios2-elf/4.1.2/../../../../nios2-elf/lib/mno-hw-mul\libsmallc.a(lib_a-impure.o)
 .debug_line    0x00004193      0x11a c:/altera/13.0sp1/nios2eds/bin/gnu/h-i686-mingw32/bin/../lib/gcc/nios2-elf/4.1.2/mno-hw-mul\libgcc.a(lib2-mul.o)
 .debug_line    0x000042ad      0x206 ../bai2_bsp/\libhal_bsp.a(alt_exit.o)

.debug_frame    0x00000000      0x61c
 *(.debug_frame)
 .debug_frame   0x00000000       0x2c obj/default/source.o
 .debug_frame   0x0000002c       0x48 ../bai2_bsp/\libhal_bsp.a(alt_load.o)
 .debug_frame   0x00000074       0x2c ../bai2_bsp/\libhal_bsp.a(alt_main.o)
 .debug_frame   0x000000a0       0x64 ../bai2_bsp/\libhal_bsp.a(alt_sys_init.o)
 .debug_frame   0x00000104       0x48 ../bai2_bsp/\libhal_bsp.a(altera_avalon_jtag_uart_fd.o)
 .debug_frame   0x0000014c       0x2c ../bai2_bsp/\libhal_bsp.a(altera_avalon_jtag_uart_read.o)
 .debug_frame   0x00000178       0x2c ../bai2_bsp/\libhal_bsp.a(altera_avalon_jtag_uart_write.o)
 .debug_frame   0x000001a4       0x48 ../bai2_bsp/\libhal_bsp.a(alt_close.o)
 .debug_frame   0x000001ec       0x2c ../bai2_bsp/\libhal_bsp.a(alt_dcache_flush_all.o)
 .debug_frame   0x00000218       0x2c ../bai2_bsp/\libhal_bsp.a(alt_dev.o)
 .debug_frame   0x00000244       0x48 ../bai2_bsp/\libhal_bsp.a(alt_dev_llist_insert.o)
 .debug_frame   0x0000028c       0x2c ../bai2_bsp/\libhal_bsp.a(alt_do_ctors.o)
 .debug_frame   0x000002b8       0x2c ../bai2_bsp/\libhal_bsp.a(alt_do_dtors.o)
 .debug_frame   0x000002e4       0x2c ../bai2_bsp/\libhal_bsp.a(alt_icache_flush_all.o)
 .debug_frame   0x00000310       0x4c ../bai2_bsp/\libhal_bsp.a(alt_io_redirect.o)
 .debug_frame   0x0000035c       0x68 ../bai2_bsp/\libhal_bsp.a(alt_open.o)
 .debug_frame   0x000003c4       0x30 ../bai2_bsp/\libhal_bsp.a(alt_release_fd.o)
 .debug_frame   0x000003f4       0x2c ../bai2_bsp/\libhal_bsp.a(altera_nios2_qsys_irq.o)
 .debug_frame   0x00000420       0x2c ../bai2_bsp/\libhal_bsp.a(alt_find_dev.o)
 .debug_frame   0x0000044c       0x2c ../bai2_bsp/\libhal_bsp.a(alt_find_file.o)
 .debug_frame   0x00000478       0x30 ../bai2_bsp/\libhal_bsp.a(alt_get_fd.o)
 .debug_frame   0x000004a8       0x20 c:/altera/13.0sp1/nios2eds/bin/gnu/h-i686-mingw32/bin/../lib/gcc/nios2-elf/4.1.2/../../../../nios2-elf/lib/mno-hw-mul\libsmallc.a(lib_a-atexit.o)
 .debug_frame   0x000004c8       0x2c c:/altera/13.0sp1/nios2eds/bin/gnu/h-i686-mingw32/bin/../lib/gcc/nios2-elf/4.1.2/../../../../nios2-elf/lib/mno-hw-mul\libsmallc.a(lib_a-exit.o)
 .debug_frame   0x000004f4       0x20 c:/altera/13.0sp1/nios2eds/bin/gnu/h-i686-mingw32/bin/../lib/gcc/nios2-elf/4.1.2/../../../../nios2-elf/lib/mno-hw-mul\libsmallc.a(lib_a-memcmp.o)
 .debug_frame   0x00000514       0x20 c:/altera/13.0sp1/nios2eds/bin/gnu/h-i686-mingw32/bin/../lib/gcc/nios2-elf/4.1.2/../../../../nios2-elf/lib/mno-hw-mul\libsmallc.a(lib_a-strlen.o)
 .debug_frame   0x00000534       0x34 c:/altera/13.0sp1/nios2eds/bin/gnu/h-i686-mingw32/bin/../lib/gcc/nios2-elf/4.1.2/../../../../nios2-elf/lib/mno-hw-mul\libsmallc.a(lib_a-__atexit.o)
 .debug_frame   0x00000568       0x4c c:/altera/13.0sp1/nios2eds/bin/gnu/h-i686-mingw32/bin/../lib/gcc/nios2-elf/4.1.2/../../../../nios2-elf/lib/mno-hw-mul\libsmallc.a(lib_a-__call_atexit.o)
 .debug_frame   0x000005b4       0x20 c:/altera/13.0sp1/nios2eds/bin/gnu/h-i686-mingw32/bin/../lib/gcc/nios2-elf/4.1.2/mno-hw-mul\libgcc.a(lib2-mul.o)
 .debug_frame   0x000005d4       0x48 ../bai2_bsp/\libhal_bsp.a(alt_exit.o)

.debug_str      0x00000000      0x97b
 *(.debug_str)
 .debug_str     0x00000000       0x12 ../bai2_bsp/\libhal_bsp.a(alt_load.o)
 .debug_str     0x00000012       0x12 ../bai2_bsp/\libhal_bsp.a(alt_main.o)
 .debug_str     0x00000024       0x12 ../bai2_bsp/\libhal_bsp.a(alt_sys_init.o)
 .debug_str     0x00000036       0x12 ../bai2_bsp/\libhal_bsp.a(altera_avalon_jtag_uart_read.o)
 .debug_str     0x00000048       0x12 ../bai2_bsp/\libhal_bsp.a(altera_avalon_jtag_uart_write.o)
 .debug_str     0x0000005a       0x12 ../bai2_bsp/\libhal_bsp.a(alt_close.o)
 .debug_str     0x0000006c       0x12 ../bai2_bsp/\libhal_bsp.a(alt_dcache_flush_all.o)
 .debug_str     0x0000007e       0x12 ../bai2_bsp/\libhal_bsp.a(alt_dev.o)
 .debug_str     0x00000090       0x12 ../bai2_bsp/\libhal_bsp.a(alt_dev_llist_insert.o)
 .debug_str     0x000000a2       0x12 ../bai2_bsp/\libhal_bsp.a(alt_errno.o)
 .debug_str     0x000000b4       0x12 ../bai2_bsp/\libhal_bsp.a(alt_icache_flush_all.o)
 .debug_str     0x000000c6       0x12 ../bai2_bsp/\libhal_bsp.a(alt_io_redirect.o)
 .debug_str     0x000000d8       0x12 ../bai2_bsp/\libhal_bsp.a(alt_open.o)
 .debug_str     0x000000ea       0x12 ../bai2_bsp/\libhal_bsp.a(altera_nios2_qsys_irq.o)
 .debug_str     0x000000fc       0x12 ../bai2_bsp/\libhal_bsp.a(alt_find_dev.o)
 .debug_str     0x0000010e       0x12 ../bai2_bsp/\libhal_bsp.a(alt_find_file.o)
 .debug_str     0x00000120       0x12 ../bai2_bsp/\libhal_bsp.a(alt_get_fd.o)
 .debug_str     0x00000132      0x19f c:/altera/13.0sp1/nios2eds/bin/gnu/h-i686-mingw32/bin/../lib/gcc/nios2-elf/4.1.2/../../../../nios2-elf/lib/mno-hw-mul\libsmallc.a(lib_a-atexit.o)
                                0x1e5 (size before relaxing)
 .debug_str     0x000002d1       0x41 c:/altera/13.0sp1/nios2eds/bin/gnu/h-i686-mingw32/bin/../lib/gcc/nios2-elf/4.1.2/../../../../nios2-elf/lib/mno-hw-mul\libsmallc.a(lib_a-exit.o)
                                0x178 (size before relaxing)
 .debug_str     0x00000312       0xdc c:/altera/13.0sp1/nios2eds/bin/gnu/h-i686-mingw32/bin/../lib/gcc/nios2-elf/4.1.2/../../../../nios2-elf/lib/mno-hw-mul\libsmallc.a(lib_a-int_errno.o)
                                0x177 (size before relaxing)
 .debug_str     0x000003ee       0xe9 c:/altera/13.0sp1/nios2eds/bin/gnu/h-i686-mingw32/bin/../lib/gcc/nios2-elf/4.1.2/../../../../nios2-elf/lib/mno-hw-mul\libsmallc.a(lib_a-memcmp.o)
                                0x17e (size before relaxing)
 .debug_str     0x000004d7       0x45 c:/altera/13.0sp1/nios2eds/bin/gnu/h-i686-mingw32/bin/../lib/gcc/nios2-elf/4.1.2/../../../../nios2-elf/lib/mno-hw-mul\libsmallc.a(lib_a-strlen.o)
                                0x184 (size before relaxing)
 .debug_str     0x0000051c      0x2b0 c:/altera/13.0sp1/nios2eds/bin/gnu/h-i686-mingw32/bin/../lib/gcc/nios2-elf/4.1.2/../../../../nios2-elf/lib/mno-hw-mul\libsmallc.a(lib_a-__atexit.o)
                                0x467 (size before relaxing)
 .debug_str     0x000007cc       0x7e c:/altera/13.0sp1/nios2eds/bin/gnu/h-i686-mingw32/bin/../lib/gcc/nios2-elf/4.1.2/../../../../nios2-elf/lib/mno-hw-mul\libsmallc.a(lib_a-__call_atexit.o)
                                0x491 (size before relaxing)
 .debug_str     0x0000084a       0x49 c:/altera/13.0sp1/nios2eds/bin/gnu/h-i686-mingw32/bin/../lib/gcc/nios2-elf/4.1.2/../../../../nios2-elf/lib/mno-hw-mul\libsmallc.a(lib_a-impure.o)
                                0x45d (size before relaxing)
 .debug_str     0x00000893       0xcc c:/altera/13.0sp1/nios2eds/bin/gnu/h-i686-mingw32/bin/../lib/gcc/nios2-elf/4.1.2/mno-hw-mul\libgcc.a(lib2-mul.o)
                                0x175 (size before relaxing)
 .debug_str     0x0000095f       0x1c ../bai2_bsp/\libhal_bsp.a(alt_exit.o)

.debug_loc      0x00000000      0x99a
 *(.debug_loc)
 .debug_loc     0x00000000       0x2b obj/default/source.o
 .debug_loc     0x0000002b       0x56 ../bai2_bsp/\libhal_bsp.a(alt_load.o)
 .debug_loc     0x00000081       0x2b ../bai2_bsp/\libhal_bsp.a(alt_main.o)
 .debug_loc     0x000000ac       0x81 ../bai2_bsp/\libhal_bsp.a(alt_sys_init.o)
 .debug_loc     0x0000012d       0x56 ../bai2_bsp/\libhal_bsp.a(altera_avalon_jtag_uart_fd.o)
 .debug_loc     0x00000183       0x2b ../bai2_bsp/\libhal_bsp.a(altera_avalon_jtag_uart_read.o)
 .debug_loc     0x000001ae       0x2b ../bai2_bsp/\libhal_bsp.a(altera_avalon_jtag_uart_write.o)
 .debug_loc     0x000001d9       0x56 ../bai2_bsp/\libhal_bsp.a(alt_close.o)
 .debug_loc     0x0000022f       0x2b ../bai2_bsp/\libhal_bsp.a(alt_dcache_flush_all.o)
 .debug_loc     0x0000025a       0x2b ../bai2_bsp/\libhal_bsp.a(alt_dev.o)
 .debug_loc     0x00000285       0x56 ../bai2_bsp/\libhal_bsp.a(alt_dev_llist_insert.o)
 .debug_loc     0x000002db       0x2b ../bai2_bsp/\libhal_bsp.a(alt_do_ctors.o)
 .debug_loc     0x00000306       0x2b ../bai2_bsp/\libhal_bsp.a(alt_do_dtors.o)
 .debug_loc     0x00000331       0x2b ../bai2_bsp/\libhal_bsp.a(alt_icache_flush_all.o)
 .debug_loc     0x0000035c       0x56 ../bai2_bsp/\libhal_bsp.a(alt_io_redirect.o)
 .debug_loc     0x000003b2       0x81 ../bai2_bsp/\libhal_bsp.a(alt_open.o)
 .debug_loc     0x00000433       0x2b ../bai2_bsp/\libhal_bsp.a(alt_release_fd.o)
 .debug_loc     0x0000045e       0x2b ../bai2_bsp/\libhal_bsp.a(altera_nios2_qsys_irq.o)
 .debug_loc     0x00000489       0x2b ../bai2_bsp/\libhal_bsp.a(alt_find_dev.o)
 .debug_loc     0x000004b4       0x2b ../bai2_bsp/\libhal_bsp.a(alt_find_file.o)
 .debug_loc     0x000004df       0x2b ../bai2_bsp/\libhal_bsp.a(alt_get_fd.o)
 .debug_loc     0x0000050a       0x1e c:/altera/13.0sp1/nios2eds/bin/gnu/h-i686-mingw32/bin/../lib/gcc/nios2-elf/4.1.2/../../../../nios2-elf/lib/mno-hw-mul\libsmallc.a(lib_a-atexit.o)
 .debug_loc     0x00000528       0x3d c:/altera/13.0sp1/nios2eds/bin/gnu/h-i686-mingw32/bin/../lib/gcc/nios2-elf/4.1.2/../../../../nios2-elf/lib/mno-hw-mul\libsmallc.a(lib_a-exit.o)
 .debug_loc     0x00000565       0x70 c:/altera/13.0sp1/nios2eds/bin/gnu/h-i686-mingw32/bin/../lib/gcc/nios2-elf/4.1.2/../../../../nios2-elf/lib/mno-hw-mul\libsmallc.a(lib_a-memcmp.o)
 .debug_loc     0x000005d5       0x1e c:/altera/13.0sp1/nios2eds/bin/gnu/h-i686-mingw32/bin/../lib/gcc/nios2-elf/4.1.2/../../../../nios2-elf/lib/mno-hw-mul\libsmallc.a(lib_a-strlen.o)
 .debug_loc     0x000005f3      0x141 c:/altera/13.0sp1/nios2eds/bin/gnu/h-i686-mingw32/bin/../lib/gcc/nios2-elf/4.1.2/../../../../nios2-elf/lib/mno-hw-mul\libsmallc.a(lib_a-__atexit.o)
 .debug_loc     0x00000734      0x1c1 c:/altera/13.0sp1/nios2eds/bin/gnu/h-i686-mingw32/bin/../lib/gcc/nios2-elf/4.1.2/../../../../nios2-elf/lib/mno-hw-mul\libsmallc.a(lib_a-__call_atexit.o)
 .debug_loc     0x000008f5       0x4f c:/altera/13.0sp1/nios2eds/bin/gnu/h-i686-mingw32/bin/../lib/gcc/nios2-elf/4.1.2/mno-hw-mul\libgcc.a(lib2-mul.o)
 .debug_loc     0x00000944       0x56 ../bai2_bsp/\libhal_bsp.a(alt_exit.o)

.debug_macinfo
 *(.debug_macinfo)

.debug_weaknames
 *(.debug_weaknames)

.debug_funcnames
 *(.debug_funcnames)

.debug_typenames
 *(.debug_typenames)

.debug_varnames
 *(.debug_varnames)

.debug_alt_sim_info
                0x00000000       0x10
 *(.debug_alt_sim_info)
 .debug_alt_sim_info
                0x00000000       0x10 ../bai2_bsp//obj/HAL/src/crt0.o
                0x00010000                __alt_data_end = 0x10000
                0x00010000                PROVIDE (__alt_stack_pointer, __alt_data_end)
                0x00009a98                PROVIDE (__alt_stack_limit, __alt_stack_base)
                0x00009a98                PROVIDE (__alt_heap_start, end)
                0x00010000                PROVIDE (__alt_heap_limit, 0x10000)
OUTPUT(bai2.elf elf32-littlenios2)

.debug_ranges   0x00000000       0x38
 .debug_ranges  0x00000000       0x20 ../bai2_bsp//obj/HAL/src/crt0.o
 .debug_ranges  0x00000020       0x18 c:/altera/13.0sp1/nios2eds/bin/gnu/h-i686-mingw32/bin/../lib/gcc/nios2-elf/4.1.2/../../../../nios2-elf/lib/mno-hw-mul\libsmallc.a(lib_a-__call_atexit.o)
