Archive member included because of file (symbol)

e:/uit/quartus/nios2eds/bin/gnu/h-i686-mingw32/bin/../lib/gcc/nios2-elf/4.1.2/../../../../nios2-elf/lib/mno-hw-mul\libsmallc.a(lib_a-printf.o)
                              obj/default/source.o (printf)
e:/uit/quartus/nios2eds/bin/gnu/h-i686-mingw32/bin/../lib/gcc/nios2-elf/4.1.2/../../../../nios2-elf/lib/mno-hw-mul\libsmallc.a(lib_a-puts.o)
                              obj/default/source.o (puts)
e:/uit/quartus/nios2eds/bin/gnu/h-i686-mingw32/bin/../lib/gcc/nios2-elf/4.1.2/../../../../nios2-elf/lib/mno-hw-mul\libsmallc.a(lib_a-strlen.o)
                              e:/uit/quartus/nios2eds/bin/gnu/h-i686-mingw32/bin/../lib/gcc/nios2-elf/4.1.2/../../../../nios2-elf/lib/mno-hw-mul\libsmallc.a(lib_a-puts.o) (strlen)
e:/uit/quartus/nios2eds/bin/gnu/h-i686-mingw32/bin/../lib/gcc/nios2-elf/4.1.2/../../../../nios2-elf/lib/mno-hw-mul\libsmallc.a(lib_a-vfprintf.o)
                              e:/uit/quartus/nios2eds/bin/gnu/h-i686-mingw32/bin/../lib/gcc/nios2-elf/4.1.2/../../../../nios2-elf/lib/mno-hw-mul\libsmallc.a(lib_a-printf.o) (___vfprintf_internal_r)
e:/uit/quartus/nios2eds/bin/gnu/h-i686-mingw32/bin/../lib/gcc/nios2-elf/4.1.2/../../../../nios2-elf/lib/mno-hw-mul\libsmallc.a(lib_a-fvwrite_small_dev.o)
                              e:/uit/quartus/nios2eds/bin/gnu/h-i686-mingw32/bin/../lib/gcc/nios2-elf/4.1.2/../../../../nios2-elf/lib/mno-hw-mul\libsmallc.a(lib_a-printf.o) (__sfvwrite_small_dev)
e:/uit/quartus/nios2eds/bin/gnu/h-i686-mingw32/bin/../lib/gcc/nios2-elf/4.1.2/../../../../nios2-elf/lib/mno-hw-mul\libsmallc.a(lib_a-impure.o)
                              e:/uit/quartus/nios2eds/bin/gnu/h-i686-mingw32/bin/../lib/gcc/nios2-elf/4.1.2/../../../../nios2-elf/lib/mno-hw-mul\libsmallc.a(lib_a-printf.o) (_impure_ptr)
e:/uit/quartus/nios2eds/bin/gnu/h-i686-mingw32/bin/../lib/gcc/nios2-elf/4.1.2/../../../../nios2-elf/lib/mno-hw-mul\libsmallc.a(lib_a-writer.o)
                              e:/uit/quartus/nios2eds/bin/gnu/h-i686-mingw32/bin/../lib/gcc/nios2-elf/4.1.2/../../../../nios2-elf/lib/mno-hw-mul\libsmallc.a(lib_a-fvwrite_small_dev.o) (_write_r)
e:/uit/quartus/nios2eds/bin/gnu/h-i686-mingw32/bin/../lib/gcc/nios2-elf/4.1.2/../../../../nios2-elf/lib/mno-hw-mul\libsmallc.a(lib_a-int_errno.o)
                              e:/uit/quartus/nios2eds/bin/gnu/h-i686-mingw32/bin/../lib/gcc/nios2-elf/4.1.2/../../../../nios2-elf/lib/mno-hw-mul\libsmallc.a(lib_a-writer.o) (errno)
e:/uit/quartus/nios2eds/bin/gnu/h-i686-mingw32/bin/../lib/gcc/nios2-elf/4.1.2/mno-hw-mul\libgcc.a(lib2-divmod.o)
                              e:/uit/quartus/nios2eds/bin/gnu/h-i686-mingw32/bin/../lib/gcc/nios2-elf/4.1.2/../../../../nios2-elf/lib/mno-hw-mul\libsmallc.a(lib_a-vfprintf.o) (__udivsi3)
e:/uit/quartus/nios2eds/bin/gnu/h-i686-mingw32/bin/../lib/gcc/nios2-elf/4.1.2/mno-hw-mul\libgcc.a(lib2-mul.o)
                              e:/uit/quartus/nios2eds/bin/gnu/h-i686-mingw32/bin/../lib/gcc/nios2-elf/4.1.2/../../../../nios2-elf/lib/mno-hw-mul\libsmallc.a(lib_a-vfprintf.o) (__mulsi3)
../Bai8_bsp/\libhal_bsp.a(alt_iic.o)
                              obj/default/source.o (alt_ic_isr_register)
../Bai8_bsp/\libhal_bsp.a(alt_iic_isr_register.o)
                              ../Bai8_bsp/\libhal_bsp.a(alt_iic.o) (alt_iic_isr_register)
../Bai8_bsp/\libhal_bsp.a(alt_irq_entry.o)
                              ../Bai8_bsp/\libhal_bsp.a(alt_iic_isr_register.o) (alt_irq_entry)
../Bai8_bsp/\libhal_bsp.a(alt_irq_handler.o)
                              ../Bai8_bsp/\libhal_bsp.a(alt_iic_isr_register.o) (alt_irq_handler)
../Bai8_bsp/\libhal_bsp.a(alt_irq_vars.o)
                              ../Bai8_bsp/\libhal_bsp.a(alt_iic.o) (alt_irq_active)
../Bai8_bsp/\libhal_bsp.a(alt_load.o)
                              ../Bai8_bsp//obj/HAL/src/crt0.o (alt_load)
../Bai8_bsp/\libhal_bsp.a(alt_main.o)
                              ../Bai8_bsp//obj/HAL/src/crt0.o (alt_main)
../Bai8_bsp/\libhal_bsp.a(alt_usleep.o)
                              obj/default/source.o (usleep)
../Bai8_bsp/\libhal_bsp.a(alt_write.o)
                              e:/uit/quartus/nios2eds/bin/gnu/h-i686-mingw32/bin/../lib/gcc/nios2-elf/4.1.2/../../../../nios2-elf/lib/mno-hw-mul\libsmallc.a(lib_a-writer.o) (write)
../Bai8_bsp/\libhal_bsp.a(alt_sys_init.o)
                              ../Bai8_bsp/\libhal_bsp.a(alt_main.o) (alt_irq_init)
../Bai8_bsp/\libhal_bsp.a(altera_avalon_dma.o)
                              ../Bai8_bsp/\libhal_bsp.a(alt_sys_init.o) (alt_avalon_dma_launch_bidir)
../Bai8_bsp/\libhal_bsp.a(altera_avalon_jtag_uart_fd.o)
                              ../Bai8_bsp/\libhal_bsp.a(alt_sys_init.o) (altera_avalon_jtag_uart_read_fd)
../Bai8_bsp/\libhal_bsp.a(altera_avalon_jtag_uart_read.o)
                              ../Bai8_bsp/\libhal_bsp.a(altera_avalon_jtag_uart_fd.o) (altera_avalon_jtag_uart_read)
../Bai8_bsp/\libhal_bsp.a(altera_avalon_jtag_uart_write.o)
                              ../Bai8_bsp/\libhal_bsp.a(altera_avalon_jtag_uart_fd.o) (altera_avalon_jtag_uart_write)
../Bai8_bsp/\libhal_bsp.a(alt_busy_sleep.o)
                              ../Bai8_bsp/\libhal_bsp.a(alt_usleep.o) (alt_busy_sleep)
../Bai8_bsp/\libhal_bsp.a(alt_close.o)
                              ../Bai8_bsp/\libhal_bsp.a(alt_main.o) (close)
../Bai8_bsp/\libhal_bsp.a(alt_dcache_flush_all.o)
                              ../Bai8_bsp/\libhal_bsp.a(alt_load.o) (alt_dcache_flush_all)
../Bai8_bsp/\libhal_bsp.a(alt_dev.o)
                              ../Bai8_bsp/\libhal_bsp.a(alt_sys_init.o) (alt_dev_list)
../Bai8_bsp/\libhal_bsp.a(alt_dev_llist_insert.o)
                              ../Bai8_bsp/\libhal_bsp.a(alt_sys_init.o) (alt_dev_llist_insert)
../Bai8_bsp/\libhal_bsp.a(alt_dma_rxchan_open.o)
                              ../Bai8_bsp/\libhal_bsp.a(altera_avalon_dma.o) (alt_dma_rxchan_list)
../Bai8_bsp/\libhal_bsp.a(alt_dma_txchan_open.o)
                              ../Bai8_bsp/\libhal_bsp.a(altera_avalon_dma.o) (alt_dma_txchan_list)
../Bai8_bsp/\libhal_bsp.a(alt_do_ctors.o)
                              ../Bai8_bsp/\libhal_bsp.a(alt_main.o) (_do_ctors)
../Bai8_bsp/\libhal_bsp.a(alt_do_dtors.o)
                              ../Bai8_bsp/\libhal_bsp.a(alt_main.o) (_do_dtors)
../Bai8_bsp/\libhal_bsp.a(alt_errno.o)
                              ../Bai8_bsp/\libhal_bsp.a(alt_write.o) (alt_errno)
../Bai8_bsp/\libhal_bsp.a(alt_exception_entry.o)
                              ../Bai8_bsp/\libhal_bsp.a(alt_irq_entry.o) (alt_exception)
../Bai8_bsp/\libhal_bsp.a(alt_find_dev.o)
                              ../Bai8_bsp/\libhal_bsp.a(alt_dma_rxchan_open.o) (alt_find_dev)
../Bai8_bsp/\libhal_bsp.a(alt_icache_flush_all.o)
                              ../Bai8_bsp/\libhal_bsp.a(alt_load.o) (alt_icache_flush_all)
../Bai8_bsp/\libhal_bsp.a(alt_io_redirect.o)
                              ../Bai8_bsp/\libhal_bsp.a(alt_main.o) (alt_io_redirect)
../Bai8_bsp/\libhal_bsp.a(alt_open.o)
                              ../Bai8_bsp/\libhal_bsp.a(alt_io_redirect.o) (open)
../Bai8_bsp/\libhal_bsp.a(alt_release_fd.o)
                              ../Bai8_bsp/\libhal_bsp.a(alt_close.o) (alt_release_fd)
../Bai8_bsp/\libhal_bsp.a(altera_nios2_qsys_irq.o)
                              ../Bai8_bsp/\libhal_bsp.a(alt_sys_init.o) (altera_nios2_qsys_irq_init)
../Bai8_bsp/\libhal_bsp.a(alt_find_file.o)
                              ../Bai8_bsp/\libhal_bsp.a(alt_open.o) (alt_find_file)
../Bai8_bsp/\libhal_bsp.a(alt_get_fd.o)
                              ../Bai8_bsp/\libhal_bsp.a(alt_open.o) (alt_get_fd)
e:/uit/quartus/nios2eds/bin/gnu/h-i686-mingw32/bin/../lib/gcc/nios2-elf/4.1.2/../../../../nios2-elf/lib/mno-hw-mul\libsmallc.a(lib_a-atexit.o)
                              ../Bai8_bsp/\libhal_bsp.a(alt_main.o) (atexit)
e:/uit/quartus/nios2eds/bin/gnu/h-i686-mingw32/bin/../lib/gcc/nios2-elf/4.1.2/../../../../nios2-elf/lib/mno-hw-mul\libsmallc.a(lib_a-exit.o)
                              ../Bai8_bsp/\libhal_bsp.a(alt_main.o) (exit)
e:/uit/quartus/nios2eds/bin/gnu/h-i686-mingw32/bin/../lib/gcc/nios2-elf/4.1.2/../../../../nios2-elf/lib/mno-hw-mul\libsmallc.a(lib_a-memcmp.o)
                              ../Bai8_bsp/\libhal_bsp.a(alt_find_dev.o) (memcmp)
e:/uit/quartus/nios2eds/bin/gnu/h-i686-mingw32/bin/../lib/gcc/nios2-elf/4.1.2/../../../../nios2-elf/lib/mno-hw-mul\libsmallc.a(lib_a-__atexit.o)
                              e:/uit/quartus/nios2eds/bin/gnu/h-i686-mingw32/bin/../lib/gcc/nios2-elf/4.1.2/../../../../nios2-elf/lib/mno-hw-mul\libsmallc.a(lib_a-atexit.o) (__register_exitproc)
e:/uit/quartus/nios2eds/bin/gnu/h-i686-mingw32/bin/../lib/gcc/nios2-elf/4.1.2/../../../../nios2-elf/lib/mno-hw-mul\libsmallc.a(lib_a-__call_atexit.o)
                              e:/uit/quartus/nios2eds/bin/gnu/h-i686-mingw32/bin/../lib/gcc/nios2-elf/4.1.2/../../../../nios2-elf/lib/mno-hw-mul\libsmallc.a(lib_a-exit.o) (__call_exitprocs)
../Bai8_bsp/\libhal_bsp.a(alt_exit.o)
                              e:/uit/quartus/nios2eds/bin/gnu/h-i686-mingw32/bin/../lib/gcc/nios2-elf/4.1.2/../../../../nios2-elf/lib/mno-hw-mul\libsmallc.a(lib_a-exit.o) (_exit)

Allocating common symbols
Common symbol       size              file

alt_irq             0x100             ../Bai8_bsp/\libhal_bsp.a(alt_irq_handler.o)
errno               0x4               e:/uit/quartus/nios2eds/bin/gnu/h-i686-mingw32/bin/../lib/gcc/nios2-elf/4.1.2/../../../../nios2-elf/lib/mno-hw-mul\libsmallc.a(lib_a-int_errno.o)
_atexit0            0x8c              e:/uit/quartus/nios2eds/bin/gnu/h-i686-mingw32/bin/../lib/gcc/nios2-elf/4.1.2/../../../../nios2-elf/lib/mno-hw-mul\libsmallc.a(lib_a-atexit.o)

Memory Configuration

Name             Origin             Length             Attributes
onchip_memory2_1 0x00008000         0x00002000
reset            0x00010000         0x00000020
onchip_memory2_0 0x00010020         0x00007fe0
*default*        0x00000000         0xffffffff

Linker script and memory map

LOAD ../Bai8_bsp//obj/HAL/src/crt0.o
LOAD obj/default/source.o
LOAD e:/uit/quartus/nios2eds/bin/gnu/h-i686-mingw32/bin/../lib/gcc/nios2-elf/4.1.2/../../../../nios2-elf/lib/mno-hw-mul\libstdc++.a
LOAD e:/uit/quartus/nios2eds/bin/gnu/h-i686-mingw32/bin/../lib/gcc/nios2-elf/4.1.2/../../../../nios2-elf/lib/mno-hw-mul\libm.a
LOAD e:/uit/quartus/nios2eds/bin/gnu/h-i686-mingw32/bin/../lib/gcc/nios2-elf/4.1.2/mno-hw-mul\libgcc.a
START GROUP
LOAD e:/uit/quartus/nios2eds/bin/gnu/h-i686-mingw32/bin/../lib/gcc/nios2-elf/4.1.2/../../../../nios2-elf/lib/mno-hw-mul\libsmallc.a
LOAD e:/uit/quartus/nios2eds/bin/gnu/h-i686-mingw32/bin/../lib/gcc/nios2-elf/4.1.2/mno-hw-mul\libgcc.a
LOAD ../Bai8_bsp/\libhal_bsp.a
END GROUP
LOAD e:/uit/quartus/nios2eds/bin/gnu/h-i686-mingw32/bin/../lib/gcc/nios2-elf/4.1.2/mno-hw-mul\libgcc.a
                0x00008000                __alt_mem_onchip_memory2_1 = 0x8000
                0x00010000                __alt_mem_onchip_memory2_0 = 0x10000

.entry          0x00010000       0x20
 *(.entry)
 .entry         0x00010000       0x20 ../Bai8_bsp//obj/HAL/src/crt0.o
                0x00010000                __reset

.exceptions     0x00010020      0x194
                0x00010020                PROVIDE (__ram_exceptions_start, ABSOLUTE (.))
                0x00010020                . = ALIGN (0x20)
 *(.irq)
 *(.exceptions.entry.label)
 .exceptions.entry.label
                0x00010020        0x0 ../Bai8_bsp/\libhal_bsp.a(alt_irq_entry.o)
                0x00010020                alt_irq_entry
 .exceptions.entry.label
                0x00010020        0x0 ../Bai8_bsp/\libhal_bsp.a(alt_exception_entry.o)
                0x00010020                alt_exception
 *(.exceptions.entry.user)
 *(.exceptions.entry)
 .exceptions.entry
                0x00010020       0x54 ../Bai8_bsp/\libhal_bsp.a(alt_exception_entry.o)
 *(.exceptions.irqtest.user)
 *(.exceptions.irqtest)
 .exceptions.irqtest
                0x00010074       0x10 ../Bai8_bsp/\libhal_bsp.a(alt_irq_entry.o)
 *(.exceptions.irqhandler.user)
 *(.exceptions.irqhandler)
 .exceptions.irqhandler
                0x00010084        0x4 ../Bai8_bsp/\libhal_bsp.a(alt_irq_entry.o)
 *(.exceptions.irqreturn.user)
 *(.exceptions.irqreturn)
 .exceptions.irqreturn
                0x00010088        0x4 ../Bai8_bsp/\libhal_bsp.a(alt_irq_entry.o)
 *(.exceptions.notirq.label)
 .exceptions.notirq.label
                0x0001008c        0x0 ../Bai8_bsp/\libhal_bsp.a(alt_irq_entry.o)
 *(.exceptions.notirq.user)
 *(.exceptions.notirq)
 .exceptions.notirq
                0x0001008c        0x8 ../Bai8_bsp/\libhal_bsp.a(alt_exception_entry.o)
 *(.exceptions.soft.user)
 *(.exceptions.soft)
 *(.exceptions.unknown.user)
 *(.exceptions.unknown)
 .exceptions.unknown
                0x00010094        0x4 ../Bai8_bsp/\libhal_bsp.a(alt_exception_entry.o)
 *(.exceptions.exit.label)
 .exceptions.exit.label
                0x00010098        0x0 ../Bai8_bsp/\libhal_bsp.a(alt_irq_entry.o)
 .exceptions.exit.label
                0x00010098        0x0 ../Bai8_bsp/\libhal_bsp.a(alt_exception_entry.o)
 *(.exceptions.exit.user)
 *(.exceptions.exit)
 .exceptions.exit
                0x00010098       0x54 ../Bai8_bsp/\libhal_bsp.a(alt_exception_entry.o)
 *(.exceptions)
 .exceptions    0x000100ec       0xc8 ../Bai8_bsp/\libhal_bsp.a(alt_irq_handler.o)
                0x000100ec                alt_irq_handler
                0x000101b4                PROVIDE (__ram_exceptions_end, ABSOLUTE (.))
                0x00010020                PROVIDE (__flash_exceptions_start, LOADADDR (.exceptions))

.text           0x000101b4     0x3424
                0x000101b4                PROVIDE (stext, ABSOLUTE (.))
 *(.interp)
 *(.hash)
 *(.dynsym)
 *(.dynstr)
 *(.gnu.version)
 *(.gnu.version_d)
 *(.gnu.version_r)
 *(.rel.init)
 *(.rela.init)
 *(.rel.text .rel.text.* .rel.gnu.linkonce.t.*)
 *(.rela.text .rela.text.* .rela.gnu.linkonce.t.*)
 *(.rel.fini)
 *(.rela.fini)
 *(.rel.rodata .rel.rodata.* .rel.gnu.linkonce.r.*)
 *(.rela.rodata .rela.rodata.* .rela.gnu.linkonce.r.*)
 *(.rel.data .rel.data.* .rel.gnu.linkonce.d.*)
 *(.rela.data .rela.data.* .rela.gnu.linkonce.d.*)
 *(.rel.tdata .rel.tdata.* .rel.gnu.linkonce.td.*)
 *(.rela.tdata .rela.tdata.* .rela.gnu.linkonce.td.*)
 *(.rel.tbss .rel.tbss.* .rel.gnu.linkonce.tb.*)
 *(.rela.tbss .rela.tbss.* .rela.gnu.linkonce.tb.*)
 *(.rel.ctors)
 *(.rela.ctors)
 *(.rel.dtors)
 *(.rela.dtors)
 *(.rel.got)
 *(.rela.got)
 *(.rel.sdata .rel.sdata.* .rel.gnu.linkonce.s.*)
 *(.rela.sdata .rela.sdata.* .rela.gnu.linkonce.s.*)
 *(.rel.sbss .rel.sbss.* .rel.gnu.linkonce.sb.*)
 *(.rela.sbss .rela.sbss.* .rela.gnu.linkonce.sb.*)
 *(.rel.sdata2 .rel.sdata2.* .rel.gnu.linkonce.s2.*)
 *(.rela.sdata2 .rela.sdata2.* .rela.gnu.linkonce.s2.*)
 *(.rel.sbss2 .rel.sbss2.* .rel.gnu.linkonce.sb2.*)
 *(.rela.sbss2 .rela.sbss2.* .rela.gnu.linkonce.sb2.*)
 *(.rel.bss .rel.bss.* .rel.gnu.linkonce.b.*)
 *(.rela.bss .rela.bss.* .rela.gnu.linkonce.b.*)
 *(.rel.plt)
 *(.rela.plt)
 *(.rel.dyn)
 *(.init)
 *(.plt)
 *(.text .stub .text.* .gnu.linkonce.t.*)
 .text          0x000101b4       0x3c ../Bai8_bsp//obj/HAL/src/crt0.o
                0x000101b4                _start
 .text          0x000101f0      0x138 obj/default/source.o
                0x000101f0                DMA_ISR_Handler
                0x0001027c                DMA_Init
                0x000102ec                main
 .text          0x00010328       0x98 e:/uit/quartus/nios2eds/bin/gnu/h-i686-mingw32/bin/../lib/gcc/nios2-elf/4.1.2/../../../../nios2-elf/lib/mno-hw-mul\libsmallc.a(lib_a-printf.o)
                0x00010328                printf
                0x0001037c                _printf_r
 .text          0x000103c0       0xa4 e:/uit/quartus/nios2eds/bin/gnu/h-i686-mingw32/bin/../lib/gcc/nios2-elf/4.1.2/../../../../nios2-elf/lib/mno-hw-mul\libsmallc.a(lib_a-puts.o)
                0x000103c0                _puts_r
                0x00010450                puts
 .text          0x00010464       0x20 e:/uit/quartus/nios2eds/bin/gnu/h-i686-mingw32/bin/../lib/gcc/nios2-elf/4.1.2/../../../../nios2-elf/lib/mno-hw-mul\libsmallc.a(lib_a-strlen.o)
                0x00010464                strlen
 .text          0x00010484      0x740 e:/uit/quartus/nios2eds/bin/gnu/h-i686-mingw32/bin/../lib/gcc/nios2-elf/4.1.2/../../../../nios2-elf/lib/mno-hw-mul\libsmallc.a(lib_a-vfprintf.o)
                0x00010504                ___vfprintf_internal_r
                0x00010ba0                __vfprintf_internal
 .text          0x00010bc4       0xbc e:/uit/quartus/nios2eds/bin/gnu/h-i686-mingw32/bin/../lib/gcc/nios2-elf/4.1.2/../../../../nios2-elf/lib/mno-hw-mul\libsmallc.a(lib_a-fvwrite_small_dev.o)
                0x00010bc4                __sfvwrite_small_dev
 .text          0x00010c80        0x0 e:/uit/quartus/nios2eds/bin/gnu/h-i686-mingw32/bin/../lib/gcc/nios2-elf/4.1.2/../../../../nios2-elf/lib/mno-hw-mul\libsmallc.a(lib_a-impure.o)
 .text          0x00010c80       0x78 e:/uit/quartus/nios2eds/bin/gnu/h-i686-mingw32/bin/../lib/gcc/nios2-elf/4.1.2/../../../../nios2-elf/lib/mno-hw-mul\libsmallc.a(lib_a-writer.o)
                0x00010c80                _write_r
 .text          0x00010cf8        0x0 e:/uit/quartus/nios2eds/bin/gnu/h-i686-mingw32/bin/../lib/gcc/nios2-elf/4.1.2/../../../../nios2-elf/lib/mno-hw-mul\libsmallc.a(lib_a-int_errno.o)
 .text          0x00010cf8      0x14c e:/uit/quartus/nios2eds/bin/gnu/h-i686-mingw32/bin/../lib/gcc/nios2-elf/4.1.2/mno-hw-mul\libgcc.a(lib2-divmod.o)
                0x00010d74                __divsi3
                0x00010dd4                __modsi3
                0x00010e34                __udivsi3
                0x00010e3c                __umodsi3
 .text          0x00010e44       0x38 e:/uit/quartus/nios2eds/bin/gnu/h-i686-mingw32/bin/../lib/gcc/nios2-elf/4.1.2/mno-hw-mul\libgcc.a(lib2-mul.o)
                0x00010e44                __mulsi3
 .text          0x00010e7c      0x1d4 ../Bai8_bsp/\libhal_bsp.a(alt_iic.o)
                0x00010e7c                alt_ic_isr_register
                0x00010ecc                alt_ic_irq_enable
                0x00010f68                alt_ic_irq_disable
                0x00011008                alt_ic_irq_enabled
 .text          0x00011050       0xf8 ../Bai8_bsp/\libhal_bsp.a(alt_iic_isr_register.o)
                0x00011050                alt_iic_isr_register
 .text          0x00011148        0x0 ../Bai8_bsp/\libhal_bsp.a(alt_irq_entry.o)
 .text          0x00011148        0x0 ../Bai8_bsp/\libhal_bsp.a(alt_irq_handler.o)
 .text          0x00011148        0x0 ../Bai8_bsp/\libhal_bsp.a(alt_irq_vars.o)
 .text          0x00011148       0xec ../Bai8_bsp/\libhal_bsp.a(alt_load.o)
                0x00011148                alt_load
 .text          0x00011234       0x6c ../Bai8_bsp/\libhal_bsp.a(alt_main.o)
                0x00011234                alt_main
 .text          0x000112a0       0x30 ../Bai8_bsp/\libhal_bsp.a(alt_usleep.o)
                0x000112a0                usleep
 .text          0x000112d0      0x184 ../Bai8_bsp/\libhal_bsp.a(alt_write.o)
                0x000112d0                write
 .text          0x00011454       0xc4 ../Bai8_bsp/\libhal_bsp.a(alt_sys_init.o)
                0x00011454                alt_irq_init
                0x00011488                alt_sys_init
 .text          0x00011518      0xcac ../Bai8_bsp/\libhal_bsp.a(altera_avalon_dma.o)
                0x00011518                alt_avalon_dma_launch_bidir
                0x00011b2c                alt_avalon_dma_tx_ioctl
                0x00011b70                alt_avalon_dma_rx_ioctl
                0x00011bb4                alt_avalon_dma_prepare
                0x00011d08                alt_avalon_dma_space
                0x00011d88                alt_avalon_dma_send
                0x000120a4                alt_avalon_dma_init
 .text          0x000121c4       0xb0 ../Bai8_bsp/\libhal_bsp.a(altera_avalon_jtag_uart_fd.o)
                0x000121c4                altera_avalon_jtag_uart_read_fd
                0x0001221c                altera_avalon_jtag_uart_write_fd
 .text          0x00012274      0x104 ../Bai8_bsp/\libhal_bsp.a(altera_avalon_jtag_uart_read.o)
                0x00012274                altera_avalon_jtag_uart_read
 .text          0x00012378       0xa4 ../Bai8_bsp/\libhal_bsp.a(altera_avalon_jtag_uart_write.o)
                0x00012378                altera_avalon_jtag_uart_write
 .text          0x0001241c      0x15c ../Bai8_bsp/\libhal_bsp.a(alt_busy_sleep.o)
                0x0001241c                alt_busy_sleep
 .text          0x00012578      0x160 ../Bai8_bsp/\libhal_bsp.a(alt_close.o)
                0x00012578                close
 .text          0x000126d8       0x1c ../Bai8_bsp/\libhal_bsp.a(alt_dcache_flush_all.o)
                0x000126d8                alt_dcache_flush_all
 .text          0x000126f4       0x2c ../Bai8_bsp/\libhal_bsp.a(alt_dev.o)
 .text          0x00012720      0x114 ../Bai8_bsp/\libhal_bsp.a(alt_dev_llist_insert.o)
                0x00012720                alt_dev_llist_insert
 .text          0x00012834       0xb8 ../Bai8_bsp/\libhal_bsp.a(alt_dma_rxchan_open.o)
                0x00012834                alt_dma_rxchan_open
 .text          0x000128ec       0xb8 ../Bai8_bsp/\libhal_bsp.a(alt_dma_txchan_open.o)
                0x000128ec                alt_dma_txchan_open
 .text          0x000129a4       0x64 ../Bai8_bsp/\libhal_bsp.a(alt_do_ctors.o)
                0x000129a4                _do_ctors
 .text          0x00012a08       0x64 ../Bai8_bsp/\libhal_bsp.a(alt_do_dtors.o)
                0x00012a08                _do_dtors
 .text          0x00012a6c        0x0 ../Bai8_bsp/\libhal_bsp.a(alt_errno.o)
 .text          0x00012a6c        0x0 ../Bai8_bsp/\libhal_bsp.a(alt_exception_entry.o)
 .text          0x00012a6c       0x94 ../Bai8_bsp/\libhal_bsp.a(alt_find_dev.o)
                0x00012a6c                alt_find_dev
 .text          0x00012b00       0x1c ../Bai8_bsp/\libhal_bsp.a(alt_icache_flush_all.o)
                0x00012b00                alt_icache_flush_all
 .text          0x00012b1c      0x150 ../Bai8_bsp/\libhal_bsp.a(alt_io_redirect.o)
                0x00012bf4                alt_io_redirect
 .text          0x00012c6c      0x2e4 ../Bai8_bsp/\libhal_bsp.a(alt_open.o)
                0x00012d64                open
 .text          0x00012f50       0x78 ../Bai8_bsp/\libhal_bsp.a(alt_release_fd.o)
                0x00012f50                alt_release_fd
 .text          0x00012fc8       0x20 ../Bai8_bsp/\libhal_bsp.a(altera_nios2_qsys_irq.o)
                0x00012fc8                altera_nios2_qsys_irq_init
 .text          0x00012fe8      0x120 ../Bai8_bsp/\libhal_bsp.a(alt_find_file.o)
                0x00012fe8                alt_find_file
 .text          0x00013108       0xd0 ../Bai8_bsp/\libhal_bsp.a(alt_get_fd.o)
                0x00013108                alt_get_fd
 .text          0x000131d8       0x14 e:/uit/quartus/nios2eds/bin/gnu/h-i686-mingw32/bin/../lib/gcc/nios2-elf/4.1.2/../../../../nios2-elf/lib/mno-hw-mul\libsmallc.a(lib_a-atexit.o)
                0x000131d8                atexit
 .text          0x000131ec       0x20 e:/uit/quartus/nios2eds/bin/gnu/h-i686-mingw32/bin/../lib/gcc/nios2-elf/4.1.2/../../../../nios2-elf/lib/mno-hw-mul\libsmallc.a(lib_a-exit.o)
                0x000131ec                exit
 .text          0x0001320c       0x3c e:/uit/quartus/nios2eds/bin/gnu/h-i686-mingw32/bin/../lib/gcc/nios2-elf/4.1.2/../../../../nios2-elf/lib/mno-hw-mul\libsmallc.a(lib_a-memcmp.o)
                0x0001320c                memcmp
 .text          0x00013248      0x16c e:/uit/quartus/nios2eds/bin/gnu/h-i686-mingw32/bin/../lib/gcc/nios2-elf/4.1.2/../../../../nios2-elf/lib/mno-hw-mul\libsmallc.a(lib_a-__atexit.o)
                0x00013248                __register_exitproc
 .text          0x000133b4      0x1c0 e:/uit/quartus/nios2eds/bin/gnu/h-i686-mingw32/bin/../lib/gcc/nios2-elf/4.1.2/../../../../nios2-elf/lib/mno-hw-mul\libsmallc.a(lib_a-__call_atexit.o)
                0x000133b8                __call_exitprocs
 .text          0x00013574       0x60 ../Bai8_bsp/\libhal_bsp.a(alt_exit.o)
                0x000135b4                _exit
 *(.gnu.warning.*)
 *(.fini)
                0x000135d4                PROVIDE (__etext, ABSOLUTE (.))
                0x000135d4                PROVIDE (_etext, ABSOLUTE (.))
                0x000135d4                PROVIDE (etext, ABSOLUTE (.))
 *(.eh_frame_hdr)
                0x000135d4                . = ALIGN (0x4)
                0x000135d4                PROVIDE (__preinit_array_start, ABSOLUTE (.))
 *(.preinit_array)
                0x000135d4                PROVIDE (__preinit_array_end, ABSOLUTE (.))
                0x000135d4                PROVIDE (__init_array_start, ABSOLUTE (.))
 *(.init_array)
                0x000135d4                PROVIDE (__init_array_end, ABSOLUTE (.))
                0x000135d4                PROVIDE (__fini_array_start, ABSOLUTE (.))
 *(.fini_array)
                0x000135d4                PROVIDE (__fini_array_end, ABSOLUTE (.))
 *(.eh_frame)
 *(.gcc_except_table)
 *(.dynamic)
                0x000135d4                PROVIDE (__CTOR_LIST__, ABSOLUTE (.))
 *(.ctors)
 *(SORT(.ctors.*))
 .ctors.65535   0x000135d4        0x4 e:/uit/quartus/nios2eds/bin/gnu/h-i686-mingw32/bin/../lib/gcc/nios2-elf/4.1.2/../../../../nios2-elf/lib/mno-hw-mul\libsmallc.a(lib_a-__call_atexit.o)
                0x000135d8                PROVIDE (__CTOR_END__, ABSOLUTE (.))
                0x000135d8                PROVIDE (__DTOR_LIST__, ABSOLUTE (.))
 *(.dtors)
 *(SORT(.dtors.*))
                0x000135d8                PROVIDE (__DTOR_END__, ABSOLUTE (.))
 *(.jcr)
                0x000135d8                . = ALIGN (0x4)

.rodata         0x00008000       0x88 load address 0x000135d8
                0x00008000                PROVIDE (__ram_rodata_start, ABSOLUTE (.))
                0x00008000                . = ALIGN (0x4)
 *(.rodata .rodata.* .gnu.linkonce.r.*)
 .rodata        0x00008000       0x44 obj/default/source.o
 .rodata.str1.4
                0x00008044        0x4 e:/uit/quartus/nios2eds/bin/gnu/h-i686-mingw32/bin/../lib/gcc/nios2-elf/4.1.2/../../../../nios2-elf/lib/mno-hw-mul\libsmallc.a(lib_a-puts.o)
 .rodata        0x00008048       0x14 ../Bai8_bsp/\libhal_bsp.a(alt_main.o)
 .rodata        0x0000805c       0x20 ../Bai8_bsp/\libhal_bsp.a(alt_sys_init.o)
 .rodata        0x0000807c        0xc ../Bai8_bsp/\libhal_bsp.a(alt_dev.o)
 *(.rodata1)
                0x00008088                . = ALIGN (0x4)
                0x00008088                PROVIDE (__ram_rodata_end, ABSOLUTE (.))
                0x000135d8                PROVIDE (__flash_rodata_start, LOADADDR (.rodata))

.rwdata         0x00008088      0x3e8 load address 0x00013660
                0x00008088                PROVIDE (__ram_rwdata_start, ABSOLUTE (.))
                0x00008088                . = ALIGN (0x4)
 *(.got.plt)
 *(.got)
 *(.data1)
 *(.data .data.* .gnu.linkonce.d.*)
 .data          0x00008088        0x0 ../Bai8_bsp//obj/HAL/src/crt0.o
 .data          0x00008088       0x20 obj/default/source.o
                0x00008088                pdata0
 .data          0x000080a8        0x0 e:/uit/quartus/nios2eds/bin/gnu/h-i686-mingw32/bin/../lib/gcc/nios2-elf/4.1.2/../../../../nios2-elf/lib/mno-hw-mul\libsmallc.a(lib_a-printf.o)
 .data          0x000080a8        0x0 e:/uit/quartus/nios2eds/bin/gnu/h-i686-mingw32/bin/../lib/gcc/nios2-elf/4.1.2/../../../../nios2-elf/lib/mno-hw-mul\libsmallc.a(lib_a-puts.o)
 .data          0x000080a8        0x0 e:/uit/quartus/nios2eds/bin/gnu/h-i686-mingw32/bin/../lib/gcc/nios2-elf/4.1.2/../../../../nios2-elf/lib/mno-hw-mul\libsmallc.a(lib_a-strlen.o)
 .data          0x000080a8        0x0 e:/uit/quartus/nios2eds/bin/gnu/h-i686-mingw32/bin/../lib/gcc/nios2-elf/4.1.2/../../../../nios2-elf/lib/mno-hw-mul\libsmallc.a(lib_a-vfprintf.o)
 .data          0x000080a8        0x0 e:/uit/quartus/nios2eds/bin/gnu/h-i686-mingw32/bin/../lib/gcc/nios2-elf/4.1.2/../../../../nios2-elf/lib/mno-hw-mul\libsmallc.a(lib_a-fvwrite_small_dev.o)
 .data          0x000080a8       0xe0 e:/uit/quartus/nios2eds/bin/gnu/h-i686-mingw32/bin/../lib/gcc/nios2-elf/4.1.2/../../../../nios2-elf/lib/mno-hw-mul\libsmallc.a(lib_a-impure.o)
 .data          0x00008188        0x0 e:/uit/quartus/nios2eds/bin/gnu/h-i686-mingw32/bin/../lib/gcc/nios2-elf/4.1.2/../../../../nios2-elf/lib/mno-hw-mul\libsmallc.a(lib_a-writer.o)
 .data          0x00008188        0x0 e:/uit/quartus/nios2eds/bin/gnu/h-i686-mingw32/bin/../lib/gcc/nios2-elf/4.1.2/../../../../nios2-elf/lib/mno-hw-mul\libsmallc.a(lib_a-int_errno.o)
 .data          0x00008188        0x0 e:/uit/quartus/nios2eds/bin/gnu/h-i686-mingw32/bin/../lib/gcc/nios2-elf/4.1.2/mno-hw-mul\libgcc.a(lib2-divmod.o)
 .data          0x00008188        0x0 e:/uit/quartus/nios2eds/bin/gnu/h-i686-mingw32/bin/../lib/gcc/nios2-elf/4.1.2/mno-hw-mul\libgcc.a(lib2-mul.o)
 .data          0x00008188        0x0 ../Bai8_bsp/\libhal_bsp.a(alt_iic.o)
 .data          0x00008188        0x0 ../Bai8_bsp/\libhal_bsp.a(alt_iic_isr_register.o)
 .data          0x00008188        0x0 ../Bai8_bsp/\libhal_bsp.a(alt_irq_entry.o)
 .data          0x00008188        0x0 ../Bai8_bsp/\libhal_bsp.a(alt_irq_handler.o)
 .data          0x00008188        0x0 ../Bai8_bsp/\libhal_bsp.a(alt_irq_vars.o)
 .data          0x00008188        0x0 ../Bai8_bsp/\libhal_bsp.a(alt_load.o)
 .data          0x00008188        0x0 ../Bai8_bsp/\libhal_bsp.a(alt_main.o)
 .data          0x00008188        0x0 ../Bai8_bsp/\libhal_bsp.a(alt_usleep.o)
 .data          0x00008188        0x0 ../Bai8_bsp/\libhal_bsp.a(alt_write.o)
 .data          0x00008188      0x108 ../Bai8_bsp/\libhal_bsp.a(alt_sys_init.o)
 .data          0x00008290        0x0 ../Bai8_bsp/\libhal_bsp.a(altera_avalon_dma.o)
 .data          0x00008290        0x0 ../Bai8_bsp/\libhal_bsp.a(altera_avalon_jtag_uart_fd.o)
 .data          0x00008290        0x0 ../Bai8_bsp/\libhal_bsp.a(altera_avalon_jtag_uart_read.o)
 .data          0x00008290        0x0 ../Bai8_bsp/\libhal_bsp.a(altera_avalon_jtag_uart_write.o)
 .data          0x00008290        0x0 ../Bai8_bsp/\libhal_bsp.a(alt_busy_sleep.o)
 .data          0x00008290        0x0 ../Bai8_bsp/\libhal_bsp.a(alt_close.o)
 .data          0x00008290        0x0 ../Bai8_bsp/\libhal_bsp.a(alt_dcache_flush_all.o)
 .data          0x00008290      0x1a8 ../Bai8_bsp/\libhal_bsp.a(alt_dev.o)
                0x00008290                alt_dev_null
                0x000082b8                alt_fd_list
 .data          0x00008438        0x0 ../Bai8_bsp/\libhal_bsp.a(alt_dev_llist_insert.o)
 .data          0x00008438        0x0 ../Bai8_bsp/\libhal_bsp.a(alt_dma_rxchan_open.o)
 .data          0x00008438        0x0 ../Bai8_bsp/\libhal_bsp.a(alt_dma_txchan_open.o)
 .data          0x00008438        0x0 ../Bai8_bsp/\libhal_bsp.a(alt_do_ctors.o)
 .data          0x00008438        0x0 ../Bai8_bsp/\libhal_bsp.a(alt_do_dtors.o)
 .data          0x00008438        0x0 ../Bai8_bsp/\libhal_bsp.a(alt_errno.o)
 .data          0x00008438        0x0 ../Bai8_bsp/\libhal_bsp.a(alt_exception_entry.o)
 .data          0x00008438        0x0 ../Bai8_bsp/\libhal_bsp.a(alt_find_dev.o)
 .data          0x00008438        0x0 ../Bai8_bsp/\libhal_bsp.a(alt_icache_flush_all.o)
 .data          0x00008438        0x0 ../Bai8_bsp/\libhal_bsp.a(alt_io_redirect.o)
 .data          0x00008438        0x0 ../Bai8_bsp/\libhal_bsp.a(alt_open.o)
 .data          0x00008438        0x0 ../Bai8_bsp/\libhal_bsp.a(alt_release_fd.o)
 .data          0x00008438        0x0 ../Bai8_bsp/\libhal_bsp.a(altera_nios2_qsys_irq.o)
 .data          0x00008438        0x0 ../Bai8_bsp/\libhal_bsp.a(alt_find_file.o)
 .data          0x00008438        0x0 ../Bai8_bsp/\libhal_bsp.a(alt_get_fd.o)
 .data          0x00008438        0x0 e:/uit/quartus/nios2eds/bin/gnu/h-i686-mingw32/bin/../lib/gcc/nios2-elf/4.1.2/../../../../nios2-elf/lib/mno-hw-mul\libsmallc.a(lib_a-atexit.o)
 .data          0x00008438        0x0 e:/uit/quartus/nios2eds/bin/gnu/h-i686-mingw32/bin/../lib/gcc/nios2-elf/4.1.2/../../../../nios2-elf/lib/mno-hw-mul\libsmallc.a(lib_a-exit.o)
 .data          0x00008438        0x0 e:/uit/quartus/nios2eds/bin/gnu/h-i686-mingw32/bin/../lib/gcc/nios2-elf/4.1.2/../../../../nios2-elf/lib/mno-hw-mul\libsmallc.a(lib_a-memcmp.o)
 .data          0x00008438        0x0 e:/uit/quartus/nios2eds/bin/gnu/h-i686-mingw32/bin/../lib/gcc/nios2-elf/4.1.2/../../../../nios2-elf/lib/mno-hw-mul\libsmallc.a(lib_a-__atexit.o)
 .data          0x00008438        0x0 e:/uit/quartus/nios2eds/bin/gnu/h-i686-mingw32/bin/../lib/gcc/nios2-elf/4.1.2/../../../../nios2-elf/lib/mno-hw-mul\libsmallc.a(lib_a-__call_atexit.o)
 .data          0x00008438        0x0 ../Bai8_bsp/\libhal_bsp.a(alt_exit.o)
                0x00010438                _gp = ABSOLUTE ((. + 0x8000))
                0x00010438                PROVIDE (gp, _gp)
 *(.rwdata .rwdata.*)
 *(.sdata .sdata.* .gnu.linkonce.s.*)
 .sdata         0x00008438        0x4 obj/default/source.o
                0x00008438                pdata1
 .sdata         0x0000843c        0x8 e:/uit/quartus/nios2eds/bin/gnu/h-i686-mingw32/bin/../lib/gcc/nios2-elf/4.1.2/../../../../nios2-elf/lib/mno-hw-mul\libsmallc.a(lib_a-impure.o)
                0x0000843c                _impure_ptr
                0x00008440                _global_impure_ptr
 .sdata         0x00008444        0x4 ../Bai8_bsp/\libhal_bsp.a(alt_irq_vars.o)
                0x00008444                alt_priority_mask
 .sdata         0x00008448       0x14 ../Bai8_bsp/\libhal_bsp.a(alt_dev.o)
                0x00008448                alt_fs_list
                0x00008450                alt_dev_list
                0x00008458                alt_max_fd
 .sdata         0x0000845c        0x8 ../Bai8_bsp/\libhal_bsp.a(alt_dma_rxchan_open.o)
                0x0000845c                alt_dma_rxchan_list
 .sdata         0x00008464        0x8 ../Bai8_bsp/\libhal_bsp.a(alt_dma_txchan_open.o)
                0x00008464                alt_dma_txchan_list
 .sdata         0x0000846c        0x4 ../Bai8_bsp/\libhal_bsp.a(alt_errno.o)
                0x0000846c                alt_errno
 *(.sdata2 .sdata2.* .gnu.linkonce.s2.*)
                0x00008470                . = ALIGN (0x4)
                0x00008470                _edata = ABSOLUTE (.)
                0x00008470                PROVIDE (edata, ABSOLUTE (.))
                0x00008470                PROVIDE (__ram_rwdata_end, ABSOLUTE (.))
                0x00013660                PROVIDE (__flash_rwdata_start, LOADADDR (.rwdata))

.bss            0x00008470      0x1a0 load address 0x00013a48
                0x00008470                __bss_start = ABSOLUTE (.)
                0x00008470                PROVIDE (__sbss_start, ABSOLUTE (.))
                0x00008470                PROVIDE (___sbss_start, ABSOLUTE (.))
 *(.dynsbss)
 *(.sbss .sbss.* .gnu.linkonce.sb.*)
 .sbss          0x00008470        0x4 e:/uit/quartus/nios2eds/bin/gnu/h-i686-mingw32/bin/../lib/gcc/nios2-elf/4.1.2/../../../../nios2-elf/lib/mno-hw-mul\libsmallc.a(lib_a-int_errno.o)
                0x00008470                errno
 .sbss          0x00008474        0x4 ../Bai8_bsp/\libhal_bsp.a(alt_irq_vars.o)
                0x00008474                alt_irq_active
 .sbss          0x00008478        0xc ../Bai8_bsp/\libhal_bsp.a(alt_main.o)
                0x00008478                alt_argc
                0x0000847c                alt_argv
                0x00008480                alt_envp
 *(.sbss2 .sbss2.* .gnu.linkonce.sb2.*)
 *(.scommon)
                0x00008484                PROVIDE (__sbss_end, ABSOLUTE (.))
                0x00008484                PROVIDE (___sbss_end, ABSOLUTE (.))
 *(.dynbss)
 *(.bss .bss.* .gnu.linkonce.b.*)
 .bss           0x00008484        0x0 ../Bai8_bsp//obj/HAL/src/crt0.o
 .bss           0x00008484        0x0 obj/default/source.o
 .bss           0x00008484        0x0 e:/uit/quartus/nios2eds/bin/gnu/h-i686-mingw32/bin/../lib/gcc/nios2-elf/4.1.2/../../../../nios2-elf/lib/mno-hw-mul\libsmallc.a(lib_a-printf.o)
 .bss           0x00008484        0x0 e:/uit/quartus/nios2eds/bin/gnu/h-i686-mingw32/bin/../lib/gcc/nios2-elf/4.1.2/../../../../nios2-elf/lib/mno-hw-mul\libsmallc.a(lib_a-puts.o)
 .bss           0x00008484        0x0 e:/uit/quartus/nios2eds/bin/gnu/h-i686-mingw32/bin/../lib/gcc/nios2-elf/4.1.2/../../../../nios2-elf/lib/mno-hw-mul\libsmallc.a(lib_a-strlen.o)
 .bss           0x00008484        0x0 e:/uit/quartus/nios2eds/bin/gnu/h-i686-mingw32/bin/../lib/gcc/nios2-elf/4.1.2/../../../../nios2-elf/lib/mno-hw-mul\libsmallc.a(lib_a-vfprintf.o)
 .bss           0x00008484        0x0 e:/uit/quartus/nios2eds/bin/gnu/h-i686-mingw32/bin/../lib/gcc/nios2-elf/4.1.2/../../../../nios2-elf/lib/mno-hw-mul\libsmallc.a(lib_a-fvwrite_small_dev.o)
 .bss           0x00008484        0x0 e:/uit/quartus/nios2eds/bin/gnu/h-i686-mingw32/bin/../lib/gcc/nios2-elf/4.1.2/../../../../nios2-elf/lib/mno-hw-mul\libsmallc.a(lib_a-impure.o)
 .bss           0x00008484        0x0 e:/uit/quartus/nios2eds/bin/gnu/h-i686-mingw32/bin/../lib/gcc/nios2-elf/4.1.2/../../../../nios2-elf/lib/mno-hw-mul\libsmallc.a(lib_a-writer.o)
 .bss           0x00008484        0x0 e:/uit/quartus/nios2eds/bin/gnu/h-i686-mingw32/bin/../lib/gcc/nios2-elf/4.1.2/../../../../nios2-elf/lib/mno-hw-mul\libsmallc.a(lib_a-int_errno.o)
 .bss           0x00008484        0x0 e:/uit/quartus/nios2eds/bin/gnu/h-i686-mingw32/bin/../lib/gcc/nios2-elf/4.1.2/mno-hw-mul\libgcc.a(lib2-divmod.o)
 .bss           0x00008484        0x0 e:/uit/quartus/nios2eds/bin/gnu/h-i686-mingw32/bin/../lib/gcc/nios2-elf/4.1.2/mno-hw-mul\libgcc.a(lib2-mul.o)
 .bss           0x00008484        0x0 ../Bai8_bsp/\libhal_bsp.a(alt_iic.o)
 .bss           0x00008484        0x0 ../Bai8_bsp/\libhal_bsp.a(alt_iic_isr_register.o)
 .bss           0x00008484        0x0 ../Bai8_bsp/\libhal_bsp.a(alt_irq_entry.o)
 .bss           0x00008484        0x0 ../Bai8_bsp/\libhal_bsp.a(alt_irq_handler.o)
 .bss           0x00008484        0x0 ../Bai8_bsp/\libhal_bsp.a(alt_irq_vars.o)
 .bss           0x00008484        0x0 ../Bai8_bsp/\libhal_bsp.a(alt_load.o)
 .bss           0x00008484        0x0 ../Bai8_bsp/\libhal_bsp.a(alt_main.o)
 .bss           0x00008484        0x0 ../Bai8_bsp/\libhal_bsp.a(alt_usleep.o)
 .bss           0x00008484        0x0 ../Bai8_bsp/\libhal_bsp.a(alt_write.o)
 .bss           0x00008484        0x0 ../Bai8_bsp/\libhal_bsp.a(alt_sys_init.o)
 .bss           0x00008484        0x0 ../Bai8_bsp/\libhal_bsp.a(altera_avalon_dma.o)
 .bss           0x00008484        0x0 ../Bai8_bsp/\libhal_bsp.a(altera_avalon_jtag_uart_fd.o)
 .bss           0x00008484        0x0 ../Bai8_bsp/\libhal_bsp.a(altera_avalon_jtag_uart_read.o)
 .bss           0x00008484        0x0 ../Bai8_bsp/\libhal_bsp.a(altera_avalon_jtag_uart_write.o)
 .bss           0x00008484        0x0 ../Bai8_bsp/\libhal_bsp.a(alt_busy_sleep.o)
 .bss           0x00008484        0x0 ../Bai8_bsp/\libhal_bsp.a(alt_close.o)
 .bss           0x00008484        0x0 ../Bai8_bsp/\libhal_bsp.a(alt_dcache_flush_all.o)
 .bss           0x00008484        0x0 ../Bai8_bsp/\libhal_bsp.a(alt_dev.o)
 .bss           0x00008484        0x0 ../Bai8_bsp/\libhal_bsp.a(alt_dev_llist_insert.o)
 .bss           0x00008484        0x0 ../Bai8_bsp/\libhal_bsp.a(alt_dma_rxchan_open.o)
 .bss           0x00008484        0x0 ../Bai8_bsp/\libhal_bsp.a(alt_dma_txchan_open.o)
 .bss           0x00008484        0x0 ../Bai8_bsp/\libhal_bsp.a(alt_do_ctors.o)
 .bss           0x00008484        0x0 ../Bai8_bsp/\libhal_bsp.a(alt_do_dtors.o)
 .bss           0x00008484        0x0 ../Bai8_bsp/\libhal_bsp.a(alt_errno.o)
 .bss           0x00008484        0x0 ../Bai8_bsp/\libhal_bsp.a(alt_exception_entry.o)
 .bss           0x00008484        0x0 ../Bai8_bsp/\libhal_bsp.a(alt_find_dev.o)
 .bss           0x00008484        0x0 ../Bai8_bsp/\libhal_bsp.a(alt_icache_flush_all.o)
 .bss           0x00008484        0x0 ../Bai8_bsp/\libhal_bsp.a(alt_io_redirect.o)
 .bss           0x00008484        0x0 ../Bai8_bsp/\libhal_bsp.a(alt_open.o)
 .bss           0x00008484        0x0 ../Bai8_bsp/\libhal_bsp.a(alt_release_fd.o)
 .bss           0x00008484        0x0 ../Bai8_bsp/\libhal_bsp.a(altera_nios2_qsys_irq.o)
 .bss           0x00008484        0x0 ../Bai8_bsp/\libhal_bsp.a(alt_find_file.o)
 .bss           0x00008484        0x0 ../Bai8_bsp/\libhal_bsp.a(alt_get_fd.o)
 .bss           0x00008484        0x0 e:/uit/quartus/nios2eds/bin/gnu/h-i686-mingw32/bin/../lib/gcc/nios2-elf/4.1.2/../../../../nios2-elf/lib/mno-hw-mul\libsmallc.a(lib_a-atexit.o)
 .bss           0x00008484        0x0 e:/uit/quartus/nios2eds/bin/gnu/h-i686-mingw32/bin/../lib/gcc/nios2-elf/4.1.2/../../../../nios2-elf/lib/mno-hw-mul\libsmallc.a(lib_a-exit.o)
 .bss           0x00008484        0x0 e:/uit/quartus/nios2eds/bin/gnu/h-i686-mingw32/bin/../lib/gcc/nios2-elf/4.1.2/../../../../nios2-elf/lib/mno-hw-mul\libsmallc.a(lib_a-memcmp.o)
 .bss           0x00008484        0x0 e:/uit/quartus/nios2eds/bin/gnu/h-i686-mingw32/bin/../lib/gcc/nios2-elf/4.1.2/../../../../nios2-elf/lib/mno-hw-mul\libsmallc.a(lib_a-__atexit.o)
 .bss           0x00008484        0x0 e:/uit/quartus/nios2eds/bin/gnu/h-i686-mingw32/bin/../lib/gcc/nios2-elf/4.1.2/../../../../nios2-elf/lib/mno-hw-mul\libsmallc.a(lib_a-__call_atexit.o)
 .bss           0x00008484        0x0 ../Bai8_bsp/\libhal_bsp.a(alt_exit.o)
 *(COMMON)
 COMMON         0x00008484      0x100 ../Bai8_bsp/\libhal_bsp.a(alt_irq_handler.o)
                0x00008484                alt_irq
 COMMON         0x00008584       0x8c e:/uit/quartus/nios2eds/bin/gnu/h-i686-mingw32/bin/../lib/gcc/nios2-elf/4.1.2/../../../../nios2-elf/lib/mno-hw-mul\libsmallc.a(lib_a-atexit.o)
                0x00008584                _atexit0
                0x00008610                . = ALIGN (0x4)
                0x00008610                __bss_end = ABSOLUTE (.)

.onchip_memory2_1
                0x00008610        0x0 load address 0x00013a48
                0x00008610                PROVIDE (_alt_partition_onchip_memory2_1_start, ABSOLUTE (.))
 *(.onchip_memory2_1. onchip_memory2_1.*)
                0x00008610                . = ALIGN (0x4)
                0x00008610                PROVIDE (_alt_partition_onchip_memory2_1_end, ABSOLUTE (.))
                0x00008610                _end = ABSOLUTE (.)
                0x00008610                end = ABSOLUTE (.)
                0x00008610                __alt_stack_base = ABSOLUTE (.)
                0x00013a48                PROVIDE (_alt_partition_onchip_memory2_1_load_addr, LOADADDR (.onchip_memory2_1))

.onchip_memory2_0
                0x00013a48        0x0
                0x00013a48                PROVIDE (_alt_partition_onchip_memory2_0_start, ABSOLUTE (.))
 *(.onchip_memory2_0. onchip_memory2_0.*)
                0x00013a48                . = ALIGN (0x4)
                0x00013a48                PROVIDE (_alt_partition_onchip_memory2_0_end, ABSOLUTE (.))
                0x00013a48                PROVIDE (_alt_partition_onchip_memory2_0_load_addr, LOADADDR (.onchip_memory2_0))

.stab
 *(.stab)

.stabstr
 *(.stabstr)

.stab.excl
 *(.stab.excl)

.stab.exclstr
 *(.stab.exclstr)

.stab.index
 *(.stab.index)

.stab.indexstr
 *(.stab.indexstr)

.comment        0x00000000       0x26
 *(.comment)
 .comment       0x00000000       0x26 obj/default/source.o
                                 0x27 (size before relaxing)
 .comment       0x00000000       0x27 e:/uit/quartus/nios2eds/bin/gnu/h-i686-mingw32/bin/../lib/gcc/nios2-elf/4.1.2/../../../../nios2-elf/lib/mno-hw-mul\libsmallc.a(lib_a-printf.o)
 .comment       0x00000000       0x27 e:/uit/quartus/nios2eds/bin/gnu/h-i686-mingw32/bin/../lib/gcc/nios2-elf/4.1.2/../../../../nios2-elf/lib/mno-hw-mul\libsmallc.a(lib_a-puts.o)
 .comment       0x00000000       0x27 e:/uit/quartus/nios2eds/bin/gnu/h-i686-mingw32/bin/../lib/gcc/nios2-elf/4.1.2/../../../../nios2-elf/lib/mno-hw-mul\libsmallc.a(lib_a-strlen.o)
 .comment       0x00000000       0x27 e:/uit/quartus/nios2eds/bin/gnu/h-i686-mingw32/bin/../lib/gcc/nios2-elf/4.1.2/../../../../nios2-elf/lib/mno-hw-mul\libsmallc.a(lib_a-vfprintf.o)
 .comment       0x00000000       0x27 e:/uit/quartus/nios2eds/bin/gnu/h-i686-mingw32/bin/../lib/gcc/nios2-elf/4.1.2/../../../../nios2-elf/lib/mno-hw-mul\libsmallc.a(lib_a-fvwrite_small_dev.o)
 .comment       0x00000000       0x27 e:/uit/quartus/nios2eds/bin/gnu/h-i686-mingw32/bin/../lib/gcc/nios2-elf/4.1.2/../../../../nios2-elf/lib/mno-hw-mul\libsmallc.a(lib_a-impure.o)
 .comment       0x00000000       0x27 e:/uit/quartus/nios2eds/bin/gnu/h-i686-mingw32/bin/../lib/gcc/nios2-elf/4.1.2/../../../../nios2-elf/lib/mno-hw-mul\libsmallc.a(lib_a-writer.o)
 .comment       0x00000000       0x27 e:/uit/quartus/nios2eds/bin/gnu/h-i686-mingw32/bin/../lib/gcc/nios2-elf/4.1.2/../../../../nios2-elf/lib/mno-hw-mul\libsmallc.a(lib_a-int_errno.o)
 .comment       0x00000000       0x27 e:/uit/quartus/nios2eds/bin/gnu/h-i686-mingw32/bin/../lib/gcc/nios2-elf/4.1.2/mno-hw-mul\libgcc.a(lib2-divmod.o)
 .comment       0x00000000       0x27 e:/uit/quartus/nios2eds/bin/gnu/h-i686-mingw32/bin/../lib/gcc/nios2-elf/4.1.2/mno-hw-mul\libgcc.a(lib2-mul.o)
 .comment       0x00000000       0x27 ../Bai8_bsp/\libhal_bsp.a(alt_iic.o)
 .comment       0x00000000       0x27 ../Bai8_bsp/\libhal_bsp.a(alt_iic_isr_register.o)
 .comment       0x00000000       0x27 ../Bai8_bsp/\libhal_bsp.a(alt_irq_handler.o)
 .comment       0x00000000       0x27 ../Bai8_bsp/\libhal_bsp.a(alt_irq_vars.o)
 .comment       0x00000000       0x27 ../Bai8_bsp/\libhal_bsp.a(alt_load.o)
 .comment       0x00000000       0x27 ../Bai8_bsp/\libhal_bsp.a(alt_main.o)
 .comment       0x00000000       0x27 ../Bai8_bsp/\libhal_bsp.a(alt_usleep.o)
 .comment       0x00000000       0x27 ../Bai8_bsp/\libhal_bsp.a(alt_write.o)
 .comment       0x00000000       0x27 ../Bai8_bsp/\libhal_bsp.a(alt_sys_init.o)
 .comment       0x00000000       0x27 ../Bai8_bsp/\libhal_bsp.a(altera_avalon_dma.o)
 .comment       0x00000000       0x27 ../Bai8_bsp/\libhal_bsp.a(altera_avalon_jtag_uart_fd.o)
 .comment       0x00000000       0x27 ../Bai8_bsp/\libhal_bsp.a(altera_avalon_jtag_uart_read.o)
 .comment       0x00000000       0x27 ../Bai8_bsp/\libhal_bsp.a(altera_avalon_jtag_uart_write.o)
 .comment       0x00000000       0x27 ../Bai8_bsp/\libhal_bsp.a(alt_busy_sleep.o)
 .comment       0x00000000       0x27 ../Bai8_bsp/\libhal_bsp.a(alt_close.o)
 .comment       0x00000000       0x27 ../Bai8_bsp/\libhal_bsp.a(alt_dcache_flush_all.o)
 .comment       0x00000000       0x27 ../Bai8_bsp/\libhal_bsp.a(alt_dev.o)
 .comment       0x00000000       0x27 ../Bai8_bsp/\libhal_bsp.a(alt_dev_llist_insert.o)
 .comment       0x00000000       0x27 ../Bai8_bsp/\libhal_bsp.a(alt_dma_rxchan_open.o)
 .comment       0x00000000       0x27 ../Bai8_bsp/\libhal_bsp.a(alt_dma_txchan_open.o)
 .comment       0x00000000       0x27 ../Bai8_bsp/\libhal_bsp.a(alt_do_ctors.o)
 .comment       0x00000000       0x27 ../Bai8_bsp/\libhal_bsp.a(alt_do_dtors.o)
 .comment       0x00000000       0x27 ../Bai8_bsp/\libhal_bsp.a(alt_errno.o)
 .comment       0x00000000       0x27 ../Bai8_bsp/\libhal_bsp.a(alt_find_dev.o)
 .comment       0x00000000       0x27 ../Bai8_bsp/\libhal_bsp.a(alt_icache_flush_all.o)
 .comment       0x00000000       0x27 ../Bai8_bsp/\libhal_bsp.a(alt_io_redirect.o)
 .comment       0x00000000       0x27 ../Bai8_bsp/\libhal_bsp.a(alt_open.o)
 .comment       0x00000000       0x27 ../Bai8_bsp/\libhal_bsp.a(alt_release_fd.o)
 .comment       0x00000000       0x27 ../Bai8_bsp/\libhal_bsp.a(altera_nios2_qsys_irq.o)
 .comment       0x00000000       0x27 ../Bai8_bsp/\libhal_bsp.a(alt_find_file.o)
 .comment       0x00000000       0x27 ../Bai8_bsp/\libhal_bsp.a(alt_get_fd.o)
 .comment       0x00000000       0x27 e:/uit/quartus/nios2eds/bin/gnu/h-i686-mingw32/bin/../lib/gcc/nios2-elf/4.1.2/../../../../nios2-elf/lib/mno-hw-mul\libsmallc.a(lib_a-atexit.o)
 .comment       0x00000000       0x27 e:/uit/quartus/nios2eds/bin/gnu/h-i686-mingw32/bin/../lib/gcc/nios2-elf/4.1.2/../../../../nios2-elf/lib/mno-hw-mul\libsmallc.a(lib_a-exit.o)
 .comment       0x00000000       0x27 e:/uit/quartus/nios2eds/bin/gnu/h-i686-mingw32/bin/../lib/gcc/nios2-elf/4.1.2/../../../../nios2-elf/lib/mno-hw-mul\libsmallc.a(lib_a-memcmp.o)
 .comment       0x00000000       0x27 e:/uit/quartus/nios2eds/bin/gnu/h-i686-mingw32/bin/../lib/gcc/nios2-elf/4.1.2/../../../../nios2-elf/lib/mno-hw-mul\libsmallc.a(lib_a-__atexit.o)
 .comment       0x00000000       0x27 e:/uit/quartus/nios2eds/bin/gnu/h-i686-mingw32/bin/../lib/gcc/nios2-elf/4.1.2/../../../../nios2-elf/lib/mno-hw-mul\libsmallc.a(lib_a-__call_atexit.o)
 .comment       0x00000000       0x27 ../Bai8_bsp/\libhal_bsp.a(alt_exit.o)

.debug
 *(.debug)

.line
 *(.line)

.debug_srcinfo
 *(.debug_srcinfo)

.debug_sfnames
 *(.debug_sfnames)

.debug_aranges  0x00000000      0x618
 *(.debug_aranges)
 .debug_aranges
                0x00000000       0x28 ../Bai8_bsp//obj/HAL/src/crt0.o
 .debug_aranges
                0x00000028       0x20 obj/default/source.o
 .debug_aranges
                0x00000048       0x20 e:/uit/quartus/nios2eds/bin/gnu/h-i686-mingw32/bin/../lib/gcc/nios2-elf/4.1.2/../../../../nios2-elf/lib/mno-hw-mul\libsmallc.a(lib_a-printf.o)
 .debug_aranges
                0x00000068       0x20 e:/uit/quartus/nios2eds/bin/gnu/h-i686-mingw32/bin/../lib/gcc/nios2-elf/4.1.2/../../../../nios2-elf/lib/mno-hw-mul\libsmallc.a(lib_a-puts.o)
 .debug_aranges
                0x00000088       0x20 e:/uit/quartus/nios2eds/bin/gnu/h-i686-mingw32/bin/../lib/gcc/nios2-elf/4.1.2/../../../../nios2-elf/lib/mno-hw-mul\libsmallc.a(lib_a-strlen.o)
 .debug_aranges
                0x000000a8       0x20 e:/uit/quartus/nios2eds/bin/gnu/h-i686-mingw32/bin/../lib/gcc/nios2-elf/4.1.2/../../../../nios2-elf/lib/mno-hw-mul\libsmallc.a(lib_a-vfprintf.o)
 .debug_aranges
                0x000000c8       0x20 e:/uit/quartus/nios2eds/bin/gnu/h-i686-mingw32/bin/../lib/gcc/nios2-elf/4.1.2/../../../../nios2-elf/lib/mno-hw-mul\libsmallc.a(lib_a-fvwrite_small_dev.o)
 .debug_aranges
                0x000000e8       0x20 e:/uit/quartus/nios2eds/bin/gnu/h-i686-mingw32/bin/../lib/gcc/nios2-elf/4.1.2/../../../../nios2-elf/lib/mno-hw-mul\libsmallc.a(lib_a-writer.o)
 .debug_aranges
                0x00000108       0x20 e:/uit/quartus/nios2eds/bin/gnu/h-i686-mingw32/bin/../lib/gcc/nios2-elf/4.1.2/mno-hw-mul\libgcc.a(lib2-divmod.o)
 .debug_aranges
                0x00000128       0x20 e:/uit/quartus/nios2eds/bin/gnu/h-i686-mingw32/bin/../lib/gcc/nios2-elf/4.1.2/mno-hw-mul\libgcc.a(lib2-mul.o)
 .debug_aranges
                0x00000148       0x20 ../Bai8_bsp/\libhal_bsp.a(alt_iic.o)
 .debug_aranges
                0x00000168       0x20 ../Bai8_bsp/\libhal_bsp.a(alt_iic_isr_register.o)
 .debug_aranges
                0x00000188       0x30 ../Bai8_bsp/\libhal_bsp.a(alt_irq_entry.o)
 .debug_aranges
                0x000001b8       0x28 ../Bai8_bsp/\libhal_bsp.a(alt_irq_handler.o)
 .debug_aranges
                0x000001e0       0x20 ../Bai8_bsp/\libhal_bsp.a(alt_load.o)
 .debug_aranges
                0x00000200       0x20 ../Bai8_bsp/\libhal_bsp.a(alt_main.o)
 .debug_aranges
                0x00000220       0x20 ../Bai8_bsp/\libhal_bsp.a(alt_usleep.o)
 .debug_aranges
                0x00000240       0x20 ../Bai8_bsp/\libhal_bsp.a(alt_write.o)
 .debug_aranges
                0x00000260       0x20 ../Bai8_bsp/\libhal_bsp.a(alt_sys_init.o)
 .debug_aranges
                0x00000280       0x20 ../Bai8_bsp/\libhal_bsp.a(altera_avalon_dma.o)
 .debug_aranges
                0x000002a0       0x20 ../Bai8_bsp/\libhal_bsp.a(altera_avalon_jtag_uart_fd.o)
 .debug_aranges
                0x000002c0       0x20 ../Bai8_bsp/\libhal_bsp.a(altera_avalon_jtag_uart_read.o)
 .debug_aranges
                0x000002e0       0x20 ../Bai8_bsp/\libhal_bsp.a(altera_avalon_jtag_uart_write.o)
 .debug_aranges
                0x00000300       0x20 ../Bai8_bsp/\libhal_bsp.a(alt_busy_sleep.o)
 .debug_aranges
                0x00000320       0x20 ../Bai8_bsp/\libhal_bsp.a(alt_close.o)
 .debug_aranges
                0x00000340       0x20 ../Bai8_bsp/\libhal_bsp.a(alt_dcache_flush_all.o)
 .debug_aranges
                0x00000360       0x20 ../Bai8_bsp/\libhal_bsp.a(alt_dev.o)
 .debug_aranges
                0x00000380       0x20 ../Bai8_bsp/\libhal_bsp.a(alt_dev_llist_insert.o)
 .debug_aranges
                0x000003a0       0x20 ../Bai8_bsp/\libhal_bsp.a(alt_dma_rxchan_open.o)
 .debug_aranges
                0x000003c0       0x20 ../Bai8_bsp/\libhal_bsp.a(alt_dma_txchan_open.o)
 .debug_aranges
                0x000003e0       0x20 ../Bai8_bsp/\libhal_bsp.a(alt_do_ctors.o)
 .debug_aranges
                0x00000400       0x20 ../Bai8_bsp/\libhal_bsp.a(alt_do_dtors.o)
 .debug_aranges
                0x00000420       0x38 ../Bai8_bsp/\libhal_bsp.a(alt_exception_entry.o)
 .debug_aranges
                0x00000458       0x20 ../Bai8_bsp/\libhal_bsp.a(alt_find_dev.o)
 .debug_aranges
                0x00000478       0x20 ../Bai8_bsp/\libhal_bsp.a(alt_icache_flush_all.o)
 .debug_aranges
                0x00000498       0x20 ../Bai8_bsp/\libhal_bsp.a(alt_io_redirect.o)
 .debug_aranges
                0x000004b8       0x20 ../Bai8_bsp/\libhal_bsp.a(alt_open.o)
 .debug_aranges
                0x000004d8       0x20 ../Bai8_bsp/\libhal_bsp.a(alt_release_fd.o)
 .debug_aranges
                0x000004f8       0x20 ../Bai8_bsp/\libhal_bsp.a(altera_nios2_qsys_irq.o)
 .debug_aranges
                0x00000518       0x20 ../Bai8_bsp/\libhal_bsp.a(alt_find_file.o)
 .debug_aranges
                0x00000538       0x20 ../Bai8_bsp/\libhal_bsp.a(alt_get_fd.o)
 .debug_aranges
                0x00000558       0x20 e:/uit/quartus/nios2eds/bin/gnu/h-i686-mingw32/bin/../lib/gcc/nios2-elf/4.1.2/../../../../nios2-elf/lib/mno-hw-mul\libsmallc.a(lib_a-atexit.o)
 .debug_aranges
                0x00000578       0x20 e:/uit/quartus/nios2eds/bin/gnu/h-i686-mingw32/bin/../lib/gcc/nios2-elf/4.1.2/../../../../nios2-elf/lib/mno-hw-mul\libsmallc.a(lib_a-exit.o)
 .debug_aranges
                0x00000598       0x20 e:/uit/quartus/nios2eds/bin/gnu/h-i686-mingw32/bin/../lib/gcc/nios2-elf/4.1.2/../../../../nios2-elf/lib/mno-hw-mul\libsmallc.a(lib_a-memcmp.o)
 .debug_aranges
                0x000005b8       0x20 e:/uit/quartus/nios2eds/bin/gnu/h-i686-mingw32/bin/../lib/gcc/nios2-elf/4.1.2/../../../../nios2-elf/lib/mno-hw-mul\libsmallc.a(lib_a-__atexit.o)
 .debug_aranges
                0x000005d8       0x20 e:/uit/quartus/nios2eds/bin/gnu/h-i686-mingw32/bin/../lib/gcc/nios2-elf/4.1.2/../../../../nios2-elf/lib/mno-hw-mul\libsmallc.a(lib_a-__call_atexit.o)
 .debug_aranges
                0x000005f8       0x20 ../Bai8_bsp/\libhal_bsp.a(alt_exit.o)

.debug_pubnames
                0x00000000      0x94b
 *(.debug_pubnames)
 .debug_pubnames
                0x00000000       0x52 obj/default/source.o
 .debug_pubnames
                0x00000052       0x2b e:/uit/quartus/nios2eds/bin/gnu/h-i686-mingw32/bin/../lib/gcc/nios2-elf/4.1.2/../../../../nios2-elf/lib/mno-hw-mul\libsmallc.a(lib_a-printf.o)
 .debug_pubnames
                0x0000007d       0x27 e:/uit/quartus/nios2eds/bin/gnu/h-i686-mingw32/bin/../lib/gcc/nios2-elf/4.1.2/../../../../nios2-elf/lib/mno-hw-mul\libsmallc.a(lib_a-puts.o)
 .debug_pubnames
                0x000000a4       0x1d e:/uit/quartus/nios2eds/bin/gnu/h-i686-mingw32/bin/../lib/gcc/nios2-elf/4.1.2/../../../../nios2-elf/lib/mno-hw-mul\libsmallc.a(lib_a-strlen.o)
 .debug_pubnames
                0x000000c1       0x45 e:/uit/quartus/nios2eds/bin/gnu/h-i686-mingw32/bin/../lib/gcc/nios2-elf/4.1.2/../../../../nios2-elf/lib/mno-hw-mul\libsmallc.a(lib_a-vfprintf.o)
 .debug_pubnames
                0x00000106       0x2b e:/uit/quartus/nios2eds/bin/gnu/h-i686-mingw32/bin/../lib/gcc/nios2-elf/4.1.2/../../../../nios2-elf/lib/mno-hw-mul\libsmallc.a(lib_a-fvwrite_small_dev.o)
 .debug_pubnames
                0x00000131       0x39 e:/uit/quartus/nios2eds/bin/gnu/h-i686-mingw32/bin/../lib/gcc/nios2-elf/4.1.2/../../../../nios2-elf/lib/mno-hw-mul\libsmallc.a(lib_a-impure.o)
 .debug_pubnames
                0x0000016a       0x1f e:/uit/quartus/nios2eds/bin/gnu/h-i686-mingw32/bin/../lib/gcc/nios2-elf/4.1.2/../../../../nios2-elf/lib/mno-hw-mul\libsmallc.a(lib_a-writer.o)
 .debug_pubnames
                0x00000189       0x1c e:/uit/quartus/nios2eds/bin/gnu/h-i686-mingw32/bin/../lib/gcc/nios2-elf/4.1.2/../../../../nios2-elf/lib/mno-hw-mul\libsmallc.a(lib_a-int_errno.o)
 .debug_pubnames
                0x000001a5       0x48 e:/uit/quartus/nios2eds/bin/gnu/h-i686-mingw32/bin/../lib/gcc/nios2-elf/4.1.2/mno-hw-mul\libgcc.a(lib2-divmod.o)
 .debug_pubnames
                0x000001ed       0x1f e:/uit/quartus/nios2eds/bin/gnu/h-i686-mingw32/bin/../lib/gcc/nios2-elf/4.1.2/mno-hw-mul\libgcc.a(lib2-mul.o)
 .debug_pubnames
                0x0000020c       0x6e ../Bai8_bsp/\libhal_bsp.a(alt_iic.o)
 .debug_pubnames
                0x0000027a       0x2b ../Bai8_bsp/\libhal_bsp.a(alt_iic_isr_register.o)
 .debug_pubnames
                0x000002a5       0x32 ../Bai8_bsp/\libhal_bsp.a(alt_irq_handler.o)
 .debug_pubnames
                0x000002d7       0x3b ../Bai8_bsp/\libhal_bsp.a(alt_irq_vars.o)
 .debug_pubnames
                0x00000312       0x1f ../Bai8_bsp/\libhal_bsp.a(alt_load.o)
 .debug_pubnames
                0x00000331       0x46 ../Bai8_bsp/\libhal_bsp.a(alt_main.o)
 .debug_pubnames
                0x00000377       0x1d ../Bai8_bsp/\libhal_bsp.a(alt_usleep.o)
 .debug_pubnames
                0x00000394       0x1c ../Bai8_bsp/\libhal_bsp.a(alt_write.o)
 .debug_pubnames
                0x000003b0       0x34 ../Bai8_bsp/\libhal_bsp.a(alt_sys_init.o)
 .debug_pubnames
                0x000003e4       0xce ../Bai8_bsp/\libhal_bsp.a(altera_avalon_dma.o)
 .debug_pubnames
                0x000004b2       0x5b ../Bai8_bsp/\libhal_bsp.a(altera_avalon_jtag_uart_fd.o)
 .debug_pubnames
                0x0000050d       0x33 ../Bai8_bsp/\libhal_bsp.a(altera_avalon_jtag_uart_read.o)
 .debug_pubnames
                0x00000540       0x34 ../Bai8_bsp/\libhal_bsp.a(altera_avalon_jtag_uart_write.o)
 .debug_pubnames
                0x00000574       0x25 ../Bai8_bsp/\libhal_bsp.a(alt_busy_sleep.o)
 .debug_pubnames
                0x00000599       0x1c ../Bai8_bsp/\libhal_bsp.a(alt_close.o)
 .debug_pubnames
                0x000005b5       0x2b ../Bai8_bsp/\libhal_bsp.a(alt_dcache_flush_all.o)
 .debug_pubnames
                0x000005e0       0x63 ../Bai8_bsp/\libhal_bsp.a(alt_dev.o)
 .debug_pubnames
                0x00000643       0x2b ../Bai8_bsp/\libhal_bsp.a(alt_dev_llist_insert.o)
 .debug_pubnames
                0x0000066e       0x42 ../Bai8_bsp/\libhal_bsp.a(alt_dma_rxchan_open.o)
 .debug_pubnames
                0x000006b0       0x42 ../Bai8_bsp/\libhal_bsp.a(alt_dma_txchan_open.o)
 .debug_pubnames
                0x000006f2       0x20 ../Bai8_bsp/\libhal_bsp.a(alt_do_ctors.o)
 .debug_pubnames
                0x00000712       0x20 ../Bai8_bsp/\libhal_bsp.a(alt_do_dtors.o)
 .debug_pubnames
                0x00000732       0x20 ../Bai8_bsp/\libhal_bsp.a(alt_errno.o)
 .debug_pubnames
                0x00000752       0x23 ../Bai8_bsp/\libhal_bsp.a(alt_find_dev.o)
 .debug_pubnames
                0x00000775       0x2b ../Bai8_bsp/\libhal_bsp.a(alt_icache_flush_all.o)
 .debug_pubnames
                0x000007a0       0x26 ../Bai8_bsp/\libhal_bsp.a(alt_io_redirect.o)
 .debug_pubnames
                0x000007c6       0x1b ../Bai8_bsp/\libhal_bsp.a(alt_open.o)
 .debug_pubnames
                0x000007e1       0x25 ../Bai8_bsp/\libhal_bsp.a(alt_release_fd.o)
 .debug_pubnames
                0x00000806       0x31 ../Bai8_bsp/\libhal_bsp.a(altera_nios2_qsys_irq.o)
 .debug_pubnames
                0x00000837       0x24 ../Bai8_bsp/\libhal_bsp.a(alt_find_file.o)
 .debug_pubnames
                0x0000085b       0x21 ../Bai8_bsp/\libhal_bsp.a(alt_get_fd.o)
 .debug_pubnames
                0x0000087c       0x2a e:/uit/quartus/nios2eds/bin/gnu/h-i686-mingw32/bin/../lib/gcc/nios2-elf/4.1.2/../../../../nios2-elf/lib/mno-hw-mul\libsmallc.a(lib_a-atexit.o)
 .debug_pubnames
                0x000008a6       0x1b e:/uit/quartus/nios2eds/bin/gnu/h-i686-mingw32/bin/../lib/gcc/nios2-elf/4.1.2/../../../../nios2-elf/lib/mno-hw-mul\libsmallc.a(lib_a-exit.o)
 .debug_pubnames
                0x000008c1       0x1d e:/uit/quartus/nios2eds/bin/gnu/h-i686-mingw32/bin/../lib/gcc/nios2-elf/4.1.2/../../../../nios2-elf/lib/mno-hw-mul\libsmallc.a(lib_a-memcmp.o)
 .debug_pubnames
                0x000008de       0x2a e:/uit/quartus/nios2eds/bin/gnu/h-i686-mingw32/bin/../lib/gcc/nios2-elf/4.1.2/../../../../nios2-elf/lib/mno-hw-mul\libsmallc.a(lib_a-__atexit.o)
 .debug_pubnames
                0x00000908       0x27 e:/uit/quartus/nios2eds/bin/gnu/h-i686-mingw32/bin/../lib/gcc/nios2-elf/4.1.2/../../../../nios2-elf/lib/mno-hw-mul\libsmallc.a(lib_a-__call_atexit.o)
 .debug_pubnames
                0x0000092f       0x1c ../Bai8_bsp/\libhal_bsp.a(alt_exit.o)

.debug_info     0x00000000     0xb653
 *(.debug_info .gnu.linkonce.wi.*)
 .debug_info    0x00000000       0x5a ../Bai8_bsp//obj/HAL/src/crt0.o
 .debug_info    0x0000005a      0x1b8 obj/default/source.o
 .debug_info    0x00000212      0x6c8 e:/uit/quartus/nios2eds/bin/gnu/h-i686-mingw32/bin/../lib/gcc/nios2-elf/4.1.2/../../../../nios2-elf/lib/mno-hw-mul\libsmallc.a(lib_a-printf.o)
 .debug_info    0x000008da      0x685 e:/uit/quartus/nios2eds/bin/gnu/h-i686-mingw32/bin/../lib/gcc/nios2-elf/4.1.2/../../../../nios2-elf/lib/mno-hw-mul\libsmallc.a(lib_a-puts.o)
 .debug_info    0x00000f5f       0xc2 e:/uit/quartus/nios2eds/bin/gnu/h-i686-mingw32/bin/../lib/gcc/nios2-elf/4.1.2/../../../../nios2-elf/lib/mno-hw-mul\libsmallc.a(lib_a-strlen.o)
 .debug_info    0x00001021      0x9b6 e:/uit/quartus/nios2eds/bin/gnu/h-i686-mingw32/bin/../lib/gcc/nios2-elf/4.1.2/../../../../nios2-elf/lib/mno-hw-mul\libsmallc.a(lib_a-vfprintf.o)
 .debug_info    0x000019d7      0x68e e:/uit/quartus/nios2eds/bin/gnu/h-i686-mingw32/bin/../lib/gcc/nios2-elf/4.1.2/../../../../nios2-elf/lib/mno-hw-mul\libsmallc.a(lib_a-fvwrite_small_dev.o)
 .debug_info    0x00002065      0x636 e:/uit/quartus/nios2eds/bin/gnu/h-i686-mingw32/bin/../lib/gcc/nios2-elf/4.1.2/../../../../nios2-elf/lib/mno-hw-mul\libsmallc.a(lib_a-impure.o)
 .debug_info    0x0000269b      0x68c e:/uit/quartus/nios2eds/bin/gnu/h-i686-mingw32/bin/../lib/gcc/nios2-elf/4.1.2/../../../../nios2-elf/lib/mno-hw-mul\libsmallc.a(lib_a-writer.o)
 .debug_info    0x00002d27       0x8c e:/uit/quartus/nios2eds/bin/gnu/h-i686-mingw32/bin/../lib/gcc/nios2-elf/4.1.2/../../../../nios2-elf/lib/mno-hw-mul\libsmallc.a(lib_a-int_errno.o)
 .debug_info    0x00002db3      0x21c e:/uit/quartus/nios2eds/bin/gnu/h-i686-mingw32/bin/../lib/gcc/nios2-elf/4.1.2/mno-hw-mul\libgcc.a(lib2-divmod.o)
 .debug_info    0x00002fcf       0xf3 e:/uit/quartus/nios2eds/bin/gnu/h-i686-mingw32/bin/../lib/gcc/nios2-elf/4.1.2/mno-hw-mul\libgcc.a(lib2-mul.o)
 .debug_info    0x000030c2      0x472 ../Bai8_bsp/\libhal_bsp.a(alt_iic.o)
 .debug_info    0x00003534      0x2f3 ../Bai8_bsp/\libhal_bsp.a(alt_iic_isr_register.o)
 .debug_info    0x00003827       0x63 ../Bai8_bsp/\libhal_bsp.a(alt_irq_entry.o)
 .debug_info    0x0000388a      0x254 ../Bai8_bsp/\libhal_bsp.a(alt_irq_handler.o)
 .debug_info    0x00003ade      0x146 ../Bai8_bsp/\libhal_bsp.a(alt_irq_vars.o)
 .debug_info    0x00003c24      0x26c ../Bai8_bsp/\libhal_bsp.a(alt_load.o)
 .debug_info    0x00003e90      0x204 ../Bai8_bsp/\libhal_bsp.a(alt_main.o)
 .debug_info    0x00004094      0x147 ../Bai8_bsp/\libhal_bsp.a(alt_usleep.o)
 .debug_info    0x000041db      0x672 ../Bai8_bsp/\libhal_bsp.a(alt_write.o)
 .debug_info    0x0000484d      0xa9f ../Bai8_bsp/\libhal_bsp.a(alt_sys_init.o)
 .debug_info    0x000052ec      0xd84 ../Bai8_bsp/\libhal_bsp.a(altera_avalon_dma.o)
 .debug_info    0x00006070      0x598 ../Bai8_bsp/\libhal_bsp.a(altera_avalon_jtag_uart_fd.o)
 .debug_info    0x00006608      0x2e8 ../Bai8_bsp/\libhal_bsp.a(altera_avalon_jtag_uart_read.o)
 .debug_info    0x000068f0      0x2c5 ../Bai8_bsp/\libhal_bsp.a(altera_avalon_jtag_uart_write.o)
 .debug_info    0x00006bb5      0x18a ../Bai8_bsp/\libhal_bsp.a(alt_busy_sleep.o)
 .debug_info    0x00006d3f      0x446 ../Bai8_bsp/\libhal_bsp.a(alt_close.o)
 .debug_info    0x00007185      0x13b ../Bai8_bsp/\libhal_bsp.a(alt_dcache_flush_all.o)
 .debug_info    0x000072c0      0x65e ../Bai8_bsp/\libhal_bsp.a(alt_dev.o)
 .debug_info    0x0000791e      0x296 ../Bai8_bsp/\libhal_bsp.a(alt_dev_llist_insert.o)
 .debug_info    0x00007bb4      0x390 ../Bai8_bsp/\libhal_bsp.a(alt_dma_rxchan_open.o)
 .debug_info    0x00007f44      0x3aa ../Bai8_bsp/\libhal_bsp.a(alt_dma_txchan_open.o)
 .debug_info    0x000082ee       0xee ../Bai8_bsp/\libhal_bsp.a(alt_do_ctors.o)
 .debug_info    0x000083dc       0xed ../Bai8_bsp/\libhal_bsp.a(alt_do_dtors.o)
 .debug_info    0x000084c9      0x143 ../Bai8_bsp/\libhal_bsp.a(alt_errno.o)
 .debug_info    0x0000860c       0x69 ../Bai8_bsp/\libhal_bsp.a(alt_exception_entry.o)
 .debug_info    0x00008675      0x3f7 ../Bai8_bsp/\libhal_bsp.a(alt_find_dev.o)
 .debug_info    0x00008a6c      0x13b ../Bai8_bsp/\libhal_bsp.a(alt_icache_flush_all.o)
 .debug_info    0x00008ba7      0x674 ../Bai8_bsp/\libhal_bsp.a(alt_io_redirect.o)
 .debug_info    0x0000921b      0x504 ../Bai8_bsp/\libhal_bsp.a(alt_open.o)
 .debug_info    0x0000971f      0x3d1 ../Bai8_bsp/\libhal_bsp.a(alt_release_fd.o)
 .debug_info    0x00009af0      0x142 ../Bai8_bsp/\libhal_bsp.a(altera_nios2_qsys_irq.o)
 .debug_info    0x00009c32      0x3fe ../Bai8_bsp/\libhal_bsp.a(alt_find_file.o)
 .debug_info    0x0000a030      0x43f ../Bai8_bsp/\libhal_bsp.a(alt_get_fd.o)
 .debug_info    0x0000a46f      0x186 e:/uit/quartus/nios2eds/bin/gnu/h-i686-mingw32/bin/../lib/gcc/nios2-elf/4.1.2/../../../../nios2-elf/lib/mno-hw-mul\libsmallc.a(lib_a-atexit.o)
 .debug_info    0x0000a5f5       0x9f e:/uit/quartus/nios2eds/bin/gnu/h-i686-mingw32/bin/../lib/gcc/nios2-elf/4.1.2/../../../../nios2-elf/lib/mno-hw-mul\libsmallc.a(lib_a-exit.o)
 .debug_info    0x0000a694       0xef e:/uit/quartus/nios2eds/bin/gnu/h-i686-mingw32/bin/../lib/gcc/nios2-elf/4.1.2/../../../../nios2-elf/lib/mno-hw-mul\libsmallc.a(lib_a-memcmp.o)
 .debug_info    0x0000a783      0x68f e:/uit/quartus/nios2eds/bin/gnu/h-i686-mingw32/bin/../lib/gcc/nios2-elf/4.1.2/../../../../nios2-elf/lib/mno-hw-mul\libsmallc.a(lib_a-__atexit.o)
 .debug_info    0x0000ae12      0x6d5 e:/uit/quartus/nios2eds/bin/gnu/h-i686-mingw32/bin/../lib/gcc/nios2-elf/4.1.2/../../../../nios2-elf/lib/mno-hw-mul\libsmallc.a(lib_a-__call_atexit.o)
 .debug_info    0x0000b4e7      0x16c ../Bai8_bsp/\libhal_bsp.a(alt_exit.o)

.debug_abbrev   0x00000000     0x2a96
 *(.debug_abbrev)
 .debug_abbrev  0x00000000       0x12 ../Bai8_bsp//obj/HAL/src/crt0.o
 .debug_abbrev  0x00000012       0xbc obj/default/source.o
 .debug_abbrev  0x000000ce      0x179 e:/uit/quartus/nios2eds/bin/gnu/h-i686-mingw32/bin/../lib/gcc/nios2-elf/4.1.2/../../../../nios2-elf/lib/mno-hw-mul\libsmallc.a(lib_a-printf.o)
 .debug_abbrev  0x00000247      0x180 e:/uit/quartus/nios2eds/bin/gnu/h-i686-mingw32/bin/../lib/gcc/nios2-elf/4.1.2/../../../../nios2-elf/lib/mno-hw-mul\libsmallc.a(lib_a-puts.o)
 .debug_abbrev  0x000003c7       0x7a e:/uit/quartus/nios2eds/bin/gnu/h-i686-mingw32/bin/../lib/gcc/nios2-elf/4.1.2/../../../../nios2-elf/lib/mno-hw-mul\libsmallc.a(lib_a-strlen.o)
 .debug_abbrev  0x00000441      0x263 e:/uit/quartus/nios2eds/bin/gnu/h-i686-mingw32/bin/../lib/gcc/nios2-elf/4.1.2/../../../../nios2-elf/lib/mno-hw-mul\libsmallc.a(lib_a-vfprintf.o)
 .debug_abbrev  0x000006a4      0x179 e:/uit/quartus/nios2eds/bin/gnu/h-i686-mingw32/bin/../lib/gcc/nios2-elf/4.1.2/../../../../nios2-elf/lib/mno-hw-mul\libsmallc.a(lib_a-fvwrite_small_dev.o)
 .debug_abbrev  0x0000081d      0x13f e:/uit/quartus/nios2eds/bin/gnu/h-i686-mingw32/bin/../lib/gcc/nios2-elf/4.1.2/../../../../nios2-elf/lib/mno-hw-mul\libsmallc.a(lib_a-impure.o)
 .debug_abbrev  0x0000095c      0x16c e:/uit/quartus/nios2eds/bin/gnu/h-i686-mingw32/bin/../lib/gcc/nios2-elf/4.1.2/../../../../nios2-elf/lib/mno-hw-mul\libsmallc.a(lib_a-writer.o)
 .debug_abbrev  0x00000ac8       0x3b e:/uit/quartus/nios2eds/bin/gnu/h-i686-mingw32/bin/../lib/gcc/nios2-elf/4.1.2/../../../../nios2-elf/lib/mno-hw-mul\libsmallc.a(lib_a-int_errno.o)
 .debug_abbrev  0x00000b03       0xe0 e:/uit/quartus/nios2eds/bin/gnu/h-i686-mingw32/bin/../lib/gcc/nios2-elf/4.1.2/mno-hw-mul\libgcc.a(lib2-divmod.o)
 .debug_abbrev  0x00000be3       0x7b e:/uit/quartus/nios2eds/bin/gnu/h-i686-mingw32/bin/../lib/gcc/nios2-elf/4.1.2/mno-hw-mul\libgcc.a(lib2-mul.o)
 .debug_abbrev  0x00000c5e      0x134 ../Bai8_bsp/\libhal_bsp.a(alt_iic.o)
 .debug_abbrev  0x00000d92      0x14e ../Bai8_bsp/\libhal_bsp.a(alt_iic_isr_register.o)
 .debug_abbrev  0x00000ee0       0x12 ../Bai8_bsp/\libhal_bsp.a(alt_irq_entry.o)
 .debug_abbrev  0x00000ef2      0x10c ../Bai8_bsp/\libhal_bsp.a(alt_irq_handler.o)
 .debug_abbrev  0x00000ffe       0x44 ../Bai8_bsp/\libhal_bsp.a(alt_irq_vars.o)
 .debug_abbrev  0x00001042       0x88 ../Bai8_bsp/\libhal_bsp.a(alt_load.o)
 .debug_abbrev  0x000010ca       0xb7 ../Bai8_bsp/\libhal_bsp.a(alt_main.o)
 .debug_abbrev  0x00001181       0x5d ../Bai8_bsp/\libhal_bsp.a(alt_usleep.o)
 .debug_abbrev  0x000011de      0x100 ../Bai8_bsp/\libhal_bsp.a(alt_write.o)
 .debug_abbrev  0x000012de      0x149 ../Bai8_bsp/\libhal_bsp.a(alt_sys_init.o)
 .debug_abbrev  0x00001427      0x242 ../Bai8_bsp/\libhal_bsp.a(altera_avalon_dma.o)
 .debug_abbrev  0x00001669       0xcb ../Bai8_bsp/\libhal_bsp.a(altera_avalon_jtag_uart_fd.o)
 .debug_abbrev  0x00001734       0xb6 ../Bai8_bsp/\libhal_bsp.a(altera_avalon_jtag_uart_read.o)
 .debug_abbrev  0x000017ea       0xb4 ../Bai8_bsp/\libhal_bsp.a(altera_avalon_jtag_uart_write.o)
 .debug_abbrev  0x0000189e       0x6c ../Bai8_bsp/\libhal_bsp.a(alt_busy_sleep.o)
 .debug_abbrev  0x0000190a       0xfb ../Bai8_bsp/\libhal_bsp.a(alt_close.o)
 .debug_abbrev  0x00001a05       0x3f ../Bai8_bsp/\libhal_bsp.a(alt_dcache_flush_all.o)
 .debug_abbrev  0x00001a44       0xc7 ../Bai8_bsp/\libhal_bsp.a(alt_dev.o)
 .debug_abbrev  0x00001b0b       0xf6 ../Bai8_bsp/\libhal_bsp.a(alt_dev_llist_insert.o)
 .debug_abbrev  0x00001c01       0xfe ../Bai8_bsp/\libhal_bsp.a(alt_dma_rxchan_open.o)
 .debug_abbrev  0x00001cff      0x103 ../Bai8_bsp/\libhal_bsp.a(alt_dma_txchan_open.o)
 .debug_abbrev  0x00001e02       0x76 ../Bai8_bsp/\libhal_bsp.a(alt_do_ctors.o)
 .debug_abbrev  0x00001e78       0x76 ../Bai8_bsp/\libhal_bsp.a(alt_do_dtors.o)
 .debug_abbrev  0x00001eee       0x5e ../Bai8_bsp/\libhal_bsp.a(alt_errno.o)
 .debug_abbrev  0x00001f4c       0x12 ../Bai8_bsp/\libhal_bsp.a(alt_exception_entry.o)
 .debug_abbrev  0x00001f5e       0xcf ../Bai8_bsp/\libhal_bsp.a(alt_find_dev.o)
 .debug_abbrev  0x0000202d       0x3f ../Bai8_bsp/\libhal_bsp.a(alt_icache_flush_all.o)
 .debug_abbrev  0x0000206c       0xf0 ../Bai8_bsp/\libhal_bsp.a(alt_io_redirect.o)
 .debug_abbrev  0x0000215c      0x112 ../Bai8_bsp/\libhal_bsp.a(alt_open.o)
 .debug_abbrev  0x0000226e       0xc1 ../Bai8_bsp/\libhal_bsp.a(alt_release_fd.o)
 .debug_abbrev  0x0000232f       0x3f ../Bai8_bsp/\libhal_bsp.a(altera_nios2_qsys_irq.o)
 .debug_abbrev  0x0000236e       0xcf ../Bai8_bsp/\libhal_bsp.a(alt_find_file.o)
 .debug_abbrev  0x0000243d       0xfb ../Bai8_bsp/\libhal_bsp.a(alt_get_fd.o)
 .debug_abbrev  0x00002538       0xc6 e:/uit/quartus/nios2eds/bin/gnu/h-i686-mingw32/bin/../lib/gcc/nios2-elf/4.1.2/../../../../nios2-elf/lib/mno-hw-mul\libsmallc.a(lib_a-atexit.o)
 .debug_abbrev  0x000025fe       0x4e e:/uit/quartus/nios2eds/bin/gnu/h-i686-mingw32/bin/../lib/gcc/nios2-elf/4.1.2/../../../../nios2-elf/lib/mno-hw-mul\libsmallc.a(lib_a-exit.o)
 .debug_abbrev  0x0000264c       0x7c e:/uit/quartus/nios2eds/bin/gnu/h-i686-mingw32/bin/../lib/gcc/nios2-elf/4.1.2/../../../../nios2-elf/lib/mno-hw-mul\libsmallc.a(lib_a-memcmp.o)
 .debug_abbrev  0x000026c8      0x196 e:/uit/quartus/nios2eds/bin/gnu/h-i686-mingw32/bin/../lib/gcc/nios2-elf/4.1.2/../../../../nios2-elf/lib/mno-hw-mul\libsmallc.a(lib_a-__atexit.o)
 .debug_abbrev  0x0000285e      0x1c6 e:/uit/quartus/nios2eds/bin/gnu/h-i686-mingw32/bin/../lib/gcc/nios2-elf/4.1.2/../../../../nios2-elf/lib/mno-hw-mul\libsmallc.a(lib_a-__call_atexit.o)
 .debug_abbrev  0x00002a24       0x72 ../Bai8_bsp/\libhal_bsp.a(alt_exit.o)

.debug_line     0x00000000     0x7622
 *(.debug_line)
 .debug_line    0x00000000       0x66 ../Bai8_bsp//obj/HAL/src/crt0.o
 .debug_line    0x00000066      0x277 obj/default/source.o
 .debug_line    0x000002dd      0x2be e:/uit/quartus/nios2eds/bin/gnu/h-i686-mingw32/bin/../lib/gcc/nios2-elf/4.1.2/../../../../nios2-elf/lib/mno-hw-mul\libsmallc.a(lib_a-printf.o)
 .debug_line    0x0000059b      0x2b2 e:/uit/quartus/nios2eds/bin/gnu/h-i686-mingw32/bin/../lib/gcc/nios2-elf/4.1.2/../../../../nios2-elf/lib/mno-hw-mul\libsmallc.a(lib_a-puts.o)
 .debug_line    0x0000084d      0x250 e:/uit/quartus/nios2eds/bin/gnu/h-i686-mingw32/bin/../lib/gcc/nios2-elf/4.1.2/../../../../nios2-elf/lib/mno-hw-mul\libsmallc.a(lib_a-strlen.o)
 .debug_line    0x00000a9d      0x666 e:/uit/quartus/nios2eds/bin/gnu/h-i686-mingw32/bin/../lib/gcc/nios2-elf/4.1.2/../../../../nios2-elf/lib/mno-hw-mul\libsmallc.a(lib_a-vfprintf.o)
 .debug_line    0x00001103      0x2a9 e:/uit/quartus/nios2eds/bin/gnu/h-i686-mingw32/bin/../lib/gcc/nios2-elf/4.1.2/../../../../nios2-elf/lib/mno-hw-mul\libsmallc.a(lib_a-fvwrite_small_dev.o)
 .debug_line    0x000013ac      0x230 e:/uit/quartus/nios2eds/bin/gnu/h-i686-mingw32/bin/../lib/gcc/nios2-elf/4.1.2/../../../../nios2-elf/lib/mno-hw-mul\libsmallc.a(lib_a-impure.o)
 .debug_line    0x000015dc      0x29d e:/uit/quartus/nios2eds/bin/gnu/h-i686-mingw32/bin/../lib/gcc/nios2-elf/4.1.2/../../../../nios2-elf/lib/mno-hw-mul\libsmallc.a(lib_a-writer.o)
 .debug_line    0x00001879      0x1e2 e:/uit/quartus/nios2eds/bin/gnu/h-i686-mingw32/bin/../lib/gcc/nios2-elf/4.1.2/../../../../nios2-elf/lib/mno-hw-mul\libsmallc.a(lib_a-int_errno.o)
 .debug_line    0x00001a5b      0x24f e:/uit/quartus/nios2eds/bin/gnu/h-i686-mingw32/bin/../lib/gcc/nios2-elf/4.1.2/mno-hw-mul\libgcc.a(lib2-divmod.o)
 .debug_line    0x00001caa      0x11a e:/uit/quartus/nios2eds/bin/gnu/h-i686-mingw32/bin/../lib/gcc/nios2-elf/4.1.2/mno-hw-mul\libgcc.a(lib2-mul.o)
 .debug_line    0x00001dc4      0x2c2 ../Bai8_bsp/\libhal_bsp.a(alt_iic.o)
 .debug_line    0x00002086      0x243 ../Bai8_bsp/\libhal_bsp.a(alt_iic_isr_register.o)
 .debug_line    0x000022c9       0x6b ../Bai8_bsp/\libhal_bsp.a(alt_irq_entry.o)
 .debug_line    0x00002334      0x242 ../Bai8_bsp/\libhal_bsp.a(alt_irq_handler.o)
 .debug_line    0x00002576       0x72 ../Bai8_bsp/\libhal_bsp.a(alt_irq_vars.o)
 .debug_line    0x000025e8      0x211 ../Bai8_bsp/\libhal_bsp.a(alt_load.o)
 .debug_line    0x000027f9      0x2c4 ../Bai8_bsp/\libhal_bsp.a(alt_main.o)
 .debug_line    0x00002abd      0x1f9 ../Bai8_bsp/\libhal_bsp.a(alt_usleep.o)
 .debug_line    0x00002cb6      0x2c3 ../Bai8_bsp/\libhal_bsp.a(alt_write.o)
 .debug_line    0x00002f79      0x2d0 ../Bai8_bsp/\libhal_bsp.a(alt_sys_init.o)
 .debug_line    0x00003249      0x7cd ../Bai8_bsp/\libhal_bsp.a(altera_avalon_dma.o)
 .debug_line    0x00003a16      0x1d4 ../Bai8_bsp/\libhal_bsp.a(altera_avalon_jtag_uart_fd.o)
 .debug_line    0x00003bea      0x33d ../Bai8_bsp/\libhal_bsp.a(altera_avalon_jtag_uart_read.o)
 .debug_line    0x00003f27      0x2fe ../Bai8_bsp/\libhal_bsp.a(altera_avalon_jtag_uart_write.o)
 .debug_line    0x00004225      0x253 ../Bai8_bsp/\libhal_bsp.a(alt_busy_sleep.o)
 .debug_line    0x00004478      0x293 ../Bai8_bsp/\libhal_bsp.a(alt_close.o)
 .debug_line    0x0000470b      0x1af ../Bai8_bsp/\libhal_bsp.a(alt_dcache_flush_all.o)
 .debug_line    0x000048ba      0x24e ../Bai8_bsp/\libhal_bsp.a(alt_dev.o)
 .debug_line    0x00004b08      0x254 ../Bai8_bsp/\libhal_bsp.a(alt_dev_llist_insert.o)
 .debug_line    0x00004d5c      0x25a ../Bai8_bsp/\libhal_bsp.a(alt_dma_rxchan_open.o)
 .debug_line    0x00004fb6      0x25a ../Bai8_bsp/\libhal_bsp.a(alt_dma_txchan_open.o)
 .debug_line    0x00005210       0x83 ../Bai8_bsp/\libhal_bsp.a(alt_do_ctors.o)
 .debug_line    0x00005293       0x83 ../Bai8_bsp/\libhal_bsp.a(alt_do_dtors.o)
 .debug_line    0x00005316      0x1a4 ../Bai8_bsp/\libhal_bsp.a(alt_errno.o)
 .debug_line    0x000054ba       0xab ../Bai8_bsp/\libhal_bsp.a(alt_exception_entry.o)
 .debug_line    0x00005565      0x265 ../Bai8_bsp/\libhal_bsp.a(alt_find_dev.o)
 .debug_line    0x000057ca      0x1af ../Bai8_bsp/\libhal_bsp.a(alt_icache_flush_all.o)
 .debug_line    0x00005979      0x2ae ../Bai8_bsp/\libhal_bsp.a(alt_io_redirect.o)
 .debug_line    0x00005c27      0x2f9 ../Bai8_bsp/\libhal_bsp.a(alt_open.o)
 .debug_line    0x00005f20       0xed ../Bai8_bsp/\libhal_bsp.a(alt_release_fd.o)
 .debug_line    0x0000600d      0x1c8 ../Bai8_bsp/\libhal_bsp.a(altera_nios2_qsys_irq.o)
 .debug_line    0x000061d5      0x276 ../Bai8_bsp/\libhal_bsp.a(alt_find_file.o)
 .debug_line    0x0000644b      0x291 ../Bai8_bsp/\libhal_bsp.a(alt_get_fd.o)
 .debug_line    0x000066dc      0x203 e:/uit/quartus/nios2eds/bin/gnu/h-i686-mingw32/bin/../lib/gcc/nios2-elf/4.1.2/../../../../nios2-elf/lib/mno-hw-mul\libsmallc.a(lib_a-atexit.o)
 .debug_line    0x000068df      0x223 e:/uit/quartus/nios2eds/bin/gnu/h-i686-mingw32/bin/../lib/gcc/nios2-elf/4.1.2/../../../../nios2-elf/lib/mno-hw-mul\libsmallc.a(lib_a-exit.o)
 .debug_line    0x00006b02      0x270 e:/uit/quartus/nios2eds/bin/gnu/h-i686-mingw32/bin/../lib/gcc/nios2-elf/4.1.2/../../../../nios2-elf/lib/mno-hw-mul\libsmallc.a(lib_a-memcmp.o)
 .debug_line    0x00006d72      0x350 e:/uit/quartus/nios2eds/bin/gnu/h-i686-mingw32/bin/../lib/gcc/nios2-elf/4.1.2/../../../../nios2-elf/lib/mno-hw-mul\libsmallc.a(lib_a-__atexit.o)
 .debug_line    0x000070c2      0x360 e:/uit/quartus/nios2eds/bin/gnu/h-i686-mingw32/bin/../lib/gcc/nios2-elf/4.1.2/../../../../nios2-elf/lib/mno-hw-mul\libsmallc.a(lib_a-__call_atexit.o)
 .debug_line    0x00007422      0x200 ../Bai8_bsp/\libhal_bsp.a(alt_exit.o)

.debug_frame    0x00000000      0xb84
 *(.debug_frame)
 .debug_frame   0x00000000       0x64 obj/default/source.o
 .debug_frame   0x00000064       0x40 e:/uit/quartus/nios2eds/bin/gnu/h-i686-mingw32/bin/../lib/gcc/nios2-elf/4.1.2/../../../../nios2-elf/lib/mno-hw-mul\libsmallc.a(lib_a-printf.o)
 .debug_frame   0x000000a4       0x3c e:/uit/quartus/nios2eds/bin/gnu/h-i686-mingw32/bin/../lib/gcc/nios2-elf/4.1.2/../../../../nios2-elf/lib/mno-hw-mul\libsmallc.a(lib_a-puts.o)
 .debug_frame   0x000000e0       0x20 e:/uit/quartus/nios2eds/bin/gnu/h-i686-mingw32/bin/../lib/gcc/nios2-elf/4.1.2/../../../../nios2-elf/lib/mno-hw-mul\libsmallc.a(lib_a-strlen.o)
 .debug_frame   0x00000100       0x64 e:/uit/quartus/nios2eds/bin/gnu/h-i686-mingw32/bin/../lib/gcc/nios2-elf/4.1.2/../../../../nios2-elf/lib/mno-hw-mul\libsmallc.a(lib_a-vfprintf.o)
 .debug_frame   0x00000164       0x30 e:/uit/quartus/nios2eds/bin/gnu/h-i686-mingw32/bin/../lib/gcc/nios2-elf/4.1.2/../../../../nios2-elf/lib/mno-hw-mul\libsmallc.a(lib_a-fvwrite_small_dev.o)
 .debug_frame   0x00000194       0x2c e:/uit/quartus/nios2eds/bin/gnu/h-i686-mingw32/bin/../lib/gcc/nios2-elf/4.1.2/../../../../nios2-elf/lib/mno-hw-mul\libsmallc.a(lib_a-writer.o)
 .debug_frame   0x000001c0       0x70 e:/uit/quartus/nios2eds/bin/gnu/h-i686-mingw32/bin/../lib/gcc/nios2-elf/4.1.2/mno-hw-mul\libgcc.a(lib2-divmod.o)
 .debug_frame   0x00000230       0x20 e:/uit/quartus/nios2eds/bin/gnu/h-i686-mingw32/bin/../lib/gcc/nios2-elf/4.1.2/mno-hw-mul\libgcc.a(lib2-mul.o)
 .debug_frame   0x00000250       0x80 ../Bai8_bsp/\libhal_bsp.a(alt_iic.o)
 .debug_frame   0x000002d0       0x2c ../Bai8_bsp/\libhal_bsp.a(alt_iic_isr_register.o)
 .debug_frame   0x000002fc       0x2c ../Bai8_bsp/\libhal_bsp.a(alt_irq_handler.o)
 .debug_frame   0x00000328       0x48 ../Bai8_bsp/\libhal_bsp.a(alt_load.o)
 .debug_frame   0x00000370       0x2c ../Bai8_bsp/\libhal_bsp.a(alt_main.o)
 .debug_frame   0x0000039c       0x2c ../Bai8_bsp/\libhal_bsp.a(alt_usleep.o)
 .debug_frame   0x000003c8       0x48 ../Bai8_bsp/\libhal_bsp.a(alt_write.o)
 .debug_frame   0x00000410       0x64 ../Bai8_bsp/\libhal_bsp.a(alt_sys_init.o)
 .debug_frame   0x00000474      0x17c ../Bai8_bsp/\libhal_bsp.a(altera_avalon_dma.o)
 .debug_frame   0x000005f0       0x48 ../Bai8_bsp/\libhal_bsp.a(altera_avalon_jtag_uart_fd.o)
 .debug_frame   0x00000638       0x2c ../Bai8_bsp/\libhal_bsp.a(altera_avalon_jtag_uart_read.o)
 .debug_frame   0x00000664       0x2c ../Bai8_bsp/\libhal_bsp.a(altera_avalon_jtag_uart_write.o)
 .debug_frame   0x00000690       0x2c ../Bai8_bsp/\libhal_bsp.a(alt_busy_sleep.o)
 .debug_frame   0x000006bc       0x48 ../Bai8_bsp/\libhal_bsp.a(alt_close.o)
 .debug_frame   0x00000704       0x2c ../Bai8_bsp/\libhal_bsp.a(alt_dcache_flush_all.o)
 .debug_frame   0x00000730       0x2c ../Bai8_bsp/\libhal_bsp.a(alt_dev.o)
 .debug_frame   0x0000075c       0x48 ../Bai8_bsp/\libhal_bsp.a(alt_dev_llist_insert.o)
 .debug_frame   0x000007a4       0x48 ../Bai8_bsp/\libhal_bsp.a(alt_dma_rxchan_open.o)
 .debug_frame   0x000007ec       0x48 ../Bai8_bsp/\libhal_bsp.a(alt_dma_txchan_open.o)
 .debug_frame   0x00000834       0x2c ../Bai8_bsp/\libhal_bsp.a(alt_do_ctors.o)
 .debug_frame   0x00000860       0x2c ../Bai8_bsp/\libhal_bsp.a(alt_do_dtors.o)
 .debug_frame   0x0000088c       0x2c ../Bai8_bsp/\libhal_bsp.a(alt_find_dev.o)
 .debug_frame   0x000008b8       0x2c ../Bai8_bsp/\libhal_bsp.a(alt_icache_flush_all.o)
 .debug_frame   0x000008e4       0x4c ../Bai8_bsp/\libhal_bsp.a(alt_io_redirect.o)
 .debug_frame   0x00000930       0x68 ../Bai8_bsp/\libhal_bsp.a(alt_open.o)
 .debug_frame   0x00000998       0x30 ../Bai8_bsp/\libhal_bsp.a(alt_release_fd.o)
 .debug_frame   0x000009c8       0x2c ../Bai8_bsp/\libhal_bsp.a(altera_nios2_qsys_irq.o)
 .debug_frame   0x000009f4       0x2c ../Bai8_bsp/\libhal_bsp.a(alt_find_file.o)
 .debug_frame   0x00000a20       0x30 ../Bai8_bsp/\libhal_bsp.a(alt_get_fd.o)
 .debug_frame   0x00000a50       0x20 e:/uit/quartus/nios2eds/bin/gnu/h-i686-mingw32/bin/../lib/gcc/nios2-elf/4.1.2/../../../../nios2-elf/lib/mno-hw-mul\libsmallc.a(lib_a-atexit.o)
 .debug_frame   0x00000a70       0x2c e:/uit/quartus/nios2eds/bin/gnu/h-i686-mingw32/bin/../lib/gcc/nios2-elf/4.1.2/../../../../nios2-elf/lib/mno-hw-mul\libsmallc.a(lib_a-exit.o)
 .debug_frame   0x00000a9c       0x20 e:/uit/quartus/nios2eds/bin/gnu/h-i686-mingw32/bin/../lib/gcc/nios2-elf/4.1.2/../../../../nios2-elf/lib/mno-hw-mul\libsmallc.a(lib_a-memcmp.o)
 .debug_frame   0x00000abc       0x34 e:/uit/quartus/nios2eds/bin/gnu/h-i686-mingw32/bin/../lib/gcc/nios2-elf/4.1.2/../../../../nios2-elf/lib/mno-hw-mul\libsmallc.a(lib_a-__atexit.o)
 .debug_frame   0x00000af0       0x4c e:/uit/quartus/nios2eds/bin/gnu/h-i686-mingw32/bin/../lib/gcc/nios2-elf/4.1.2/../../../../nios2-elf/lib/mno-hw-mul\libsmallc.a(lib_a-__call_atexit.o)
 .debug_frame   0x00000b3c       0x48 ../Bai8_bsp/\libhal_bsp.a(alt_exit.o)

.debug_str      0x00000000      0xe55
 *(.debug_str)
 .debug_str     0x00000000       0x12 obj/default/source.o
 .debug_str     0x00000012      0x406 e:/uit/quartus/nios2eds/bin/gnu/h-i686-mingw32/bin/../lib/gcc/nios2-elf/4.1.2/../../../../nios2-elf/lib/mno-hw-mul\libsmallc.a(lib_a-printf.o)
                                0x466 (size before relaxing)
 .debug_str     0x00000418       0x48 e:/uit/quartus/nios2eds/bin/gnu/h-i686-mingw32/bin/../lib/gcc/nios2-elf/4.1.2/../../../../nios2-elf/lib/mno-hw-mul\libsmallc.a(lib_a-puts.o)
                                0x450 (size before relaxing)
 .debug_str     0x00000460       0xe2 e:/uit/quartus/nios2eds/bin/gnu/h-i686-mingw32/bin/../lib/gcc/nios2-elf/4.1.2/../../../../nios2-elf/lib/mno-hw-mul\libsmallc.a(lib_a-strlen.o)
                                0x184 (size before relaxing)
 .debug_str     0x00000542      0x168 e:/uit/quartus/nios2eds/bin/gnu/h-i686-mingw32/bin/../lib/gcc/nios2-elf/4.1.2/../../../../nios2-elf/lib/mno-hw-mul\libsmallc.a(lib_a-vfprintf.o)
                                0x5af (size before relaxing)
 .debug_str     0x000006aa       0x70 e:/uit/quartus/nios2eds/bin/gnu/h-i686-mingw32/bin/../lib/gcc/nios2-elf/4.1.2/../../../../nios2-elf/lib/mno-hw-mul\libsmallc.a(lib_a-fvwrite_small_dev.o)
                                0x46a (size before relaxing)
 .debug_str     0x0000071a       0xf8 e:/uit/quartus/nios2eds/bin/gnu/h-i686-mingw32/bin/../lib/gcc/nios2-elf/4.1.2/../../../../nios2-elf/lib/mno-hw-mul\libsmallc.a(lib_a-impure.o)
                                0x45d (size before relaxing)
 .debug_str     0x00000812       0x4f e:/uit/quartus/nios2eds/bin/gnu/h-i686-mingw32/bin/../lib/gcc/nios2-elf/4.1.2/../../../../nios2-elf/lib/mno-hw-mul\libsmallc.a(lib_a-writer.o)
                                0x451 (size before relaxing)
 .debug_str     0x00000861       0x40 e:/uit/quartus/nios2eds/bin/gnu/h-i686-mingw32/bin/../lib/gcc/nios2-elf/4.1.2/../../../../nios2-elf/lib/mno-hw-mul\libsmallc.a(lib_a-int_errno.o)
                                0x177 (size before relaxing)
 .debug_str     0x000008a1      0x10b e:/uit/quartus/nios2eds/bin/gnu/h-i686-mingw32/bin/../lib/gcc/nios2-elf/4.1.2/mno-hw-mul\libgcc.a(lib2-divmod.o)
                                0x1b4 (size before relaxing)
 .debug_str     0x000009ac       0x37 e:/uit/quartus/nios2eds/bin/gnu/h-i686-mingw32/bin/../lib/gcc/nios2-elf/4.1.2/mno-hw-mul\libgcc.a(lib2-mul.o)
                                0x175 (size before relaxing)
 .debug_str     0x000009e3       0x18 ../Bai8_bsp/\libhal_bsp.a(alt_iic.o)
 .debug_str     0x000009fb       0x1a ../Bai8_bsp/\libhal_bsp.a(alt_iic_isr_register.o)
 .debug_str     0x00000a15       0x12 ../Bai8_bsp/\libhal_bsp.a(alt_irq_handler.o)
 .debug_str     0x00000a27       0x12 ../Bai8_bsp/\libhal_bsp.a(alt_load.o)
 .debug_str     0x00000a39       0x12 ../Bai8_bsp/\libhal_bsp.a(alt_main.o)
 .debug_str     0x00000a4b       0x12 ../Bai8_bsp/\libhal_bsp.a(alt_usleep.o)
 .debug_str     0x00000a5d       0x12 ../Bai8_bsp/\libhal_bsp.a(alt_write.o)
 .debug_str     0x00000a6f       0x12 ../Bai8_bsp/\libhal_bsp.a(alt_sys_init.o)
 .debug_str     0x00000a81       0x53 ../Bai8_bsp/\libhal_bsp.a(altera_avalon_dma.o)
 .debug_str     0x00000ad4       0x12 ../Bai8_bsp/\libhal_bsp.a(altera_avalon_jtag_uart_read.o)
 .debug_str     0x00000ae6       0x12 ../Bai8_bsp/\libhal_bsp.a(altera_avalon_jtag_uart_write.o)
 .debug_str     0x00000af8       0x12 ../Bai8_bsp/\libhal_bsp.a(alt_busy_sleep.o)
 .debug_str     0x00000b0a       0x12 ../Bai8_bsp/\libhal_bsp.a(alt_close.o)
 .debug_str     0x00000b1c       0x12 ../Bai8_bsp/\libhal_bsp.a(alt_dcache_flush_all.o)
 .debug_str     0x00000b2e       0x12 ../Bai8_bsp/\libhal_bsp.a(alt_dev.o)
 .debug_str     0x00000b40       0x12 ../Bai8_bsp/\libhal_bsp.a(alt_dev_llist_insert.o)
 .debug_str     0x00000b52       0x12 ../Bai8_bsp/\libhal_bsp.a(alt_dma_rxchan_open.o)
 .debug_str     0x00000b64       0x12 ../Bai8_bsp/\libhal_bsp.a(alt_dma_txchan_open.o)
 .debug_str     0x00000b76       0x12 ../Bai8_bsp/\libhal_bsp.a(alt_errno.o)
 .debug_str     0x00000b88       0x12 ../Bai8_bsp/\libhal_bsp.a(alt_find_dev.o)
 .debug_str     0x00000b9a       0x12 ../Bai8_bsp/\libhal_bsp.a(alt_icache_flush_all.o)
 .debug_str     0x00000bac       0x12 ../Bai8_bsp/\libhal_bsp.a(alt_io_redirect.o)
 .debug_str     0x00000bbe       0x12 ../Bai8_bsp/\libhal_bsp.a(alt_open.o)
 .debug_str     0x00000bd0       0x12 ../Bai8_bsp/\libhal_bsp.a(altera_nios2_qsys_irq.o)
 .debug_str     0x00000be2       0x12 ../Bai8_bsp/\libhal_bsp.a(alt_find_file.o)
 .debug_str     0x00000bf4       0x12 ../Bai8_bsp/\libhal_bsp.a(alt_get_fd.o)
 .debug_str     0x00000c06       0xdb e:/uit/quartus/nios2eds/bin/gnu/h-i686-mingw32/bin/../lib/gcc/nios2-elf/4.1.2/../../../../nios2-elf/lib/mno-hw-mul\libsmallc.a(lib_a-atexit.o)
                                0x1e5 (size before relaxing)
 .debug_str     0x00000ce1       0x41 e:/uit/quartus/nios2eds/bin/gnu/h-i686-mingw32/bin/../lib/gcc/nios2-elf/4.1.2/../../../../nios2-elf/lib/mno-hw-mul\libsmallc.a(lib_a-exit.o)
                                0x178 (size before relaxing)
 .debug_str     0x00000d22       0x45 e:/uit/quartus/nios2eds/bin/gnu/h-i686-mingw32/bin/../lib/gcc/nios2-elf/4.1.2/../../../../nios2-elf/lib/mno-hw-mul\libsmallc.a(lib_a-memcmp.o)
                                0x17e (size before relaxing)
 .debug_str     0x00000d67       0x54 e:/uit/quartus/nios2eds/bin/gnu/h-i686-mingw32/bin/../lib/gcc/nios2-elf/4.1.2/../../../../nios2-elf/lib/mno-hw-mul\libsmallc.a(lib_a-__atexit.o)
                                0x467 (size before relaxing)
 .debug_str     0x00000dbb       0x7e e:/uit/quartus/nios2eds/bin/gnu/h-i686-mingw32/bin/../lib/gcc/nios2-elf/4.1.2/../../../../nios2-elf/lib/mno-hw-mul\libsmallc.a(lib_a-__call_atexit.o)
                                0x491 (size before relaxing)
 .debug_str     0x00000e39       0x1c ../Bai8_bsp/\libhal_bsp.a(alt_exit.o)

.debug_loc      0x00000000     0x1beb
 *(.debug_loc)
 .debug_loc     0x00000000       0x81 obj/default/source.o
 .debug_loc     0x00000081       0x8d e:/uit/quartus/nios2eds/bin/gnu/h-i686-mingw32/bin/../lib/gcc/nios2-elf/4.1.2/../../../../nios2-elf/lib/mno-hw-mul\libsmallc.a(lib_a-printf.o)
 .debug_loc     0x0000010e       0xa2 e:/uit/quartus/nios2eds/bin/gnu/h-i686-mingw32/bin/../lib/gcc/nios2-elf/4.1.2/../../../../nios2-elf/lib/mno-hw-mul\libsmallc.a(lib_a-puts.o)
 .debug_loc     0x000001b0       0x1e e:/uit/quartus/nios2eds/bin/gnu/h-i686-mingw32/bin/../lib/gcc/nios2-elf/4.1.2/../../../../nios2-elf/lib/mno-hw-mul\libsmallc.a(lib_a-strlen.o)
 .debug_loc     0x000001ce      0x878 e:/uit/quartus/nios2eds/bin/gnu/h-i686-mingw32/bin/../lib/gcc/nios2-elf/4.1.2/../../../../nios2-elf/lib/mno-hw-mul\libsmallc.a(lib_a-vfprintf.o)
 .debug_loc     0x00000a46      0x162 e:/uit/quartus/nios2eds/bin/gnu/h-i686-mingw32/bin/../lib/gcc/nios2-elf/4.1.2/../../../../nios2-elf/lib/mno-hw-mul\libsmallc.a(lib_a-fvwrite_small_dev.o)
 .debug_loc     0x00000ba8       0x97 e:/uit/quartus/nios2eds/bin/gnu/h-i686-mingw32/bin/../lib/gcc/nios2-elf/4.1.2/../../../../nios2-elf/lib/mno-hw-mul\libsmallc.a(lib_a-writer.o)
 .debug_loc     0x00000c3f      0x1d2 e:/uit/quartus/nios2eds/bin/gnu/h-i686-mingw32/bin/../lib/gcc/nios2-elf/4.1.2/mno-hw-mul\libgcc.a(lib2-divmod.o)
 .debug_loc     0x00000e11       0x4f e:/uit/quartus/nios2eds/bin/gnu/h-i686-mingw32/bin/../lib/gcc/nios2-elf/4.1.2/mno-hw-mul\libgcc.a(lib2-mul.o)
 .debug_loc     0x00000e60       0xac ../Bai8_bsp/\libhal_bsp.a(alt_iic.o)
 .debug_loc     0x00000f0c       0x2b ../Bai8_bsp/\libhal_bsp.a(alt_iic_isr_register.o)
 .debug_loc     0x00000f37       0x2b ../Bai8_bsp/\libhal_bsp.a(alt_irq_handler.o)
 .debug_loc     0x00000f62       0x56 ../Bai8_bsp/\libhal_bsp.a(alt_load.o)
 .debug_loc     0x00000fb8       0x2b ../Bai8_bsp/\libhal_bsp.a(alt_main.o)
 .debug_loc     0x00000fe3       0x2b ../Bai8_bsp/\libhal_bsp.a(alt_usleep.o)
 .debug_loc     0x0000100e       0x56 ../Bai8_bsp/\libhal_bsp.a(alt_write.o)
 .debug_loc     0x00001064       0x81 ../Bai8_bsp/\libhal_bsp.a(alt_sys_init.o)
 .debug_loc     0x000010e5      0x22f ../Bai8_bsp/\libhal_bsp.a(altera_avalon_dma.o)
 .debug_loc     0x00001314       0x56 ../Bai8_bsp/\libhal_bsp.a(altera_avalon_jtag_uart_fd.o)
 .debug_loc     0x0000136a       0x2b ../Bai8_bsp/\libhal_bsp.a(altera_avalon_jtag_uart_read.o)
 .debug_loc     0x00001395       0x2b ../Bai8_bsp/\libhal_bsp.a(altera_avalon_jtag_uart_write.o)
 .debug_loc     0x000013c0       0x2b ../Bai8_bsp/\libhal_bsp.a(alt_busy_sleep.o)
 .debug_loc     0x000013eb       0x56 ../Bai8_bsp/\libhal_bsp.a(alt_close.o)
 .debug_loc     0x00001441       0x2b ../Bai8_bsp/\libhal_bsp.a(alt_dcache_flush_all.o)
 .debug_loc     0x0000146c       0x2b ../Bai8_bsp/\libhal_bsp.a(alt_dev.o)
 .debug_loc     0x00001497       0x56 ../Bai8_bsp/\libhal_bsp.a(alt_dev_llist_insert.o)
 .debug_loc     0x000014ed       0x56 ../Bai8_bsp/\libhal_bsp.a(alt_dma_rxchan_open.o)
 .debug_loc     0x00001543       0x56 ../Bai8_bsp/\libhal_bsp.a(alt_dma_txchan_open.o)
 .debug_loc     0x00001599       0x2b ../Bai8_bsp/\libhal_bsp.a(alt_do_ctors.o)
 .debug_loc     0x000015c4       0x2b ../Bai8_bsp/\libhal_bsp.a(alt_do_dtors.o)
 .debug_loc     0x000015ef       0x2b ../Bai8_bsp/\libhal_bsp.a(alt_find_dev.o)
 .debug_loc     0x0000161a       0x2b ../Bai8_bsp/\libhal_bsp.a(alt_icache_flush_all.o)
 .debug_loc     0x00001645       0x56 ../Bai8_bsp/\libhal_bsp.a(alt_io_redirect.o)
 .debug_loc     0x0000169b       0x81 ../Bai8_bsp/\libhal_bsp.a(alt_open.o)
 .debug_loc     0x0000171c       0x2b ../Bai8_bsp/\libhal_bsp.a(alt_release_fd.o)
 .debug_loc     0x00001747       0x2b ../Bai8_bsp/\libhal_bsp.a(altera_nios2_qsys_irq.o)
 .debug_loc     0x00001772       0x2b ../Bai8_bsp/\libhal_bsp.a(alt_find_file.o)
 .debug_loc     0x0000179d       0x2b ../Bai8_bsp/\libhal_bsp.a(alt_get_fd.o)
 .debug_loc     0x000017c8       0x1e e:/uit/quartus/nios2eds/bin/gnu/h-i686-mingw32/bin/../lib/gcc/nios2-elf/4.1.2/../../../../nios2-elf/lib/mno-hw-mul\libsmallc.a(lib_a-atexit.o)
 .debug_loc     0x000017e6       0x3d e:/uit/quartus/nios2eds/bin/gnu/h-i686-mingw32/bin/../lib/gcc/nios2-elf/4.1.2/../../../../nios2-elf/lib/mno-hw-mul\libsmallc.a(lib_a-exit.o)
 .debug_loc     0x00001823       0x70 e:/uit/quartus/nios2eds/bin/gnu/h-i686-mingw32/bin/../lib/gcc/nios2-elf/4.1.2/../../../../nios2-elf/lib/mno-hw-mul\libsmallc.a(lib_a-memcmp.o)
 .debug_loc     0x00001893      0x141 e:/uit/quartus/nios2eds/bin/gnu/h-i686-mingw32/bin/../lib/gcc/nios2-elf/4.1.2/../../../../nios2-elf/lib/mno-hw-mul\libsmallc.a(lib_a-__atexit.o)
 .debug_loc     0x000019d4      0x1c1 e:/uit/quartus/nios2eds/bin/gnu/h-i686-mingw32/bin/../lib/gcc/nios2-elf/4.1.2/../../../../nios2-elf/lib/mno-hw-mul\libsmallc.a(lib_a-__call_atexit.o)
 .debug_loc     0x00001b95       0x56 ../Bai8_bsp/\libhal_bsp.a(alt_exit.o)

.debug_macinfo
 *(.debug_macinfo)

.debug_weaknames
 *(.debug_weaknames)

.debug_funcnames
 *(.debug_funcnames)

.debug_typenames
 *(.debug_typenames)

.debug_varnames
 *(.debug_varnames)

.debug_alt_sim_info
                0x00000000       0x40
 *(.debug_alt_sim_info)
 .debug_alt_sim_info
                0x00000000       0x10 ../Bai8_bsp//obj/HAL/src/crt0.o
 .debug_alt_sim_info
                0x00000010       0x30 ../Bai8_bsp/\libhal_bsp.a(alt_busy_sleep.o)
                0x0000a000                __alt_data_end = 0xa000
                0x0000a000                PROVIDE (__alt_stack_pointer, __alt_data_end)
                0x00008610                PROVIDE (__alt_stack_limit, __alt_stack_base)
                0x00008610                PROVIDE (__alt_heap_start, end)
                0x0000a000                PROVIDE (__alt_heap_limit, 0xa000)
OUTPUT(Bai8.elf elf32-littlenios2)

.debug_ranges   0x00000000      0x1d0
 .debug_ranges  0x00000000       0x20 ../Bai8_bsp//obj/HAL/src/crt0.o
 .debug_ranges  0x00000020      0x140 e:/uit/quartus/nios2eds/bin/gnu/h-i686-mingw32/bin/../lib/gcc/nios2-elf/4.1.2/../../../../nios2-elf/lib/mno-hw-mul\libsmallc.a(lib_a-vfprintf.o)
 .debug_ranges  0x00000160       0x28 ../Bai8_bsp/\libhal_bsp.a(alt_irq_entry.o)
 .debug_ranges  0x00000188       0x30 ../Bai8_bsp/\libhal_bsp.a(alt_exception_entry.o)
 .debug_ranges  0x000001b8       0x18 e:/uit/quartus/nios2eds/bin/gnu/h-i686-mingw32/bin/../lib/gcc/nios2-elf/4.1.2/../../../../nios2-elf/lib/mno-hw-mul\libsmallc.a(lib_a-__call_atexit.o)
