Archive member included because of file (symbol)

c:/altera/13.0sp1/nios2eds/bin/gnu/h-i686-mingw32/bin/../lib/gcc/nios2-elf/4.1.2/../../../../nios2-elf/lib/mno-hw-mul\libsmallc.a(lib_a-puts.o)
                              obj/default/source.o (puts)
c:/altera/13.0sp1/nios2eds/bin/gnu/h-i686-mingw32/bin/../lib/gcc/nios2-elf/4.1.2/../../../../nios2-elf/lib/mno-hw-mul\libsmallc.a(lib_a-strlen.o)
                              c:/altera/13.0sp1/nios2eds/bin/gnu/h-i686-mingw32/bin/../lib/gcc/nios2-elf/4.1.2/../../../../nios2-elf/lib/mno-hw-mul\libsmallc.a(lib_a-puts.o) (strlen)
c:/altera/13.0sp1/nios2eds/bin/gnu/h-i686-mingw32/bin/../lib/gcc/nios2-elf/4.1.2/../../../../nios2-elf/lib/mno-hw-mul\libsmallc.a(lib_a-fvwrite_small_dev.o)
                              c:/altera/13.0sp1/nios2eds/bin/gnu/h-i686-mingw32/bin/../lib/gcc/nios2-elf/4.1.2/../../../../nios2-elf/lib/mno-hw-mul\libsmallc.a(lib_a-puts.o) (__sfvwrite_small_dev)
c:/altera/13.0sp1/nios2eds/bin/gnu/h-i686-mingw32/bin/../lib/gcc/nios2-elf/4.1.2/../../../../nios2-elf/lib/mno-hw-mul\libsmallc.a(lib_a-impure.o)
                              c:/altera/13.0sp1/nios2eds/bin/gnu/h-i686-mingw32/bin/../lib/gcc/nios2-elf/4.1.2/../../../../nios2-elf/lib/mno-hw-mul\libsmallc.a(lib_a-puts.o) (_impure_ptr)
c:/altera/13.0sp1/nios2eds/bin/gnu/h-i686-mingw32/bin/../lib/gcc/nios2-elf/4.1.2/../../../../nios2-elf/lib/mno-hw-mul\libsmallc.a(lib_a-writer.o)
                              c:/altera/13.0sp1/nios2eds/bin/gnu/h-i686-mingw32/bin/../lib/gcc/nios2-elf/4.1.2/../../../../nios2-elf/lib/mno-hw-mul\libsmallc.a(lib_a-fvwrite_small_dev.o) (_write_r)
c:/altera/13.0sp1/nios2eds/bin/gnu/h-i686-mingw32/bin/../lib/gcc/nios2-elf/4.1.2/../../../../nios2-elf/lib/mno-hw-mul\libsmallc.a(lib_a-int_errno.o)
                              c:/altera/13.0sp1/nios2eds/bin/gnu/h-i686-mingw32/bin/../lib/gcc/nios2-elf/4.1.2/../../../../nios2-elf/lib/mno-hw-mul\libsmallc.a(lib_a-writer.o) (errno)
../Bai1_bsp/\libhal_bsp.a(alt_load.o)
                              ../Bai1_bsp//obj/HAL/src/crt0.o (alt_load)
../Bai1_bsp/\libhal_bsp.a(alt_main.o)
                              ../Bai1_bsp//obj/HAL/src/crt0.o (alt_main)
../Bai1_bsp/\libhal_bsp.a(alt_write.o)
                              c:/altera/13.0sp1/nios2eds/bin/gnu/h-i686-mingw32/bin/../lib/gcc/nios2-elf/4.1.2/../../../../nios2-elf/lib/mno-hw-mul\libsmallc.a(lib_a-writer.o) (write)
../Bai1_bsp/\libhal_bsp.a(alt_sys_init.o)
                              ../Bai1_bsp/\libhal_bsp.a(alt_main.o) (alt_irq_init)
../Bai1_bsp/\libhal_bsp.a(altera_avalon_jtag_uart_fd.o)
                              ../Bai1_bsp/\libhal_bsp.a(alt_sys_init.o) (altera_avalon_jtag_uart_read_fd)
../Bai1_bsp/\libhal_bsp.a(altera_avalon_jtag_uart_read.o)
                              ../Bai1_bsp/\libhal_bsp.a(altera_avalon_jtag_uart_fd.o) (altera_avalon_jtag_uart_read)
../Bai1_bsp/\libhal_bsp.a(altera_avalon_jtag_uart_write.o)
                              ../Bai1_bsp/\libhal_bsp.a(altera_avalon_jtag_uart_fd.o) (altera_avalon_jtag_uart_write)
../Bai1_bsp/\libhal_bsp.a(alt_close.o)
                              ../Bai1_bsp/\libhal_bsp.a(alt_main.o) (close)
../Bai1_bsp/\libhal_bsp.a(alt_dcache_flush_all.o)
                              ../Bai1_bsp/\libhal_bsp.a(alt_load.o) (alt_dcache_flush_all)
../Bai1_bsp/\libhal_bsp.a(alt_dev.o)
                              ../Bai1_bsp/\libhal_bsp.a(alt_sys_init.o) (alt_dev_list)
../Bai1_bsp/\libhal_bsp.a(alt_dev_llist_insert.o)
                              ../Bai1_bsp/\libhal_bsp.a(alt_sys_init.o) (alt_dev_llist_insert)
../Bai1_bsp/\libhal_bsp.a(alt_do_ctors.o)
                              ../Bai1_bsp/\libhal_bsp.a(alt_main.o) (_do_ctors)
../Bai1_bsp/\libhal_bsp.a(alt_do_dtors.o)
                              ../Bai1_bsp/\libhal_bsp.a(alt_main.o) (_do_dtors)
../Bai1_bsp/\libhal_bsp.a(alt_errno.o)
                              ../Bai1_bsp/\libhal_bsp.a(alt_write.o) (alt_errno)
../Bai1_bsp/\libhal_bsp.a(alt_icache_flush_all.o)
                              ../Bai1_bsp/\libhal_bsp.a(alt_load.o) (alt_icache_flush_all)
../Bai1_bsp/\libhal_bsp.a(alt_io_redirect.o)
                              ../Bai1_bsp/\libhal_bsp.a(alt_main.o) (alt_io_redirect)
../Bai1_bsp/\libhal_bsp.a(alt_open.o)
                              ../Bai1_bsp/\libhal_bsp.a(alt_io_redirect.o) (open)
../Bai1_bsp/\libhal_bsp.a(alt_release_fd.o)
                              ../Bai1_bsp/\libhal_bsp.a(alt_close.o) (alt_release_fd)
../Bai1_bsp/\libhal_bsp.a(altera_nios2_qsys_irq.o)
                              ../Bai1_bsp/\libhal_bsp.a(alt_sys_init.o) (altera_nios2_qsys_irq_init)
../Bai1_bsp/\libhal_bsp.a(alt_find_dev.o)
                              ../Bai1_bsp/\libhal_bsp.a(alt_open.o) (alt_find_dev)
../Bai1_bsp/\libhal_bsp.a(alt_find_file.o)
                              ../Bai1_bsp/\libhal_bsp.a(alt_open.o) (alt_find_file)
../Bai1_bsp/\libhal_bsp.a(alt_get_fd.o)
                              ../Bai1_bsp/\libhal_bsp.a(alt_open.o) (alt_get_fd)
c:/altera/13.0sp1/nios2eds/bin/gnu/h-i686-mingw32/bin/../lib/gcc/nios2-elf/4.1.2/../../../../nios2-elf/lib/mno-hw-mul\libsmallc.a(lib_a-atexit.o)
                              ../Bai1_bsp/\libhal_bsp.a(alt_main.o) (atexit)
c:/altera/13.0sp1/nios2eds/bin/gnu/h-i686-mingw32/bin/../lib/gcc/nios2-elf/4.1.2/../../../../nios2-elf/lib/mno-hw-mul\libsmallc.a(lib_a-exit.o)
                              ../Bai1_bsp/\libhal_bsp.a(alt_main.o) (exit)
c:/altera/13.0sp1/nios2eds/bin/gnu/h-i686-mingw32/bin/../lib/gcc/nios2-elf/4.1.2/../../../../nios2-elf/lib/mno-hw-mul\libsmallc.a(lib_a-memcmp.o)
                              ../Bai1_bsp/\libhal_bsp.a(alt_find_dev.o) (memcmp)
c:/altera/13.0sp1/nios2eds/bin/gnu/h-i686-mingw32/bin/../lib/gcc/nios2-elf/4.1.2/../../../../nios2-elf/lib/mno-hw-mul\libsmallc.a(lib_a-__atexit.o)
                              c:/altera/13.0sp1/nios2eds/bin/gnu/h-i686-mingw32/bin/../lib/gcc/nios2-elf/4.1.2/../../../../nios2-elf/lib/mno-hw-mul\libsmallc.a(lib_a-atexit.o) (__register_exitproc)
c:/altera/13.0sp1/nios2eds/bin/gnu/h-i686-mingw32/bin/../lib/gcc/nios2-elf/4.1.2/../../../../nios2-elf/lib/mno-hw-mul\libsmallc.a(lib_a-__call_atexit.o)
                              c:/altera/13.0sp1/nios2eds/bin/gnu/h-i686-mingw32/bin/../lib/gcc/nios2-elf/4.1.2/../../../../nios2-elf/lib/mno-hw-mul\libsmallc.a(lib_a-exit.o) (__call_exitprocs)
c:/altera/13.0sp1/nios2eds/bin/gnu/h-i686-mingw32/bin/../lib/gcc/nios2-elf/4.1.2/mno-hw-mul\libgcc.a(lib2-mul.o)
                              ../Bai1_bsp/\libhal_bsp.a(alt_write.o) (__mulsi3)
../Bai1_bsp/\libhal_bsp.a(alt_exit.o)
                              c:/altera/13.0sp1/nios2eds/bin/gnu/h-i686-mingw32/bin/../lib/gcc/nios2-elf/4.1.2/../../../../nios2-elf/lib/mno-hw-mul\libsmallc.a(lib_a-exit.o) (_exit)

Allocating common symbols
Common symbol       size              file

errno               0x4               c:/altera/13.0sp1/nios2eds/bin/gnu/h-i686-mingw32/bin/../lib/gcc/nios2-elf/4.1.2/../../../../nios2-elf/lib/mno-hw-mul\libsmallc.a(lib_a-int_errno.o)
_atexit0            0x8c              c:/altera/13.0sp1/nios2eds/bin/gnu/h-i686-mingw32/bin/../lib/gcc/nios2-elf/4.1.2/../../../../nios2-elf/lib/mno-hw-mul\libsmallc.a(lib_a-atexit.o)

Memory Configuration

Name             Origin             Length             Attributes
reset            0x00010000         0x00000020
onchip_memory2_0 0x00010020         0x00007fe0
*default*        0x00000000         0xffffffff

Linker script and memory map

LOAD ../Bai1_bsp//obj/HAL/src/crt0.o
LOAD obj/default/source.o
LOAD c:/altera/13.0sp1/nios2eds/bin/gnu/h-i686-mingw32/bin/../lib/gcc/nios2-elf/4.1.2/../../../../nios2-elf/lib/mno-hw-mul\libstdc++.a
LOAD c:/altera/13.0sp1/nios2eds/bin/gnu/h-i686-mingw32/bin/../lib/gcc/nios2-elf/4.1.2/../../../../nios2-elf/lib/mno-hw-mul\libm.a
LOAD c:/altera/13.0sp1/nios2eds/bin/gnu/h-i686-mingw32/bin/../lib/gcc/nios2-elf/4.1.2/mno-hw-mul\libgcc.a
START GROUP
LOAD c:/altera/13.0sp1/nios2eds/bin/gnu/h-i686-mingw32/bin/../lib/gcc/nios2-elf/4.1.2/../../../../nios2-elf/lib/mno-hw-mul\libsmallc.a
LOAD c:/altera/13.0sp1/nios2eds/bin/gnu/h-i686-mingw32/bin/../lib/gcc/nios2-elf/4.1.2/mno-hw-mul\libgcc.a
LOAD ../Bai1_bsp/\libhal_bsp.a
END GROUP
LOAD c:/altera/13.0sp1/nios2eds/bin/gnu/h-i686-mingw32/bin/../lib/gcc/nios2-elf/4.1.2/mno-hw-mul\libgcc.a
                0x00010000                __alt_mem_onchip_memory2_0 = 0x10000

.entry          0x00010000       0x20
 *(.entry)
 .entry         0x00010000       0x20 ../Bai1_bsp//obj/HAL/src/crt0.o
                0x00010000                __reset

.exceptions     0x00010020        0x0
                0x00010020                PROVIDE (__ram_exceptions_start, ABSOLUTE (.))
                0x00010020                . = ALIGN (0x20)
 *(.irq)
 *(.exceptions.entry.label)
 *(.exceptions.entry.user)
 *(.exceptions.entry)
 *(.exceptions.irqtest.user)
 *(.exceptions.irqtest)
 *(.exceptions.irqhandler.user)
 *(.exceptions.irqhandler)
 *(.exceptions.irqreturn.user)
 *(.exceptions.irqreturn)
 *(.exceptions.notirq.label)
 *(.exceptions.notirq.user)
 *(.exceptions.notirq)
 *(.exceptions.soft.user)
 *(.exceptions.soft)
 *(.exceptions.unknown.user)
 *(.exceptions.unknown)
 *(.exceptions.exit.label)
 *(.exceptions.exit.user)
 *(.exceptions.exit)
 *(.exceptions)
                0x00010020                PROVIDE (__ram_exceptions_end, ABSOLUTE (.))
                0x00010020                PROVIDE (__flash_exceptions_start, LOADADDR (.exceptions))

.text           0x00010020     0x175c
                0x00010020                PROVIDE (stext, ABSOLUTE (.))
 *(.interp)
 *(.hash)
 *(.dynsym)
 *(.dynstr)
 *(.gnu.version)
 *(.gnu.version_d)
 *(.gnu.version_r)
 *(.rel.init)
 *(.rela.init)
 *(.rel.text .rel.text.* .rel.gnu.linkonce.t.*)
 *(.rela.text .rela.text.* .rela.gnu.linkonce.t.*)
 *(.rel.fini)
 *(.rela.fini)
 *(.rel.rodata .rel.rodata.* .rel.gnu.linkonce.r.*)
 *(.rela.rodata .rela.rodata.* .rela.gnu.linkonce.r.*)
 *(.rel.data .rel.data.* .rel.gnu.linkonce.d.*)
 *(.rela.data .rela.data.* .rela.gnu.linkonce.d.*)
 *(.rel.tdata .rel.tdata.* .rel.gnu.linkonce.td.*)
 *(.rela.tdata .rela.tdata.* .rela.gnu.linkonce.td.*)
 *(.rel.tbss .rel.tbss.* .rel.gnu.linkonce.tb.*)
 *(.rela.tbss .rela.tbss.* .rela.gnu.linkonce.tb.*)
 *(.rel.ctors)
 *(.rela.ctors)
 *(.rel.dtors)
 *(.rela.dtors)
 *(.rel.got)
 *(.rela.got)
 *(.rel.sdata .rel.sdata.* .rel.gnu.linkonce.s.*)
 *(.rela.sdata .rela.sdata.* .rela.gnu.linkonce.s.*)
 *(.rel.sbss .rel.sbss.* .rel.gnu.linkonce.sb.*)
 *(.rela.sbss .rela.sbss.* .rela.gnu.linkonce.sb.*)
 *(.rel.sdata2 .rel.sdata2.* .rel.gnu.linkonce.s2.*)
 *(.rela.sdata2 .rela.sdata2.* .rela.gnu.linkonce.s2.*)
 *(.rel.sbss2 .rel.sbss2.* .rel.gnu.linkonce.sb2.*)
 *(.rela.sbss2 .rela.sbss2.* .rela.gnu.linkonce.sb2.*)
 *(.rel.bss .rel.bss.* .rel.gnu.linkonce.b.*)
 *(.rela.bss .rela.bss.* .rela.gnu.linkonce.b.*)
 *(.rel.plt)
 *(.rela.plt)
 *(.rel.dyn)
 *(.init)
 *(.plt)
 *(.text .stub .text.* .gnu.linkonce.t.*)
 .text          0x00010020       0x3c ../Bai1_bsp//obj/HAL/src/crt0.o
                0x00010020                _start
 .text          0x0001005c       0x30 obj/default/source.o
                0x0001005c                main
 .text          0x0001008c       0xa4 c:/altera/13.0sp1/nios2eds/bin/gnu/h-i686-mingw32/bin/../lib/gcc/nios2-elf/4.1.2/../../../../nios2-elf/lib/mno-hw-mul\libsmallc.a(lib_a-puts.o)
                0x0001008c                _puts_r
                0x0001011c                puts
 .text          0x00010130       0x20 c:/altera/13.0sp1/nios2eds/bin/gnu/h-i686-mingw32/bin/../lib/gcc/nios2-elf/4.1.2/../../../../nios2-elf/lib/mno-hw-mul\libsmallc.a(lib_a-strlen.o)
                0x00010130                strlen
 .text          0x00010150       0xbc c:/altera/13.0sp1/nios2eds/bin/gnu/h-i686-mingw32/bin/../lib/gcc/nios2-elf/4.1.2/../../../../nios2-elf/lib/mno-hw-mul\libsmallc.a(lib_a-fvwrite_small_dev.o)
                0x00010150                __sfvwrite_small_dev
 .text          0x0001020c        0x0 c:/altera/13.0sp1/nios2eds/bin/gnu/h-i686-mingw32/bin/../lib/gcc/nios2-elf/4.1.2/../../../../nios2-elf/lib/mno-hw-mul\libsmallc.a(lib_a-impure.o)
 .text          0x0001020c       0x78 c:/altera/13.0sp1/nios2eds/bin/gnu/h-i686-mingw32/bin/../lib/gcc/nios2-elf/4.1.2/../../../../nios2-elf/lib/mno-hw-mul\libsmallc.a(lib_a-writer.o)
                0x0001020c                _write_r
 .text          0x00010284        0x0 c:/altera/13.0sp1/nios2eds/bin/gnu/h-i686-mingw32/bin/../lib/gcc/nios2-elf/4.1.2/../../../../nios2-elf/lib/mno-hw-mul\libsmallc.a(lib_a-int_errno.o)
 .text          0x00010284       0xec ../Bai1_bsp/\libhal_bsp.a(alt_load.o)
                0x00010284                alt_load
 .text          0x00010370       0x6c ../Bai1_bsp/\libhal_bsp.a(alt_main.o)
                0x00010370                alt_main
 .text          0x000103dc      0x184 ../Bai1_bsp/\libhal_bsp.a(alt_write.o)
                0x000103dc                write
 .text          0x00010560       0x9c ../Bai1_bsp/\libhal_bsp.a(alt_sys_init.o)
                0x00010560                alt_irq_init
                0x00010594                alt_sys_init
 .text          0x000105fc       0xb0 ../Bai1_bsp/\libhal_bsp.a(altera_avalon_jtag_uart_fd.o)
                0x000105fc                altera_avalon_jtag_uart_read_fd
                0x00010654                altera_avalon_jtag_uart_write_fd
 .text          0x000106ac      0x104 ../Bai1_bsp/\libhal_bsp.a(altera_avalon_jtag_uart_read.o)
                0x000106ac                altera_avalon_jtag_uart_read
 .text          0x000107b0       0xa4 ../Bai1_bsp/\libhal_bsp.a(altera_avalon_jtag_uart_write.o)
                0x000107b0                altera_avalon_jtag_uart_write
 .text          0x00010854      0x160 ../Bai1_bsp/\libhal_bsp.a(alt_close.o)
                0x00010854                close
 .text          0x000109b4       0x1c ../Bai1_bsp/\libhal_bsp.a(alt_dcache_flush_all.o)
                0x000109b4                alt_dcache_flush_all
 .text          0x000109d0       0x2c ../Bai1_bsp/\libhal_bsp.a(alt_dev.o)
 .text          0x000109fc      0x114 ../Bai1_bsp/\libhal_bsp.a(alt_dev_llist_insert.o)
                0x000109fc                alt_dev_llist_insert
 .text          0x00010b10       0x64 ../Bai1_bsp/\libhal_bsp.a(alt_do_ctors.o)
                0x00010b10                _do_ctors
 .text          0x00010b74       0x64 ../Bai1_bsp/\libhal_bsp.a(alt_do_dtors.o)
                0x00010b74                _do_dtors
 .text          0x00010bd8        0x0 ../Bai1_bsp/\libhal_bsp.a(alt_errno.o)
 .text          0x00010bd8       0x1c ../Bai1_bsp/\libhal_bsp.a(alt_icache_flush_all.o)
                0x00010bd8                alt_icache_flush_all
 .text          0x00010bf4      0x150 ../Bai1_bsp/\libhal_bsp.a(alt_io_redirect.o)
                0x00010ccc                alt_io_redirect
 .text          0x00010d44      0x2e4 ../Bai1_bsp/\libhal_bsp.a(alt_open.o)
                0x00010e3c                open
 .text          0x00011028       0x78 ../Bai1_bsp/\libhal_bsp.a(alt_release_fd.o)
                0x00011028                alt_release_fd
 .text          0x000110a0       0x20 ../Bai1_bsp/\libhal_bsp.a(altera_nios2_qsys_irq.o)
                0x000110a0                altera_nios2_qsys_irq_init
 .text          0x000110c0       0x94 ../Bai1_bsp/\libhal_bsp.a(alt_find_dev.o)
                0x000110c0                alt_find_dev
 .text          0x00011154      0x120 ../Bai1_bsp/\libhal_bsp.a(alt_find_file.o)
                0x00011154                alt_find_file
 .text          0x00011274       0xd0 ../Bai1_bsp/\libhal_bsp.a(alt_get_fd.o)
                0x00011274                alt_get_fd
 .text          0x00011344       0x14 c:/altera/13.0sp1/nios2eds/bin/gnu/h-i686-mingw32/bin/../lib/gcc/nios2-elf/4.1.2/../../../../nios2-elf/lib/mno-hw-mul\libsmallc.a(lib_a-atexit.o)
                0x00011344                atexit
 .text          0x00011358       0x20 c:/altera/13.0sp1/nios2eds/bin/gnu/h-i686-mingw32/bin/../lib/gcc/nios2-elf/4.1.2/../../../../nios2-elf/lib/mno-hw-mul\libsmallc.a(lib_a-exit.o)
                0x00011358                exit
 .text          0x00011378       0x3c c:/altera/13.0sp1/nios2eds/bin/gnu/h-i686-mingw32/bin/../lib/gcc/nios2-elf/4.1.2/../../../../nios2-elf/lib/mno-hw-mul\libsmallc.a(lib_a-memcmp.o)
                0x00011378                memcmp
 .text          0x000113b4      0x16c c:/altera/13.0sp1/nios2eds/bin/gnu/h-i686-mingw32/bin/../lib/gcc/nios2-elf/4.1.2/../../../../nios2-elf/lib/mno-hw-mul\libsmallc.a(lib_a-__atexit.o)
                0x000113b4                __register_exitproc
 .text          0x00011520      0x1c0 c:/altera/13.0sp1/nios2eds/bin/gnu/h-i686-mingw32/bin/../lib/gcc/nios2-elf/4.1.2/../../../../nios2-elf/lib/mno-hw-mul\libsmallc.a(lib_a-__call_atexit.o)
                0x00011524                __call_exitprocs
 .text          0x000116e0       0x38 c:/altera/13.0sp1/nios2eds/bin/gnu/h-i686-mingw32/bin/../lib/gcc/nios2-elf/4.1.2/mno-hw-mul\libgcc.a(lib2-mul.o)
                0x000116e0                __mulsi3
 .text          0x00011718       0x60 ../Bai1_bsp/\libhal_bsp.a(alt_exit.o)
                0x00011758                _exit
 *(.gnu.warning.*)
 *(.fini)
                0x00011778                PROVIDE (__etext, ABSOLUTE (.))
                0x00011778                PROVIDE (_etext, ABSOLUTE (.))
                0x00011778                PROVIDE (etext, ABSOLUTE (.))
 *(.eh_frame_hdr)
                0x00011778                . = ALIGN (0x4)
                0x00011778                PROVIDE (__preinit_array_start, ABSOLUTE (.))
 *(.preinit_array)
                0x00011778                PROVIDE (__preinit_array_end, ABSOLUTE (.))
                0x00011778                PROVIDE (__init_array_start, ABSOLUTE (.))
 *(.init_array)
                0x00011778                PROVIDE (__init_array_end, ABSOLUTE (.))
                0x00011778                PROVIDE (__fini_array_start, ABSOLUTE (.))
 *(.fini_array)
                0x00011778                PROVIDE (__fini_array_end, ABSOLUTE (.))
 *(.eh_frame)
 *(.gcc_except_table)
 *(.dynamic)
                0x00011778                PROVIDE (__CTOR_LIST__, ABSOLUTE (.))
 *(.ctors)
 *(SORT(.ctors.*))
 .ctors.65535   0x00011778        0x4 c:/altera/13.0sp1/nios2eds/bin/gnu/h-i686-mingw32/bin/../lib/gcc/nios2-elf/4.1.2/../../../../nios2-elf/lib/mno-hw-mul\libsmallc.a(lib_a-__call_atexit.o)
                0x0001177c                PROVIDE (__CTOR_END__, ABSOLUTE (.))
                0x0001177c                PROVIDE (__DTOR_LIST__, ABSOLUTE (.))
 *(.dtors)
 *(SORT(.dtors.*))
                0x0001177c                PROVIDE (__DTOR_END__, ABSOLUTE (.))
 *(.jcr)
                0x0001177c                . = ALIGN (0x4)

.rodata         0x0001177c       0x4c
                0x0001177c                PROVIDE (__ram_rodata_start, ABSOLUTE (.))
                0x0001177c                . = ALIGN (0x4)
 *(.rodata .rodata.* .gnu.linkonce.r.*)
 .rodata        0x0001177c       0x14 obj/default/source.o
 .rodata.str1.4
                0x00011790        0x4 c:/altera/13.0sp1/nios2eds/bin/gnu/h-i686-mingw32/bin/../lib/gcc/nios2-elf/4.1.2/../../../../nios2-elf/lib/mno-hw-mul\libsmallc.a(lib_a-puts.o)
 .rodata        0x00011794       0x14 ../Bai1_bsp/\libhal_bsp.a(alt_main.o)
 .rodata        0x000117a8       0x14 ../Bai1_bsp/\libhal_bsp.a(alt_sys_init.o)
 .rodata        0x000117bc        0xc ../Bai1_bsp/\libhal_bsp.a(alt_dev.o)
 *(.rodata1)
                0x000117c8                . = ALIGN (0x4)
                0x000117c8                PROVIDE (__ram_rodata_end, ABSOLUTE (.))
                0x0001177c                PROVIDE (__flash_rodata_start, LOADADDR (.rodata))

.rwdata         0x000117c8      0x2d4 load address 0x00011a9c
                0x000117c8                PROVIDE (__ram_rwdata_start, ABSOLUTE (.))
                0x000117c8                . = ALIGN (0x4)
 *(.got.plt)
 *(.got)
 *(.data1)
 *(.data .data.* .gnu.linkonce.d.*)
 .data          0x000117c8        0x0 ../Bai1_bsp//obj/HAL/src/crt0.o
 .data          0x000117c8        0x0 obj/default/source.o
 .data          0x000117c8        0x0 c:/altera/13.0sp1/nios2eds/bin/gnu/h-i686-mingw32/bin/../lib/gcc/nios2-elf/4.1.2/../../../../nios2-elf/lib/mno-hw-mul\libsmallc.a(lib_a-puts.o)
 .data          0x000117c8        0x0 c:/altera/13.0sp1/nios2eds/bin/gnu/h-i686-mingw32/bin/../lib/gcc/nios2-elf/4.1.2/../../../../nios2-elf/lib/mno-hw-mul\libsmallc.a(lib_a-strlen.o)
 .data          0x000117c8        0x0 c:/altera/13.0sp1/nios2eds/bin/gnu/h-i686-mingw32/bin/../lib/gcc/nios2-elf/4.1.2/../../../../nios2-elf/lib/mno-hw-mul\libsmallc.a(lib_a-fvwrite_small_dev.o)
 .data          0x000117c8       0xe0 c:/altera/13.0sp1/nios2eds/bin/gnu/h-i686-mingw32/bin/../lib/gcc/nios2-elf/4.1.2/../../../../nios2-elf/lib/mno-hw-mul\libsmallc.a(lib_a-impure.o)
 .data          0x000118a8        0x0 c:/altera/13.0sp1/nios2eds/bin/gnu/h-i686-mingw32/bin/../lib/gcc/nios2-elf/4.1.2/../../../../nios2-elf/lib/mno-hw-mul\libsmallc.a(lib_a-writer.o)
 .data          0x000118a8        0x0 c:/altera/13.0sp1/nios2eds/bin/gnu/h-i686-mingw32/bin/../lib/gcc/nios2-elf/4.1.2/../../../../nios2-elf/lib/mno-hw-mul\libsmallc.a(lib_a-int_errno.o)
 .data          0x000118a8        0x0 ../Bai1_bsp/\libhal_bsp.a(alt_load.o)
 .data          0x000118a8        0x0 ../Bai1_bsp/\libhal_bsp.a(alt_main.o)
 .data          0x000118a8        0x0 ../Bai1_bsp/\libhal_bsp.a(alt_write.o)
 .data          0x000118a8       0x2c ../Bai1_bsp/\libhal_bsp.a(alt_sys_init.o)
 .data          0x000118d4        0x0 ../Bai1_bsp/\libhal_bsp.a(altera_avalon_jtag_uart_fd.o)
 .data          0x000118d4        0x0 ../Bai1_bsp/\libhal_bsp.a(altera_avalon_jtag_uart_read.o)
 .data          0x000118d4        0x0 ../Bai1_bsp/\libhal_bsp.a(altera_avalon_jtag_uart_write.o)
 .data          0x000118d4        0x0 ../Bai1_bsp/\libhal_bsp.a(alt_close.o)
 .data          0x000118d4        0x0 ../Bai1_bsp/\libhal_bsp.a(alt_dcache_flush_all.o)
 .data          0x000118d4      0x1a8 ../Bai1_bsp/\libhal_bsp.a(alt_dev.o)
                0x000118d4                alt_dev_null
                0x000118fc                alt_fd_list
 .data          0x00011a7c        0x0 ../Bai1_bsp/\libhal_bsp.a(alt_dev_llist_insert.o)
 .data          0x00011a7c        0x0 ../Bai1_bsp/\libhal_bsp.a(alt_do_ctors.o)
 .data          0x00011a7c        0x0 ../Bai1_bsp/\libhal_bsp.a(alt_do_dtors.o)
 .data          0x00011a7c        0x0 ../Bai1_bsp/\libhal_bsp.a(alt_errno.o)
 .data          0x00011a7c        0x0 ../Bai1_bsp/\libhal_bsp.a(alt_icache_flush_all.o)
 .data          0x00011a7c        0x0 ../Bai1_bsp/\libhal_bsp.a(alt_io_redirect.o)
 .data          0x00011a7c        0x0 ../Bai1_bsp/\libhal_bsp.a(alt_open.o)
 .data          0x00011a7c        0x0 ../Bai1_bsp/\libhal_bsp.a(alt_release_fd.o)
 .data          0x00011a7c        0x0 ../Bai1_bsp/\libhal_bsp.a(altera_nios2_qsys_irq.o)
 .data          0x00011a7c        0x0 ../Bai1_bsp/\libhal_bsp.a(alt_find_dev.o)
 .data          0x00011a7c        0x0 ../Bai1_bsp/\libhal_bsp.a(alt_find_file.o)
 .data          0x00011a7c        0x0 ../Bai1_bsp/\libhal_bsp.a(alt_get_fd.o)
 .data          0x00011a7c        0x0 c:/altera/13.0sp1/nios2eds/bin/gnu/h-i686-mingw32/bin/../lib/gcc/nios2-elf/4.1.2/../../../../nios2-elf/lib/mno-hw-mul\libsmallc.a(lib_a-atexit.o)
 .data          0x00011a7c        0x0 c:/altera/13.0sp1/nios2eds/bin/gnu/h-i686-mingw32/bin/../lib/gcc/nios2-elf/4.1.2/../../../../nios2-elf/lib/mno-hw-mul\libsmallc.a(lib_a-exit.o)
 .data          0x00011a7c        0x0 c:/altera/13.0sp1/nios2eds/bin/gnu/h-i686-mingw32/bin/../lib/gcc/nios2-elf/4.1.2/../../../../nios2-elf/lib/mno-hw-mul\libsmallc.a(lib_a-memcmp.o)
 .data          0x00011a7c        0x0 c:/altera/13.0sp1/nios2eds/bin/gnu/h-i686-mingw32/bin/../lib/gcc/nios2-elf/4.1.2/../../../../nios2-elf/lib/mno-hw-mul\libsmallc.a(lib_a-__atexit.o)
 .data          0x00011a7c        0x0 c:/altera/13.0sp1/nios2eds/bin/gnu/h-i686-mingw32/bin/../lib/gcc/nios2-elf/4.1.2/../../../../nios2-elf/lib/mno-hw-mul\libsmallc.a(lib_a-__call_atexit.o)
 .data          0x00011a7c        0x0 c:/altera/13.0sp1/nios2eds/bin/gnu/h-i686-mingw32/bin/../lib/gcc/nios2-elf/4.1.2/mno-hw-mul\libgcc.a(lib2-mul.o)
 .data          0x00011a7c        0x0 ../Bai1_bsp/\libhal_bsp.a(alt_exit.o)
                0x00019a7c                _gp = ABSOLUTE ((. + 0x8000))
                0x00019a7c                PROVIDE (gp, _gp)
 *(.rwdata .rwdata.*)
 *(.sdata .sdata.* .gnu.linkonce.s.*)
 .sdata         0x00011a7c        0x8 c:/altera/13.0sp1/nios2eds/bin/gnu/h-i686-mingw32/bin/../lib/gcc/nios2-elf/4.1.2/../../../../nios2-elf/lib/mno-hw-mul\libsmallc.a(lib_a-impure.o)
                0x00011a7c                _impure_ptr
                0x00011a80                _global_impure_ptr
 .sdata         0x00011a84       0x14 ../Bai1_bsp/\libhal_bsp.a(alt_dev.o)
                0x00011a84                alt_fs_list
                0x00011a8c                alt_dev_list
                0x00011a94                alt_max_fd
 .sdata         0x00011a98        0x4 ../Bai1_bsp/\libhal_bsp.a(alt_errno.o)
                0x00011a98                alt_errno
 *(.sdata2 .sdata2.* .gnu.linkonce.s2.*)
                0x00011a9c                . = ALIGN (0x4)
                0x00011a9c                _edata = ABSOLUTE (.)
                0x00011a9c                PROVIDE (edata, ABSOLUTE (.))
                0x00011a9c                PROVIDE (__ram_rwdata_end, ABSOLUTE (.))
                0x00011a9c                PROVIDE (__flash_rwdata_start, LOADADDR (.rwdata))

.bss            0x00011d70       0x9c
                0x00011d70                __bss_start = ABSOLUTE (.)
                0x00011d70                PROVIDE (__sbss_start, ABSOLUTE (.))
                0x00011d70                PROVIDE (___sbss_start, ABSOLUTE (.))
 *(.dynsbss)
 *(.sbss .sbss.* .gnu.linkonce.sb.*)
 .sbss          0x00011d70        0x4 c:/altera/13.0sp1/nios2eds/bin/gnu/h-i686-mingw32/bin/../lib/gcc/nios2-elf/4.1.2/../../../../nios2-elf/lib/mno-hw-mul\libsmallc.a(lib_a-int_errno.o)
                0x00011d70                errno
 .sbss          0x00011d74        0xc ../Bai1_bsp/\libhal_bsp.a(alt_main.o)
                0x00011d74                alt_argc
                0x00011d78                alt_argv
                0x00011d7c                alt_envp
 *(.sbss2 .sbss2.* .gnu.linkonce.sb2.*)
 *(.scommon)
                0x00011d80                PROVIDE (__sbss_end, ABSOLUTE (.))
                0x00011d80                PROVIDE (___sbss_end, ABSOLUTE (.))
 *(.dynbss)
 *(.bss .bss.* .gnu.linkonce.b.*)
 .bss           0x00011d80        0x0 ../Bai1_bsp//obj/HAL/src/crt0.o
 .bss           0x00011d80        0x0 obj/default/source.o
 .bss           0x00011d80        0x0 c:/altera/13.0sp1/nios2eds/bin/gnu/h-i686-mingw32/bin/../lib/gcc/nios2-elf/4.1.2/../../../../nios2-elf/lib/mno-hw-mul\libsmallc.a(lib_a-puts.o)
 .bss           0x00011d80        0x0 c:/altera/13.0sp1/nios2eds/bin/gnu/h-i686-mingw32/bin/../lib/gcc/nios2-elf/4.1.2/../../../../nios2-elf/lib/mno-hw-mul\libsmallc.a(lib_a-strlen.o)
 .bss           0x00011d80        0x0 c:/altera/13.0sp1/nios2eds/bin/gnu/h-i686-mingw32/bin/../lib/gcc/nios2-elf/4.1.2/../../../../nios2-elf/lib/mno-hw-mul\libsmallc.a(lib_a-fvwrite_small_dev.o)
 .bss           0x00011d80        0x0 c:/altera/13.0sp1/nios2eds/bin/gnu/h-i686-mingw32/bin/../lib/gcc/nios2-elf/4.1.2/../../../../nios2-elf/lib/mno-hw-mul\libsmallc.a(lib_a-impure.o)
 .bss           0x00011d80        0x0 c:/altera/13.0sp1/nios2eds/bin/gnu/h-i686-mingw32/bin/../lib/gcc/nios2-elf/4.1.2/../../../../nios2-elf/lib/mno-hw-mul\libsmallc.a(lib_a-writer.o)
 .bss           0x00011d80        0x0 c:/altera/13.0sp1/nios2eds/bin/gnu/h-i686-mingw32/bin/../lib/gcc/nios2-elf/4.1.2/../../../../nios2-elf/lib/mno-hw-mul\libsmallc.a(lib_a-int_errno.o)
 .bss           0x00011d80        0x0 ../Bai1_bsp/\libhal_bsp.a(alt_load.o)
 .bss           0x00011d80        0x0 ../Bai1_bsp/\libhal_bsp.a(alt_main.o)
 .bss           0x00011d80        0x0 ../Bai1_bsp/\libhal_bsp.a(alt_write.o)
 .bss           0x00011d80        0x0 ../Bai1_bsp/\libhal_bsp.a(alt_sys_init.o)
 .bss           0x00011d80        0x0 ../Bai1_bsp/\libhal_bsp.a(altera_avalon_jtag_uart_fd.o)
 .bss           0x00011d80        0x0 ../Bai1_bsp/\libhal_bsp.a(altera_avalon_jtag_uart_read.o)
 .bss           0x00011d80        0x0 ../Bai1_bsp/\libhal_bsp.a(altera_avalon_jtag_uart_write.o)
 .bss           0x00011d80        0x0 ../Bai1_bsp/\libhal_bsp.a(alt_close.o)
 .bss           0x00011d80        0x0 ../Bai1_bsp/\libhal_bsp.a(alt_dcache_flush_all.o)
 .bss           0x00011d80        0x0 ../Bai1_bsp/\libhal_bsp.a(alt_dev.o)
 .bss           0x00011d80        0x0 ../Bai1_bsp/\libhal_bsp.a(alt_dev_llist_insert.o)
 .bss           0x00011d80        0x0 ../Bai1_bsp/\libhal_bsp.a(alt_do_ctors.o)
 .bss           0x00011d80        0x0 ../Bai1_bsp/\libhal_bsp.a(alt_do_dtors.o)
 .bss           0x00011d80        0x0 ../Bai1_bsp/\libhal_bsp.a(alt_errno.o)
 .bss           0x00011d80        0x0 ../Bai1_bsp/\libhal_bsp.a(alt_icache_flush_all.o)
 .bss           0x00011d80        0x0 ../Bai1_bsp/\libhal_bsp.a(alt_io_redirect.o)
 .bss           0x00011d80        0x0 ../Bai1_bsp/\libhal_bsp.a(alt_open.o)
 .bss           0x00011d80        0x0 ../Bai1_bsp/\libhal_bsp.a(alt_release_fd.o)
 .bss           0x00011d80        0x0 ../Bai1_bsp/\libhal_bsp.a(altera_nios2_qsys_irq.o)
 .bss           0x00011d80        0x0 ../Bai1_bsp/\libhal_bsp.a(alt_find_dev.o)
 .bss           0x00011d80        0x0 ../Bai1_bsp/\libhal_bsp.a(alt_find_file.o)
 .bss           0x00011d80        0x0 ../Bai1_bsp/\libhal_bsp.a(alt_get_fd.o)
 .bss           0x00011d80        0x0 c:/altera/13.0sp1/nios2eds/bin/gnu/h-i686-mingw32/bin/../lib/gcc/nios2-elf/4.1.2/../../../../nios2-elf/lib/mno-hw-mul\libsmallc.a(lib_a-atexit.o)
 .bss           0x00011d80        0x0 c:/altera/13.0sp1/nios2eds/bin/gnu/h-i686-mingw32/bin/../lib/gcc/nios2-elf/4.1.2/../../../../nios2-elf/lib/mno-hw-mul\libsmallc.a(lib_a-exit.o)
 .bss           0x00011d80        0x0 c:/altera/13.0sp1/nios2eds/bin/gnu/h-i686-mingw32/bin/../lib/gcc/nios2-elf/4.1.2/../../../../nios2-elf/lib/mno-hw-mul\libsmallc.a(lib_a-memcmp.o)
 .bss           0x00011d80        0x0 c:/altera/13.0sp1/nios2eds/bin/gnu/h-i686-mingw32/bin/../lib/gcc/nios2-elf/4.1.2/../../../../nios2-elf/lib/mno-hw-mul\libsmallc.a(lib_a-__atexit.o)
 .bss           0x00011d80        0x0 c:/altera/13.0sp1/nios2eds/bin/gnu/h-i686-mingw32/bin/../lib/gcc/nios2-elf/4.1.2/../../../../nios2-elf/lib/mno-hw-mul\libsmallc.a(lib_a-__call_atexit.o)
 .bss           0x00011d80        0x0 c:/altera/13.0sp1/nios2eds/bin/gnu/h-i686-mingw32/bin/../lib/gcc/nios2-elf/4.1.2/mno-hw-mul\libgcc.a(lib2-mul.o)
 .bss           0x00011d80        0x0 ../Bai1_bsp/\libhal_bsp.a(alt_exit.o)
 *(COMMON)
 COMMON         0x00011d80       0x8c c:/altera/13.0sp1/nios2eds/bin/gnu/h-i686-mingw32/bin/../lib/gcc/nios2-elf/4.1.2/../../../../nios2-elf/lib/mno-hw-mul\libsmallc.a(lib_a-atexit.o)
                0x00011d80                _atexit0
                0x00011e0c                . = ALIGN (0x4)
                0x00011e0c                __bss_end = ABSOLUTE (.)

.onchip_memory2_0
                0x00011e0c        0x0
                0x00011e0c                PROVIDE (_alt_partition_onchip_memory2_0_start, ABSOLUTE (.))
 *(.onchip_memory2_0. onchip_memory2_0.*)
                0x00011e0c                . = ALIGN (0x4)
                0x00011e0c                PROVIDE (_alt_partition_onchip_memory2_0_end, ABSOLUTE (.))
                0x00011e0c                _end = ABSOLUTE (.)
                0x00011e0c                end = ABSOLUTE (.)
                0x00011e0c                __alt_stack_base = ABSOLUTE (.)
                0x00011e0c                PROVIDE (_alt_partition_onchip_memory2_0_load_addr, LOADADDR (.onchip_memory2_0))

.stab
 *(.stab)

.stabstr
 *(.stabstr)

.stab.excl
 *(.stab.excl)

.stab.exclstr
 *(.stab.exclstr)

.stab.index
 *(.stab.index)

.stab.indexstr
 *(.stab.indexstr)

.comment        0x00000000       0x26
 *(.comment)
 .comment       0x00000000       0x26 obj/default/source.o
                                 0x27 (size before relaxing)
 .comment       0x00000000       0x27 c:/altera/13.0sp1/nios2eds/bin/gnu/h-i686-mingw32/bin/../lib/gcc/nios2-elf/4.1.2/../../../../nios2-elf/lib/mno-hw-mul\libsmallc.a(lib_a-puts.o)
 .comment       0x00000000       0x27 c:/altera/13.0sp1/nios2eds/bin/gnu/h-i686-mingw32/bin/../lib/gcc/nios2-elf/4.1.2/../../../../nios2-elf/lib/mno-hw-mul\libsmallc.a(lib_a-strlen.o)
 .comment       0x00000000       0x27 c:/altera/13.0sp1/nios2eds/bin/gnu/h-i686-mingw32/bin/../lib/gcc/nios2-elf/4.1.2/../../../../nios2-elf/lib/mno-hw-mul\libsmallc.a(lib_a-fvwrite_small_dev.o)
 .comment       0x00000000       0x27 c:/altera/13.0sp1/nios2eds/bin/gnu/h-i686-mingw32/bin/../lib/gcc/nios2-elf/4.1.2/../../../../nios2-elf/lib/mno-hw-mul\libsmallc.a(lib_a-impure.o)
 .comment       0x00000000       0x27 c:/altera/13.0sp1/nios2eds/bin/gnu/h-i686-mingw32/bin/../lib/gcc/nios2-elf/4.1.2/../../../../nios2-elf/lib/mno-hw-mul\libsmallc.a(lib_a-writer.o)
 .comment       0x00000000       0x27 c:/altera/13.0sp1/nios2eds/bin/gnu/h-i686-mingw32/bin/../lib/gcc/nios2-elf/4.1.2/../../../../nios2-elf/lib/mno-hw-mul\libsmallc.a(lib_a-int_errno.o)
 .comment       0x00000000       0x27 ../Bai1_bsp/\libhal_bsp.a(alt_load.o)
 .comment       0x00000000       0x27 ../Bai1_bsp/\libhal_bsp.a(alt_main.o)
 .comment       0x00000000       0x27 ../Bai1_bsp/\libhal_bsp.a(alt_write.o)
 .comment       0x00000000       0x27 ../Bai1_bsp/\libhal_bsp.a(alt_sys_init.o)
 .comment       0x00000000       0x27 ../Bai1_bsp/\libhal_bsp.a(altera_avalon_jtag_uart_fd.o)
 .comment       0x00000000       0x27 ../Bai1_bsp/\libhal_bsp.a(altera_avalon_jtag_uart_read.o)
 .comment       0x00000000       0x27 ../Bai1_bsp/\libhal_bsp.a(altera_avalon_jtag_uart_write.o)
 .comment       0x00000000       0x27 ../Bai1_bsp/\libhal_bsp.a(alt_close.o)
 .comment       0x00000000       0x27 ../Bai1_bsp/\libhal_bsp.a(alt_dcache_flush_all.o)
 .comment       0x00000000       0x27 ../Bai1_bsp/\libhal_bsp.a(alt_dev.o)
 .comment       0x00000000       0x27 ../Bai1_bsp/\libhal_bsp.a(alt_dev_llist_insert.o)
 .comment       0x00000000       0x27 ../Bai1_bsp/\libhal_bsp.a(alt_do_ctors.o)
 .comment       0x00000000       0x27 ../Bai1_bsp/\libhal_bsp.a(alt_do_dtors.o)
 .comment       0x00000000       0x27 ../Bai1_bsp/\libhal_bsp.a(alt_errno.o)
 .comment       0x00000000       0x27 ../Bai1_bsp/\libhal_bsp.a(alt_icache_flush_all.o)
 .comment       0x00000000       0x27 ../Bai1_bsp/\libhal_bsp.a(alt_io_redirect.o)
 .comment       0x00000000       0x27 ../Bai1_bsp/\libhal_bsp.a(alt_open.o)
 .comment       0x00000000       0x27 ../Bai1_bsp/\libhal_bsp.a(alt_release_fd.o)
 .comment       0x00000000       0x27 ../Bai1_bsp/\libhal_bsp.a(altera_nios2_qsys_irq.o)
 .comment       0x00000000       0x27 ../Bai1_bsp/\libhal_bsp.a(alt_find_dev.o)
 .comment       0x00000000       0x27 ../Bai1_bsp/\libhal_bsp.a(alt_find_file.o)
 .comment       0x00000000       0x27 ../Bai1_bsp/\libhal_bsp.a(alt_get_fd.o)
 .comment       0x00000000       0x27 c:/altera/13.0sp1/nios2eds/bin/gnu/h-i686-mingw32/bin/../lib/gcc/nios2-elf/4.1.2/../../../../nios2-elf/lib/mno-hw-mul\libsmallc.a(lib_a-atexit.o)
 .comment       0x00000000       0x27 c:/altera/13.0sp1/nios2eds/bin/gnu/h-i686-mingw32/bin/../lib/gcc/nios2-elf/4.1.2/../../../../nios2-elf/lib/mno-hw-mul\libsmallc.a(lib_a-exit.o)
 .comment       0x00000000       0x27 c:/altera/13.0sp1/nios2eds/bin/gnu/h-i686-mingw32/bin/../lib/gcc/nios2-elf/4.1.2/../../../../nios2-elf/lib/mno-hw-mul\libsmallc.a(lib_a-memcmp.o)
 .comment       0x00000000       0x27 c:/altera/13.0sp1/nios2eds/bin/gnu/h-i686-mingw32/bin/../lib/gcc/nios2-elf/4.1.2/../../../../nios2-elf/lib/mno-hw-mul\libsmallc.a(lib_a-__atexit.o)
 .comment       0x00000000       0x27 c:/altera/13.0sp1/nios2eds/bin/gnu/h-i686-mingw32/bin/../lib/gcc/nios2-elf/4.1.2/../../../../nios2-elf/lib/mno-hw-mul\libsmallc.a(lib_a-__call_atexit.o)
 .comment       0x00000000       0x27 c:/altera/13.0sp1/nios2eds/bin/gnu/h-i686-mingw32/bin/../lib/gcc/nios2-elf/4.1.2/mno-hw-mul\libgcc.a(lib2-mul.o)
 .comment       0x00000000       0x27 ../Bai1_bsp/\libhal_bsp.a(alt_exit.o)

.debug
 *(.debug)

.line
 *(.line)

.debug_srcinfo
 *(.debug_srcinfo)

.debug_sfnames
 *(.debug_sfnames)

.debug_aranges  0x00000000      0x448
 *(.debug_aranges)
 .debug_aranges
                0x00000000       0x28 ../Bai1_bsp//obj/HAL/src/crt0.o
 .debug_aranges
                0x00000028       0x20 obj/default/source.o
 .debug_aranges
                0x00000048       0x20 c:/altera/13.0sp1/nios2eds/bin/gnu/h-i686-mingw32/bin/../lib/gcc/nios2-elf/4.1.2/../../../../nios2-elf/lib/mno-hw-mul\libsmallc.a(lib_a-puts.o)
 .debug_aranges
                0x00000068       0x20 c:/altera/13.0sp1/nios2eds/bin/gnu/h-i686-mingw32/bin/../lib/gcc/nios2-elf/4.1.2/../../../../nios2-elf/lib/mno-hw-mul\libsmallc.a(lib_a-strlen.o)
 .debug_aranges
                0x00000088       0x20 c:/altera/13.0sp1/nios2eds/bin/gnu/h-i686-mingw32/bin/../lib/gcc/nios2-elf/4.1.2/../../../../nios2-elf/lib/mno-hw-mul\libsmallc.a(lib_a-fvwrite_small_dev.o)
 .debug_aranges
                0x000000a8       0x20 c:/altera/13.0sp1/nios2eds/bin/gnu/h-i686-mingw32/bin/../lib/gcc/nios2-elf/4.1.2/../../../../nios2-elf/lib/mno-hw-mul\libsmallc.a(lib_a-writer.o)
 .debug_aranges
                0x000000c8       0x20 ../Bai1_bsp/\libhal_bsp.a(alt_load.o)
 .debug_aranges
                0x000000e8       0x20 ../Bai1_bsp/\libhal_bsp.a(alt_main.o)
 .debug_aranges
                0x00000108       0x20 ../Bai1_bsp/\libhal_bsp.a(alt_write.o)
 .debug_aranges
                0x00000128       0x20 ../Bai1_bsp/\libhal_bsp.a(alt_sys_init.o)
 .debug_aranges
                0x00000148       0x20 ../Bai1_bsp/\libhal_bsp.a(altera_avalon_jtag_uart_fd.o)
 .debug_aranges
                0x00000168       0x20 ../Bai1_bsp/\libhal_bsp.a(altera_avalon_jtag_uart_read.o)
 .debug_aranges
                0x00000188       0x20 ../Bai1_bsp/\libhal_bsp.a(altera_avalon_jtag_uart_write.o)
 .debug_aranges
                0x000001a8       0x20 ../Bai1_bsp/\libhal_bsp.a(alt_close.o)
 .debug_aranges
                0x000001c8       0x20 ../Bai1_bsp/\libhal_bsp.a(alt_dcache_flush_all.o)
 .debug_aranges
                0x000001e8       0x20 ../Bai1_bsp/\libhal_bsp.a(alt_dev.o)
 .debug_aranges
                0x00000208       0x20 ../Bai1_bsp/\libhal_bsp.a(alt_dev_llist_insert.o)
 .debug_aranges
                0x00000228       0x20 ../Bai1_bsp/\libhal_bsp.a(alt_do_ctors.o)
 .debug_aranges
                0x00000248       0x20 ../Bai1_bsp/\libhal_bsp.a(alt_do_dtors.o)
 .debug_aranges
                0x00000268       0x20 ../Bai1_bsp/\libhal_bsp.a(alt_icache_flush_all.o)
 .debug_aranges
                0x00000288       0x20 ../Bai1_bsp/\libhal_bsp.a(alt_io_redirect.o)
 .debug_aranges
                0x000002a8       0x20 ../Bai1_bsp/\libhal_bsp.a(alt_open.o)
 .debug_aranges
                0x000002c8       0x20 ../Bai1_bsp/\libhal_bsp.a(alt_release_fd.o)
 .debug_aranges
                0x000002e8       0x20 ../Bai1_bsp/\libhal_bsp.a(altera_nios2_qsys_irq.o)
 .debug_aranges
                0x00000308       0x20 ../Bai1_bsp/\libhal_bsp.a(alt_find_dev.o)
 .debug_aranges
                0x00000328       0x20 ../Bai1_bsp/\libhal_bsp.a(alt_find_file.o)
 .debug_aranges
                0x00000348       0x20 ../Bai1_bsp/\libhal_bsp.a(alt_get_fd.o)
 .debug_aranges
                0x00000368       0x20 c:/altera/13.0sp1/nios2eds/bin/gnu/h-i686-mingw32/bin/../lib/gcc/nios2-elf/4.1.2/../../../../nios2-elf/lib/mno-hw-mul\libsmallc.a(lib_a-atexit.o)
 .debug_aranges
                0x00000388       0x20 c:/altera/13.0sp1/nios2eds/bin/gnu/h-i686-mingw32/bin/../lib/gcc/nios2-elf/4.1.2/../../../../nios2-elf/lib/mno-hw-mul\libsmallc.a(lib_a-exit.o)
 .debug_aranges
                0x000003a8       0x20 c:/altera/13.0sp1/nios2eds/bin/gnu/h-i686-mingw32/bin/../lib/gcc/nios2-elf/4.1.2/../../../../nios2-elf/lib/mno-hw-mul\libsmallc.a(lib_a-memcmp.o)
 .debug_aranges
                0x000003c8       0x20 c:/altera/13.0sp1/nios2eds/bin/gnu/h-i686-mingw32/bin/../lib/gcc/nios2-elf/4.1.2/../../../../nios2-elf/lib/mno-hw-mul\libsmallc.a(lib_a-__atexit.o)
 .debug_aranges
                0x000003e8       0x20 c:/altera/13.0sp1/nios2eds/bin/gnu/h-i686-mingw32/bin/../lib/gcc/nios2-elf/4.1.2/../../../../nios2-elf/lib/mno-hw-mul\libsmallc.a(lib_a-__call_atexit.o)
 .debug_aranges
                0x00000408       0x20 c:/altera/13.0sp1/nios2eds/bin/gnu/h-i686-mingw32/bin/../lib/gcc/nios2-elf/4.1.2/mno-hw-mul\libgcc.a(lib2-mul.o)
 .debug_aranges
                0x00000428       0x20 ../Bai1_bsp/\libhal_bsp.a(alt_exit.o)

.debug_pubnames
                0x00000000      0x5c2
 *(.debug_pubnames)
 .debug_pubnames
                0x00000000       0x1b obj/default/source.o
 .debug_pubnames
                0x0000001b       0x27 c:/altera/13.0sp1/nios2eds/bin/gnu/h-i686-mingw32/bin/../lib/gcc/nios2-elf/4.1.2/../../../../nios2-elf/lib/mno-hw-mul\libsmallc.a(lib_a-puts.o)
 .debug_pubnames
                0x00000042       0x1d c:/altera/13.0sp1/nios2eds/bin/gnu/h-i686-mingw32/bin/../lib/gcc/nios2-elf/4.1.2/../../../../nios2-elf/lib/mno-hw-mul\libsmallc.a(lib_a-strlen.o)
 .debug_pubnames
                0x0000005f       0x2b c:/altera/13.0sp1/nios2eds/bin/gnu/h-i686-mingw32/bin/../lib/gcc/nios2-elf/4.1.2/../../../../nios2-elf/lib/mno-hw-mul\libsmallc.a(lib_a-fvwrite_small_dev.o)
 .debug_pubnames
                0x0000008a       0x39 c:/altera/13.0sp1/nios2eds/bin/gnu/h-i686-mingw32/bin/../lib/gcc/nios2-elf/4.1.2/../../../../nios2-elf/lib/mno-hw-mul\libsmallc.a(lib_a-impure.o)
 .debug_pubnames
                0x000000c3       0x1f c:/altera/13.0sp1/nios2eds/bin/gnu/h-i686-mingw32/bin/../lib/gcc/nios2-elf/4.1.2/../../../../nios2-elf/lib/mno-hw-mul\libsmallc.a(lib_a-writer.o)
 .debug_pubnames
                0x000000e2       0x1c c:/altera/13.0sp1/nios2eds/bin/gnu/h-i686-mingw32/bin/../lib/gcc/nios2-elf/4.1.2/../../../../nios2-elf/lib/mno-hw-mul\libsmallc.a(lib_a-int_errno.o)
 .debug_pubnames
                0x000000fe       0x1f ../Bai1_bsp/\libhal_bsp.a(alt_load.o)
 .debug_pubnames
                0x0000011d       0x46 ../Bai1_bsp/\libhal_bsp.a(alt_main.o)
 .debug_pubnames
                0x00000163       0x1c ../Bai1_bsp/\libhal_bsp.a(alt_write.o)
 .debug_pubnames
                0x0000017f       0x34 ../Bai1_bsp/\libhal_bsp.a(alt_sys_init.o)
 .debug_pubnames
                0x000001b3       0x5b ../Bai1_bsp/\libhal_bsp.a(altera_avalon_jtag_uart_fd.o)
 .debug_pubnames
                0x0000020e       0x33 ../Bai1_bsp/\libhal_bsp.a(altera_avalon_jtag_uart_read.o)
 .debug_pubnames
                0x00000241       0x34 ../Bai1_bsp/\libhal_bsp.a(altera_avalon_jtag_uart_write.o)
 .debug_pubnames
                0x00000275       0x1c ../Bai1_bsp/\libhal_bsp.a(alt_close.o)
 .debug_pubnames
                0x00000291       0x2b ../Bai1_bsp/\libhal_bsp.a(alt_dcache_flush_all.o)
 .debug_pubnames
                0x000002bc       0x63 ../Bai1_bsp/\libhal_bsp.a(alt_dev.o)
 .debug_pubnames
                0x0000031f       0x2b ../Bai1_bsp/\libhal_bsp.a(alt_dev_llist_insert.o)
 .debug_pubnames
                0x0000034a       0x20 ../Bai1_bsp/\libhal_bsp.a(alt_do_ctors.o)
 .debug_pubnames
                0x0000036a       0x20 ../Bai1_bsp/\libhal_bsp.a(alt_do_dtors.o)
 .debug_pubnames
                0x0000038a       0x20 ../Bai1_bsp/\libhal_bsp.a(alt_errno.o)
 .debug_pubnames
                0x000003aa       0x2b ../Bai1_bsp/\libhal_bsp.a(alt_icache_flush_all.o)
 .debug_pubnames
                0x000003d5       0x26 ../Bai1_bsp/\libhal_bsp.a(alt_io_redirect.o)
 .debug_pubnames
                0x000003fb       0x1b ../Bai1_bsp/\libhal_bsp.a(alt_open.o)
 .debug_pubnames
                0x00000416       0x25 ../Bai1_bsp/\libhal_bsp.a(alt_release_fd.o)
 .debug_pubnames
                0x0000043b       0x31 ../Bai1_bsp/\libhal_bsp.a(altera_nios2_qsys_irq.o)
 .debug_pubnames
                0x0000046c       0x23 ../Bai1_bsp/\libhal_bsp.a(alt_find_dev.o)
 .debug_pubnames
                0x0000048f       0x24 ../Bai1_bsp/\libhal_bsp.a(alt_find_file.o)
 .debug_pubnames
                0x000004b3       0x21 ../Bai1_bsp/\libhal_bsp.a(alt_get_fd.o)
 .debug_pubnames
                0x000004d4       0x2a c:/altera/13.0sp1/nios2eds/bin/gnu/h-i686-mingw32/bin/../lib/gcc/nios2-elf/4.1.2/../../../../nios2-elf/lib/mno-hw-mul\libsmallc.a(lib_a-atexit.o)
 .debug_pubnames
                0x000004fe       0x1b c:/altera/13.0sp1/nios2eds/bin/gnu/h-i686-mingw32/bin/../lib/gcc/nios2-elf/4.1.2/../../../../nios2-elf/lib/mno-hw-mul\libsmallc.a(lib_a-exit.o)
 .debug_pubnames
                0x00000519       0x1d c:/altera/13.0sp1/nios2eds/bin/gnu/h-i686-mingw32/bin/../lib/gcc/nios2-elf/4.1.2/../../../../nios2-elf/lib/mno-hw-mul\libsmallc.a(lib_a-memcmp.o)
 .debug_pubnames
                0x00000536       0x2a c:/altera/13.0sp1/nios2eds/bin/gnu/h-i686-mingw32/bin/../lib/gcc/nios2-elf/4.1.2/../../../../nios2-elf/lib/mno-hw-mul\libsmallc.a(lib_a-__atexit.o)
 .debug_pubnames
                0x00000560       0x27 c:/altera/13.0sp1/nios2eds/bin/gnu/h-i686-mingw32/bin/../lib/gcc/nios2-elf/4.1.2/../../../../nios2-elf/lib/mno-hw-mul\libsmallc.a(lib_a-__call_atexit.o)
 .debug_pubnames
                0x00000587       0x1f c:/altera/13.0sp1/nios2eds/bin/gnu/h-i686-mingw32/bin/../lib/gcc/nios2-elf/4.1.2/mno-hw-mul\libgcc.a(lib2-mul.o)
 .debug_pubnames
                0x000005a6       0x1c ../Bai1_bsp/\libhal_bsp.a(alt_exit.o)

.debug_info     0x00000000     0x7a25
 *(.debug_info .gnu.linkonce.wi.*)
 .debug_info    0x00000000       0x57 ../Bai1_bsp//obj/HAL/src/crt0.o
 .debug_info    0x00000057      0x10d obj/default/source.o
 .debug_info    0x00000164      0x685 c:/altera/13.0sp1/nios2eds/bin/gnu/h-i686-mingw32/bin/../lib/gcc/nios2-elf/4.1.2/../../../../nios2-elf/lib/mno-hw-mul\libsmallc.a(lib_a-puts.o)
 .debug_info    0x000007e9       0xc2 c:/altera/13.0sp1/nios2eds/bin/gnu/h-i686-mingw32/bin/../lib/gcc/nios2-elf/4.1.2/../../../../nios2-elf/lib/mno-hw-mul\libsmallc.a(lib_a-strlen.o)
 .debug_info    0x000008ab      0x68e c:/altera/13.0sp1/nios2eds/bin/gnu/h-i686-mingw32/bin/../lib/gcc/nios2-elf/4.1.2/../../../../nios2-elf/lib/mno-hw-mul\libsmallc.a(lib_a-fvwrite_small_dev.o)
 .debug_info    0x00000f39      0x636 c:/altera/13.0sp1/nios2eds/bin/gnu/h-i686-mingw32/bin/../lib/gcc/nios2-elf/4.1.2/../../../../nios2-elf/lib/mno-hw-mul\libsmallc.a(lib_a-impure.o)
 .debug_info    0x0000156f      0x68c c:/altera/13.0sp1/nios2eds/bin/gnu/h-i686-mingw32/bin/../lib/gcc/nios2-elf/4.1.2/../../../../nios2-elf/lib/mno-hw-mul\libsmallc.a(lib_a-writer.o)
 .debug_info    0x00001bfb       0x8c c:/altera/13.0sp1/nios2eds/bin/gnu/h-i686-mingw32/bin/../lib/gcc/nios2-elf/4.1.2/../../../../nios2-elf/lib/mno-hw-mul\libsmallc.a(lib_a-int_errno.o)
 .debug_info    0x00001c87      0x269 ../Bai1_bsp/\libhal_bsp.a(alt_load.o)
 .debug_info    0x00001ef0      0x201 ../Bai1_bsp/\libhal_bsp.a(alt_main.o)
 .debug_info    0x000020f1      0x66f ../Bai1_bsp/\libhal_bsp.a(alt_write.o)
 .debug_info    0x00002760      0x555 ../Bai1_bsp/\libhal_bsp.a(alt_sys_init.o)
 .debug_info    0x00002cb5      0x595 ../Bai1_bsp/\libhal_bsp.a(altera_avalon_jtag_uart_fd.o)
 .debug_info    0x0000324a      0x2e5 ../Bai1_bsp/\libhal_bsp.a(altera_avalon_jtag_uart_read.o)
 .debug_info    0x0000352f      0x2c2 ../Bai1_bsp/\libhal_bsp.a(altera_avalon_jtag_uart_write.o)
 .debug_info    0x000037f1      0x443 ../Bai1_bsp/\libhal_bsp.a(alt_close.o)
 .debug_info    0x00003c34      0x138 ../Bai1_bsp/\libhal_bsp.a(alt_dcache_flush_all.o)
 .debug_info    0x00003d6c      0x65b ../Bai1_bsp/\libhal_bsp.a(alt_dev.o)
 .debug_info    0x000043c7      0x293 ../Bai1_bsp/\libhal_bsp.a(alt_dev_llist_insert.o)
 .debug_info    0x0000465a       0xeb ../Bai1_bsp/\libhal_bsp.a(alt_do_ctors.o)
 .debug_info    0x00004745       0xea ../Bai1_bsp/\libhal_bsp.a(alt_do_dtors.o)
 .debug_info    0x0000482f      0x140 ../Bai1_bsp/\libhal_bsp.a(alt_errno.o)
 .debug_info    0x0000496f      0x138 ../Bai1_bsp/\libhal_bsp.a(alt_icache_flush_all.o)
 .debug_info    0x00004aa7      0x671 ../Bai1_bsp/\libhal_bsp.a(alt_io_redirect.o)
 .debug_info    0x00005118      0x501 ../Bai1_bsp/\libhal_bsp.a(alt_open.o)
 .debug_info    0x00005619      0x3ce ../Bai1_bsp/\libhal_bsp.a(alt_release_fd.o)
 .debug_info    0x000059e7      0x13f ../Bai1_bsp/\libhal_bsp.a(altera_nios2_qsys_irq.o)
 .debug_info    0x00005b26      0x3f4 ../Bai1_bsp/\libhal_bsp.a(alt_find_dev.o)
 .debug_info    0x00005f1a      0x3fb ../Bai1_bsp/\libhal_bsp.a(alt_find_file.o)
 .debug_info    0x00006315      0x43c ../Bai1_bsp/\libhal_bsp.a(alt_get_fd.o)
 .debug_info    0x00006751      0x186 c:/altera/13.0sp1/nios2eds/bin/gnu/h-i686-mingw32/bin/../lib/gcc/nios2-elf/4.1.2/../../../../nios2-elf/lib/mno-hw-mul\libsmallc.a(lib_a-atexit.o)
 .debug_info    0x000068d7       0x9f c:/altera/13.0sp1/nios2eds/bin/gnu/h-i686-mingw32/bin/../lib/gcc/nios2-elf/4.1.2/../../../../nios2-elf/lib/mno-hw-mul\libsmallc.a(lib_a-exit.o)
 .debug_info    0x00006976       0xef c:/altera/13.0sp1/nios2eds/bin/gnu/h-i686-mingw32/bin/../lib/gcc/nios2-elf/4.1.2/../../../../nios2-elf/lib/mno-hw-mul\libsmallc.a(lib_a-memcmp.o)
 .debug_info    0x00006a65      0x68f c:/altera/13.0sp1/nios2eds/bin/gnu/h-i686-mingw32/bin/../lib/gcc/nios2-elf/4.1.2/../../../../nios2-elf/lib/mno-hw-mul\libsmallc.a(lib_a-__atexit.o)
 .debug_info    0x000070f4      0x6d5 c:/altera/13.0sp1/nios2eds/bin/gnu/h-i686-mingw32/bin/../lib/gcc/nios2-elf/4.1.2/../../../../nios2-elf/lib/mno-hw-mul\libsmallc.a(lib_a-__call_atexit.o)
 .debug_info    0x000077c9       0xf3 c:/altera/13.0sp1/nios2eds/bin/gnu/h-i686-mingw32/bin/../lib/gcc/nios2-elf/4.1.2/mno-hw-mul\libgcc.a(lib2-mul.o)
 .debug_info    0x000078bc      0x169 ../Bai1_bsp/\libhal_bsp.a(alt_exit.o)

.debug_abbrev   0x00000000     0x1c31
 *(.debug_abbrev)
 .debug_abbrev  0x00000000       0x12 ../Bai1_bsp//obj/HAL/src/crt0.o
 .debug_abbrev  0x00000012       0x3d obj/default/source.o
 .debug_abbrev  0x0000004f      0x180 c:/altera/13.0sp1/nios2eds/bin/gnu/h-i686-mingw32/bin/../lib/gcc/nios2-elf/4.1.2/../../../../nios2-elf/lib/mno-hw-mul\libsmallc.a(lib_a-puts.o)
 .debug_abbrev  0x000001cf       0x7a c:/altera/13.0sp1/nios2eds/bin/gnu/h-i686-mingw32/bin/../lib/gcc/nios2-elf/4.1.2/../../../../nios2-elf/lib/mno-hw-mul\libsmallc.a(lib_a-strlen.o)
 .debug_abbrev  0x00000249      0x179 c:/altera/13.0sp1/nios2eds/bin/gnu/h-i686-mingw32/bin/../lib/gcc/nios2-elf/4.1.2/../../../../nios2-elf/lib/mno-hw-mul\libsmallc.a(lib_a-fvwrite_small_dev.o)
 .debug_abbrev  0x000003c2      0x13f c:/altera/13.0sp1/nios2eds/bin/gnu/h-i686-mingw32/bin/../lib/gcc/nios2-elf/4.1.2/../../../../nios2-elf/lib/mno-hw-mul\libsmallc.a(lib_a-impure.o)
 .debug_abbrev  0x00000501      0x16c c:/altera/13.0sp1/nios2eds/bin/gnu/h-i686-mingw32/bin/../lib/gcc/nios2-elf/4.1.2/../../../../nios2-elf/lib/mno-hw-mul\libsmallc.a(lib_a-writer.o)
 .debug_abbrev  0x0000066d       0x3b c:/altera/13.0sp1/nios2eds/bin/gnu/h-i686-mingw32/bin/../lib/gcc/nios2-elf/4.1.2/../../../../nios2-elf/lib/mno-hw-mul\libsmallc.a(lib_a-int_errno.o)
 .debug_abbrev  0x000006a8       0x88 ../Bai1_bsp/\libhal_bsp.a(alt_load.o)
 .debug_abbrev  0x00000730       0xb7 ../Bai1_bsp/\libhal_bsp.a(alt_main.o)
 .debug_abbrev  0x000007e7      0x100 ../Bai1_bsp/\libhal_bsp.a(alt_write.o)
 .debug_abbrev  0x000008e7      0x121 ../Bai1_bsp/\libhal_bsp.a(alt_sys_init.o)
 .debug_abbrev  0x00000a08       0xcb ../Bai1_bsp/\libhal_bsp.a(altera_avalon_jtag_uart_fd.o)
 .debug_abbrev  0x00000ad3       0xb6 ../Bai1_bsp/\libhal_bsp.a(altera_avalon_jtag_uart_read.o)
 .debug_abbrev  0x00000b89       0xb4 ../Bai1_bsp/\libhal_bsp.a(altera_avalon_jtag_uart_write.o)
 .debug_abbrev  0x00000c3d       0xfb ../Bai1_bsp/\libhal_bsp.a(alt_close.o)
 .debug_abbrev  0x00000d38       0x3f ../Bai1_bsp/\libhal_bsp.a(alt_dcache_flush_all.o)
 .debug_abbrev  0x00000d77       0xc7 ../Bai1_bsp/\libhal_bsp.a(alt_dev.o)
 .debug_abbrev  0x00000e3e       0xf6 ../Bai1_bsp/\libhal_bsp.a(alt_dev_llist_insert.o)
 .debug_abbrev  0x00000f34       0x76 ../Bai1_bsp/\libhal_bsp.a(alt_do_ctors.o)
 .debug_abbrev  0x00000faa       0x76 ../Bai1_bsp/\libhal_bsp.a(alt_do_dtors.o)
 .debug_abbrev  0x00001020       0x5e ../Bai1_bsp/\libhal_bsp.a(alt_errno.o)
 .debug_abbrev  0x0000107e       0x3f ../Bai1_bsp/\libhal_bsp.a(alt_icache_flush_all.o)
 .debug_abbrev  0x000010bd       0xf0 ../Bai1_bsp/\libhal_bsp.a(alt_io_redirect.o)
 .debug_abbrev  0x000011ad      0x112 ../Bai1_bsp/\libhal_bsp.a(alt_open.o)
 .debug_abbrev  0x000012bf       0xc1 ../Bai1_bsp/\libhal_bsp.a(alt_release_fd.o)
 .debug_abbrev  0x00001380       0x3f ../Bai1_bsp/\libhal_bsp.a(altera_nios2_qsys_irq.o)
 .debug_abbrev  0x000013bf       0xcf ../Bai1_bsp/\libhal_bsp.a(alt_find_dev.o)
 .debug_abbrev  0x0000148e       0xcf ../Bai1_bsp/\libhal_bsp.a(alt_find_file.o)
 .debug_abbrev  0x0000155d       0xfb ../Bai1_bsp/\libhal_bsp.a(alt_get_fd.o)
 .debug_abbrev  0x00001658       0xc6 c:/altera/13.0sp1/nios2eds/bin/gnu/h-i686-mingw32/bin/../lib/gcc/nios2-elf/4.1.2/../../../../nios2-elf/lib/mno-hw-mul\libsmallc.a(lib_a-atexit.o)
 .debug_abbrev  0x0000171e       0x4e c:/altera/13.0sp1/nios2eds/bin/gnu/h-i686-mingw32/bin/../lib/gcc/nios2-elf/4.1.2/../../../../nios2-elf/lib/mno-hw-mul\libsmallc.a(lib_a-exit.o)
 .debug_abbrev  0x0000176c       0x7c c:/altera/13.0sp1/nios2eds/bin/gnu/h-i686-mingw32/bin/../lib/gcc/nios2-elf/4.1.2/../../../../nios2-elf/lib/mno-hw-mul\libsmallc.a(lib_a-memcmp.o)
 .debug_abbrev  0x000017e8      0x196 c:/altera/13.0sp1/nios2eds/bin/gnu/h-i686-mingw32/bin/../lib/gcc/nios2-elf/4.1.2/../../../../nios2-elf/lib/mno-hw-mul\libsmallc.a(lib_a-__atexit.o)
 .debug_abbrev  0x0000197e      0x1c6 c:/altera/13.0sp1/nios2eds/bin/gnu/h-i686-mingw32/bin/../lib/gcc/nios2-elf/4.1.2/../../../../nios2-elf/lib/mno-hw-mul\libsmallc.a(lib_a-__call_atexit.o)
 .debug_abbrev  0x00001b44       0x7b c:/altera/13.0sp1/nios2eds/bin/gnu/h-i686-mingw32/bin/../lib/gcc/nios2-elf/4.1.2/mno-hw-mul\libgcc.a(lib2-mul.o)
 .debug_abbrev  0x00001bbf       0x72 ../Bai1_bsp/\libhal_bsp.a(alt_exit.o)

.debug_line     0x00000000     0x509e
 *(.debug_line)
 .debug_line    0x00000000       0x66 ../Bai1_bsp//obj/HAL/src/crt0.o
 .debug_line    0x00000066      0x1bd obj/default/source.o
 .debug_line    0x00000223      0x2b2 c:/altera/13.0sp1/nios2eds/bin/gnu/h-i686-mingw32/bin/../lib/gcc/nios2-elf/4.1.2/../../../../nios2-elf/lib/mno-hw-mul\libsmallc.a(lib_a-puts.o)
 .debug_line    0x000004d5      0x250 c:/altera/13.0sp1/nios2eds/bin/gnu/h-i686-mingw32/bin/../lib/gcc/nios2-elf/4.1.2/../../../../nios2-elf/lib/mno-hw-mul\libsmallc.a(lib_a-strlen.o)
 .debug_line    0x00000725      0x2a9 c:/altera/13.0sp1/nios2eds/bin/gnu/h-i686-mingw32/bin/../lib/gcc/nios2-elf/4.1.2/../../../../nios2-elf/lib/mno-hw-mul\libsmallc.a(lib_a-fvwrite_small_dev.o)
 .debug_line    0x000009ce      0x230 c:/altera/13.0sp1/nios2eds/bin/gnu/h-i686-mingw32/bin/../lib/gcc/nios2-elf/4.1.2/../../../../nios2-elf/lib/mno-hw-mul\libsmallc.a(lib_a-impure.o)
 .debug_line    0x00000bfe      0x29d c:/altera/13.0sp1/nios2eds/bin/gnu/h-i686-mingw32/bin/../lib/gcc/nios2-elf/4.1.2/../../../../nios2-elf/lib/mno-hw-mul\libsmallc.a(lib_a-writer.o)
 .debug_line    0x00000e9b      0x1e2 c:/altera/13.0sp1/nios2eds/bin/gnu/h-i686-mingw32/bin/../lib/gcc/nios2-elf/4.1.2/../../../../nios2-elf/lib/mno-hw-mul\libsmallc.a(lib_a-int_errno.o)
 .debug_line    0x0000107d      0x217 ../Bai1_bsp/\libhal_bsp.a(alt_load.o)
 .debug_line    0x00001294      0x2ca ../Bai1_bsp/\libhal_bsp.a(alt_main.o)
 .debug_line    0x0000155e      0x2c9 ../Bai1_bsp/\libhal_bsp.a(alt_write.o)
 .debug_line    0x00001827      0x2a6 ../Bai1_bsp/\libhal_bsp.a(alt_sys_init.o)
 .debug_line    0x00001acd      0x1d7 ../Bai1_bsp/\libhal_bsp.a(altera_avalon_jtag_uart_fd.o)
 .debug_line    0x00001ca4      0x343 ../Bai1_bsp/\libhal_bsp.a(altera_avalon_jtag_uart_read.o)
 .debug_line    0x00001fe7      0x304 ../Bai1_bsp/\libhal_bsp.a(altera_avalon_jtag_uart_write.o)
 .debug_line    0x000022eb      0x299 ../Bai1_bsp/\libhal_bsp.a(alt_close.o)
 .debug_line    0x00002584      0x1b5 ../Bai1_bsp/\libhal_bsp.a(alt_dcache_flush_all.o)
 .debug_line    0x00002739      0x254 ../Bai1_bsp/\libhal_bsp.a(alt_dev.o)
 .debug_line    0x0000298d      0x25a ../Bai1_bsp/\libhal_bsp.a(alt_dev_llist_insert.o)
 .debug_line    0x00002be7       0x83 ../Bai1_bsp/\libhal_bsp.a(alt_do_ctors.o)
 .debug_line    0x00002c6a       0x83 ../Bai1_bsp/\libhal_bsp.a(alt_do_dtors.o)
 .debug_line    0x00002ced      0x1aa ../Bai1_bsp/\libhal_bsp.a(alt_errno.o)
 .debug_line    0x00002e97      0x1b5 ../Bai1_bsp/\libhal_bsp.a(alt_icache_flush_all.o)
 .debug_line    0x0000304c      0x2b4 ../Bai1_bsp/\libhal_bsp.a(alt_io_redirect.o)
 .debug_line    0x00003300      0x2ff ../Bai1_bsp/\libhal_bsp.a(alt_open.o)
 .debug_line    0x000035ff       0xed ../Bai1_bsp/\libhal_bsp.a(alt_release_fd.o)
 .debug_line    0x000036ec      0x1ce ../Bai1_bsp/\libhal_bsp.a(altera_nios2_qsys_irq.o)
 .debug_line    0x000038ba      0x26b ../Bai1_bsp/\libhal_bsp.a(alt_find_dev.o)
 .debug_line    0x00003b25      0x27c ../Bai1_bsp/\libhal_bsp.a(alt_find_file.o)
 .debug_line    0x00003da1      0x297 ../Bai1_bsp/\libhal_bsp.a(alt_get_fd.o)
 .debug_line    0x00004038      0x203 c:/altera/13.0sp1/nios2eds/bin/gnu/h-i686-mingw32/bin/../lib/gcc/nios2-elf/4.1.2/../../../../nios2-elf/lib/mno-hw-mul\libsmallc.a(lib_a-atexit.o)
 .debug_line    0x0000423b      0x223 c:/altera/13.0sp1/nios2eds/bin/gnu/h-i686-mingw32/bin/../lib/gcc/nios2-elf/4.1.2/../../../../nios2-elf/lib/mno-hw-mul\libsmallc.a(lib_a-exit.o)
 .debug_line    0x0000445e      0x270 c:/altera/13.0sp1/nios2eds/bin/gnu/h-i686-mingw32/bin/../lib/gcc/nios2-elf/4.1.2/../../../../nios2-elf/lib/mno-hw-mul\libsmallc.a(lib_a-memcmp.o)
 .debug_line    0x000046ce      0x350 c:/altera/13.0sp1/nios2eds/bin/gnu/h-i686-mingw32/bin/../lib/gcc/nios2-elf/4.1.2/../../../../nios2-elf/lib/mno-hw-mul\libsmallc.a(lib_a-__atexit.o)
 .debug_line    0x00004a1e      0x360 c:/altera/13.0sp1/nios2eds/bin/gnu/h-i686-mingw32/bin/../lib/gcc/nios2-elf/4.1.2/../../../../nios2-elf/lib/mno-hw-mul\libsmallc.a(lib_a-__call_atexit.o)
 .debug_line    0x00004d7e      0x11a c:/altera/13.0sp1/nios2eds/bin/gnu/h-i686-mingw32/bin/../lib/gcc/nios2-elf/4.1.2/mno-hw-mul\libgcc.a(lib2-mul.o)
 .debug_line    0x00004e98      0x206 ../Bai1_bsp/\libhal_bsp.a(alt_exit.o)

.debug_frame    0x00000000      0x6fc
 *(.debug_frame)
 .debug_frame   0x00000000       0x2c obj/default/source.o
 .debug_frame   0x0000002c       0x3c c:/altera/13.0sp1/nios2eds/bin/gnu/h-i686-mingw32/bin/../lib/gcc/nios2-elf/4.1.2/../../../../nios2-elf/lib/mno-hw-mul\libsmallc.a(lib_a-puts.o)
 .debug_frame   0x00000068       0x20 c:/altera/13.0sp1/nios2eds/bin/gnu/h-i686-mingw32/bin/../lib/gcc/nios2-elf/4.1.2/../../../../nios2-elf/lib/mno-hw-mul\libsmallc.a(lib_a-strlen.o)
 .debug_frame   0x00000088       0x30 c:/altera/13.0sp1/nios2eds/bin/gnu/h-i686-mingw32/bin/../lib/gcc/nios2-elf/4.1.2/../../../../nios2-elf/lib/mno-hw-mul\libsmallc.a(lib_a-fvwrite_small_dev.o)
 .debug_frame   0x000000b8       0x2c c:/altera/13.0sp1/nios2eds/bin/gnu/h-i686-mingw32/bin/../lib/gcc/nios2-elf/4.1.2/../../../../nios2-elf/lib/mno-hw-mul\libsmallc.a(lib_a-writer.o)
 .debug_frame   0x000000e4       0x48 ../Bai1_bsp/\libhal_bsp.a(alt_load.o)
 .debug_frame   0x0000012c       0x2c ../Bai1_bsp/\libhal_bsp.a(alt_main.o)
 .debug_frame   0x00000158       0x48 ../Bai1_bsp/\libhal_bsp.a(alt_write.o)
 .debug_frame   0x000001a0       0x64 ../Bai1_bsp/\libhal_bsp.a(alt_sys_init.o)
 .debug_frame   0x00000204       0x48 ../Bai1_bsp/\libhal_bsp.a(altera_avalon_jtag_uart_fd.o)
 .debug_frame   0x0000024c       0x2c ../Bai1_bsp/\libhal_bsp.a(altera_avalon_jtag_uart_read.o)
 .debug_frame   0x00000278       0x2c ../Bai1_bsp/\libhal_bsp.a(altera_avalon_jtag_uart_write.o)
 .debug_frame   0x000002a4       0x48 ../Bai1_bsp/\libhal_bsp.a(alt_close.o)
 .debug_frame   0x000002ec       0x2c ../Bai1_bsp/\libhal_bsp.a(alt_dcache_flush_all.o)
 .debug_frame   0x00000318       0x2c ../Bai1_bsp/\libhal_bsp.a(alt_dev.o)
 .debug_frame   0x00000344       0x48 ../Bai1_bsp/\libhal_bsp.a(alt_dev_llist_insert.o)
 .debug_frame   0x0000038c       0x2c ../Bai1_bsp/\libhal_bsp.a(alt_do_ctors.o)
 .debug_frame   0x000003b8       0x2c ../Bai1_bsp/\libhal_bsp.a(alt_do_dtors.o)
 .debug_frame   0x000003e4       0x2c ../Bai1_bsp/\libhal_bsp.a(alt_icache_flush_all.o)
 .debug_frame   0x00000410       0x4c ../Bai1_bsp/\libhal_bsp.a(alt_io_redirect.o)
 .debug_frame   0x0000045c       0x68 ../Bai1_bsp/\libhal_bsp.a(alt_open.o)
 .debug_frame   0x000004c4       0x30 ../Bai1_bsp/\libhal_bsp.a(alt_release_fd.o)
 .debug_frame   0x000004f4       0x2c ../Bai1_bsp/\libhal_bsp.a(altera_nios2_qsys_irq.o)
 .debug_frame   0x00000520       0x2c ../Bai1_bsp/\libhal_bsp.a(alt_find_dev.o)
 .debug_frame   0x0000054c       0x2c ../Bai1_bsp/\libhal_bsp.a(alt_find_file.o)
 .debug_frame   0x00000578       0x30 ../Bai1_bsp/\libhal_bsp.a(alt_get_fd.o)
 .debug_frame   0x000005a8       0x20 c:/altera/13.0sp1/nios2eds/bin/gnu/h-i686-mingw32/bin/../lib/gcc/nios2-elf/4.1.2/../../../../nios2-elf/lib/mno-hw-mul\libsmallc.a(lib_a-atexit.o)
 .debug_frame   0x000005c8       0x2c c:/altera/13.0sp1/nios2eds/bin/gnu/h-i686-mingw32/bin/../lib/gcc/nios2-elf/4.1.2/../../../../nios2-elf/lib/mno-hw-mul\libsmallc.a(lib_a-exit.o)
 .debug_frame   0x000005f4       0x20 c:/altera/13.0sp1/nios2eds/bin/gnu/h-i686-mingw32/bin/../lib/gcc/nios2-elf/4.1.2/../../../../nios2-elf/lib/mno-hw-mul\libsmallc.a(lib_a-memcmp.o)
 .debug_frame   0x00000614       0x34 c:/altera/13.0sp1/nios2eds/bin/gnu/h-i686-mingw32/bin/../lib/gcc/nios2-elf/4.1.2/../../../../nios2-elf/lib/mno-hw-mul\libsmallc.a(lib_a-__atexit.o)
 .debug_frame   0x00000648       0x4c c:/altera/13.0sp1/nios2eds/bin/gnu/h-i686-mingw32/bin/../lib/gcc/nios2-elf/4.1.2/../../../../nios2-elf/lib/mno-hw-mul\libsmallc.a(lib_a-__call_atexit.o)
 .debug_frame   0x00000694       0x20 c:/altera/13.0sp1/nios2eds/bin/gnu/h-i686-mingw32/bin/../lib/gcc/nios2-elf/4.1.2/mno-hw-mul\libgcc.a(lib2-mul.o)
 .debug_frame   0x000006b4       0x48 ../Bai1_bsp/\libhal_bsp.a(alt_exit.o)

.debug_str      0x00000000      0xb3b
 *(.debug_str)
 .debug_str     0x00000000       0x12 obj/default/source.o
 .debug_str     0x00000012      0x3f1 c:/altera/13.0sp1/nios2eds/bin/gnu/h-i686-mingw32/bin/../lib/gcc/nios2-elf/4.1.2/../../../../nios2-elf/lib/mno-hw-mul\libsmallc.a(lib_a-puts.o)
                                0x450 (size before relaxing)
 .debug_str     0x00000403       0xe2 c:/altera/13.0sp1/nios2eds/bin/gnu/h-i686-mingw32/bin/../lib/gcc/nios2-elf/4.1.2/../../../../nios2-elf/lib/mno-hw-mul\libsmallc.a(lib_a-strlen.o)
                                0x184 (size before relaxing)
 .debug_str     0x000004e5       0x70 c:/altera/13.0sp1/nios2eds/bin/gnu/h-i686-mingw32/bin/../lib/gcc/nios2-elf/4.1.2/../../../../nios2-elf/lib/mno-hw-mul\libsmallc.a(lib_a-fvwrite_small_dev.o)
                                0x46a (size before relaxing)
 .debug_str     0x00000555       0xf8 c:/altera/13.0sp1/nios2eds/bin/gnu/h-i686-mingw32/bin/../lib/gcc/nios2-elf/4.1.2/../../../../nios2-elf/lib/mno-hw-mul\libsmallc.a(lib_a-impure.o)
                                0x45d (size before relaxing)
 .debug_str     0x0000064d       0x4f c:/altera/13.0sp1/nios2eds/bin/gnu/h-i686-mingw32/bin/../lib/gcc/nios2-elf/4.1.2/../../../../nios2-elf/lib/mno-hw-mul\libsmallc.a(lib_a-writer.o)
                                0x451 (size before relaxing)
 .debug_str     0x0000069c       0x40 c:/altera/13.0sp1/nios2eds/bin/gnu/h-i686-mingw32/bin/../lib/gcc/nios2-elf/4.1.2/../../../../nios2-elf/lib/mno-hw-mul\libsmallc.a(lib_a-int_errno.o)
                                0x177 (size before relaxing)
 .debug_str     0x000006dc       0x12 ../Bai1_bsp/\libhal_bsp.a(alt_load.o)
 .debug_str     0x000006ee       0x12 ../Bai1_bsp/\libhal_bsp.a(alt_main.o)
 .debug_str     0x00000700       0x12 ../Bai1_bsp/\libhal_bsp.a(alt_write.o)
 .debug_str     0x00000712       0x12 ../Bai1_bsp/\libhal_bsp.a(alt_sys_init.o)
 .debug_str     0x00000724       0x12 ../Bai1_bsp/\libhal_bsp.a(altera_avalon_jtag_uart_read.o)
 .debug_str     0x00000736       0x12 ../Bai1_bsp/\libhal_bsp.a(altera_avalon_jtag_uart_write.o)
 .debug_str     0x00000748       0x12 ../Bai1_bsp/\libhal_bsp.a(alt_close.o)
 .debug_str     0x0000075a       0x12 ../Bai1_bsp/\libhal_bsp.a(alt_dcache_flush_all.o)
 .debug_str     0x0000076c       0x12 ../Bai1_bsp/\libhal_bsp.a(alt_dev.o)
 .debug_str     0x0000077e       0x12 ../Bai1_bsp/\libhal_bsp.a(alt_dev_llist_insert.o)
 .debug_str     0x00000790       0x12 ../Bai1_bsp/\libhal_bsp.a(alt_errno.o)
 .debug_str     0x000007a2       0x12 ../Bai1_bsp/\libhal_bsp.a(alt_icache_flush_all.o)
 .debug_str     0x000007b4       0x12 ../Bai1_bsp/\libhal_bsp.a(alt_io_redirect.o)
 .debug_str     0x000007c6       0x12 ../Bai1_bsp/\libhal_bsp.a(alt_open.o)
 .debug_str     0x000007d8       0x12 ../Bai1_bsp/\libhal_bsp.a(altera_nios2_qsys_irq.o)
 .debug_str     0x000007ea       0x12 ../Bai1_bsp/\libhal_bsp.a(alt_find_dev.o)
 .debug_str     0x000007fc       0x12 ../Bai1_bsp/\libhal_bsp.a(alt_find_file.o)
 .debug_str     0x0000080e       0x12 ../Bai1_bsp/\libhal_bsp.a(alt_get_fd.o)
 .debug_str     0x00000820       0xdb c:/altera/13.0sp1/nios2eds/bin/gnu/h-i686-mingw32/bin/../lib/gcc/nios2-elf/4.1.2/../../../../nios2-elf/lib/mno-hw-mul\libsmallc.a(lib_a-atexit.o)
                                0x1e5 (size before relaxing)
 .debug_str     0x000008fb       0x41 c:/altera/13.0sp1/nios2eds/bin/gnu/h-i686-mingw32/bin/../lib/gcc/nios2-elf/4.1.2/../../../../nios2-elf/lib/mno-hw-mul\libsmallc.a(lib_a-exit.o)
                                0x178 (size before relaxing)
 .debug_str     0x0000093c       0x45 c:/altera/13.0sp1/nios2eds/bin/gnu/h-i686-mingw32/bin/../lib/gcc/nios2-elf/4.1.2/../../../../nios2-elf/lib/mno-hw-mul\libsmallc.a(lib_a-memcmp.o)
                                0x17e (size before relaxing)
 .debug_str     0x00000981       0x54 c:/altera/13.0sp1/nios2eds/bin/gnu/h-i686-mingw32/bin/../lib/gcc/nios2-elf/4.1.2/../../../../nios2-elf/lib/mno-hw-mul\libsmallc.a(lib_a-__atexit.o)
                                0x467 (size before relaxing)
 .debug_str     0x000009d5       0x7e c:/altera/13.0sp1/nios2eds/bin/gnu/h-i686-mingw32/bin/../lib/gcc/nios2-elf/4.1.2/../../../../nios2-elf/lib/mno-hw-mul\libsmallc.a(lib_a-__call_atexit.o)
                                0x491 (size before relaxing)
 .debug_str     0x00000a53       0xcc c:/altera/13.0sp1/nios2eds/bin/gnu/h-i686-mingw32/bin/../lib/gcc/nios2-elf/4.1.2/mno-hw-mul\libgcc.a(lib2-mul.o)
                                0x175 (size before relaxing)
 .debug_str     0x00000b1f       0x1c ../Bai1_bsp/\libhal_bsp.a(alt_exit.o)

.debug_loc      0x00000000      0xc8b
 *(.debug_loc)
 .debug_loc     0x00000000       0x2b obj/default/source.o
 .debug_loc     0x0000002b       0xa2 c:/altera/13.0sp1/nios2eds/bin/gnu/h-i686-mingw32/bin/../lib/gcc/nios2-elf/4.1.2/../../../../nios2-elf/lib/mno-hw-mul\libsmallc.a(lib_a-puts.o)
 .debug_loc     0x000000cd       0x1e c:/altera/13.0sp1/nios2eds/bin/gnu/h-i686-mingw32/bin/../lib/gcc/nios2-elf/4.1.2/../../../../nios2-elf/lib/mno-hw-mul\libsmallc.a(lib_a-strlen.o)
 .debug_loc     0x000000eb      0x162 c:/altera/13.0sp1/nios2eds/bin/gnu/h-i686-mingw32/bin/../lib/gcc/nios2-elf/4.1.2/../../../../nios2-elf/lib/mno-hw-mul\libsmallc.a(lib_a-fvwrite_small_dev.o)
 .debug_loc     0x0000024d       0x97 c:/altera/13.0sp1/nios2eds/bin/gnu/h-i686-mingw32/bin/../lib/gcc/nios2-elf/4.1.2/../../../../nios2-elf/lib/mno-hw-mul\libsmallc.a(lib_a-writer.o)
 .debug_loc     0x000002e4       0x56 ../Bai1_bsp/\libhal_bsp.a(alt_load.o)
 .debug_loc     0x0000033a       0x2b ../Bai1_bsp/\libhal_bsp.a(alt_main.o)
 .debug_loc     0x00000365       0x56 ../Bai1_bsp/\libhal_bsp.a(alt_write.o)
 .debug_loc     0x000003bb       0x81 ../Bai1_bsp/\libhal_bsp.a(alt_sys_init.o)
 .debug_loc     0x0000043c       0x56 ../Bai1_bsp/\libhal_bsp.a(altera_avalon_jtag_uart_fd.o)
 .debug_loc     0x00000492       0x2b ../Bai1_bsp/\libhal_bsp.a(altera_avalon_jtag_uart_read.o)
 .debug_loc     0x000004bd       0x2b ../Bai1_bsp/\libhal_bsp.a(altera_avalon_jtag_uart_write.o)
 .debug_loc     0x000004e8       0x56 ../Bai1_bsp/\libhal_bsp.a(alt_close.o)
 .debug_loc     0x0000053e       0x2b ../Bai1_bsp/\libhal_bsp.a(alt_dcache_flush_all.o)
 .debug_loc     0x00000569       0x2b ../Bai1_bsp/\libhal_bsp.a(alt_dev.o)
 .debug_loc     0x00000594       0x56 ../Bai1_bsp/\libhal_bsp.a(alt_dev_llist_insert.o)
 .debug_loc     0x000005ea       0x2b ../Bai1_bsp/\libhal_bsp.a(alt_do_ctors.o)
 .debug_loc     0x00000615       0x2b ../Bai1_bsp/\libhal_bsp.a(alt_do_dtors.o)
 .debug_loc     0x00000640       0x2b ../Bai1_bsp/\libhal_bsp.a(alt_icache_flush_all.o)
 .debug_loc     0x0000066b       0x56 ../Bai1_bsp/\libhal_bsp.a(alt_io_redirect.o)
 .debug_loc     0x000006c1       0x81 ../Bai1_bsp/\libhal_bsp.a(alt_open.o)
 .debug_loc     0x00000742       0x2b ../Bai1_bsp/\libhal_bsp.a(alt_release_fd.o)
 .debug_loc     0x0000076d       0x2b ../Bai1_bsp/\libhal_bsp.a(altera_nios2_qsys_irq.o)
 .debug_loc     0x00000798       0x2b ../Bai1_bsp/\libhal_bsp.a(alt_find_dev.o)
 .debug_loc     0x000007c3       0x2b ../Bai1_bsp/\libhal_bsp.a(alt_find_file.o)
 .debug_loc     0x000007ee       0x2b ../Bai1_bsp/\libhal_bsp.a(alt_get_fd.o)
 .debug_loc     0x00000819       0x1e c:/altera/13.0sp1/nios2eds/bin/gnu/h-i686-mingw32/bin/../lib/gcc/nios2-elf/4.1.2/../../../../nios2-elf/lib/mno-hw-mul\libsmallc.a(lib_a-atexit.o)
 .debug_loc     0x00000837       0x3d c:/altera/13.0sp1/nios2eds/bin/gnu/h-i686-mingw32/bin/../lib/gcc/nios2-elf/4.1.2/../../../../nios2-elf/lib/mno-hw-mul\libsmallc.a(lib_a-exit.o)
 .debug_loc     0x00000874       0x70 c:/altera/13.0sp1/nios2eds/bin/gnu/h-i686-mingw32/bin/../lib/gcc/nios2-elf/4.1.2/../../../../nios2-elf/lib/mno-hw-mul\libsmallc.a(lib_a-memcmp.o)
 .debug_loc     0x000008e4      0x141 c:/altera/13.0sp1/nios2eds/bin/gnu/h-i686-mingw32/bin/../lib/gcc/nios2-elf/4.1.2/../../../../nios2-elf/lib/mno-hw-mul\libsmallc.a(lib_a-__atexit.o)
 .debug_loc     0x00000a25      0x1c1 c:/altera/13.0sp1/nios2eds/bin/gnu/h-i686-mingw32/bin/../lib/gcc/nios2-elf/4.1.2/../../../../nios2-elf/lib/mno-hw-mul\libsmallc.a(lib_a-__call_atexit.o)
 .debug_loc     0x00000be6       0x4f c:/altera/13.0sp1/nios2eds/bin/gnu/h-i686-mingw32/bin/../lib/gcc/nios2-elf/4.1.2/mno-hw-mul\libgcc.a(lib2-mul.o)
 .debug_loc     0x00000c35       0x56 ../Bai1_bsp/\libhal_bsp.a(alt_exit.o)

.debug_macinfo
 *(.debug_macinfo)

.debug_weaknames
 *(.debug_weaknames)

.debug_funcnames
 *(.debug_funcnames)

.debug_typenames
 *(.debug_typenames)

.debug_varnames
 *(.debug_varnames)

.debug_alt_sim_info
                0x00000000       0x10
 *(.debug_alt_sim_info)
 .debug_alt_sim_info
                0x00000000       0x10 ../Bai1_bsp//obj/HAL/src/crt0.o
                0x00018000                __alt_data_end = 0x18000
                0x00018000                PROVIDE (__alt_stack_pointer, __alt_data_end)
                0x00011e0c                PROVIDE (__alt_stack_limit, __alt_stack_base)
                0x00011e0c                PROVIDE (__alt_heap_start, end)
                0x00018000                PROVIDE (__alt_heap_limit, 0x18000)
OUTPUT(Bai1.elf elf32-littlenios2)

.debug_ranges   0x00000000       0x38
 .debug_ranges  0x00000000       0x20 ../Bai1_bsp//obj/HAL/src/crt0.o
 .debug_ranges  0x00000020       0x18 c:/altera/13.0sp1/nios2eds/bin/gnu/h-i686-mingw32/bin/../lib/gcc/nios2-elf/4.1.2/../../../../nios2-elf/lib/mno-hw-mul\libsmallc.a(lib_a-__call_atexit.o)
