Archive member included because of file (symbol)

../Bai3_bsp/\libhal_bsp.a(alt_load.o)
                              ../Bai3_bsp//obj/HAL/src/crt0.o (alt_load)
../Bai3_bsp/\libhal_bsp.a(alt_main.o)
                              ../Bai3_bsp//obj/HAL/src/crt0.o (alt_main)
../Bai3_bsp/\libhal_bsp.a(alt_sys_init.o)
                              ../Bai3_bsp/\libhal_bsp.a(alt_main.o) (alt_irq_init)
../Bai3_bsp/\libhal_bsp.a(altera_avalon_jtag_uart_fd.o)
                              ../Bai3_bsp/\libhal_bsp.a(alt_sys_init.o) (altera_avalon_jtag_uart_read_fd)
../Bai3_bsp/\libhal_bsp.a(altera_avalon_jtag_uart_read.o)
                              ../Bai3_bsp/\libhal_bsp.a(altera_avalon_jtag_uart_fd.o) (altera_avalon_jtag_uart_read)
../Bai3_bsp/\libhal_bsp.a(altera_avalon_jtag_uart_write.o)
                              ../Bai3_bsp/\libhal_bsp.a(altera_avalon_jtag_uart_fd.o) (altera_avalon_jtag_uart_write)
../Bai3_bsp/\libhal_bsp.a(alt_close.o)
                              ../Bai3_bsp/\libhal_bsp.a(alt_main.o) (close)
../Bai3_bsp/\libhal_bsp.a(alt_dcache_flush_all.o)
                              ../Bai3_bsp/\libhal_bsp.a(alt_load.o) (alt_dcache_flush_all)
../Bai3_bsp/\libhal_bsp.a(alt_dev.o)
                              ../Bai3_bsp/\libhal_bsp.a(alt_sys_init.o) (alt_dev_list)
../Bai3_bsp/\libhal_bsp.a(alt_dev_llist_insert.o)
                              ../Bai3_bsp/\libhal_bsp.a(alt_sys_init.o) (alt_dev_llist_insert)
../Bai3_bsp/\libhal_bsp.a(alt_do_ctors.o)
                              ../Bai3_bsp/\libhal_bsp.a(alt_main.o) (_do_ctors)
../Bai3_bsp/\libhal_bsp.a(alt_do_dtors.o)
                              ../Bai3_bsp/\libhal_bsp.a(alt_main.o) (_do_dtors)
../Bai3_bsp/\libhal_bsp.a(alt_errno.o)
                              ../Bai3_bsp/\libhal_bsp.a(alt_close.o) (alt_errno)
../Bai3_bsp/\libhal_bsp.a(alt_icache_flush_all.o)
                              ../Bai3_bsp/\libhal_bsp.a(alt_load.o) (alt_icache_flush_all)
../Bai3_bsp/\libhal_bsp.a(alt_io_redirect.o)
                              ../Bai3_bsp/\libhal_bsp.a(alt_main.o) (alt_io_redirect)
../Bai3_bsp/\libhal_bsp.a(alt_open.o)
                              ../Bai3_bsp/\libhal_bsp.a(alt_io_redirect.o) (open)
../Bai3_bsp/\libhal_bsp.a(alt_release_fd.o)
                              ../Bai3_bsp/\libhal_bsp.a(alt_close.o) (alt_release_fd)
../Bai3_bsp/\libhal_bsp.a(altera_nios2_qsys_irq.o)
                              ../Bai3_bsp/\libhal_bsp.a(alt_sys_init.o) (altera_nios2_qsys_irq_init)
../Bai3_bsp/\libhal_bsp.a(alt_find_dev.o)
                              ../Bai3_bsp/\libhal_bsp.a(alt_open.o) (alt_find_dev)
../Bai3_bsp/\libhal_bsp.a(alt_find_file.o)
                              ../Bai3_bsp/\libhal_bsp.a(alt_open.o) (alt_find_file)
../Bai3_bsp/\libhal_bsp.a(alt_get_fd.o)
                              ../Bai3_bsp/\libhal_bsp.a(alt_open.o) (alt_get_fd)
c:/altera/13.0sp1/nios2eds/bin/gnu/h-i686-mingw32/bin/../lib/gcc/nios2-elf/4.1.2/../../../../nios2-elf/lib/mno-hw-mul\libsmallc.a(lib_a-atexit.o)
                              ../Bai3_bsp/\libhal_bsp.a(alt_main.o) (atexit)
c:/altera/13.0sp1/nios2eds/bin/gnu/h-i686-mingw32/bin/../lib/gcc/nios2-elf/4.1.2/../../../../nios2-elf/lib/mno-hw-mul\libsmallc.a(lib_a-exit.o)
                              ../Bai3_bsp/\libhal_bsp.a(alt_main.o) (exit)
c:/altera/13.0sp1/nios2eds/bin/gnu/h-i686-mingw32/bin/../lib/gcc/nios2-elf/4.1.2/../../../../nios2-elf/lib/mno-hw-mul\libsmallc.a(lib_a-int_errno.o)
                              ../Bai3_bsp/\libhal_bsp.a(alt_close.o) (errno)
c:/altera/13.0sp1/nios2eds/bin/gnu/h-i686-mingw32/bin/../lib/gcc/nios2-elf/4.1.2/../../../../nios2-elf/lib/mno-hw-mul\libsmallc.a(lib_a-memcmp.o)
                              ../Bai3_bsp/\libhal_bsp.a(alt_find_dev.o) (memcmp)
c:/altera/13.0sp1/nios2eds/bin/gnu/h-i686-mingw32/bin/../lib/gcc/nios2-elf/4.1.2/../../../../nios2-elf/lib/mno-hw-mul\libsmallc.a(lib_a-strlen.o)
                              ../Bai3_bsp/\libhal_bsp.a(alt_find_dev.o) (strlen)
c:/altera/13.0sp1/nios2eds/bin/gnu/h-i686-mingw32/bin/../lib/gcc/nios2-elf/4.1.2/../../../../nios2-elf/lib/mno-hw-mul\libsmallc.a(lib_a-__atexit.o)
                              c:/altera/13.0sp1/nios2eds/bin/gnu/h-i686-mingw32/bin/../lib/gcc/nios2-elf/4.1.2/../../../../nios2-elf/lib/mno-hw-mul\libsmallc.a(lib_a-atexit.o) (__register_exitproc)
c:/altera/13.0sp1/nios2eds/bin/gnu/h-i686-mingw32/bin/../lib/gcc/nios2-elf/4.1.2/../../../../nios2-elf/lib/mno-hw-mul\libsmallc.a(lib_a-__call_atexit.o)
                              c:/altera/13.0sp1/nios2eds/bin/gnu/h-i686-mingw32/bin/../lib/gcc/nios2-elf/4.1.2/../../../../nios2-elf/lib/mno-hw-mul\libsmallc.a(lib_a-exit.o) (__call_exitprocs)
c:/altera/13.0sp1/nios2eds/bin/gnu/h-i686-mingw32/bin/../lib/gcc/nios2-elf/4.1.2/../../../../nios2-elf/lib/mno-hw-mul\libsmallc.a(lib_a-impure.o)
                              c:/altera/13.0sp1/nios2eds/bin/gnu/h-i686-mingw32/bin/../lib/gcc/nios2-elf/4.1.2/../../../../nios2-elf/lib/mno-hw-mul\libsmallc.a(lib_a-__atexit.o) (_global_impure_ptr)
c:/altera/13.0sp1/nios2eds/bin/gnu/h-i686-mingw32/bin/../lib/gcc/nios2-elf/4.1.2/mno-hw-mul\libgcc.a(lib2-mul.o)
                              ../Bai3_bsp/\libhal_bsp.a(alt_close.o) (__mulsi3)
../Bai3_bsp/\libhal_bsp.a(alt_exit.o)
                              c:/altera/13.0sp1/nios2eds/bin/gnu/h-i686-mingw32/bin/../lib/gcc/nios2-elf/4.1.2/../../../../nios2-elf/lib/mno-hw-mul\libsmallc.a(lib_a-exit.o) (_exit)

Allocating common symbols
Common symbol       size              file

errno               0x4               c:/altera/13.0sp1/nios2eds/bin/gnu/h-i686-mingw32/bin/../lib/gcc/nios2-elf/4.1.2/../../../../nios2-elf/lib/mno-hw-mul\libsmallc.a(lib_a-int_errno.o)
_atexit0            0x8c              c:/altera/13.0sp1/nios2eds/bin/gnu/h-i686-mingw32/bin/../lib/gcc/nios2-elf/4.1.2/../../../../nios2-elf/lib/mno-hw-mul\libsmallc.a(lib_a-atexit.o)

Memory Configuration

Name             Origin             Length             Attributes
reset            0x00008000         0x00000020
onchip_memory2_0 0x00008020         0x00007fe0
*default*        0x00000000         0xffffffff

Linker script and memory map

LOAD ../Bai3_bsp//obj/HAL/src/crt0.o
LOAD obj/default/source.o
LOAD c:/altera/13.0sp1/nios2eds/bin/gnu/h-i686-mingw32/bin/../lib/gcc/nios2-elf/4.1.2/../../../../nios2-elf/lib/mno-hw-mul\libstdc++.a
LOAD c:/altera/13.0sp1/nios2eds/bin/gnu/h-i686-mingw32/bin/../lib/gcc/nios2-elf/4.1.2/../../../../nios2-elf/lib/mno-hw-mul\libm.a
LOAD c:/altera/13.0sp1/nios2eds/bin/gnu/h-i686-mingw32/bin/../lib/gcc/nios2-elf/4.1.2/mno-hw-mul\libgcc.a
START GROUP
LOAD c:/altera/13.0sp1/nios2eds/bin/gnu/h-i686-mingw32/bin/../lib/gcc/nios2-elf/4.1.2/../../../../nios2-elf/lib/mno-hw-mul\libsmallc.a
LOAD c:/altera/13.0sp1/nios2eds/bin/gnu/h-i686-mingw32/bin/../lib/gcc/nios2-elf/4.1.2/mno-hw-mul\libgcc.a
LOAD ../Bai3_bsp/\libhal_bsp.a
END GROUP
LOAD c:/altera/13.0sp1/nios2eds/bin/gnu/h-i686-mingw32/bin/../lib/gcc/nios2-elf/4.1.2/mno-hw-mul\libgcc.a
                0x00008000                __alt_mem_onchip_memory2_0 = 0x8000

.entry          0x00008000       0x20
 *(.entry)
 .entry         0x00008000       0x20 ../Bai3_bsp//obj/HAL/src/crt0.o
                0x00008000                __reset

.exceptions     0x00008020        0x0
                0x00008020                PROVIDE (__ram_exceptions_start, ABSOLUTE (.))
                0x00008020                . = ALIGN (0x20)
 *(.irq)
 *(.exceptions.entry.label)
 *(.exceptions.entry.user)
 *(.exceptions.entry)
 *(.exceptions.irqtest.user)
 *(.exceptions.irqtest)
 *(.exceptions.irqhandler.user)
 *(.exceptions.irqhandler)
 *(.exceptions.irqreturn.user)
 *(.exceptions.irqreturn)
 *(.exceptions.notirq.label)
 *(.exceptions.notirq.user)
 *(.exceptions.notirq)
 *(.exceptions.soft.user)
 *(.exceptions.soft)
 *(.exceptions.unknown.user)
 *(.exceptions.unknown)
 *(.exceptions.exit.label)
 *(.exceptions.exit.user)
 *(.exceptions.exit)
 *(.exceptions)
                0x00008020                PROVIDE (__ram_exceptions_end, ABSOLUTE (.))
                0x00008020                PROVIDE (__flash_exceptions_start, LOADADDR (.exceptions))

.text           0x00008020     0x1400
                0x00008020                PROVIDE (stext, ABSOLUTE (.))
 *(.interp)
 *(.hash)
 *(.dynsym)
 *(.dynstr)
 *(.gnu.version)
 *(.gnu.version_d)
 *(.gnu.version_r)
 *(.rel.init)
 *(.rela.init)
 *(.rel.text .rel.text.* .rel.gnu.linkonce.t.*)
 *(.rela.text .rela.text.* .rela.gnu.linkonce.t.*)
 *(.rel.fini)
 *(.rela.fini)
 *(.rel.rodata .rel.rodata.* .rel.gnu.linkonce.r.*)
 *(.rela.rodata .rela.rodata.* .rela.gnu.linkonce.r.*)
 *(.rel.data .rel.data.* .rel.gnu.linkonce.d.*)
 *(.rela.data .rela.data.* .rela.gnu.linkonce.d.*)
 *(.rel.tdata .rel.tdata.* .rel.gnu.linkonce.td.*)
 *(.rela.tdata .rela.tdata.* .rela.gnu.linkonce.td.*)
 *(.rel.tbss .rel.tbss.* .rel.gnu.linkonce.tb.*)
 *(.rela.tbss .rela.tbss.* .rela.gnu.linkonce.tb.*)
 *(.rel.ctors)
 *(.rela.ctors)
 *(.rel.dtors)
 *(.rela.dtors)
 *(.rel.got)
 *(.rela.got)
 *(.rel.sdata .rel.sdata.* .rel.gnu.linkonce.s.*)
 *(.rela.sdata .rela.sdata.* .rela.gnu.linkonce.s.*)
 *(.rel.sbss .rel.sbss.* .rel.gnu.linkonce.sb.*)
 *(.rela.sbss .rela.sbss.* .rela.gnu.linkonce.sb.*)
 *(.rel.sdata2 .rel.sdata2.* .rel.gnu.linkonce.s2.*)
 *(.rela.sdata2 .rela.sdata2.* .rela.gnu.linkonce.s2.*)
 *(.rel.sbss2 .rel.sbss2.* .rel.gnu.linkonce.sb2.*)
 *(.rela.sbss2 .rela.sbss2.* .rela.gnu.linkonce.sb2.*)
 *(.rel.bss .rel.bss.* .rel.gnu.linkonce.b.*)
 *(.rela.bss .rela.bss.* .rela.gnu.linkonce.b.*)
 *(.rel.plt)
 *(.rela.plt)
 *(.rel.dyn)
 *(.init)
 *(.plt)
 *(.text .stub .text.* .gnu.linkonce.t.*)
 .text          0x00008020       0x3c ../Bai3_bsp//obj/HAL/src/crt0.o
                0x00008020                _start
 .text          0x0000805c       0x30 obj/default/source.o
                0x0000805c                main
 .text          0x0000808c       0xec ../Bai3_bsp/\libhal_bsp.a(alt_load.o)
                0x0000808c                alt_load
 .text          0x00008178       0x6c ../Bai3_bsp/\libhal_bsp.a(alt_main.o)
                0x00008178                alt_main
 .text          0x000081e4       0x9c ../Bai3_bsp/\libhal_bsp.a(alt_sys_init.o)
                0x000081e4                alt_irq_init
                0x00008218                alt_sys_init
 .text          0x00008280       0xb0 ../Bai3_bsp/\libhal_bsp.a(altera_avalon_jtag_uart_fd.o)
                0x00008280                altera_avalon_jtag_uart_read_fd
                0x000082d8                altera_avalon_jtag_uart_write_fd
 .text          0x00008330      0x104 ../Bai3_bsp/\libhal_bsp.a(altera_avalon_jtag_uart_read.o)
                0x00008330                altera_avalon_jtag_uart_read
 .text          0x00008434       0xa4 ../Bai3_bsp/\libhal_bsp.a(altera_avalon_jtag_uart_write.o)
                0x00008434                altera_avalon_jtag_uart_write
 .text          0x000084d8      0x160 ../Bai3_bsp/\libhal_bsp.a(alt_close.o)
                0x000084d8                close
 .text          0x00008638       0x1c ../Bai3_bsp/\libhal_bsp.a(alt_dcache_flush_all.o)
                0x00008638                alt_dcache_flush_all
 .text          0x00008654       0x2c ../Bai3_bsp/\libhal_bsp.a(alt_dev.o)
 .text          0x00008680      0x114 ../Bai3_bsp/\libhal_bsp.a(alt_dev_llist_insert.o)
                0x00008680                alt_dev_llist_insert
 .text          0x00008794       0x64 ../Bai3_bsp/\libhal_bsp.a(alt_do_ctors.o)
                0x00008794                _do_ctors
 .text          0x000087f8       0x64 ../Bai3_bsp/\libhal_bsp.a(alt_do_dtors.o)
                0x000087f8                _do_dtors
 .text          0x0000885c        0x0 ../Bai3_bsp/\libhal_bsp.a(alt_errno.o)
 .text          0x0000885c       0x1c ../Bai3_bsp/\libhal_bsp.a(alt_icache_flush_all.o)
                0x0000885c                alt_icache_flush_all
 .text          0x00008878      0x150 ../Bai3_bsp/\libhal_bsp.a(alt_io_redirect.o)
                0x00008950                alt_io_redirect
 .text          0x000089c8      0x2e4 ../Bai3_bsp/\libhal_bsp.a(alt_open.o)
                0x00008ac0                open
 .text          0x00008cac       0x78 ../Bai3_bsp/\libhal_bsp.a(alt_release_fd.o)
                0x00008cac                alt_release_fd
 .text          0x00008d24       0x20 ../Bai3_bsp/\libhal_bsp.a(altera_nios2_qsys_irq.o)
                0x00008d24                altera_nios2_qsys_irq_init
 .text          0x00008d44       0x94 ../Bai3_bsp/\libhal_bsp.a(alt_find_dev.o)
                0x00008d44                alt_find_dev
 .text          0x00008dd8      0x120 ../Bai3_bsp/\libhal_bsp.a(alt_find_file.o)
                0x00008dd8                alt_find_file
 .text          0x00008ef8       0xd0 ../Bai3_bsp/\libhal_bsp.a(alt_get_fd.o)
                0x00008ef8                alt_get_fd
 .text          0x00008fc8       0x14 c:/altera/13.0sp1/nios2eds/bin/gnu/h-i686-mingw32/bin/../lib/gcc/nios2-elf/4.1.2/../../../../nios2-elf/lib/mno-hw-mul\libsmallc.a(lib_a-atexit.o)
                0x00008fc8                atexit
 .text          0x00008fdc       0x20 c:/altera/13.0sp1/nios2eds/bin/gnu/h-i686-mingw32/bin/../lib/gcc/nios2-elf/4.1.2/../../../../nios2-elf/lib/mno-hw-mul\libsmallc.a(lib_a-exit.o)
                0x00008fdc                exit
 .text          0x00008ffc        0x0 c:/altera/13.0sp1/nios2eds/bin/gnu/h-i686-mingw32/bin/../lib/gcc/nios2-elf/4.1.2/../../../../nios2-elf/lib/mno-hw-mul\libsmallc.a(lib_a-int_errno.o)
 .text          0x00008ffc       0x3c c:/altera/13.0sp1/nios2eds/bin/gnu/h-i686-mingw32/bin/../lib/gcc/nios2-elf/4.1.2/../../../../nios2-elf/lib/mno-hw-mul\libsmallc.a(lib_a-memcmp.o)
                0x00008ffc                memcmp
 .text          0x00009038       0x20 c:/altera/13.0sp1/nios2eds/bin/gnu/h-i686-mingw32/bin/../lib/gcc/nios2-elf/4.1.2/../../../../nios2-elf/lib/mno-hw-mul\libsmallc.a(lib_a-strlen.o)
                0x00009038                strlen
 .text          0x00009058      0x16c c:/altera/13.0sp1/nios2eds/bin/gnu/h-i686-mingw32/bin/../lib/gcc/nios2-elf/4.1.2/../../../../nios2-elf/lib/mno-hw-mul\libsmallc.a(lib_a-__atexit.o)
                0x00009058                __register_exitproc
 .text          0x000091c4      0x1c0 c:/altera/13.0sp1/nios2eds/bin/gnu/h-i686-mingw32/bin/../lib/gcc/nios2-elf/4.1.2/../../../../nios2-elf/lib/mno-hw-mul\libsmallc.a(lib_a-__call_atexit.o)
                0x000091c8                __call_exitprocs
 .text          0x00009384        0x0 c:/altera/13.0sp1/nios2eds/bin/gnu/h-i686-mingw32/bin/../lib/gcc/nios2-elf/4.1.2/../../../../nios2-elf/lib/mno-hw-mul\libsmallc.a(lib_a-impure.o)
 .text          0x00009384       0x38 c:/altera/13.0sp1/nios2eds/bin/gnu/h-i686-mingw32/bin/../lib/gcc/nios2-elf/4.1.2/mno-hw-mul\libgcc.a(lib2-mul.o)
                0x00009384                __mulsi3
 .text          0x000093bc       0x60 ../Bai3_bsp/\libhal_bsp.a(alt_exit.o)
                0x000093fc                _exit
 *(.gnu.warning.*)
 *(.fini)
                0x0000941c                PROVIDE (__etext, ABSOLUTE (.))
                0x0000941c                PROVIDE (_etext, ABSOLUTE (.))
                0x0000941c                PROVIDE (etext, ABSOLUTE (.))
 *(.eh_frame_hdr)
                0x0000941c                . = ALIGN (0x4)
                0x0000941c                PROVIDE (__preinit_array_start, ABSOLUTE (.))
 *(.preinit_array)
                0x0000941c                PROVIDE (__preinit_array_end, ABSOLUTE (.))
                0x0000941c                PROVIDE (__init_array_start, ABSOLUTE (.))
 *(.init_array)
                0x0000941c                PROVIDE (__init_array_end, ABSOLUTE (.))
                0x0000941c                PROVIDE (__fini_array_start, ABSOLUTE (.))
 *(.fini_array)
                0x0000941c                PROVIDE (__fini_array_end, ABSOLUTE (.))
 *(.eh_frame)
 *(.gcc_except_table)
 *(.dynamic)
                0x0000941c                PROVIDE (__CTOR_LIST__, ABSOLUTE (.))
 *(.ctors)
 *(SORT(.ctors.*))
 .ctors.65535   0x0000941c        0x4 c:/altera/13.0sp1/nios2eds/bin/gnu/h-i686-mingw32/bin/../lib/gcc/nios2-elf/4.1.2/../../../../nios2-elf/lib/mno-hw-mul\libsmallc.a(lib_a-__call_atexit.o)
                0x00009420                PROVIDE (__CTOR_END__, ABSOLUTE (.))
                0x00009420                PROVIDE (__DTOR_LIST__, ABSOLUTE (.))
 *(.dtors)
 *(SORT(.dtors.*))
                0x00009420                PROVIDE (__DTOR_END__, ABSOLUTE (.))
 *(.jcr)
                0x00009420                . = ALIGN (0x4)

.rodata         0x00009420       0x34
                0x00009420                PROVIDE (__ram_rodata_start, ABSOLUTE (.))
                0x00009420                . = ALIGN (0x4)
 *(.rodata .rodata.* .gnu.linkonce.r.*)
 .rodata        0x00009420       0x14 ../Bai3_bsp/\libhal_bsp.a(alt_main.o)
 .rodata        0x00009434       0x14 ../Bai3_bsp/\libhal_bsp.a(alt_sys_init.o)
 .rodata        0x00009448        0xc ../Bai3_bsp/\libhal_bsp.a(alt_dev.o)
 *(.rodata1)
                0x00009454                . = ALIGN (0x4)
                0x00009454                PROVIDE (__ram_rodata_end, ABSOLUTE (.))
                0x00009420                PROVIDE (__flash_rodata_start, LOADADDR (.rodata))

.rwdata         0x00009454      0x2d4 load address 0x00009728
                0x00009454                PROVIDE (__ram_rwdata_start, ABSOLUTE (.))
                0x00009454                . = ALIGN (0x4)
 *(.got.plt)
 *(.got)
 *(.data1)
 *(.data .data.* .gnu.linkonce.d.*)
 .data          0x00009454        0x0 ../Bai3_bsp//obj/HAL/src/crt0.o
 .data          0x00009454        0x0 obj/default/source.o
 .data          0x00009454        0x0 ../Bai3_bsp/\libhal_bsp.a(alt_load.o)
 .data          0x00009454        0x0 ../Bai3_bsp/\libhal_bsp.a(alt_main.o)
 .data          0x00009454       0x2c ../Bai3_bsp/\libhal_bsp.a(alt_sys_init.o)
 .data          0x00009480        0x0 ../Bai3_bsp/\libhal_bsp.a(altera_avalon_jtag_uart_fd.o)
 .data          0x00009480        0x0 ../Bai3_bsp/\libhal_bsp.a(altera_avalon_jtag_uart_read.o)
 .data          0x00009480        0x0 ../Bai3_bsp/\libhal_bsp.a(altera_avalon_jtag_uart_write.o)
 .data          0x00009480        0x0 ../Bai3_bsp/\libhal_bsp.a(alt_close.o)
 .data          0x00009480        0x0 ../Bai3_bsp/\libhal_bsp.a(alt_dcache_flush_all.o)
 .data          0x00009480      0x1a8 ../Bai3_bsp/\libhal_bsp.a(alt_dev.o)
                0x00009480                alt_dev_null
                0x000094a8                alt_fd_list
 .data          0x00009628        0x0 ../Bai3_bsp/\libhal_bsp.a(alt_dev_llist_insert.o)
 .data          0x00009628        0x0 ../Bai3_bsp/\libhal_bsp.a(alt_do_ctors.o)
 .data          0x00009628        0x0 ../Bai3_bsp/\libhal_bsp.a(alt_do_dtors.o)
 .data          0x00009628        0x0 ../Bai3_bsp/\libhal_bsp.a(alt_errno.o)
 .data          0x00009628        0x0 ../Bai3_bsp/\libhal_bsp.a(alt_icache_flush_all.o)
 .data          0x00009628        0x0 ../Bai3_bsp/\libhal_bsp.a(alt_io_redirect.o)
 .data          0x00009628        0x0 ../Bai3_bsp/\libhal_bsp.a(alt_open.o)
 .data          0x00009628        0x0 ../Bai3_bsp/\libhal_bsp.a(alt_release_fd.o)
 .data          0x00009628        0x0 ../Bai3_bsp/\libhal_bsp.a(altera_nios2_qsys_irq.o)
 .data          0x00009628        0x0 ../Bai3_bsp/\libhal_bsp.a(alt_find_dev.o)
 .data          0x00009628        0x0 ../Bai3_bsp/\libhal_bsp.a(alt_find_file.o)
 .data          0x00009628        0x0 ../Bai3_bsp/\libhal_bsp.a(alt_get_fd.o)
 .data          0x00009628        0x0 c:/altera/13.0sp1/nios2eds/bin/gnu/h-i686-mingw32/bin/../lib/gcc/nios2-elf/4.1.2/../../../../nios2-elf/lib/mno-hw-mul\libsmallc.a(lib_a-atexit.o)
 .data          0x00009628        0x0 c:/altera/13.0sp1/nios2eds/bin/gnu/h-i686-mingw32/bin/../lib/gcc/nios2-elf/4.1.2/../../../../nios2-elf/lib/mno-hw-mul\libsmallc.a(lib_a-exit.o)
 .data          0x00009628        0x0 c:/altera/13.0sp1/nios2eds/bin/gnu/h-i686-mingw32/bin/../lib/gcc/nios2-elf/4.1.2/../../../../nios2-elf/lib/mno-hw-mul\libsmallc.a(lib_a-int_errno.o)
 .data          0x00009628        0x0 c:/altera/13.0sp1/nios2eds/bin/gnu/h-i686-mingw32/bin/../lib/gcc/nios2-elf/4.1.2/../../../../nios2-elf/lib/mno-hw-mul\libsmallc.a(lib_a-memcmp.o)
 .data          0x00009628        0x0 c:/altera/13.0sp1/nios2eds/bin/gnu/h-i686-mingw32/bin/../lib/gcc/nios2-elf/4.1.2/../../../../nios2-elf/lib/mno-hw-mul\libsmallc.a(lib_a-strlen.o)
 .data          0x00009628        0x0 c:/altera/13.0sp1/nios2eds/bin/gnu/h-i686-mingw32/bin/../lib/gcc/nios2-elf/4.1.2/../../../../nios2-elf/lib/mno-hw-mul\libsmallc.a(lib_a-__atexit.o)
 .data          0x00009628        0x0 c:/altera/13.0sp1/nios2eds/bin/gnu/h-i686-mingw32/bin/../lib/gcc/nios2-elf/4.1.2/../../../../nios2-elf/lib/mno-hw-mul\libsmallc.a(lib_a-__call_atexit.o)
 .data          0x00009628       0xe0 c:/altera/13.0sp1/nios2eds/bin/gnu/h-i686-mingw32/bin/../lib/gcc/nios2-elf/4.1.2/../../../../nios2-elf/lib/mno-hw-mul\libsmallc.a(lib_a-impure.o)
 .data          0x00009708        0x0 c:/altera/13.0sp1/nios2eds/bin/gnu/h-i686-mingw32/bin/../lib/gcc/nios2-elf/4.1.2/mno-hw-mul\libgcc.a(lib2-mul.o)
 .data          0x00009708        0x0 ../Bai3_bsp/\libhal_bsp.a(alt_exit.o)
                0x00011708                _gp = ABSOLUTE ((. + 0x8000))
                0x00011708                PROVIDE (gp, _gp)
 *(.rwdata .rwdata.*)
 *(.sdata .sdata.* .gnu.linkonce.s.*)
 .sdata         0x00009708       0x14 ../Bai3_bsp/\libhal_bsp.a(alt_dev.o)
                0x00009708                alt_fs_list
                0x00009710                alt_dev_list
                0x00009718                alt_max_fd
 .sdata         0x0000971c        0x4 ../Bai3_bsp/\libhal_bsp.a(alt_errno.o)
                0x0000971c                alt_errno
 .sdata         0x00009720        0x8 c:/altera/13.0sp1/nios2eds/bin/gnu/h-i686-mingw32/bin/../lib/gcc/nios2-elf/4.1.2/../../../../nios2-elf/lib/mno-hw-mul\libsmallc.a(lib_a-impure.o)
                0x00009720                _impure_ptr
                0x00009724                _global_impure_ptr
 *(.sdata2 .sdata2.* .gnu.linkonce.s2.*)
                0x00009728                . = ALIGN (0x4)
                0x00009728                _edata = ABSOLUTE (.)
                0x00009728                PROVIDE (edata, ABSOLUTE (.))
                0x00009728                PROVIDE (__ram_rwdata_end, ABSOLUTE (.))
                0x00009728                PROVIDE (__flash_rwdata_start, LOADADDR (.rwdata))

.bss            0x000099fc       0x9c
                0x000099fc                __bss_start = ABSOLUTE (.)
                0x000099fc                PROVIDE (__sbss_start, ABSOLUTE (.))
                0x000099fc                PROVIDE (___sbss_start, ABSOLUTE (.))
 *(.dynsbss)
 *(.sbss .sbss.* .gnu.linkonce.sb.*)
 .sbss          0x000099fc        0xc ../Bai3_bsp/\libhal_bsp.a(alt_main.o)
                0x000099fc                alt_argc
                0x00009a00                alt_argv
                0x00009a04                alt_envp
 .sbss          0x00009a08        0x4 c:/altera/13.0sp1/nios2eds/bin/gnu/h-i686-mingw32/bin/../lib/gcc/nios2-elf/4.1.2/../../../../nios2-elf/lib/mno-hw-mul\libsmallc.a(lib_a-int_errno.o)
                0x00009a08                errno
 *(.sbss2 .sbss2.* .gnu.linkonce.sb2.*)
 *(.scommon)
                0x00009a0c                PROVIDE (__sbss_end, ABSOLUTE (.))
                0x00009a0c                PROVIDE (___sbss_end, ABSOLUTE (.))
 *(.dynbss)
 *(.bss .bss.* .gnu.linkonce.b.*)
 .bss           0x00009a0c        0x0 ../Bai3_bsp//obj/HAL/src/crt0.o
 .bss           0x00009a0c        0x0 obj/default/source.o
 .bss           0x00009a0c        0x0 ../Bai3_bsp/\libhal_bsp.a(alt_load.o)
 .bss           0x00009a0c        0x0 ../Bai3_bsp/\libhal_bsp.a(alt_main.o)
 .bss           0x00009a0c        0x0 ../Bai3_bsp/\libhal_bsp.a(alt_sys_init.o)
 .bss           0x00009a0c        0x0 ../Bai3_bsp/\libhal_bsp.a(altera_avalon_jtag_uart_fd.o)
 .bss           0x00009a0c        0x0 ../Bai3_bsp/\libhal_bsp.a(altera_avalon_jtag_uart_read.o)
 .bss           0x00009a0c        0x0 ../Bai3_bsp/\libhal_bsp.a(altera_avalon_jtag_uart_write.o)
 .bss           0x00009a0c        0x0 ../Bai3_bsp/\libhal_bsp.a(alt_close.o)
 .bss           0x00009a0c        0x0 ../Bai3_bsp/\libhal_bsp.a(alt_dcache_flush_all.o)
 .bss           0x00009a0c        0x0 ../Bai3_bsp/\libhal_bsp.a(alt_dev.o)
 .bss           0x00009a0c        0x0 ../Bai3_bsp/\libhal_bsp.a(alt_dev_llist_insert.o)
 .bss           0x00009a0c        0x0 ../Bai3_bsp/\libhal_bsp.a(alt_do_ctors.o)
 .bss           0x00009a0c        0x0 ../Bai3_bsp/\libhal_bsp.a(alt_do_dtors.o)
 .bss           0x00009a0c        0x0 ../Bai3_bsp/\libhal_bsp.a(alt_errno.o)
 .bss           0x00009a0c        0x0 ../Bai3_bsp/\libhal_bsp.a(alt_icache_flush_all.o)
 .bss           0x00009a0c        0x0 ../Bai3_bsp/\libhal_bsp.a(alt_io_redirect.o)
 .bss           0x00009a0c        0x0 ../Bai3_bsp/\libhal_bsp.a(alt_open.o)
 .bss           0x00009a0c        0x0 ../Bai3_bsp/\libhal_bsp.a(alt_release_fd.o)
 .bss           0x00009a0c        0x0 ../Bai3_bsp/\libhal_bsp.a(altera_nios2_qsys_irq.o)
 .bss           0x00009a0c        0x0 ../Bai3_bsp/\libhal_bsp.a(alt_find_dev.o)
 .bss           0x00009a0c        0x0 ../Bai3_bsp/\libhal_bsp.a(alt_find_file.o)
 .bss           0x00009a0c        0x0 ../Bai3_bsp/\libhal_bsp.a(alt_get_fd.o)
 .bss           0x00009a0c        0x0 c:/altera/13.0sp1/nios2eds/bin/gnu/h-i686-mingw32/bin/../lib/gcc/nios2-elf/4.1.2/../../../../nios2-elf/lib/mno-hw-mul\libsmallc.a(lib_a-atexit.o)
 .bss           0x00009a0c        0x0 c:/altera/13.0sp1/nios2eds/bin/gnu/h-i686-mingw32/bin/../lib/gcc/nios2-elf/4.1.2/../../../../nios2-elf/lib/mno-hw-mul\libsmallc.a(lib_a-exit.o)
 .bss           0x00009a0c        0x0 c:/altera/13.0sp1/nios2eds/bin/gnu/h-i686-mingw32/bin/../lib/gcc/nios2-elf/4.1.2/../../../../nios2-elf/lib/mno-hw-mul\libsmallc.a(lib_a-int_errno.o)
 .bss           0x00009a0c        0x0 c:/altera/13.0sp1/nios2eds/bin/gnu/h-i686-mingw32/bin/../lib/gcc/nios2-elf/4.1.2/../../../../nios2-elf/lib/mno-hw-mul\libsmallc.a(lib_a-memcmp.o)
 .bss           0x00009a0c        0x0 c:/altera/13.0sp1/nios2eds/bin/gnu/h-i686-mingw32/bin/../lib/gcc/nios2-elf/4.1.2/../../../../nios2-elf/lib/mno-hw-mul\libsmallc.a(lib_a-strlen.o)
 .bss           0x00009a0c        0x0 c:/altera/13.0sp1/nios2eds/bin/gnu/h-i686-mingw32/bin/../lib/gcc/nios2-elf/4.1.2/../../../../nios2-elf/lib/mno-hw-mul\libsmallc.a(lib_a-__atexit.o)
 .bss           0x00009a0c        0x0 c:/altera/13.0sp1/nios2eds/bin/gnu/h-i686-mingw32/bin/../lib/gcc/nios2-elf/4.1.2/../../../../nios2-elf/lib/mno-hw-mul\libsmallc.a(lib_a-__call_atexit.o)
 .bss           0x00009a0c        0x0 c:/altera/13.0sp1/nios2eds/bin/gnu/h-i686-mingw32/bin/../lib/gcc/nios2-elf/4.1.2/../../../../nios2-elf/lib/mno-hw-mul\libsmallc.a(lib_a-impure.o)
 .bss           0x00009a0c        0x0 c:/altera/13.0sp1/nios2eds/bin/gnu/h-i686-mingw32/bin/../lib/gcc/nios2-elf/4.1.2/mno-hw-mul\libgcc.a(lib2-mul.o)
 .bss           0x00009a0c        0x0 ../Bai3_bsp/\libhal_bsp.a(alt_exit.o)
 *(COMMON)
 COMMON         0x00009a0c       0x8c c:/altera/13.0sp1/nios2eds/bin/gnu/h-i686-mingw32/bin/../lib/gcc/nios2-elf/4.1.2/../../../../nios2-elf/lib/mno-hw-mul\libsmallc.a(lib_a-atexit.o)
                0x00009a0c                _atexit0
                0x00009a98                . = ALIGN (0x4)
                0x00009a98                __bss_end = ABSOLUTE (.)

.onchip_memory2_0
                0x00009a98        0x0
                0x00009a98                PROVIDE (_alt_partition_onchip_memory2_0_start, ABSOLUTE (.))
 *(.onchip_memory2_0. onchip_memory2_0.*)
                0x00009a98                . = ALIGN (0x4)
                0x00009a98                PROVIDE (_alt_partition_onchip_memory2_0_end, ABSOLUTE (.))
                0x00009a98                _end = ABSOLUTE (.)
                0x00009a98                end = ABSOLUTE (.)
                0x00009a98                __alt_stack_base = ABSOLUTE (.)
                0x00009a98                PROVIDE (_alt_partition_onchip_memory2_0_load_addr, LOADADDR (.onchip_memory2_0))

.stab
 *(.stab)

.stabstr
 *(.stabstr)

.stab.excl
 *(.stab.excl)

.stab.exclstr
 *(.stab.exclstr)

.stab.index
 *(.stab.index)

.stab.indexstr
 *(.stab.indexstr)

.comment        0x00000000       0x26
 *(.comment)
 .comment       0x00000000       0x26 obj/default/source.o
                                 0x27 (size before relaxing)
 .comment       0x00000000       0x27 ../Bai3_bsp/\libhal_bsp.a(alt_load.o)
 .comment       0x00000000       0x27 ../Bai3_bsp/\libhal_bsp.a(alt_main.o)
 .comment       0x00000000       0x27 ../Bai3_bsp/\libhal_bsp.a(alt_sys_init.o)
 .comment       0x00000000       0x27 ../Bai3_bsp/\libhal_bsp.a(altera_avalon_jtag_uart_fd.o)
 .comment       0x00000000       0x27 ../Bai3_bsp/\libhal_bsp.a(altera_avalon_jtag_uart_read.o)
 .comment       0x00000000       0x27 ../Bai3_bsp/\libhal_bsp.a(altera_avalon_jtag_uart_write.o)
 .comment       0x00000000       0x27 ../Bai3_bsp/\libhal_bsp.a(alt_close.o)
 .comment       0x00000000       0x27 ../Bai3_bsp/\libhal_bsp.a(alt_dcache_flush_all.o)
 .comment       0x00000000       0x27 ../Bai3_bsp/\libhal_bsp.a(alt_dev.o)
 .comment       0x00000000       0x27 ../Bai3_bsp/\libhal_bsp.a(alt_dev_llist_insert.o)
 .comment       0x00000000       0x27 ../Bai3_bsp/\libhal_bsp.a(alt_do_ctors.o)
 .comment       0x00000000       0x27 ../Bai3_bsp/\libhal_bsp.a(alt_do_dtors.o)
 .comment       0x00000000       0x27 ../Bai3_bsp/\libhal_bsp.a(alt_errno.o)
 .comment       0x00000000       0x27 ../Bai3_bsp/\libhal_bsp.a(alt_icache_flush_all.o)
 .comment       0x00000000       0x27 ../Bai3_bsp/\libhal_bsp.a(alt_io_redirect.o)
 .comment       0x00000000       0x27 ../Bai3_bsp/\libhal_bsp.a(alt_open.o)
 .comment       0x00000000       0x27 ../Bai3_bsp/\libhal_bsp.a(alt_release_fd.o)
 .comment       0x00000000       0x27 ../Bai3_bsp/\libhal_bsp.a(altera_nios2_qsys_irq.o)
 .comment       0x00000000       0x27 ../Bai3_bsp/\libhal_bsp.a(alt_find_dev.o)
 .comment       0x00000000       0x27 ../Bai3_bsp/\libhal_bsp.a(alt_find_file.o)
 .comment       0x00000000       0x27 ../Bai3_bsp/\libhal_bsp.a(alt_get_fd.o)
 .comment       0x00000000       0x27 c:/altera/13.0sp1/nios2eds/bin/gnu/h-i686-mingw32/bin/../lib/gcc/nios2-elf/4.1.2/../../../../nios2-elf/lib/mno-hw-mul\libsmallc.a(lib_a-atexit.o)
 .comment       0x00000000       0x27 c:/altera/13.0sp1/nios2eds/bin/gnu/h-i686-mingw32/bin/../lib/gcc/nios2-elf/4.1.2/../../../../nios2-elf/lib/mno-hw-mul\libsmallc.a(lib_a-exit.o)
 .comment       0x00000000       0x27 c:/altera/13.0sp1/nios2eds/bin/gnu/h-i686-mingw32/bin/../lib/gcc/nios2-elf/4.1.2/../../../../nios2-elf/lib/mno-hw-mul\libsmallc.a(lib_a-int_errno.o)
 .comment       0x00000000       0x27 c:/altera/13.0sp1/nios2eds/bin/gnu/h-i686-mingw32/bin/../lib/gcc/nios2-elf/4.1.2/../../../../nios2-elf/lib/mno-hw-mul\libsmallc.a(lib_a-memcmp.o)
 .comment       0x00000000       0x27 c:/altera/13.0sp1/nios2eds/bin/gnu/h-i686-mingw32/bin/../lib/gcc/nios2-elf/4.1.2/../../../../nios2-elf/lib/mno-hw-mul\libsmallc.a(lib_a-strlen.o)
 .comment       0x00000000       0x27 c:/altera/13.0sp1/nios2eds/bin/gnu/h-i686-mingw32/bin/../lib/gcc/nios2-elf/4.1.2/../../../../nios2-elf/lib/mno-hw-mul\libsmallc.a(lib_a-__atexit.o)
 .comment       0x00000000       0x27 c:/altera/13.0sp1/nios2eds/bin/gnu/h-i686-mingw32/bin/../lib/gcc/nios2-elf/4.1.2/../../../../nios2-elf/lib/mno-hw-mul\libsmallc.a(lib_a-__call_atexit.o)
 .comment       0x00000000       0x27 c:/altera/13.0sp1/nios2eds/bin/gnu/h-i686-mingw32/bin/../lib/gcc/nios2-elf/4.1.2/../../../../nios2-elf/lib/mno-hw-mul\libsmallc.a(lib_a-impure.o)
 .comment       0x00000000       0x27 c:/altera/13.0sp1/nios2eds/bin/gnu/h-i686-mingw32/bin/../lib/gcc/nios2-elf/4.1.2/mno-hw-mul\libgcc.a(lib2-mul.o)
 .comment       0x00000000       0x27 ../Bai3_bsp/\libhal_bsp.a(alt_exit.o)

.debug
 *(.debug)

.line
 *(.line)

.debug_srcinfo
 *(.debug_srcinfo)

.debug_sfnames
 *(.debug_sfnames)

.debug_aranges  0x00000000      0x3c8
 *(.debug_aranges)
 .debug_aranges
                0x00000000       0x28 ../Bai3_bsp//obj/HAL/src/crt0.o
 .debug_aranges
                0x00000028       0x20 obj/default/source.o
 .debug_aranges
                0x00000048       0x20 ../Bai3_bsp/\libhal_bsp.a(alt_load.o)
 .debug_aranges
                0x00000068       0x20 ../Bai3_bsp/\libhal_bsp.a(alt_main.o)
 .debug_aranges
                0x00000088       0x20 ../Bai3_bsp/\libhal_bsp.a(alt_sys_init.o)
 .debug_aranges
                0x000000a8       0x20 ../Bai3_bsp/\libhal_bsp.a(altera_avalon_jtag_uart_fd.o)
 .debug_aranges
                0x000000c8       0x20 ../Bai3_bsp/\libhal_bsp.a(altera_avalon_jtag_uart_read.o)
 .debug_aranges
                0x000000e8       0x20 ../Bai3_bsp/\libhal_bsp.a(altera_avalon_jtag_uart_write.o)
 .debug_aranges
                0x00000108       0x20 ../Bai3_bsp/\libhal_bsp.a(alt_close.o)
 .debug_aranges
                0x00000128       0x20 ../Bai3_bsp/\libhal_bsp.a(alt_dcache_flush_all.o)
 .debug_aranges
                0x00000148       0x20 ../Bai3_bsp/\libhal_bsp.a(alt_dev.o)
 .debug_aranges
                0x00000168       0x20 ../Bai3_bsp/\libhal_bsp.a(alt_dev_llist_insert.o)
 .debug_aranges
                0x00000188       0x20 ../Bai3_bsp/\libhal_bsp.a(alt_do_ctors.o)
 .debug_aranges
                0x000001a8       0x20 ../Bai3_bsp/\libhal_bsp.a(alt_do_dtors.o)
 .debug_aranges
                0x000001c8       0x20 ../Bai3_bsp/\libhal_bsp.a(alt_icache_flush_all.o)
 .debug_aranges
                0x000001e8       0x20 ../Bai3_bsp/\libhal_bsp.a(alt_io_redirect.o)
 .debug_aranges
                0x00000208       0x20 ../Bai3_bsp/\libhal_bsp.a(alt_open.o)
 .debug_aranges
                0x00000228       0x20 ../Bai3_bsp/\libhal_bsp.a(alt_release_fd.o)
 .debug_aranges
                0x00000248       0x20 ../Bai3_bsp/\libhal_bsp.a(altera_nios2_qsys_irq.o)
 .debug_aranges
                0x00000268       0x20 ../Bai3_bsp/\libhal_bsp.a(alt_find_dev.o)
 .debug_aranges
                0x00000288       0x20 ../Bai3_bsp/\libhal_bsp.a(alt_find_file.o)
 .debug_aranges
                0x000002a8       0x20 ../Bai3_bsp/\libhal_bsp.a(alt_get_fd.o)
 .debug_aranges
                0x000002c8       0x20 c:/altera/13.0sp1/nios2eds/bin/gnu/h-i686-mingw32/bin/../lib/gcc/nios2-elf/4.1.2/../../../../nios2-elf/lib/mno-hw-mul\libsmallc.a(lib_a-atexit.o)
 .debug_aranges
                0x000002e8       0x20 c:/altera/13.0sp1/nios2eds/bin/gnu/h-i686-mingw32/bin/../lib/gcc/nios2-elf/4.1.2/../../../../nios2-elf/lib/mno-hw-mul\libsmallc.a(lib_a-exit.o)
 .debug_aranges
                0x00000308       0x20 c:/altera/13.0sp1/nios2eds/bin/gnu/h-i686-mingw32/bin/../lib/gcc/nios2-elf/4.1.2/../../../../nios2-elf/lib/mno-hw-mul\libsmallc.a(lib_a-memcmp.o)
 .debug_aranges
                0x00000328       0x20 c:/altera/13.0sp1/nios2eds/bin/gnu/h-i686-mingw32/bin/../lib/gcc/nios2-elf/4.1.2/../../../../nios2-elf/lib/mno-hw-mul\libsmallc.a(lib_a-strlen.o)
 .debug_aranges
                0x00000348       0x20 c:/altera/13.0sp1/nios2eds/bin/gnu/h-i686-mingw32/bin/../lib/gcc/nios2-elf/4.1.2/../../../../nios2-elf/lib/mno-hw-mul\libsmallc.a(lib_a-__atexit.o)
 .debug_aranges
                0x00000368       0x20 c:/altera/13.0sp1/nios2eds/bin/gnu/h-i686-mingw32/bin/../lib/gcc/nios2-elf/4.1.2/../../../../nios2-elf/lib/mno-hw-mul\libsmallc.a(lib_a-__call_atexit.o)
 .debug_aranges
                0x00000388       0x20 c:/altera/13.0sp1/nios2eds/bin/gnu/h-i686-mingw32/bin/../lib/gcc/nios2-elf/4.1.2/mno-hw-mul\libgcc.a(lib2-mul.o)
 .debug_aranges
                0x000003a8       0x20 ../Bai3_bsp/\libhal_bsp.a(alt_exit.o)

.debug_pubnames
                0x00000000      0x535
 *(.debug_pubnames)
 .debug_pubnames
                0x00000000       0x1b obj/default/source.o
 .debug_pubnames
                0x0000001b       0x1f ../Bai3_bsp/\libhal_bsp.a(alt_load.o)
 .debug_pubnames
                0x0000003a       0x46 ../Bai3_bsp/\libhal_bsp.a(alt_main.o)
 .debug_pubnames
                0x00000080       0x34 ../Bai3_bsp/\libhal_bsp.a(alt_sys_init.o)
 .debug_pubnames
                0x000000b4       0x5b ../Bai3_bsp/\libhal_bsp.a(altera_avalon_jtag_uart_fd.o)
 .debug_pubnames
                0x0000010f       0x33 ../Bai3_bsp/\libhal_bsp.a(altera_avalon_jtag_uart_read.o)
 .debug_pubnames
                0x00000142       0x34 ../Bai3_bsp/\libhal_bsp.a(altera_avalon_jtag_uart_write.o)
 .debug_pubnames
                0x00000176       0x1c ../Bai3_bsp/\libhal_bsp.a(alt_close.o)
 .debug_pubnames
                0x00000192       0x2b ../Bai3_bsp/\libhal_bsp.a(alt_dcache_flush_all.o)
 .debug_pubnames
                0x000001bd       0x63 ../Bai3_bsp/\libhal_bsp.a(alt_dev.o)
 .debug_pubnames
                0x00000220       0x2b ../Bai3_bsp/\libhal_bsp.a(alt_dev_llist_insert.o)
 .debug_pubnames
                0x0000024b       0x20 ../Bai3_bsp/\libhal_bsp.a(alt_do_ctors.o)
 .debug_pubnames
                0x0000026b       0x20 ../Bai3_bsp/\libhal_bsp.a(alt_do_dtors.o)
 .debug_pubnames
                0x0000028b       0x20 ../Bai3_bsp/\libhal_bsp.a(alt_errno.o)
 .debug_pubnames
                0x000002ab       0x2b ../Bai3_bsp/\libhal_bsp.a(alt_icache_flush_all.o)
 .debug_pubnames
                0x000002d6       0x26 ../Bai3_bsp/\libhal_bsp.a(alt_io_redirect.o)
 .debug_pubnames
                0x000002fc       0x1b ../Bai3_bsp/\libhal_bsp.a(alt_open.o)
 .debug_pubnames
                0x00000317       0x25 ../Bai3_bsp/\libhal_bsp.a(alt_release_fd.o)
 .debug_pubnames
                0x0000033c       0x31 ../Bai3_bsp/\libhal_bsp.a(altera_nios2_qsys_irq.o)
 .debug_pubnames
                0x0000036d       0x23 ../Bai3_bsp/\libhal_bsp.a(alt_find_dev.o)
 .debug_pubnames
                0x00000390       0x24 ../Bai3_bsp/\libhal_bsp.a(alt_find_file.o)
 .debug_pubnames
                0x000003b4       0x21 ../Bai3_bsp/\libhal_bsp.a(alt_get_fd.o)
 .debug_pubnames
                0x000003d5       0x2a c:/altera/13.0sp1/nios2eds/bin/gnu/h-i686-mingw32/bin/../lib/gcc/nios2-elf/4.1.2/../../../../nios2-elf/lib/mno-hw-mul\libsmallc.a(lib_a-atexit.o)
 .debug_pubnames
                0x000003ff       0x1b c:/altera/13.0sp1/nios2eds/bin/gnu/h-i686-mingw32/bin/../lib/gcc/nios2-elf/4.1.2/../../../../nios2-elf/lib/mno-hw-mul\libsmallc.a(lib_a-exit.o)
 .debug_pubnames
                0x0000041a       0x1c c:/altera/13.0sp1/nios2eds/bin/gnu/h-i686-mingw32/bin/../lib/gcc/nios2-elf/4.1.2/../../../../nios2-elf/lib/mno-hw-mul\libsmallc.a(lib_a-int_errno.o)
 .debug_pubnames
                0x00000436       0x1d c:/altera/13.0sp1/nios2eds/bin/gnu/h-i686-mingw32/bin/../lib/gcc/nios2-elf/4.1.2/../../../../nios2-elf/lib/mno-hw-mul\libsmallc.a(lib_a-memcmp.o)
 .debug_pubnames
                0x00000453       0x1d c:/altera/13.0sp1/nios2eds/bin/gnu/h-i686-mingw32/bin/../lib/gcc/nios2-elf/4.1.2/../../../../nios2-elf/lib/mno-hw-mul\libsmallc.a(lib_a-strlen.o)
 .debug_pubnames
                0x00000470       0x2a c:/altera/13.0sp1/nios2eds/bin/gnu/h-i686-mingw32/bin/../lib/gcc/nios2-elf/4.1.2/../../../../nios2-elf/lib/mno-hw-mul\libsmallc.a(lib_a-__atexit.o)
 .debug_pubnames
                0x0000049a       0x27 c:/altera/13.0sp1/nios2eds/bin/gnu/h-i686-mingw32/bin/../lib/gcc/nios2-elf/4.1.2/../../../../nios2-elf/lib/mno-hw-mul\libsmallc.a(lib_a-__call_atexit.o)
 .debug_pubnames
                0x000004c1       0x39 c:/altera/13.0sp1/nios2eds/bin/gnu/h-i686-mingw32/bin/../lib/gcc/nios2-elf/4.1.2/../../../../nios2-elf/lib/mno-hw-mul\libsmallc.a(lib_a-impure.o)
 .debug_pubnames
                0x000004fa       0x1f c:/altera/13.0sp1/nios2eds/bin/gnu/h-i686-mingw32/bin/../lib/gcc/nios2-elf/4.1.2/mno-hw-mul\libgcc.a(lib2-mul.o)
 .debug_pubnames
                0x00000519       0x1c ../Bai3_bsp/\libhal_bsp.a(alt_exit.o)

.debug_info     0x00000000     0x6073
 *(.debug_info .gnu.linkonce.wi.*)
 .debug_info    0x00000000       0x5a ../Bai3_bsp//obj/HAL/src/crt0.o
 .debug_info    0x0000005a      0x124 obj/default/source.o
 .debug_info    0x0000017e      0x26c ../Bai3_bsp/\libhal_bsp.a(alt_load.o)
 .debug_info    0x000003ea      0x204 ../Bai3_bsp/\libhal_bsp.a(alt_main.o)
 .debug_info    0x000005ee      0x558 ../Bai3_bsp/\libhal_bsp.a(alt_sys_init.o)
 .debug_info    0x00000b46      0x598 ../Bai3_bsp/\libhal_bsp.a(altera_avalon_jtag_uart_fd.o)
 .debug_info    0x000010de      0x2e8 ../Bai3_bsp/\libhal_bsp.a(altera_avalon_jtag_uart_read.o)
 .debug_info    0x000013c6      0x2c5 ../Bai3_bsp/\libhal_bsp.a(altera_avalon_jtag_uart_write.o)
 .debug_info    0x0000168b      0x446 ../Bai3_bsp/\libhal_bsp.a(alt_close.o)
 .debug_info    0x00001ad1      0x13b ../Bai3_bsp/\libhal_bsp.a(alt_dcache_flush_all.o)
 .debug_info    0x00001c0c      0x65e ../Bai3_bsp/\libhal_bsp.a(alt_dev.o)
 .debug_info    0x0000226a      0x296 ../Bai3_bsp/\libhal_bsp.a(alt_dev_llist_insert.o)
 .debug_info    0x00002500       0xee ../Bai3_bsp/\libhal_bsp.a(alt_do_ctors.o)
 .debug_info    0x000025ee       0xed ../Bai3_bsp/\libhal_bsp.a(alt_do_dtors.o)
 .debug_info    0x000026db      0x143 ../Bai3_bsp/\libhal_bsp.a(alt_errno.o)
 .debug_info    0x0000281e      0x13b ../Bai3_bsp/\libhal_bsp.a(alt_icache_flush_all.o)
 .debug_info    0x00002959      0x674 ../Bai3_bsp/\libhal_bsp.a(alt_io_redirect.o)
 .debug_info    0x00002fcd      0x504 ../Bai3_bsp/\libhal_bsp.a(alt_open.o)
 .debug_info    0x000034d1      0x3d1 ../Bai3_bsp/\libhal_bsp.a(alt_release_fd.o)
 .debug_info    0x000038a2      0x142 ../Bai3_bsp/\libhal_bsp.a(altera_nios2_qsys_irq.o)
 .debug_info    0x000039e4      0x3f7 ../Bai3_bsp/\libhal_bsp.a(alt_find_dev.o)
 .debug_info    0x00003ddb      0x3fe ../Bai3_bsp/\libhal_bsp.a(alt_find_file.o)
 .debug_info    0x000041d9      0x43f ../Bai3_bsp/\libhal_bsp.a(alt_get_fd.o)
 .debug_info    0x00004618      0x186 c:/altera/13.0sp1/nios2eds/bin/gnu/h-i686-mingw32/bin/../lib/gcc/nios2-elf/4.1.2/../../../../nios2-elf/lib/mno-hw-mul\libsmallc.a(lib_a-atexit.o)
 .debug_info    0x0000479e       0x9f c:/altera/13.0sp1/nios2eds/bin/gnu/h-i686-mingw32/bin/../lib/gcc/nios2-elf/4.1.2/../../../../nios2-elf/lib/mno-hw-mul\libsmallc.a(lib_a-exit.o)
 .debug_info    0x0000483d       0x8c c:/altera/13.0sp1/nios2eds/bin/gnu/h-i686-mingw32/bin/../lib/gcc/nios2-elf/4.1.2/../../../../nios2-elf/lib/mno-hw-mul\libsmallc.a(lib_a-int_errno.o)
 .debug_info    0x000048c9       0xef c:/altera/13.0sp1/nios2eds/bin/gnu/h-i686-mingw32/bin/../lib/gcc/nios2-elf/4.1.2/../../../../nios2-elf/lib/mno-hw-mul\libsmallc.a(lib_a-memcmp.o)
 .debug_info    0x000049b8       0xc2 c:/altera/13.0sp1/nios2eds/bin/gnu/h-i686-mingw32/bin/../lib/gcc/nios2-elf/4.1.2/../../../../nios2-elf/lib/mno-hw-mul\libsmallc.a(lib_a-strlen.o)
 .debug_info    0x00004a7a      0x68f c:/altera/13.0sp1/nios2eds/bin/gnu/h-i686-mingw32/bin/../lib/gcc/nios2-elf/4.1.2/../../../../nios2-elf/lib/mno-hw-mul\libsmallc.a(lib_a-__atexit.o)
 .debug_info    0x00005109      0x6d5 c:/altera/13.0sp1/nios2eds/bin/gnu/h-i686-mingw32/bin/../lib/gcc/nios2-elf/4.1.2/../../../../nios2-elf/lib/mno-hw-mul\libsmallc.a(lib_a-__call_atexit.o)
 .debug_info    0x000057de      0x636 c:/altera/13.0sp1/nios2eds/bin/gnu/h-i686-mingw32/bin/../lib/gcc/nios2-elf/4.1.2/../../../../nios2-elf/lib/mno-hw-mul\libsmallc.a(lib_a-impure.o)
 .debug_info    0x00005e14       0xf3 c:/altera/13.0sp1/nios2eds/bin/gnu/h-i686-mingw32/bin/../lib/gcc/nios2-elf/4.1.2/mno-hw-mul\libgcc.a(lib2-mul.o)
 .debug_info    0x00005f07      0x16c ../Bai3_bsp/\libhal_bsp.a(alt_exit.o)

.debug_abbrev   0x00000000     0x16dd
 *(.debug_abbrev)
 .debug_abbrev  0x00000000       0x12 ../Bai3_bsp//obj/HAL/src/crt0.o
 .debug_abbrev  0x00000012       0x4e obj/default/source.o
 .debug_abbrev  0x00000060       0x88 ../Bai3_bsp/\libhal_bsp.a(alt_load.o)
 .debug_abbrev  0x000000e8       0xb7 ../Bai3_bsp/\libhal_bsp.a(alt_main.o)
 .debug_abbrev  0x0000019f      0x121 ../Bai3_bsp/\libhal_bsp.a(alt_sys_init.o)
 .debug_abbrev  0x000002c0       0xcb ../Bai3_bsp/\libhal_bsp.a(altera_avalon_jtag_uart_fd.o)
 .debug_abbrev  0x0000038b       0xb6 ../Bai3_bsp/\libhal_bsp.a(altera_avalon_jtag_uart_read.o)
 .debug_abbrev  0x00000441       0xb4 ../Bai3_bsp/\libhal_bsp.a(altera_avalon_jtag_uart_write.o)
 .debug_abbrev  0x000004f5       0xfb ../Bai3_bsp/\libhal_bsp.a(alt_close.o)
 .debug_abbrev  0x000005f0       0x3f ../Bai3_bsp/\libhal_bsp.a(alt_dcache_flush_all.o)
 .debug_abbrev  0x0000062f       0xc7 ../Bai3_bsp/\libhal_bsp.a(alt_dev.o)
 .debug_abbrev  0x000006f6       0xf6 ../Bai3_bsp/\libhal_bsp.a(alt_dev_llist_insert.o)
 .debug_abbrev  0x000007ec       0x76 ../Bai3_bsp/\libhal_bsp.a(alt_do_ctors.o)
 .debug_abbrev  0x00000862       0x76 ../Bai3_bsp/\libhal_bsp.a(alt_do_dtors.o)
 .debug_abbrev  0x000008d8       0x5e ../Bai3_bsp/\libhal_bsp.a(alt_errno.o)
 .debug_abbrev  0x00000936       0x3f ../Bai3_bsp/\libhal_bsp.a(alt_icache_flush_all.o)
 .debug_abbrev  0x00000975       0xf0 ../Bai3_bsp/\libhal_bsp.a(alt_io_redirect.o)
 .debug_abbrev  0x00000a65      0x112 ../Bai3_bsp/\libhal_bsp.a(alt_open.o)
 .debug_abbrev  0x00000b77       0xc1 ../Bai3_bsp/\libhal_bsp.a(alt_release_fd.o)
 .debug_abbrev  0x00000c38       0x3f ../Bai3_bsp/\libhal_bsp.a(altera_nios2_qsys_irq.o)
 .debug_abbrev  0x00000c77       0xcf ../Bai3_bsp/\libhal_bsp.a(alt_find_dev.o)
 .debug_abbrev  0x00000d46       0xcf ../Bai3_bsp/\libhal_bsp.a(alt_find_file.o)
 .debug_abbrev  0x00000e15       0xfb ../Bai3_bsp/\libhal_bsp.a(alt_get_fd.o)
 .debug_abbrev  0x00000f10       0xc6 c:/altera/13.0sp1/nios2eds/bin/gnu/h-i686-mingw32/bin/../lib/gcc/nios2-elf/4.1.2/../../../../nios2-elf/lib/mno-hw-mul\libsmallc.a(lib_a-atexit.o)
 .debug_abbrev  0x00000fd6       0x4e c:/altera/13.0sp1/nios2eds/bin/gnu/h-i686-mingw32/bin/../lib/gcc/nios2-elf/4.1.2/../../../../nios2-elf/lib/mno-hw-mul\libsmallc.a(lib_a-exit.o)
 .debug_abbrev  0x00001024       0x3b c:/altera/13.0sp1/nios2eds/bin/gnu/h-i686-mingw32/bin/../lib/gcc/nios2-elf/4.1.2/../../../../nios2-elf/lib/mno-hw-mul\libsmallc.a(lib_a-int_errno.o)
 .debug_abbrev  0x0000105f       0x7c c:/altera/13.0sp1/nios2eds/bin/gnu/h-i686-mingw32/bin/../lib/gcc/nios2-elf/4.1.2/../../../../nios2-elf/lib/mno-hw-mul\libsmallc.a(lib_a-memcmp.o)
 .debug_abbrev  0x000010db       0x7a c:/altera/13.0sp1/nios2eds/bin/gnu/h-i686-mingw32/bin/../lib/gcc/nios2-elf/4.1.2/../../../../nios2-elf/lib/mno-hw-mul\libsmallc.a(lib_a-strlen.o)
 .debug_abbrev  0x00001155      0x196 c:/altera/13.0sp1/nios2eds/bin/gnu/h-i686-mingw32/bin/../lib/gcc/nios2-elf/4.1.2/../../../../nios2-elf/lib/mno-hw-mul\libsmallc.a(lib_a-__atexit.o)
 .debug_abbrev  0x000012eb      0x1c6 c:/altera/13.0sp1/nios2eds/bin/gnu/h-i686-mingw32/bin/../lib/gcc/nios2-elf/4.1.2/../../../../nios2-elf/lib/mno-hw-mul\libsmallc.a(lib_a-__call_atexit.o)
 .debug_abbrev  0x000014b1      0x13f c:/altera/13.0sp1/nios2eds/bin/gnu/h-i686-mingw32/bin/../lib/gcc/nios2-elf/4.1.2/../../../../nios2-elf/lib/mno-hw-mul\libsmallc.a(lib_a-impure.o)
 .debug_abbrev  0x000015f0       0x7b c:/altera/13.0sp1/nios2eds/bin/gnu/h-i686-mingw32/bin/../lib/gcc/nios2-elf/4.1.2/mno-hw-mul\libgcc.a(lib2-mul.o)
 .debug_abbrev  0x0000166b       0x72 ../Bai3_bsp/\libhal_bsp.a(alt_exit.o)

.debug_line     0x00000000     0x4609
 *(.debug_line)
 .debug_line    0x00000000       0x66 ../Bai3_bsp//obj/HAL/src/crt0.o
 .debug_line    0x00000066      0x1e9 obj/default/source.o
 .debug_line    0x0000024f      0x217 ../Bai3_bsp/\libhal_bsp.a(alt_load.o)
 .debug_line    0x00000466      0x2ca ../Bai3_bsp/\libhal_bsp.a(alt_main.o)
 .debug_line    0x00000730      0x2a6 ../Bai3_bsp/\libhal_bsp.a(alt_sys_init.o)
 .debug_line    0x000009d6      0x1d7 ../Bai3_bsp/\libhal_bsp.a(altera_avalon_jtag_uart_fd.o)
 .debug_line    0x00000bad      0x343 ../Bai3_bsp/\libhal_bsp.a(altera_avalon_jtag_uart_read.o)
 .debug_line    0x00000ef0      0x304 ../Bai3_bsp/\libhal_bsp.a(altera_avalon_jtag_uart_write.o)
 .debug_line    0x000011f4      0x299 ../Bai3_bsp/\libhal_bsp.a(alt_close.o)
 .debug_line    0x0000148d      0x1b5 ../Bai3_bsp/\libhal_bsp.a(alt_dcache_flush_all.o)
 .debug_line    0x00001642      0x254 ../Bai3_bsp/\libhal_bsp.a(alt_dev.o)
 .debug_line    0x00001896      0x25a ../Bai3_bsp/\libhal_bsp.a(alt_dev_llist_insert.o)
 .debug_line    0x00001af0       0x83 ../Bai3_bsp/\libhal_bsp.a(alt_do_ctors.o)
 .debug_line    0x00001b73       0x83 ../Bai3_bsp/\libhal_bsp.a(alt_do_dtors.o)
 .debug_line    0x00001bf6      0x1aa ../Bai3_bsp/\libhal_bsp.a(alt_errno.o)
 .debug_line    0x00001da0      0x1b5 ../Bai3_bsp/\libhal_bsp.a(alt_icache_flush_all.o)
 .debug_line    0x00001f55      0x2b4 ../Bai3_bsp/\libhal_bsp.a(alt_io_redirect.o)
 .debug_line    0x00002209      0x2ff ../Bai3_bsp/\libhal_bsp.a(alt_open.o)
 .debug_line    0x00002508       0xed ../Bai3_bsp/\libhal_bsp.a(alt_release_fd.o)
 .debug_line    0x000025f5      0x1ce ../Bai3_bsp/\libhal_bsp.a(altera_nios2_qsys_irq.o)
 .debug_line    0x000027c3      0x26b ../Bai3_bsp/\libhal_bsp.a(alt_find_dev.o)
 .debug_line    0x00002a2e      0x27c ../Bai3_bsp/\libhal_bsp.a(alt_find_file.o)
 .debug_line    0x00002caa      0x297 ../Bai3_bsp/\libhal_bsp.a(alt_get_fd.o)
 .debug_line    0x00002f41      0x203 c:/altera/13.0sp1/nios2eds/bin/gnu/h-i686-mingw32/bin/../lib/gcc/nios2-elf/4.1.2/../../../../nios2-elf/lib/mno-hw-mul\libsmallc.a(lib_a-atexit.o)
 .debug_line    0x00003144      0x223 c:/altera/13.0sp1/nios2eds/bin/gnu/h-i686-mingw32/bin/../lib/gcc/nios2-elf/4.1.2/../../../../nios2-elf/lib/mno-hw-mul\libsmallc.a(lib_a-exit.o)
 .debug_line    0x00003367      0x1e2 c:/altera/13.0sp1/nios2eds/bin/gnu/h-i686-mingw32/bin/../lib/gcc/nios2-elf/4.1.2/../../../../nios2-elf/lib/mno-hw-mul\libsmallc.a(lib_a-int_errno.o)
 .debug_line    0x00003549      0x270 c:/altera/13.0sp1/nios2eds/bin/gnu/h-i686-mingw32/bin/../lib/gcc/nios2-elf/4.1.2/../../../../nios2-elf/lib/mno-hw-mul\libsmallc.a(lib_a-memcmp.o)
 .debug_line    0x000037b9      0x250 c:/altera/13.0sp1/nios2eds/bin/gnu/h-i686-mingw32/bin/../lib/gcc/nios2-elf/4.1.2/../../../../nios2-elf/lib/mno-hw-mul\libsmallc.a(lib_a-strlen.o)
 .debug_line    0x00003a09      0x350 c:/altera/13.0sp1/nios2eds/bin/gnu/h-i686-mingw32/bin/../lib/gcc/nios2-elf/4.1.2/../../../../nios2-elf/lib/mno-hw-mul\libsmallc.a(lib_a-__atexit.o)
 .debug_line    0x00003d59      0x360 c:/altera/13.0sp1/nios2eds/bin/gnu/h-i686-mingw32/bin/../lib/gcc/nios2-elf/4.1.2/../../../../nios2-elf/lib/mno-hw-mul\libsmallc.a(lib_a-__call_atexit.o)
 .debug_line    0x000040b9      0x230 c:/altera/13.0sp1/nios2eds/bin/gnu/h-i686-mingw32/bin/../lib/gcc/nios2-elf/4.1.2/../../../../nios2-elf/lib/mno-hw-mul\libsmallc.a(lib_a-impure.o)
 .debug_line    0x000042e9      0x11a c:/altera/13.0sp1/nios2eds/bin/gnu/h-i686-mingw32/bin/../lib/gcc/nios2-elf/4.1.2/mno-hw-mul\libgcc.a(lib2-mul.o)
 .debug_line    0x00004403      0x206 ../Bai3_bsp/\libhal_bsp.a(alt_exit.o)

.debug_frame    0x00000000      0x61c
 *(.debug_frame)
 .debug_frame   0x00000000       0x2c obj/default/source.o
 .debug_frame   0x0000002c       0x48 ../Bai3_bsp/\libhal_bsp.a(alt_load.o)
 .debug_frame   0x00000074       0x2c ../Bai3_bsp/\libhal_bsp.a(alt_main.o)
 .debug_frame   0x000000a0       0x64 ../Bai3_bsp/\libhal_bsp.a(alt_sys_init.o)
 .debug_frame   0x00000104       0x48 ../Bai3_bsp/\libhal_bsp.a(altera_avalon_jtag_uart_fd.o)
 .debug_frame   0x0000014c       0x2c ../Bai3_bsp/\libhal_bsp.a(altera_avalon_jtag_uart_read.o)
 .debug_frame   0x00000178       0x2c ../Bai3_bsp/\libhal_bsp.a(altera_avalon_jtag_uart_write.o)
 .debug_frame   0x000001a4       0x48 ../Bai3_bsp/\libhal_bsp.a(alt_close.o)
 .debug_frame   0x000001ec       0x2c ../Bai3_bsp/\libhal_bsp.a(alt_dcache_flush_all.o)
 .debug_frame   0x00000218       0x2c ../Bai3_bsp/\libhal_bsp.a(alt_dev.o)
 .debug_frame   0x00000244       0x48 ../Bai3_bsp/\libhal_bsp.a(alt_dev_llist_insert.o)
 .debug_frame   0x0000028c       0x2c ../Bai3_bsp/\libhal_bsp.a(alt_do_ctors.o)
 .debug_frame   0x000002b8       0x2c ../Bai3_bsp/\libhal_bsp.a(alt_do_dtors.o)
 .debug_frame   0x000002e4       0x2c ../Bai3_bsp/\libhal_bsp.a(alt_icache_flush_all.o)
 .debug_frame   0x00000310       0x4c ../Bai3_bsp/\libhal_bsp.a(alt_io_redirect.o)
 .debug_frame   0x0000035c       0x68 ../Bai3_bsp/\libhal_bsp.a(alt_open.o)
 .debug_frame   0x000003c4       0x30 ../Bai3_bsp/\libhal_bsp.a(alt_release_fd.o)
 .debug_frame   0x000003f4       0x2c ../Bai3_bsp/\libhal_bsp.a(altera_nios2_qsys_irq.o)
 .debug_frame   0x00000420       0x2c ../Bai3_bsp/\libhal_bsp.a(alt_find_dev.o)
 .debug_frame   0x0000044c       0x2c ../Bai3_bsp/\libhal_bsp.a(alt_find_file.o)
 .debug_frame   0x00000478       0x30 ../Bai3_bsp/\libhal_bsp.a(alt_get_fd.o)
 .debug_frame   0x000004a8       0x20 c:/altera/13.0sp1/nios2eds/bin/gnu/h-i686-mingw32/bin/../lib/gcc/nios2-elf/4.1.2/../../../../nios2-elf/lib/mno-hw-mul\libsmallc.a(lib_a-atexit.o)
 .debug_frame   0x000004c8       0x2c c:/altera/13.0sp1/nios2eds/bin/gnu/h-i686-mingw32/bin/../lib/gcc/nios2-elf/4.1.2/../../../../nios2-elf/lib/mno-hw-mul\libsmallc.a(lib_a-exit.o)
 .debug_frame   0x000004f4       0x20 c:/altera/13.0sp1/nios2eds/bin/gnu/h-i686-mingw32/bin/../lib/gcc/nios2-elf/4.1.2/../../../../nios2-elf/lib/mno-hw-mul\libsmallc.a(lib_a-memcmp.o)
 .debug_frame   0x00000514       0x20 c:/altera/13.0sp1/nios2eds/bin/gnu/h-i686-mingw32/bin/../lib/gcc/nios2-elf/4.1.2/../../../../nios2-elf/lib/mno-hw-mul\libsmallc.a(lib_a-strlen.o)
 .debug_frame   0x00000534       0x34 c:/altera/13.0sp1/nios2eds/bin/gnu/h-i686-mingw32/bin/../lib/gcc/nios2-elf/4.1.2/../../../../nios2-elf/lib/mno-hw-mul\libsmallc.a(lib_a-__atexit.o)
 .debug_frame   0x00000568       0x4c c:/altera/13.0sp1/nios2eds/bin/gnu/h-i686-mingw32/bin/../lib/gcc/nios2-elf/4.1.2/../../../../nios2-elf/lib/mno-hw-mul\libsmallc.a(lib_a-__call_atexit.o)
 .debug_frame   0x000005b4       0x20 c:/altera/13.0sp1/nios2eds/bin/gnu/h-i686-mingw32/bin/../lib/gcc/nios2-elf/4.1.2/mno-hw-mul\libgcc.a(lib2-mul.o)
 .debug_frame   0x000005d4       0x48 ../Bai3_bsp/\libhal_bsp.a(alt_exit.o)

.debug_str      0x00000000      0x98d
 *(.debug_str)
 .debug_str     0x00000000       0x12 obj/default/source.o
 .debug_str     0x00000012       0x12 ../Bai3_bsp/\libhal_bsp.a(alt_load.o)
 .debug_str     0x00000024       0x12 ../Bai3_bsp/\libhal_bsp.a(alt_main.o)
 .debug_str     0x00000036       0x12 ../Bai3_bsp/\libhal_bsp.a(alt_sys_init.o)
 .debug_str     0x00000048       0x12 ../Bai3_bsp/\libhal_bsp.a(altera_avalon_jtag_uart_read.o)
 .debug_str     0x0000005a       0x12 ../Bai3_bsp/\libhal_bsp.a(altera_avalon_jtag_uart_write.o)
 .debug_str     0x0000006c       0x12 ../Bai3_bsp/\libhal_bsp.a(alt_close.o)
 .debug_str     0x0000007e       0x12 ../Bai3_bsp/\libhal_bsp.a(alt_dcache_flush_all.o)
 .debug_str     0x00000090       0x12 ../Bai3_bsp/\libhal_bsp.a(alt_dev.o)
 .debug_str     0x000000a2       0x12 ../Bai3_bsp/\libhal_bsp.a(alt_dev_llist_insert.o)
 .debug_str     0x000000b4       0x12 ../Bai3_bsp/\libhal_bsp.a(alt_errno.o)
 .debug_str     0x000000c6       0x12 ../Bai3_bsp/\libhal_bsp.a(alt_icache_flush_all.o)
 .debug_str     0x000000d8       0x12 ../Bai3_bsp/\libhal_bsp.a(alt_io_redirect.o)
 .debug_str     0x000000ea       0x12 ../Bai3_bsp/\libhal_bsp.a(alt_open.o)
 .debug_str     0x000000fc       0x12 ../Bai3_bsp/\libhal_bsp.a(altera_nios2_qsys_irq.o)
 .debug_str     0x0000010e       0x12 ../Bai3_bsp/\libhal_bsp.a(alt_find_dev.o)
 .debug_str     0x00000120       0x12 ../Bai3_bsp/\libhal_bsp.a(alt_find_file.o)
 .debug_str     0x00000132       0x12 ../Bai3_bsp/\libhal_bsp.a(alt_get_fd.o)
 .debug_str     0x00000144      0x19f c:/altera/13.0sp1/nios2eds/bin/gnu/h-i686-mingw32/bin/../lib/gcc/nios2-elf/4.1.2/../../../../nios2-elf/lib/mno-hw-mul\libsmallc.a(lib_a-atexit.o)
                                0x1e5 (size before relaxing)
 .debug_str     0x000002e3       0x41 c:/altera/13.0sp1/nios2eds/bin/gnu/h-i686-mingw32/bin/../lib/gcc/nios2-elf/4.1.2/../../../../nios2-elf/lib/mno-hw-mul\libsmallc.a(lib_a-exit.o)
                                0x178 (size before relaxing)
 .debug_str     0x00000324       0xdc c:/altera/13.0sp1/nios2eds/bin/gnu/h-i686-mingw32/bin/../lib/gcc/nios2-elf/4.1.2/../../../../nios2-elf/lib/mno-hw-mul\libsmallc.a(lib_a-int_errno.o)
                                0x177 (size before relaxing)
 .debug_str     0x00000400       0xe9 c:/altera/13.0sp1/nios2eds/bin/gnu/h-i686-mingw32/bin/../lib/gcc/nios2-elf/4.1.2/../../../../nios2-elf/lib/mno-hw-mul\libsmallc.a(lib_a-memcmp.o)
                                0x17e (size before relaxing)
 .debug_str     0x000004e9       0x45 c:/altera/13.0sp1/nios2eds/bin/gnu/h-i686-mingw32/bin/../lib/gcc/nios2-elf/4.1.2/../../../../nios2-elf/lib/mno-hw-mul\libsmallc.a(lib_a-strlen.o)
                                0x184 (size before relaxing)
 .debug_str     0x0000052e      0x2b0 c:/altera/13.0sp1/nios2eds/bin/gnu/h-i686-mingw32/bin/../lib/gcc/nios2-elf/4.1.2/../../../../nios2-elf/lib/mno-hw-mul\libsmallc.a(lib_a-__atexit.o)
                                0x467 (size before relaxing)
 .debug_str     0x000007de       0x7e c:/altera/13.0sp1/nios2eds/bin/gnu/h-i686-mingw32/bin/../lib/gcc/nios2-elf/4.1.2/../../../../nios2-elf/lib/mno-hw-mul\libsmallc.a(lib_a-__call_atexit.o)
                                0x491 (size before relaxing)
 .debug_str     0x0000085c       0x49 c:/altera/13.0sp1/nios2eds/bin/gnu/h-i686-mingw32/bin/../lib/gcc/nios2-elf/4.1.2/../../../../nios2-elf/lib/mno-hw-mul\libsmallc.a(lib_a-impure.o)
                                0x45d (size before relaxing)
 .debug_str     0x000008a5       0xcc c:/altera/13.0sp1/nios2eds/bin/gnu/h-i686-mingw32/bin/../lib/gcc/nios2-elf/4.1.2/mno-hw-mul\libgcc.a(lib2-mul.o)
                                0x175 (size before relaxing)
 .debug_str     0x00000971       0x1c ../Bai3_bsp/\libhal_bsp.a(alt_exit.o)

.debug_loc      0x00000000      0x99a
 *(.debug_loc)
 .debug_loc     0x00000000       0x2b obj/default/source.o
 .debug_loc     0x0000002b       0x56 ../Bai3_bsp/\libhal_bsp.a(alt_load.o)
 .debug_loc     0x00000081       0x2b ../Bai3_bsp/\libhal_bsp.a(alt_main.o)
 .debug_loc     0x000000ac       0x81 ../Bai3_bsp/\libhal_bsp.a(alt_sys_init.o)
 .debug_loc     0x0000012d       0x56 ../Bai3_bsp/\libhal_bsp.a(altera_avalon_jtag_uart_fd.o)
 .debug_loc     0x00000183       0x2b ../Bai3_bsp/\libhal_bsp.a(altera_avalon_jtag_uart_read.o)
 .debug_loc     0x000001ae       0x2b ../Bai3_bsp/\libhal_bsp.a(altera_avalon_jtag_uart_write.o)
 .debug_loc     0x000001d9       0x56 ../Bai3_bsp/\libhal_bsp.a(alt_close.o)
 .debug_loc     0x0000022f       0x2b ../Bai3_bsp/\libhal_bsp.a(alt_dcache_flush_all.o)
 .debug_loc     0x0000025a       0x2b ../Bai3_bsp/\libhal_bsp.a(alt_dev.o)
 .debug_loc     0x00000285       0x56 ../Bai3_bsp/\libhal_bsp.a(alt_dev_llist_insert.o)
 .debug_loc     0x000002db       0x2b ../Bai3_bsp/\libhal_bsp.a(alt_do_ctors.o)
 .debug_loc     0x00000306       0x2b ../Bai3_bsp/\libhal_bsp.a(alt_do_dtors.o)
 .debug_loc     0x00000331       0x2b ../Bai3_bsp/\libhal_bsp.a(alt_icache_flush_all.o)
 .debug_loc     0x0000035c       0x56 ../Bai3_bsp/\libhal_bsp.a(alt_io_redirect.o)
 .debug_loc     0x000003b2       0x81 ../Bai3_bsp/\libhal_bsp.a(alt_open.o)
 .debug_loc     0x00000433       0x2b ../Bai3_bsp/\libhal_bsp.a(alt_release_fd.o)
 .debug_loc     0x0000045e       0x2b ../Bai3_bsp/\libhal_bsp.a(altera_nios2_qsys_irq.o)
 .debug_loc     0x00000489       0x2b ../Bai3_bsp/\libhal_bsp.a(alt_find_dev.o)
 .debug_loc     0x000004b4       0x2b ../Bai3_bsp/\libhal_bsp.a(alt_find_file.o)
 .debug_loc     0x000004df       0x2b ../Bai3_bsp/\libhal_bsp.a(alt_get_fd.o)
 .debug_loc     0x0000050a       0x1e c:/altera/13.0sp1/nios2eds/bin/gnu/h-i686-mingw32/bin/../lib/gcc/nios2-elf/4.1.2/../../../../nios2-elf/lib/mno-hw-mul\libsmallc.a(lib_a-atexit.o)
 .debug_loc     0x00000528       0x3d c:/altera/13.0sp1/nios2eds/bin/gnu/h-i686-mingw32/bin/../lib/gcc/nios2-elf/4.1.2/../../../../nios2-elf/lib/mno-hw-mul\libsmallc.a(lib_a-exit.o)
 .debug_loc     0x00000565       0x70 c:/altera/13.0sp1/nios2eds/bin/gnu/h-i686-mingw32/bin/../lib/gcc/nios2-elf/4.1.2/../../../../nios2-elf/lib/mno-hw-mul\libsmallc.a(lib_a-memcmp.o)
 .debug_loc     0x000005d5       0x1e c:/altera/13.0sp1/nios2eds/bin/gnu/h-i686-mingw32/bin/../lib/gcc/nios2-elf/4.1.2/../../../../nios2-elf/lib/mno-hw-mul\libsmallc.a(lib_a-strlen.o)
 .debug_loc     0x000005f3      0x141 c:/altera/13.0sp1/nios2eds/bin/gnu/h-i686-mingw32/bin/../lib/gcc/nios2-elf/4.1.2/../../../../nios2-elf/lib/mno-hw-mul\libsmallc.a(lib_a-__atexit.o)
 .debug_loc     0x00000734      0x1c1 c:/altera/13.0sp1/nios2eds/bin/gnu/h-i686-mingw32/bin/../lib/gcc/nios2-elf/4.1.2/../../../../nios2-elf/lib/mno-hw-mul\libsmallc.a(lib_a-__call_atexit.o)
 .debug_loc     0x000008f5       0x4f c:/altera/13.0sp1/nios2eds/bin/gnu/h-i686-mingw32/bin/../lib/gcc/nios2-elf/4.1.2/mno-hw-mul\libgcc.a(lib2-mul.o)
 .debug_loc     0x00000944       0x56 ../Bai3_bsp/\libhal_bsp.a(alt_exit.o)

.debug_macinfo
 *(.debug_macinfo)

.debug_weaknames
 *(.debug_weaknames)

.debug_funcnames
 *(.debug_funcnames)

.debug_typenames
 *(.debug_typenames)

.debug_varnames
 *(.debug_varnames)

.debug_alt_sim_info
                0x00000000       0x10
 *(.debug_alt_sim_info)
 .debug_alt_sim_info
                0x00000000       0x10 ../Bai3_bsp//obj/HAL/src/crt0.o
                0x00010000                __alt_data_end = 0x10000
                0x00010000                PROVIDE (__alt_stack_pointer, __alt_data_end)
                0x00009a98                PROVIDE (__alt_stack_limit, __alt_stack_base)
                0x00009a98                PROVIDE (__alt_heap_start, end)
                0x00010000                PROVIDE (__alt_heap_limit, 0x10000)
OUTPUT(Bai3.elf elf32-littlenios2)

.debug_ranges   0x00000000       0x38
 .debug_ranges  0x00000000       0x20 ../Bai3_bsp//obj/HAL/src/crt0.o
 .debug_ranges  0x00000020       0x18 c:/altera/13.0sp1/nios2eds/bin/gnu/h-i686-mingw32/bin/../lib/gcc/nios2-elf/4.1.2/../../../../nios2-elf/lib/mno-hw-mul\libsmallc.a(lib_a-__call_atexit.o)
