Archive member included because of file (symbol)

c:/altera/13.0sp1/nios2eds/bin/gnu/h-i686-mingw32/bin/../lib/gcc/nios2-elf/4.1.2/mno-hw-mul\libgcc.a(lib2-divmod.o)
                              obj/default/Bai1.o (__divsi3)
c:/altera/13.0sp1/nios2eds/bin/gnu/h-i686-mingw32/bin/../lib/gcc/nios2-elf/4.1.2/../../../../nios2-elf/lib/mno-hw-mul\libsmallc.a(lib_a-printf.o)
                              obj/default/Bai1.o (printf)
c:/altera/13.0sp1/nios2eds/bin/gnu/h-i686-mingw32/bin/../lib/gcc/nios2-elf/4.1.2/../../../../nios2-elf/lib/mno-hw-mul\libsmallc.a(lib_a-puts.o)
                              obj/default/Bai1.o (puts)
c:/altera/13.0sp1/nios2eds/bin/gnu/h-i686-mingw32/bin/../lib/gcc/nios2-elf/4.1.2/../../../../nios2-elf/lib/mno-hw-mul\libsmallc.a(lib_a-strlen.o)
                              c:/altera/13.0sp1/nios2eds/bin/gnu/h-i686-mingw32/bin/../lib/gcc/nios2-elf/4.1.2/../../../../nios2-elf/lib/mno-hw-mul\libsmallc.a(lib_a-puts.o) (strlen)
c:/altera/13.0sp1/nios2eds/bin/gnu/h-i686-mingw32/bin/../lib/gcc/nios2-elf/4.1.2/../../../../nios2-elf/lib/mno-hw-mul\libsmallc.a(lib_a-vfprintf.o)
                              c:/altera/13.0sp1/nios2eds/bin/gnu/h-i686-mingw32/bin/../lib/gcc/nios2-elf/4.1.2/../../../../nios2-elf/lib/mno-hw-mul\libsmallc.a(lib_a-printf.o) (___vfprintf_internal_r)
c:/altera/13.0sp1/nios2eds/bin/gnu/h-i686-mingw32/bin/../lib/gcc/nios2-elf/4.1.2/../../../../nios2-elf/lib/mno-hw-mul\libsmallc.a(lib_a-fvwrite_small_dev.o)
                              c:/altera/13.0sp1/nios2eds/bin/gnu/h-i686-mingw32/bin/../lib/gcc/nios2-elf/4.1.2/../../../../nios2-elf/lib/mno-hw-mul\libsmallc.a(lib_a-printf.o) (__sfvwrite_small_dev)
c:/altera/13.0sp1/nios2eds/bin/gnu/h-i686-mingw32/bin/../lib/gcc/nios2-elf/4.1.2/../../../../nios2-elf/lib/mno-hw-mul\libsmallc.a(lib_a-impure.o)
                              c:/altera/13.0sp1/nios2eds/bin/gnu/h-i686-mingw32/bin/../lib/gcc/nios2-elf/4.1.2/../../../../nios2-elf/lib/mno-hw-mul\libsmallc.a(lib_a-printf.o) (_impure_ptr)
c:/altera/13.0sp1/nios2eds/bin/gnu/h-i686-mingw32/bin/../lib/gcc/nios2-elf/4.1.2/../../../../nios2-elf/lib/mno-hw-mul\libsmallc.a(lib_a-writer.o)
                              c:/altera/13.0sp1/nios2eds/bin/gnu/h-i686-mingw32/bin/../lib/gcc/nios2-elf/4.1.2/../../../../nios2-elf/lib/mno-hw-mul\libsmallc.a(lib_a-fvwrite_small_dev.o) (_write_r)
c:/altera/13.0sp1/nios2eds/bin/gnu/h-i686-mingw32/bin/../lib/gcc/nios2-elf/4.1.2/../../../../nios2-elf/lib/mno-hw-mul\libsmallc.a(lib_a-int_errno.o)
                              c:/altera/13.0sp1/nios2eds/bin/gnu/h-i686-mingw32/bin/../lib/gcc/nios2-elf/4.1.2/../../../../nios2-elf/lib/mno-hw-mul\libsmallc.a(lib_a-writer.o) (errno)
c:/altera/13.0sp1/nios2eds/bin/gnu/h-i686-mingw32/bin/../lib/gcc/nios2-elf/4.1.2/mno-hw-mul\libgcc.a(lib2-mul.o)
                              c:/altera/13.0sp1/nios2eds/bin/gnu/h-i686-mingw32/bin/../lib/gcc/nios2-elf/4.1.2/../../../../nios2-elf/lib/mno-hw-mul\libsmallc.a(lib_a-vfprintf.o) (__mulsi3)
../Bai7_bsp/\libhal_bsp.a(alt_iic.o)
                              obj/default/Bai1.o (alt_ic_isr_register)
../Bai7_bsp/\libhal_bsp.a(alt_iic_isr_register.o)
                              ../Bai7_bsp/\libhal_bsp.a(alt_iic.o) (alt_iic_isr_register)
../Bai7_bsp/\libhal_bsp.a(alt_irq_entry.o)
                              ../Bai7_bsp/\libhal_bsp.a(alt_iic_isr_register.o) (alt_irq_entry)
../Bai7_bsp/\libhal_bsp.a(alt_irq_handler.o)
                              ../Bai7_bsp/\libhal_bsp.a(alt_iic_isr_register.o) (alt_irq_handler)
../Bai7_bsp/\libhal_bsp.a(alt_irq_vars.o)
                              ../Bai7_bsp/\libhal_bsp.a(alt_iic.o) (alt_irq_active)
../Bai7_bsp/\libhal_bsp.a(alt_load.o)
                              ../Bai7_bsp//obj/HAL/src/crt0.o (alt_load)
../Bai7_bsp/\libhal_bsp.a(alt_main.o)
                              ../Bai7_bsp//obj/HAL/src/crt0.o (alt_main)
../Bai7_bsp/\libhal_bsp.a(alt_usleep.o)
                              obj/default/Bai1.o (usleep)
../Bai7_bsp/\libhal_bsp.a(alt_write.o)
                              c:/altera/13.0sp1/nios2eds/bin/gnu/h-i686-mingw32/bin/../lib/gcc/nios2-elf/4.1.2/../../../../nios2-elf/lib/mno-hw-mul\libsmallc.a(lib_a-writer.o) (write)
../Bai7_bsp/\libhal_bsp.a(alt_sys_init.o)
                              ../Bai7_bsp/\libhal_bsp.a(alt_main.o) (alt_irq_init)
../Bai7_bsp/\libhal_bsp.a(altera_avalon_jtag_uart_fd.o)
                              ../Bai7_bsp/\libhal_bsp.a(alt_sys_init.o) (altera_avalon_jtag_uart_read_fd)
../Bai7_bsp/\libhal_bsp.a(altera_avalon_jtag_uart_read.o)
                              ../Bai7_bsp/\libhal_bsp.a(altera_avalon_jtag_uart_fd.o) (altera_avalon_jtag_uart_read)
../Bai7_bsp/\libhal_bsp.a(altera_avalon_jtag_uart_write.o)
                              ../Bai7_bsp/\libhal_bsp.a(altera_avalon_jtag_uart_fd.o) (altera_avalon_jtag_uart_write)
../Bai7_bsp/\libhal_bsp.a(alt_busy_sleep.o)
                              ../Bai7_bsp/\libhal_bsp.a(alt_usleep.o) (alt_busy_sleep)
../Bai7_bsp/\libhal_bsp.a(alt_close.o)
                              ../Bai7_bsp/\libhal_bsp.a(alt_main.o) (close)
../Bai7_bsp/\libhal_bsp.a(alt_dcache_flush_all.o)
                              ../Bai7_bsp/\libhal_bsp.a(alt_load.o) (alt_dcache_flush_all)
../Bai7_bsp/\libhal_bsp.a(alt_dev.o)
                              ../Bai7_bsp/\libhal_bsp.a(alt_sys_init.o) (alt_dev_list)
../Bai7_bsp/\libhal_bsp.a(alt_dev_llist_insert.o)
                              ../Bai7_bsp/\libhal_bsp.a(alt_sys_init.o) (alt_dev_llist_insert)
../Bai7_bsp/\libhal_bsp.a(alt_do_ctors.o)
                              ../Bai7_bsp/\libhal_bsp.a(alt_main.o) (_do_ctors)
../Bai7_bsp/\libhal_bsp.a(alt_do_dtors.o)
                              ../Bai7_bsp/\libhal_bsp.a(alt_main.o) (_do_dtors)
../Bai7_bsp/\libhal_bsp.a(alt_errno.o)
                              ../Bai7_bsp/\libhal_bsp.a(alt_write.o) (alt_errno)
../Bai7_bsp/\libhal_bsp.a(alt_exception_entry.o)
                              ../Bai7_bsp/\libhal_bsp.a(alt_irq_entry.o) (alt_exception)
../Bai7_bsp/\libhal_bsp.a(alt_icache_flush_all.o)
                              ../Bai7_bsp/\libhal_bsp.a(alt_load.o) (alt_icache_flush_all)
../Bai7_bsp/\libhal_bsp.a(alt_io_redirect.o)
                              ../Bai7_bsp/\libhal_bsp.a(alt_main.o) (alt_io_redirect)
../Bai7_bsp/\libhal_bsp.a(alt_open.o)
                              ../Bai7_bsp/\libhal_bsp.a(alt_io_redirect.o) (open)
../Bai7_bsp/\libhal_bsp.a(alt_release_fd.o)
                              ../Bai7_bsp/\libhal_bsp.a(alt_close.o) (alt_release_fd)
../Bai7_bsp/\libhal_bsp.a(altera_nios2_qsys_irq.o)
                              ../Bai7_bsp/\libhal_bsp.a(alt_sys_init.o) (altera_nios2_qsys_irq_init)
../Bai7_bsp/\libhal_bsp.a(alt_find_dev.o)
                              ../Bai7_bsp/\libhal_bsp.a(alt_open.o) (alt_find_dev)
../Bai7_bsp/\libhal_bsp.a(alt_find_file.o)
                              ../Bai7_bsp/\libhal_bsp.a(alt_open.o) (alt_find_file)
../Bai7_bsp/\libhal_bsp.a(alt_get_fd.o)
                              ../Bai7_bsp/\libhal_bsp.a(alt_open.o) (alt_get_fd)
c:/altera/13.0sp1/nios2eds/bin/gnu/h-i686-mingw32/bin/../lib/gcc/nios2-elf/4.1.2/../../../../nios2-elf/lib/mno-hw-mul\libsmallc.a(lib_a-atexit.o)
                              ../Bai7_bsp/\libhal_bsp.a(alt_main.o) (atexit)
c:/altera/13.0sp1/nios2eds/bin/gnu/h-i686-mingw32/bin/../lib/gcc/nios2-elf/4.1.2/../../../../nios2-elf/lib/mno-hw-mul\libsmallc.a(lib_a-exit.o)
                              ../Bai7_bsp/\libhal_bsp.a(alt_main.o) (exit)
c:/altera/13.0sp1/nios2eds/bin/gnu/h-i686-mingw32/bin/../lib/gcc/nios2-elf/4.1.2/../../../../nios2-elf/lib/mno-hw-mul\libsmallc.a(lib_a-memcmp.o)
                              ../Bai7_bsp/\libhal_bsp.a(alt_find_dev.o) (memcmp)
c:/altera/13.0sp1/nios2eds/bin/gnu/h-i686-mingw32/bin/../lib/gcc/nios2-elf/4.1.2/../../../../nios2-elf/lib/mno-hw-mul\libsmallc.a(lib_a-__atexit.o)
                              c:/altera/13.0sp1/nios2eds/bin/gnu/h-i686-mingw32/bin/../lib/gcc/nios2-elf/4.1.2/../../../../nios2-elf/lib/mno-hw-mul\libsmallc.a(lib_a-atexit.o) (__register_exitproc)
c:/altera/13.0sp1/nios2eds/bin/gnu/h-i686-mingw32/bin/../lib/gcc/nios2-elf/4.1.2/../../../../nios2-elf/lib/mno-hw-mul\libsmallc.a(lib_a-__call_atexit.o)
                              c:/altera/13.0sp1/nios2eds/bin/gnu/h-i686-mingw32/bin/../lib/gcc/nios2-elf/4.1.2/../../../../nios2-elf/lib/mno-hw-mul\libsmallc.a(lib_a-exit.o) (__call_exitprocs)
../Bai7_bsp/\libhal_bsp.a(alt_exit.o)
                              c:/altera/13.0sp1/nios2eds/bin/gnu/h-i686-mingw32/bin/../lib/gcc/nios2-elf/4.1.2/../../../../nios2-elf/lib/mno-hw-mul\libsmallc.a(lib_a-exit.o) (_exit)

Allocating common symbols
Common symbol       size              file

alt_irq             0x100             ../Bai7_bsp/\libhal_bsp.a(alt_irq_handler.o)
errno               0x4               c:/altera/13.0sp1/nios2eds/bin/gnu/h-i686-mingw32/bin/../lib/gcc/nios2-elf/4.1.2/../../../../nios2-elf/lib/mno-hw-mul\libsmallc.a(lib_a-int_errno.o)
_atexit0            0x8c              c:/altera/13.0sp1/nios2eds/bin/gnu/h-i686-mingw32/bin/../lib/gcc/nios2-elf/4.1.2/../../../../nios2-elf/lib/mno-hw-mul\libsmallc.a(lib_a-atexit.o)

Memory Configuration

Name             Origin             Length             Attributes
reset            0x00008000         0x00000020
onchip_memory2_0 0x00008020         0x00007fe0
*default*        0x00000000         0xffffffff

Linker script and memory map

LOAD ../Bai7_bsp//obj/HAL/src/crt0.o
LOAD obj/default/Bai1.o
LOAD c:/altera/13.0sp1/nios2eds/bin/gnu/h-i686-mingw32/bin/../lib/gcc/nios2-elf/4.1.2/../../../../nios2-elf/lib/mno-hw-mul\libstdc++.a
LOAD c:/altera/13.0sp1/nios2eds/bin/gnu/h-i686-mingw32/bin/../lib/gcc/nios2-elf/4.1.2/../../../../nios2-elf/lib/mno-hw-mul\libm.a
LOAD c:/altera/13.0sp1/nios2eds/bin/gnu/h-i686-mingw32/bin/../lib/gcc/nios2-elf/4.1.2/mno-hw-mul\libgcc.a
START GROUP
LOAD c:/altera/13.0sp1/nios2eds/bin/gnu/h-i686-mingw32/bin/../lib/gcc/nios2-elf/4.1.2/../../../../nios2-elf/lib/mno-hw-mul\libsmallc.a
LOAD c:/altera/13.0sp1/nios2eds/bin/gnu/h-i686-mingw32/bin/../lib/gcc/nios2-elf/4.1.2/mno-hw-mul\libgcc.a
LOAD ../Bai7_bsp/\libhal_bsp.a
END GROUP
LOAD c:/altera/13.0sp1/nios2eds/bin/gnu/h-i686-mingw32/bin/../lib/gcc/nios2-elf/4.1.2/mno-hw-mul\libgcc.a
                0x00008000                __alt_mem_onchip_memory2_0 = 0x8000

.entry          0x00008000       0x20
 *(.entry)
 .entry         0x00008000       0x20 ../Bai7_bsp//obj/HAL/src/crt0.o
                0x00008000                __reset

.exceptions     0x00008020      0x194
                0x00008020                PROVIDE (__ram_exceptions_start, ABSOLUTE (.))
                0x00008020                . = ALIGN (0x20)
 *(.irq)
 *(.exceptions.entry.label)
 .exceptions.entry.label
                0x00008020        0x0 ../Bai7_bsp/\libhal_bsp.a(alt_irq_entry.o)
                0x00008020                alt_irq_entry
 .exceptions.entry.label
                0x00008020        0x0 ../Bai7_bsp/\libhal_bsp.a(alt_exception_entry.o)
                0x00008020                alt_exception
 *(.exceptions.entry.user)
 *(.exceptions.entry)
 .exceptions.entry
                0x00008020       0x54 ../Bai7_bsp/\libhal_bsp.a(alt_exception_entry.o)
 *(.exceptions.irqtest.user)
 *(.exceptions.irqtest)
 .exceptions.irqtest
                0x00008074       0x10 ../Bai7_bsp/\libhal_bsp.a(alt_irq_entry.o)
 *(.exceptions.irqhandler.user)
 *(.exceptions.irqhandler)
 .exceptions.irqhandler
                0x00008084        0x4 ../Bai7_bsp/\libhal_bsp.a(alt_irq_entry.o)
 *(.exceptions.irqreturn.user)
 *(.exceptions.irqreturn)
 .exceptions.irqreturn
                0x00008088        0x4 ../Bai7_bsp/\libhal_bsp.a(alt_irq_entry.o)
 *(.exceptions.notirq.label)
 .exceptions.notirq.label
                0x0000808c        0x0 ../Bai7_bsp/\libhal_bsp.a(alt_irq_entry.o)
 *(.exceptions.notirq.user)
 *(.exceptions.notirq)
 .exceptions.notirq
                0x0000808c        0x8 ../Bai7_bsp/\libhal_bsp.a(alt_exception_entry.o)
 *(.exceptions.soft.user)
 *(.exceptions.soft)
 *(.exceptions.unknown.user)
 *(.exceptions.unknown)
 .exceptions.unknown
                0x00008094        0x4 ../Bai7_bsp/\libhal_bsp.a(alt_exception_entry.o)
 *(.exceptions.exit.label)
 .exceptions.exit.label
                0x00008098        0x0 ../Bai7_bsp/\libhal_bsp.a(alt_irq_entry.o)
 .exceptions.exit.label
                0x00008098        0x0 ../Bai7_bsp/\libhal_bsp.a(alt_exception_entry.o)
 *(.exceptions.exit.user)
 *(.exceptions.exit)
 .exceptions.exit
                0x00008098       0x54 ../Bai7_bsp/\libhal_bsp.a(alt_exception_entry.o)
 *(.exceptions)
 .exceptions    0x000080ec       0xc8 ../Bai7_bsp/\libhal_bsp.a(alt_irq_handler.o)
                0x000080ec                alt_irq_handler
                0x000081b4                PROVIDE (__ram_exceptions_end, ABSOLUTE (.))
                0x00008020                PROVIDE (__flash_exceptions_start, LOADADDR (.exceptions))

.text           0x000081b4     0x2858
                0x000081b4                PROVIDE (stext, ABSOLUTE (.))
 *(.interp)
 *(.hash)
 *(.dynsym)
 *(.dynstr)
 *(.gnu.version)
 *(.gnu.version_d)
 *(.gnu.version_r)
 *(.rel.init)
 *(.rela.init)
 *(.rel.text .rel.text.* .rel.gnu.linkonce.t.*)
 *(.rela.text .rela.text.* .rela.gnu.linkonce.t.*)
 *(.rel.fini)
 *(.rela.fini)
 *(.rel.rodata .rel.rodata.* .rel.gnu.linkonce.r.*)
 *(.rela.rodata .rela.rodata.* .rela.gnu.linkonce.r.*)
 *(.rel.data .rel.data.* .rel.gnu.linkonce.d.*)
 *(.rela.data .rela.data.* .rela.gnu.linkonce.d.*)
 *(.rel.tdata .rel.tdata.* .rel.gnu.linkonce.td.*)
 *(.rela.tdata .rela.tdata.* .rela.gnu.linkonce.td.*)
 *(.rel.tbss .rel.tbss.* .rel.gnu.linkonce.tb.*)
 *(.rela.tbss .rela.tbss.* .rela.gnu.linkonce.tb.*)
 *(.rel.ctors)
 *(.rela.ctors)
 *(.rel.dtors)
 *(.rela.dtors)
 *(.rel.got)
 *(.rela.got)
 *(.rel.sdata .rel.sdata.* .rel.gnu.linkonce.s.*)
 *(.rela.sdata .rela.sdata.* .rela.gnu.linkonce.s.*)
 *(.rel.sbss .rel.sbss.* .rel.gnu.linkonce.sb.*)
 *(.rela.sbss .rela.sbss.* .rela.gnu.linkonce.sb.*)
 *(.rel.sdata2 .rel.sdata2.* .rel.gnu.linkonce.s2.*)
 *(.rela.sdata2 .rela.sdata2.* .rela.gnu.linkonce.s2.*)
 *(.rel.sbss2 .rel.sbss2.* .rel.gnu.linkonce.sb2.*)
 *(.rela.sbss2 .rela.sbss2.* .rela.gnu.linkonce.sb2.*)
 *(.rel.bss .rel.bss.* .rel.gnu.linkonce.b.*)
 *(.rela.bss .rela.bss.* .rela.gnu.linkonce.b.*)
 *(.rel.plt)
 *(.rela.plt)
 *(.rel.dyn)
 *(.init)
 *(.plt)
 *(.text .stub .text.* .gnu.linkonce.t.*)
 .text          0x000081b4       0x3c ../Bai7_bsp//obj/HAL/src/crt0.o
                0x000081b4                _start
 .text          0x000081f0      0x3b0 obj/default/Bai1.o
                0x000081f0                timer_isr
                0x0000827c                display_time
                0x00008348                main
 .text          0x000085a0      0x14c c:/altera/13.0sp1/nios2eds/bin/gnu/h-i686-mingw32/bin/../lib/gcc/nios2-elf/4.1.2/mno-hw-mul\libgcc.a(lib2-divmod.o)
                0x0000861c                __divsi3
                0x0000867c                __modsi3
                0x000086dc                __udivsi3
                0x000086e4                __umodsi3
 .text          0x000086ec       0x98 c:/altera/13.0sp1/nios2eds/bin/gnu/h-i686-mingw32/bin/../lib/gcc/nios2-elf/4.1.2/../../../../nios2-elf/lib/mno-hw-mul\libsmallc.a(lib_a-printf.o)
                0x000086ec                printf
                0x00008740                _printf_r
 .text          0x00008784       0xa4 c:/altera/13.0sp1/nios2eds/bin/gnu/h-i686-mingw32/bin/../lib/gcc/nios2-elf/4.1.2/../../../../nios2-elf/lib/mno-hw-mul\libsmallc.a(lib_a-puts.o)
                0x00008784                _puts_r
                0x00008814                puts
 .text          0x00008828       0x20 c:/altera/13.0sp1/nios2eds/bin/gnu/h-i686-mingw32/bin/../lib/gcc/nios2-elf/4.1.2/../../../../nios2-elf/lib/mno-hw-mul\libsmallc.a(lib_a-strlen.o)
                0x00008828                strlen
 .text          0x00008848      0x740 c:/altera/13.0sp1/nios2eds/bin/gnu/h-i686-mingw32/bin/../lib/gcc/nios2-elf/4.1.2/../../../../nios2-elf/lib/mno-hw-mul\libsmallc.a(lib_a-vfprintf.o)
                0x000088c8                ___vfprintf_internal_r
                0x00008f64                __vfprintf_internal
 .text          0x00008f88       0xbc c:/altera/13.0sp1/nios2eds/bin/gnu/h-i686-mingw32/bin/../lib/gcc/nios2-elf/4.1.2/../../../../nios2-elf/lib/mno-hw-mul\libsmallc.a(lib_a-fvwrite_small_dev.o)
                0x00008f88                __sfvwrite_small_dev
 .text          0x00009044        0x0 c:/altera/13.0sp1/nios2eds/bin/gnu/h-i686-mingw32/bin/../lib/gcc/nios2-elf/4.1.2/../../../../nios2-elf/lib/mno-hw-mul\libsmallc.a(lib_a-impure.o)
 .text          0x00009044       0x78 c:/altera/13.0sp1/nios2eds/bin/gnu/h-i686-mingw32/bin/../lib/gcc/nios2-elf/4.1.2/../../../../nios2-elf/lib/mno-hw-mul\libsmallc.a(lib_a-writer.o)
                0x00009044                _write_r
 .text          0x000090bc        0x0 c:/altera/13.0sp1/nios2eds/bin/gnu/h-i686-mingw32/bin/../lib/gcc/nios2-elf/4.1.2/../../../../nios2-elf/lib/mno-hw-mul\libsmallc.a(lib_a-int_errno.o)
 .text          0x000090bc       0x38 c:/altera/13.0sp1/nios2eds/bin/gnu/h-i686-mingw32/bin/../lib/gcc/nios2-elf/4.1.2/mno-hw-mul\libgcc.a(lib2-mul.o)
                0x000090bc                __mulsi3
 .text          0x000090f4      0x1d4 ../Bai7_bsp/\libhal_bsp.a(alt_iic.o)
                0x000090f4                alt_ic_isr_register
                0x00009144                alt_ic_irq_enable
                0x000091e0                alt_ic_irq_disable
                0x00009280                alt_ic_irq_enabled
 .text          0x000092c8       0xf8 ../Bai7_bsp/\libhal_bsp.a(alt_iic_isr_register.o)
                0x000092c8                alt_iic_isr_register
 .text          0x000093c0        0x0 ../Bai7_bsp/\libhal_bsp.a(alt_irq_entry.o)
 .text          0x000093c0        0x0 ../Bai7_bsp/\libhal_bsp.a(alt_irq_handler.o)
 .text          0x000093c0        0x0 ../Bai7_bsp/\libhal_bsp.a(alt_irq_vars.o)
 .text          0x000093c0       0xec ../Bai7_bsp/\libhal_bsp.a(alt_load.o)
                0x000093c0                alt_load
 .text          0x000094ac       0x6c ../Bai7_bsp/\libhal_bsp.a(alt_main.o)
                0x000094ac                alt_main
 .text          0x00009518       0x30 ../Bai7_bsp/\libhal_bsp.a(alt_usleep.o)
                0x00009518                usleep
 .text          0x00009548      0x184 ../Bai7_bsp/\libhal_bsp.a(alt_write.o)
                0x00009548                write
 .text          0x000096cc       0x9c ../Bai7_bsp/\libhal_bsp.a(alt_sys_init.o)
                0x000096cc                alt_irq_init
                0x00009700                alt_sys_init
 .text          0x00009768       0xb0 ../Bai7_bsp/\libhal_bsp.a(altera_avalon_jtag_uart_fd.o)
                0x00009768                altera_avalon_jtag_uart_read_fd
                0x000097c0                altera_avalon_jtag_uart_write_fd
 .text          0x00009818      0x104 ../Bai7_bsp/\libhal_bsp.a(altera_avalon_jtag_uart_read.o)
                0x00009818                altera_avalon_jtag_uart_read
 .text          0x0000991c       0xa4 ../Bai7_bsp/\libhal_bsp.a(altera_avalon_jtag_uart_write.o)
                0x0000991c                altera_avalon_jtag_uart_write
 .text          0x000099c0      0x15c ../Bai7_bsp/\libhal_bsp.a(alt_busy_sleep.o)
                0x000099c0                alt_busy_sleep
 .text          0x00009b1c      0x160 ../Bai7_bsp/\libhal_bsp.a(alt_close.o)
                0x00009b1c                close
 .text          0x00009c7c       0x1c ../Bai7_bsp/\libhal_bsp.a(alt_dcache_flush_all.o)
                0x00009c7c                alt_dcache_flush_all
 .text          0x00009c98       0x2c ../Bai7_bsp/\libhal_bsp.a(alt_dev.o)
 .text          0x00009cc4      0x114 ../Bai7_bsp/\libhal_bsp.a(alt_dev_llist_insert.o)
                0x00009cc4                alt_dev_llist_insert
 .text          0x00009dd8       0x64 ../Bai7_bsp/\libhal_bsp.a(alt_do_ctors.o)
                0x00009dd8                _do_ctors
 .text          0x00009e3c       0x64 ../Bai7_bsp/\libhal_bsp.a(alt_do_dtors.o)
                0x00009e3c                _do_dtors
 .text          0x00009ea0        0x0 ../Bai7_bsp/\libhal_bsp.a(alt_errno.o)
 .text          0x00009ea0        0x0 ../Bai7_bsp/\libhal_bsp.a(alt_exception_entry.o)
 .text          0x00009ea0       0x1c ../Bai7_bsp/\libhal_bsp.a(alt_icache_flush_all.o)
                0x00009ea0                alt_icache_flush_all
 .text          0x00009ebc      0x150 ../Bai7_bsp/\libhal_bsp.a(alt_io_redirect.o)
                0x00009f94                alt_io_redirect
 .text          0x0000a00c      0x2e4 ../Bai7_bsp/\libhal_bsp.a(alt_open.o)
                0x0000a104                open
 .text          0x0000a2f0       0x78 ../Bai7_bsp/\libhal_bsp.a(alt_release_fd.o)
                0x0000a2f0                alt_release_fd
 .text          0x0000a368       0x20 ../Bai7_bsp/\libhal_bsp.a(altera_nios2_qsys_irq.o)
                0x0000a368                altera_nios2_qsys_irq_init
 .text          0x0000a388       0x94 ../Bai7_bsp/\libhal_bsp.a(alt_find_dev.o)
                0x0000a388                alt_find_dev
 .text          0x0000a41c      0x120 ../Bai7_bsp/\libhal_bsp.a(alt_find_file.o)
                0x0000a41c                alt_find_file
 .text          0x0000a53c       0xd0 ../Bai7_bsp/\libhal_bsp.a(alt_get_fd.o)
                0x0000a53c                alt_get_fd
 .text          0x0000a60c       0x14 c:/altera/13.0sp1/nios2eds/bin/gnu/h-i686-mingw32/bin/../lib/gcc/nios2-elf/4.1.2/../../../../nios2-elf/lib/mno-hw-mul\libsmallc.a(lib_a-atexit.o)
                0x0000a60c                atexit
 .text          0x0000a620       0x20 c:/altera/13.0sp1/nios2eds/bin/gnu/h-i686-mingw32/bin/../lib/gcc/nios2-elf/4.1.2/../../../../nios2-elf/lib/mno-hw-mul\libsmallc.a(lib_a-exit.o)
                0x0000a620                exit
 .text          0x0000a640       0x3c c:/altera/13.0sp1/nios2eds/bin/gnu/h-i686-mingw32/bin/../lib/gcc/nios2-elf/4.1.2/../../../../nios2-elf/lib/mno-hw-mul\libsmallc.a(lib_a-memcmp.o)
                0x0000a640                memcmp
 .text          0x0000a67c      0x16c c:/altera/13.0sp1/nios2eds/bin/gnu/h-i686-mingw32/bin/../lib/gcc/nios2-elf/4.1.2/../../../../nios2-elf/lib/mno-hw-mul\libsmallc.a(lib_a-__atexit.o)
                0x0000a67c                __register_exitproc
 .text          0x0000a7e8      0x1c0 c:/altera/13.0sp1/nios2eds/bin/gnu/h-i686-mingw32/bin/../lib/gcc/nios2-elf/4.1.2/../../../../nios2-elf/lib/mno-hw-mul\libsmallc.a(lib_a-__call_atexit.o)
                0x0000a7ec                __call_exitprocs
 .text          0x0000a9a8       0x60 ../Bai7_bsp/\libhal_bsp.a(alt_exit.o)
                0x0000a9e8                _exit
 *(.gnu.warning.*)
 *(.fini)
                0x0000aa08                PROVIDE (__etext, ABSOLUTE (.))
                0x0000aa08                PROVIDE (_etext, ABSOLUTE (.))
                0x0000aa08                PROVIDE (etext, ABSOLUTE (.))
 *(.eh_frame_hdr)
                0x0000aa08                . = ALIGN (0x4)
                0x0000aa08                PROVIDE (__preinit_array_start, ABSOLUTE (.))
 *(.preinit_array)
                0x0000aa08                PROVIDE (__preinit_array_end, ABSOLUTE (.))
                0x0000aa08                PROVIDE (__init_array_start, ABSOLUTE (.))
 *(.init_array)
                0x0000aa08                PROVIDE (__init_array_end, ABSOLUTE (.))
                0x0000aa08                PROVIDE (__fini_array_start, ABSOLUTE (.))
 *(.fini_array)
                0x0000aa08                PROVIDE (__fini_array_end, ABSOLUTE (.))
 *(.eh_frame)
 *(.gcc_except_table)
 *(.dynamic)
                0x0000aa08                PROVIDE (__CTOR_LIST__, ABSOLUTE (.))
 *(.ctors)
 *(SORT(.ctors.*))
 .ctors.65535   0x0000aa08        0x4 c:/altera/13.0sp1/nios2eds/bin/gnu/h-i686-mingw32/bin/../lib/gcc/nios2-elf/4.1.2/../../../../nios2-elf/lib/mno-hw-mul\libsmallc.a(lib_a-__call_atexit.o)
                0x0000aa0c                PROVIDE (__CTOR_END__, ABSOLUTE (.))
                0x0000aa0c                PROVIDE (__DTOR_LIST__, ABSOLUTE (.))
 *(.dtors)
 *(SORT(.dtors.*))
                0x0000aa0c                PROVIDE (__DTOR_END__, ABSOLUTE (.))
 *(.jcr)
                0x0000aa0c                . = ALIGN (0x4)

.rodata         0x0000aa0c       0x60
                0x0000aa0c                PROVIDE (__ram_rodata_start, ABSOLUTE (.))
                0x0000aa0c                . = ALIGN (0x4)
 *(.rodata .rodata.* .gnu.linkonce.r.*)
 .rodata        0x0000aa0c       0x28 obj/default/Bai1.o
 .rodata.str1.4
                0x0000aa34        0x4 c:/altera/13.0sp1/nios2eds/bin/gnu/h-i686-mingw32/bin/../lib/gcc/nios2-elf/4.1.2/../../../../nios2-elf/lib/mno-hw-mul\libsmallc.a(lib_a-puts.o)
 .rodata        0x0000aa38       0x14 ../Bai7_bsp/\libhal_bsp.a(alt_main.o)
 .rodata        0x0000aa4c       0x14 ../Bai7_bsp/\libhal_bsp.a(alt_sys_init.o)
 .rodata        0x0000aa60        0xc ../Bai7_bsp/\libhal_bsp.a(alt_dev.o)
 *(.rodata1)
                0x0000aa6c                . = ALIGN (0x4)
                0x0000aa6c                PROVIDE (__ram_rodata_end, ABSOLUTE (.))
                0x0000aa0c                PROVIDE (__flash_rodata_start, LOADADDR (.rodata))

.rwdata         0x0000aa6c      0x2d8 load address 0x0000ad44
                0x0000aa6c                PROVIDE (__ram_rwdata_start, ABSOLUTE (.))
                0x0000aa6c                . = ALIGN (0x4)
 *(.got.plt)
 *(.got)
 *(.data1)
 *(.data .data.* .gnu.linkonce.d.*)
 .data          0x0000aa6c        0x0 ../Bai7_bsp//obj/HAL/src/crt0.o
 .data          0x0000aa6c        0x0 obj/default/Bai1.o
 .data          0x0000aa6c        0x0 c:/altera/13.0sp1/nios2eds/bin/gnu/h-i686-mingw32/bin/../lib/gcc/nios2-elf/4.1.2/mno-hw-mul\libgcc.a(lib2-divmod.o)
 .data          0x0000aa6c        0x0 c:/altera/13.0sp1/nios2eds/bin/gnu/h-i686-mingw32/bin/../lib/gcc/nios2-elf/4.1.2/../../../../nios2-elf/lib/mno-hw-mul\libsmallc.a(lib_a-printf.o)
 .data          0x0000aa6c        0x0 c:/altera/13.0sp1/nios2eds/bin/gnu/h-i686-mingw32/bin/../lib/gcc/nios2-elf/4.1.2/../../../../nios2-elf/lib/mno-hw-mul\libsmallc.a(lib_a-puts.o)
 .data          0x0000aa6c        0x0 c:/altera/13.0sp1/nios2eds/bin/gnu/h-i686-mingw32/bin/../lib/gcc/nios2-elf/4.1.2/../../../../nios2-elf/lib/mno-hw-mul\libsmallc.a(lib_a-strlen.o)
 .data          0x0000aa6c        0x0 c:/altera/13.0sp1/nios2eds/bin/gnu/h-i686-mingw32/bin/../lib/gcc/nios2-elf/4.1.2/../../../../nios2-elf/lib/mno-hw-mul\libsmallc.a(lib_a-vfprintf.o)
 .data          0x0000aa6c        0x0 c:/altera/13.0sp1/nios2eds/bin/gnu/h-i686-mingw32/bin/../lib/gcc/nios2-elf/4.1.2/../../../../nios2-elf/lib/mno-hw-mul\libsmallc.a(lib_a-fvwrite_small_dev.o)
 .data          0x0000aa6c       0xe0 c:/altera/13.0sp1/nios2eds/bin/gnu/h-i686-mingw32/bin/../lib/gcc/nios2-elf/4.1.2/../../../../nios2-elf/lib/mno-hw-mul\libsmallc.a(lib_a-impure.o)
 .data          0x0000ab4c        0x0 c:/altera/13.0sp1/nios2eds/bin/gnu/h-i686-mingw32/bin/../lib/gcc/nios2-elf/4.1.2/../../../../nios2-elf/lib/mno-hw-mul\libsmallc.a(lib_a-writer.o)
 .data          0x0000ab4c        0x0 c:/altera/13.0sp1/nios2eds/bin/gnu/h-i686-mingw32/bin/../lib/gcc/nios2-elf/4.1.2/../../../../nios2-elf/lib/mno-hw-mul\libsmallc.a(lib_a-int_errno.o)
 .data          0x0000ab4c        0x0 c:/altera/13.0sp1/nios2eds/bin/gnu/h-i686-mingw32/bin/../lib/gcc/nios2-elf/4.1.2/mno-hw-mul\libgcc.a(lib2-mul.o)
 .data          0x0000ab4c        0x0 ../Bai7_bsp/\libhal_bsp.a(alt_iic.o)
 .data          0x0000ab4c        0x0 ../Bai7_bsp/\libhal_bsp.a(alt_iic_isr_register.o)
 .data          0x0000ab4c        0x0 ../Bai7_bsp/\libhal_bsp.a(alt_irq_entry.o)
 .data          0x0000ab4c        0x0 ../Bai7_bsp/\libhal_bsp.a(alt_irq_handler.o)
 .data          0x0000ab4c        0x0 ../Bai7_bsp/\libhal_bsp.a(alt_irq_vars.o)
 .data          0x0000ab4c        0x0 ../Bai7_bsp/\libhal_bsp.a(alt_load.o)
 .data          0x0000ab4c        0x0 ../Bai7_bsp/\libhal_bsp.a(alt_main.o)
 .data          0x0000ab4c        0x0 ../Bai7_bsp/\libhal_bsp.a(alt_usleep.o)
 .data          0x0000ab4c        0x0 ../Bai7_bsp/\libhal_bsp.a(alt_write.o)
 .data          0x0000ab4c       0x2c ../Bai7_bsp/\libhal_bsp.a(alt_sys_init.o)
 .data          0x0000ab78        0x0 ../Bai7_bsp/\libhal_bsp.a(altera_avalon_jtag_uart_fd.o)
 .data          0x0000ab78        0x0 ../Bai7_bsp/\libhal_bsp.a(altera_avalon_jtag_uart_read.o)
 .data          0x0000ab78        0x0 ../Bai7_bsp/\libhal_bsp.a(altera_avalon_jtag_uart_write.o)
 .data          0x0000ab78        0x0 ../Bai7_bsp/\libhal_bsp.a(alt_busy_sleep.o)
 .data          0x0000ab78        0x0 ../Bai7_bsp/\libhal_bsp.a(alt_close.o)
 .data          0x0000ab78        0x0 ../Bai7_bsp/\libhal_bsp.a(alt_dcache_flush_all.o)
 .data          0x0000ab78      0x1a8 ../Bai7_bsp/\libhal_bsp.a(alt_dev.o)
                0x0000ab78                alt_dev_null
                0x0000aba0                alt_fd_list
 .data          0x0000ad20        0x0 ../Bai7_bsp/\libhal_bsp.a(alt_dev_llist_insert.o)
 .data          0x0000ad20        0x0 ../Bai7_bsp/\libhal_bsp.a(alt_do_ctors.o)
 .data          0x0000ad20        0x0 ../Bai7_bsp/\libhal_bsp.a(alt_do_dtors.o)
 .data          0x0000ad20        0x0 ../Bai7_bsp/\libhal_bsp.a(alt_errno.o)
 .data          0x0000ad20        0x0 ../Bai7_bsp/\libhal_bsp.a(alt_exception_entry.o)
 .data          0x0000ad20        0x0 ../Bai7_bsp/\libhal_bsp.a(alt_icache_flush_all.o)
 .data          0x0000ad20        0x0 ../Bai7_bsp/\libhal_bsp.a(alt_io_redirect.o)
 .data          0x0000ad20        0x0 ../Bai7_bsp/\libhal_bsp.a(alt_open.o)
 .data          0x0000ad20        0x0 ../Bai7_bsp/\libhal_bsp.a(alt_release_fd.o)
 .data          0x0000ad20        0x0 ../Bai7_bsp/\libhal_bsp.a(altera_nios2_qsys_irq.o)
 .data          0x0000ad20        0x0 ../Bai7_bsp/\libhal_bsp.a(alt_find_dev.o)
 .data          0x0000ad20        0x0 ../Bai7_bsp/\libhal_bsp.a(alt_find_file.o)
 .data          0x0000ad20        0x0 ../Bai7_bsp/\libhal_bsp.a(alt_get_fd.o)
 .data          0x0000ad20        0x0 c:/altera/13.0sp1/nios2eds/bin/gnu/h-i686-mingw32/bin/../lib/gcc/nios2-elf/4.1.2/../../../../nios2-elf/lib/mno-hw-mul\libsmallc.a(lib_a-atexit.o)
 .data          0x0000ad20        0x0 c:/altera/13.0sp1/nios2eds/bin/gnu/h-i686-mingw32/bin/../lib/gcc/nios2-elf/4.1.2/../../../../nios2-elf/lib/mno-hw-mul\libsmallc.a(lib_a-exit.o)
 .data          0x0000ad20        0x0 c:/altera/13.0sp1/nios2eds/bin/gnu/h-i686-mingw32/bin/../lib/gcc/nios2-elf/4.1.2/../../../../nios2-elf/lib/mno-hw-mul\libsmallc.a(lib_a-memcmp.o)
 .data          0x0000ad20        0x0 c:/altera/13.0sp1/nios2eds/bin/gnu/h-i686-mingw32/bin/../lib/gcc/nios2-elf/4.1.2/../../../../nios2-elf/lib/mno-hw-mul\libsmallc.a(lib_a-__atexit.o)
 .data          0x0000ad20        0x0 c:/altera/13.0sp1/nios2eds/bin/gnu/h-i686-mingw32/bin/../lib/gcc/nios2-elf/4.1.2/../../../../nios2-elf/lib/mno-hw-mul\libsmallc.a(lib_a-__call_atexit.o)
 .data          0x0000ad20        0x0 ../Bai7_bsp/\libhal_bsp.a(alt_exit.o)
                0x00012d20                _gp = ABSOLUTE ((. + 0x8000))
                0x00012d20                PROVIDE (gp, _gp)
 *(.rwdata .rwdata.*)
 *(.sdata .sdata.* .gnu.linkonce.s.*)
 .sdata         0x0000ad20        0x8 c:/altera/13.0sp1/nios2eds/bin/gnu/h-i686-mingw32/bin/../lib/gcc/nios2-elf/4.1.2/../../../../nios2-elf/lib/mno-hw-mul\libsmallc.a(lib_a-impure.o)
                0x0000ad20                _impure_ptr
                0x0000ad24                _global_impure_ptr
 .sdata         0x0000ad28        0x4 ../Bai7_bsp/\libhal_bsp.a(alt_irq_vars.o)
                0x0000ad28                alt_priority_mask
 .sdata         0x0000ad2c       0x14 ../Bai7_bsp/\libhal_bsp.a(alt_dev.o)
                0x0000ad2c                alt_fs_list
                0x0000ad34                alt_dev_list
                0x0000ad3c                alt_max_fd
 .sdata         0x0000ad40        0x4 ../Bai7_bsp/\libhal_bsp.a(alt_errno.o)
                0x0000ad40                alt_errno
 *(.sdata2 .sdata2.* .gnu.linkonce.s2.*)
                0x0000ad44                . = ALIGN (0x4)
                0x0000ad44                _edata = ABSOLUTE (.)
                0x0000ad44                PROVIDE (edata, ABSOLUTE (.))
                0x0000ad44                PROVIDE (__ram_rwdata_end, ABSOLUTE (.))
                0x0000ad44                PROVIDE (__flash_rwdata_start, LOADADDR (.rwdata))

.bss            0x0000b01c      0x1b0
                0x0000b01c                __bss_start = ABSOLUTE (.)
                0x0000b01c                PROVIDE (__sbss_start, ABSOLUTE (.))
                0x0000b01c                PROVIDE (___sbss_start, ABSOLUTE (.))
 *(.dynsbss)
 *(.sbss .sbss.* .gnu.linkonce.sb.*)
 .sbss          0x0000b01c       0x10 obj/default/Bai1.o
                0x0000b01c                hours
                0x0000b020                minutes
                0x0000b024                seconds
                0x0000b028                is_editing
 .sbss          0x0000b02c        0x4 c:/altera/13.0sp1/nios2eds/bin/gnu/h-i686-mingw32/bin/../lib/gcc/nios2-elf/4.1.2/../../../../nios2-elf/lib/mno-hw-mul\libsmallc.a(lib_a-int_errno.o)
                0x0000b02c                errno
 .sbss          0x0000b030        0x4 ../Bai7_bsp/\libhal_bsp.a(alt_irq_vars.o)
                0x0000b030                alt_irq_active
 .sbss          0x0000b034        0xc ../Bai7_bsp/\libhal_bsp.a(alt_main.o)
                0x0000b034                alt_argc
                0x0000b038                alt_argv
                0x0000b03c                alt_envp
 *(.sbss2 .sbss2.* .gnu.linkonce.sb2.*)
 *(.scommon)
                0x0000b040                PROVIDE (__sbss_end, ABSOLUTE (.))
                0x0000b040                PROVIDE (___sbss_end, ABSOLUTE (.))
 *(.dynbss)
 *(.bss .bss.* .gnu.linkonce.b.*)
 .bss           0x0000b040        0x0 ../Bai7_bsp//obj/HAL/src/crt0.o
 .bss           0x0000b040        0x0 obj/default/Bai1.o
 .bss           0x0000b040        0x0 c:/altera/13.0sp1/nios2eds/bin/gnu/h-i686-mingw32/bin/../lib/gcc/nios2-elf/4.1.2/mno-hw-mul\libgcc.a(lib2-divmod.o)
 .bss           0x0000b040        0x0 c:/altera/13.0sp1/nios2eds/bin/gnu/h-i686-mingw32/bin/../lib/gcc/nios2-elf/4.1.2/../../../../nios2-elf/lib/mno-hw-mul\libsmallc.a(lib_a-printf.o)
 .bss           0x0000b040        0x0 c:/altera/13.0sp1/nios2eds/bin/gnu/h-i686-mingw32/bin/../lib/gcc/nios2-elf/4.1.2/../../../../nios2-elf/lib/mno-hw-mul\libsmallc.a(lib_a-puts.o)
 .bss           0x0000b040        0x0 c:/altera/13.0sp1/nios2eds/bin/gnu/h-i686-mingw32/bin/../lib/gcc/nios2-elf/4.1.2/../../../../nios2-elf/lib/mno-hw-mul\libsmallc.a(lib_a-strlen.o)
 .bss           0x0000b040        0x0 c:/altera/13.0sp1/nios2eds/bin/gnu/h-i686-mingw32/bin/../lib/gcc/nios2-elf/4.1.2/../../../../nios2-elf/lib/mno-hw-mul\libsmallc.a(lib_a-vfprintf.o)
 .bss           0x0000b040        0x0 c:/altera/13.0sp1/nios2eds/bin/gnu/h-i686-mingw32/bin/../lib/gcc/nios2-elf/4.1.2/../../../../nios2-elf/lib/mno-hw-mul\libsmallc.a(lib_a-fvwrite_small_dev.o)
 .bss           0x0000b040        0x0 c:/altera/13.0sp1/nios2eds/bin/gnu/h-i686-mingw32/bin/../lib/gcc/nios2-elf/4.1.2/../../../../nios2-elf/lib/mno-hw-mul\libsmallc.a(lib_a-impure.o)
 .bss           0x0000b040        0x0 c:/altera/13.0sp1/nios2eds/bin/gnu/h-i686-mingw32/bin/../lib/gcc/nios2-elf/4.1.2/../../../../nios2-elf/lib/mno-hw-mul\libsmallc.a(lib_a-writer.o)
 .bss           0x0000b040        0x0 c:/altera/13.0sp1/nios2eds/bin/gnu/h-i686-mingw32/bin/../lib/gcc/nios2-elf/4.1.2/../../../../nios2-elf/lib/mno-hw-mul\libsmallc.a(lib_a-int_errno.o)
 .bss           0x0000b040        0x0 c:/altera/13.0sp1/nios2eds/bin/gnu/h-i686-mingw32/bin/../lib/gcc/nios2-elf/4.1.2/mno-hw-mul\libgcc.a(lib2-mul.o)
 .bss           0x0000b040        0x0 ../Bai7_bsp/\libhal_bsp.a(alt_iic.o)
 .bss           0x0000b040        0x0 ../Bai7_bsp/\libhal_bsp.a(alt_iic_isr_register.o)
 .bss           0x0000b040        0x0 ../Bai7_bsp/\libhal_bsp.a(alt_irq_entry.o)
 .bss           0x0000b040        0x0 ../Bai7_bsp/\libhal_bsp.a(alt_irq_handler.o)
 .bss           0x0000b040        0x0 ../Bai7_bsp/\libhal_bsp.a(alt_irq_vars.o)
 .bss           0x0000b040        0x0 ../Bai7_bsp/\libhal_bsp.a(alt_load.o)
 .bss           0x0000b040        0x0 ../Bai7_bsp/\libhal_bsp.a(alt_main.o)
 .bss           0x0000b040        0x0 ../Bai7_bsp/\libhal_bsp.a(alt_usleep.o)
 .bss           0x0000b040        0x0 ../Bai7_bsp/\libhal_bsp.a(alt_write.o)
 .bss           0x0000b040        0x0 ../Bai7_bsp/\libhal_bsp.a(alt_sys_init.o)
 .bss           0x0000b040        0x0 ../Bai7_bsp/\libhal_bsp.a(altera_avalon_jtag_uart_fd.o)
 .bss           0x0000b040        0x0 ../Bai7_bsp/\libhal_bsp.a(altera_avalon_jtag_uart_read.o)
 .bss           0x0000b040        0x0 ../Bai7_bsp/\libhal_bsp.a(altera_avalon_jtag_uart_write.o)
 .bss           0x0000b040        0x0 ../Bai7_bsp/\libhal_bsp.a(alt_busy_sleep.o)
 .bss           0x0000b040        0x0 ../Bai7_bsp/\libhal_bsp.a(alt_close.o)
 .bss           0x0000b040        0x0 ../Bai7_bsp/\libhal_bsp.a(alt_dcache_flush_all.o)
 .bss           0x0000b040        0x0 ../Bai7_bsp/\libhal_bsp.a(alt_dev.o)
 .bss           0x0000b040        0x0 ../Bai7_bsp/\libhal_bsp.a(alt_dev_llist_insert.o)
 .bss           0x0000b040        0x0 ../Bai7_bsp/\libhal_bsp.a(alt_do_ctors.o)
 .bss           0x0000b040        0x0 ../Bai7_bsp/\libhal_bsp.a(alt_do_dtors.o)
 .bss           0x0000b040        0x0 ../Bai7_bsp/\libhal_bsp.a(alt_errno.o)
 .bss           0x0000b040        0x0 ../Bai7_bsp/\libhal_bsp.a(alt_exception_entry.o)
 .bss           0x0000b040        0x0 ../Bai7_bsp/\libhal_bsp.a(alt_icache_flush_all.o)
 .bss           0x0000b040        0x0 ../Bai7_bsp/\libhal_bsp.a(alt_io_redirect.o)
 .bss           0x0000b040        0x0 ../Bai7_bsp/\libhal_bsp.a(alt_open.o)
 .bss           0x0000b040        0x0 ../Bai7_bsp/\libhal_bsp.a(alt_release_fd.o)
 .bss           0x0000b040        0x0 ../Bai7_bsp/\libhal_bsp.a(altera_nios2_qsys_irq.o)
 .bss           0x0000b040        0x0 ../Bai7_bsp/\libhal_bsp.a(alt_find_dev.o)
 .bss           0x0000b040        0x0 ../Bai7_bsp/\libhal_bsp.a(alt_find_file.o)
 .bss           0x0000b040        0x0 ../Bai7_bsp/\libhal_bsp.a(alt_get_fd.o)
 .bss           0x0000b040        0x0 c:/altera/13.0sp1/nios2eds/bin/gnu/h-i686-mingw32/bin/../lib/gcc/nios2-elf/4.1.2/../../../../nios2-elf/lib/mno-hw-mul\libsmallc.a(lib_a-atexit.o)
 .bss           0x0000b040        0x0 c:/altera/13.0sp1/nios2eds/bin/gnu/h-i686-mingw32/bin/../lib/gcc/nios2-elf/4.1.2/../../../../nios2-elf/lib/mno-hw-mul\libsmallc.a(lib_a-exit.o)
 .bss           0x0000b040        0x0 c:/altera/13.0sp1/nios2eds/bin/gnu/h-i686-mingw32/bin/../lib/gcc/nios2-elf/4.1.2/../../../../nios2-elf/lib/mno-hw-mul\libsmallc.a(lib_a-memcmp.o)
 .bss           0x0000b040        0x0 c:/altera/13.0sp1/nios2eds/bin/gnu/h-i686-mingw32/bin/../lib/gcc/nios2-elf/4.1.2/../../../../nios2-elf/lib/mno-hw-mul\libsmallc.a(lib_a-__atexit.o)
 .bss           0x0000b040        0x0 c:/altera/13.0sp1/nios2eds/bin/gnu/h-i686-mingw32/bin/../lib/gcc/nios2-elf/4.1.2/../../../../nios2-elf/lib/mno-hw-mul\libsmallc.a(lib_a-__call_atexit.o)
 .bss           0x0000b040        0x0 ../Bai7_bsp/\libhal_bsp.a(alt_exit.o)
 *(COMMON)
 COMMON         0x0000b040      0x100 ../Bai7_bsp/\libhal_bsp.a(alt_irq_handler.o)
                0x0000b040                alt_irq
 COMMON         0x0000b140       0x8c c:/altera/13.0sp1/nios2eds/bin/gnu/h-i686-mingw32/bin/../lib/gcc/nios2-elf/4.1.2/../../../../nios2-elf/lib/mno-hw-mul\libsmallc.a(lib_a-atexit.o)
                0x0000b140                _atexit0
                0x0000b1cc                . = ALIGN (0x4)
                0x0000b1cc                __bss_end = ABSOLUTE (.)

.onchip_memory2_0
                0x0000b1cc        0x0
                0x0000b1cc                PROVIDE (_alt_partition_onchip_memory2_0_start, ABSOLUTE (.))
 *(.onchip_memory2_0. onchip_memory2_0.*)
                0x0000b1cc                . = ALIGN (0x4)
                0x0000b1cc                PROVIDE (_alt_partition_onchip_memory2_0_end, ABSOLUTE (.))
                0x0000b1cc                _end = ABSOLUTE (.)
                0x0000b1cc                end = ABSOLUTE (.)
                0x0000b1cc                __alt_stack_base = ABSOLUTE (.)
                0x0000b1cc                PROVIDE (_alt_partition_onchip_memory2_0_load_addr, LOADADDR (.onchip_memory2_0))

.stab
 *(.stab)

.stabstr
 *(.stabstr)

.stab.excl
 *(.stab.excl)

.stab.exclstr
 *(.stab.exclstr)

.stab.index
 *(.stab.index)

.stab.indexstr
 *(.stab.indexstr)

.comment        0x00000000       0x26
 *(.comment)
 .comment       0x00000000       0x26 obj/default/Bai1.o
                                 0x27 (size before relaxing)
 .comment       0x00000000       0x27 c:/altera/13.0sp1/nios2eds/bin/gnu/h-i686-mingw32/bin/../lib/gcc/nios2-elf/4.1.2/mno-hw-mul\libgcc.a(lib2-divmod.o)
 .comment       0x00000000       0x27 c:/altera/13.0sp1/nios2eds/bin/gnu/h-i686-mingw32/bin/../lib/gcc/nios2-elf/4.1.2/../../../../nios2-elf/lib/mno-hw-mul\libsmallc.a(lib_a-printf.o)
 .comment       0x00000000       0x27 c:/altera/13.0sp1/nios2eds/bin/gnu/h-i686-mingw32/bin/../lib/gcc/nios2-elf/4.1.2/../../../../nios2-elf/lib/mno-hw-mul\libsmallc.a(lib_a-puts.o)
 .comment       0x00000000       0x27 c:/altera/13.0sp1/nios2eds/bin/gnu/h-i686-mingw32/bin/../lib/gcc/nios2-elf/4.1.2/../../../../nios2-elf/lib/mno-hw-mul\libsmallc.a(lib_a-strlen.o)
 .comment       0x00000000       0x27 c:/altera/13.0sp1/nios2eds/bin/gnu/h-i686-mingw32/bin/../lib/gcc/nios2-elf/4.1.2/../../../../nios2-elf/lib/mno-hw-mul\libsmallc.a(lib_a-vfprintf.o)
 .comment       0x00000000       0x27 c:/altera/13.0sp1/nios2eds/bin/gnu/h-i686-mingw32/bin/../lib/gcc/nios2-elf/4.1.2/../../../../nios2-elf/lib/mno-hw-mul\libsmallc.a(lib_a-fvwrite_small_dev.o)
 .comment       0x00000000       0x27 c:/altera/13.0sp1/nios2eds/bin/gnu/h-i686-mingw32/bin/../lib/gcc/nios2-elf/4.1.2/../../../../nios2-elf/lib/mno-hw-mul\libsmallc.a(lib_a-impure.o)
 .comment       0x00000000       0x27 c:/altera/13.0sp1/nios2eds/bin/gnu/h-i686-mingw32/bin/../lib/gcc/nios2-elf/4.1.2/../../../../nios2-elf/lib/mno-hw-mul\libsmallc.a(lib_a-writer.o)
 .comment       0x00000000       0x27 c:/altera/13.0sp1/nios2eds/bin/gnu/h-i686-mingw32/bin/../lib/gcc/nios2-elf/4.1.2/../../../../nios2-elf/lib/mno-hw-mul\libsmallc.a(lib_a-int_errno.o)
 .comment       0x00000000       0x27 c:/altera/13.0sp1/nios2eds/bin/gnu/h-i686-mingw32/bin/../lib/gcc/nios2-elf/4.1.2/mno-hw-mul\libgcc.a(lib2-mul.o)
 .comment       0x00000000       0x27 ../Bai7_bsp/\libhal_bsp.a(alt_iic.o)
 .comment       0x00000000       0x27 ../Bai7_bsp/\libhal_bsp.a(alt_iic_isr_register.o)
 .comment       0x00000000       0x27 ../Bai7_bsp/\libhal_bsp.a(alt_irq_handler.o)
 .comment       0x00000000       0x27 ../Bai7_bsp/\libhal_bsp.a(alt_irq_vars.o)
 .comment       0x00000000       0x27 ../Bai7_bsp/\libhal_bsp.a(alt_load.o)
 .comment       0x00000000       0x27 ../Bai7_bsp/\libhal_bsp.a(alt_main.o)
 .comment       0x00000000       0x27 ../Bai7_bsp/\libhal_bsp.a(alt_usleep.o)
 .comment       0x00000000       0x27 ../Bai7_bsp/\libhal_bsp.a(alt_write.o)
 .comment       0x00000000       0x27 ../Bai7_bsp/\libhal_bsp.a(alt_sys_init.o)
 .comment       0x00000000       0x27 ../Bai7_bsp/\libhal_bsp.a(altera_avalon_jtag_uart_fd.o)
 .comment       0x00000000       0x27 ../Bai7_bsp/\libhal_bsp.a(altera_avalon_jtag_uart_read.o)
 .comment       0x00000000       0x27 ../Bai7_bsp/\libhal_bsp.a(altera_avalon_jtag_uart_write.o)
 .comment       0x00000000       0x27 ../Bai7_bsp/\libhal_bsp.a(alt_busy_sleep.o)
 .comment       0x00000000       0x27 ../Bai7_bsp/\libhal_bsp.a(alt_close.o)
 .comment       0x00000000       0x27 ../Bai7_bsp/\libhal_bsp.a(alt_dcache_flush_all.o)
 .comment       0x00000000       0x27 ../Bai7_bsp/\libhal_bsp.a(alt_dev.o)
 .comment       0x00000000       0x27 ../Bai7_bsp/\libhal_bsp.a(alt_dev_llist_insert.o)
 .comment       0x00000000       0x27 ../Bai7_bsp/\libhal_bsp.a(alt_do_ctors.o)
 .comment       0x00000000       0x27 ../Bai7_bsp/\libhal_bsp.a(alt_do_dtors.o)
 .comment       0x00000000       0x27 ../Bai7_bsp/\libhal_bsp.a(alt_errno.o)
 .comment       0x00000000       0x27 ../Bai7_bsp/\libhal_bsp.a(alt_icache_flush_all.o)
 .comment       0x00000000       0x27 ../Bai7_bsp/\libhal_bsp.a(alt_io_redirect.o)
 .comment       0x00000000       0x27 ../Bai7_bsp/\libhal_bsp.a(alt_open.o)
 .comment       0x00000000       0x27 ../Bai7_bsp/\libhal_bsp.a(alt_release_fd.o)
 .comment       0x00000000       0x27 ../Bai7_bsp/\libhal_bsp.a(altera_nios2_qsys_irq.o)
 .comment       0x00000000       0x27 ../Bai7_bsp/\libhal_bsp.a(alt_find_dev.o)
 .comment       0x00000000       0x27 ../Bai7_bsp/\libhal_bsp.a(alt_find_file.o)
 .comment       0x00000000       0x27 ../Bai7_bsp/\libhal_bsp.a(alt_get_fd.o)
 .comment       0x00000000       0x27 c:/altera/13.0sp1/nios2eds/bin/gnu/h-i686-mingw32/bin/../lib/gcc/nios2-elf/4.1.2/../../../../nios2-elf/lib/mno-hw-mul\libsmallc.a(lib_a-atexit.o)
 .comment       0x00000000       0x27 c:/altera/13.0sp1/nios2eds/bin/gnu/h-i686-mingw32/bin/../lib/gcc/nios2-elf/4.1.2/../../../../nios2-elf/lib/mno-hw-mul\libsmallc.a(lib_a-exit.o)
 .comment       0x00000000       0x27 c:/altera/13.0sp1/nios2eds/bin/gnu/h-i686-mingw32/bin/../lib/gcc/nios2-elf/4.1.2/../../../../nios2-elf/lib/mno-hw-mul\libsmallc.a(lib_a-memcmp.o)
 .comment       0x00000000       0x27 c:/altera/13.0sp1/nios2eds/bin/gnu/h-i686-mingw32/bin/../lib/gcc/nios2-elf/4.1.2/../../../../nios2-elf/lib/mno-hw-mul\libsmallc.a(lib_a-__atexit.o)
 .comment       0x00000000       0x27 c:/altera/13.0sp1/nios2eds/bin/gnu/h-i686-mingw32/bin/../lib/gcc/nios2-elf/4.1.2/../../../../nios2-elf/lib/mno-hw-mul\libsmallc.a(lib_a-__call_atexit.o)
 .comment       0x00000000       0x27 ../Bai7_bsp/\libhal_bsp.a(alt_exit.o)

.debug
 *(.debug)

.line
 *(.line)

.debug_srcinfo
 *(.debug_srcinfo)

.debug_sfnames
 *(.debug_sfnames)

.debug_aranges  0x00000000      0x5b8
 *(.debug_aranges)
 .debug_aranges
                0x00000000       0x28 ../Bai7_bsp//obj/HAL/src/crt0.o
 .debug_aranges
                0x00000028       0x20 obj/default/Bai1.o
 .debug_aranges
                0x00000048       0x20 c:/altera/13.0sp1/nios2eds/bin/gnu/h-i686-mingw32/bin/../lib/gcc/nios2-elf/4.1.2/mno-hw-mul\libgcc.a(lib2-divmod.o)
 .debug_aranges
                0x00000068       0x20 c:/altera/13.0sp1/nios2eds/bin/gnu/h-i686-mingw32/bin/../lib/gcc/nios2-elf/4.1.2/../../../../nios2-elf/lib/mno-hw-mul\libsmallc.a(lib_a-printf.o)
 .debug_aranges
                0x00000088       0x20 c:/altera/13.0sp1/nios2eds/bin/gnu/h-i686-mingw32/bin/../lib/gcc/nios2-elf/4.1.2/../../../../nios2-elf/lib/mno-hw-mul\libsmallc.a(lib_a-puts.o)
 .debug_aranges
                0x000000a8       0x20 c:/altera/13.0sp1/nios2eds/bin/gnu/h-i686-mingw32/bin/../lib/gcc/nios2-elf/4.1.2/../../../../nios2-elf/lib/mno-hw-mul\libsmallc.a(lib_a-strlen.o)
 .debug_aranges
                0x000000c8       0x20 c:/altera/13.0sp1/nios2eds/bin/gnu/h-i686-mingw32/bin/../lib/gcc/nios2-elf/4.1.2/../../../../nios2-elf/lib/mno-hw-mul\libsmallc.a(lib_a-vfprintf.o)
 .debug_aranges
                0x000000e8       0x20 c:/altera/13.0sp1/nios2eds/bin/gnu/h-i686-mingw32/bin/../lib/gcc/nios2-elf/4.1.2/../../../../nios2-elf/lib/mno-hw-mul\libsmallc.a(lib_a-fvwrite_small_dev.o)
 .debug_aranges
                0x00000108       0x20 c:/altera/13.0sp1/nios2eds/bin/gnu/h-i686-mingw32/bin/../lib/gcc/nios2-elf/4.1.2/../../../../nios2-elf/lib/mno-hw-mul\libsmallc.a(lib_a-writer.o)
 .debug_aranges
                0x00000128       0x20 c:/altera/13.0sp1/nios2eds/bin/gnu/h-i686-mingw32/bin/../lib/gcc/nios2-elf/4.1.2/mno-hw-mul\libgcc.a(lib2-mul.o)
 .debug_aranges
                0x00000148       0x20 ../Bai7_bsp/\libhal_bsp.a(alt_iic.o)
 .debug_aranges
                0x00000168       0x20 ../Bai7_bsp/\libhal_bsp.a(alt_iic_isr_register.o)
 .debug_aranges
                0x00000188       0x30 ../Bai7_bsp/\libhal_bsp.a(alt_irq_entry.o)
 .debug_aranges
                0x000001b8       0x28 ../Bai7_bsp/\libhal_bsp.a(alt_irq_handler.o)
 .debug_aranges
                0x000001e0       0x20 ../Bai7_bsp/\libhal_bsp.a(alt_load.o)
 .debug_aranges
                0x00000200       0x20 ../Bai7_bsp/\libhal_bsp.a(alt_main.o)
 .debug_aranges
                0x00000220       0x20 ../Bai7_bsp/\libhal_bsp.a(alt_usleep.o)
 .debug_aranges
                0x00000240       0x20 ../Bai7_bsp/\libhal_bsp.a(alt_write.o)
 .debug_aranges
                0x00000260       0x20 ../Bai7_bsp/\libhal_bsp.a(alt_sys_init.o)
 .debug_aranges
                0x00000280       0x20 ../Bai7_bsp/\libhal_bsp.a(altera_avalon_jtag_uart_fd.o)
 .debug_aranges
                0x000002a0       0x20 ../Bai7_bsp/\libhal_bsp.a(altera_avalon_jtag_uart_read.o)
 .debug_aranges
                0x000002c0       0x20 ../Bai7_bsp/\libhal_bsp.a(altera_avalon_jtag_uart_write.o)
 .debug_aranges
                0x000002e0       0x20 ../Bai7_bsp/\libhal_bsp.a(alt_busy_sleep.o)
 .debug_aranges
                0x00000300       0x20 ../Bai7_bsp/\libhal_bsp.a(alt_close.o)
 .debug_aranges
                0x00000320       0x20 ../Bai7_bsp/\libhal_bsp.a(alt_dcache_flush_all.o)
 .debug_aranges
                0x00000340       0x20 ../Bai7_bsp/\libhal_bsp.a(alt_dev.o)
 .debug_aranges
                0x00000360       0x20 ../Bai7_bsp/\libhal_bsp.a(alt_dev_llist_insert.o)
 .debug_aranges
                0x00000380       0x20 ../Bai7_bsp/\libhal_bsp.a(alt_do_ctors.o)
 .debug_aranges
                0x000003a0       0x20 ../Bai7_bsp/\libhal_bsp.a(alt_do_dtors.o)
 .debug_aranges
                0x000003c0       0x38 ../Bai7_bsp/\libhal_bsp.a(alt_exception_entry.o)
 .debug_aranges
                0x000003f8       0x20 ../Bai7_bsp/\libhal_bsp.a(alt_icache_flush_all.o)
 .debug_aranges
                0x00000418       0x20 ../Bai7_bsp/\libhal_bsp.a(alt_io_redirect.o)
 .debug_aranges
                0x00000438       0x20 ../Bai7_bsp/\libhal_bsp.a(alt_open.o)
 .debug_aranges
                0x00000458       0x20 ../Bai7_bsp/\libhal_bsp.a(alt_release_fd.o)
 .debug_aranges
                0x00000478       0x20 ../Bai7_bsp/\libhal_bsp.a(altera_nios2_qsys_irq.o)
 .debug_aranges
                0x00000498       0x20 ../Bai7_bsp/\libhal_bsp.a(alt_find_dev.o)
 .debug_aranges
                0x000004b8       0x20 ../Bai7_bsp/\libhal_bsp.a(alt_find_file.o)
 .debug_aranges
                0x000004d8       0x20 ../Bai7_bsp/\libhal_bsp.a(alt_get_fd.o)
 .debug_aranges
                0x000004f8       0x20 c:/altera/13.0sp1/nios2eds/bin/gnu/h-i686-mingw32/bin/../lib/gcc/nios2-elf/4.1.2/../../../../nios2-elf/lib/mno-hw-mul\libsmallc.a(lib_a-atexit.o)
 .debug_aranges
                0x00000518       0x20 c:/altera/13.0sp1/nios2eds/bin/gnu/h-i686-mingw32/bin/../lib/gcc/nios2-elf/4.1.2/../../../../nios2-elf/lib/mno-hw-mul\libsmallc.a(lib_a-exit.o)
 .debug_aranges
                0x00000538       0x20 c:/altera/13.0sp1/nios2eds/bin/gnu/h-i686-mingw32/bin/../lib/gcc/nios2-elf/4.1.2/../../../../nios2-elf/lib/mno-hw-mul\libsmallc.a(lib_a-memcmp.o)
 .debug_aranges
                0x00000558       0x20 c:/altera/13.0sp1/nios2eds/bin/gnu/h-i686-mingw32/bin/../lib/gcc/nios2-elf/4.1.2/../../../../nios2-elf/lib/mno-hw-mul\libsmallc.a(lib_a-__atexit.o)
 .debug_aranges
                0x00000578       0x20 c:/altera/13.0sp1/nios2eds/bin/gnu/h-i686-mingw32/bin/../lib/gcc/nios2-elf/4.1.2/../../../../nios2-elf/lib/mno-hw-mul\libsmallc.a(lib_a-__call_atexit.o)
 .debug_aranges
                0x00000598       0x20 ../Bai7_bsp/\libhal_bsp.a(alt_exit.o)

.debug_pubnames
                0x00000000      0x812
 *(.debug_pubnames)
 .debug_pubnames
                0x00000000       0x6b obj/default/Bai1.o
 .debug_pubnames
                0x0000006b       0x48 c:/altera/13.0sp1/nios2eds/bin/gnu/h-i686-mingw32/bin/../lib/gcc/nios2-elf/4.1.2/mno-hw-mul\libgcc.a(lib2-divmod.o)
 .debug_pubnames
                0x000000b3       0x2b c:/altera/13.0sp1/nios2eds/bin/gnu/h-i686-mingw32/bin/../lib/gcc/nios2-elf/4.1.2/../../../../nios2-elf/lib/mno-hw-mul\libsmallc.a(lib_a-printf.o)
 .debug_pubnames
                0x000000de       0x27 c:/altera/13.0sp1/nios2eds/bin/gnu/h-i686-mingw32/bin/../lib/gcc/nios2-elf/4.1.2/../../../../nios2-elf/lib/mno-hw-mul\libsmallc.a(lib_a-puts.o)
 .debug_pubnames
                0x00000105       0x1d c:/altera/13.0sp1/nios2eds/bin/gnu/h-i686-mingw32/bin/../lib/gcc/nios2-elf/4.1.2/../../../../nios2-elf/lib/mno-hw-mul\libsmallc.a(lib_a-strlen.o)
 .debug_pubnames
                0x00000122       0x45 c:/altera/13.0sp1/nios2eds/bin/gnu/h-i686-mingw32/bin/../lib/gcc/nios2-elf/4.1.2/../../../../nios2-elf/lib/mno-hw-mul\libsmallc.a(lib_a-vfprintf.o)
 .debug_pubnames
                0x00000167       0x2b c:/altera/13.0sp1/nios2eds/bin/gnu/h-i686-mingw32/bin/../lib/gcc/nios2-elf/4.1.2/../../../../nios2-elf/lib/mno-hw-mul\libsmallc.a(lib_a-fvwrite_small_dev.o)
 .debug_pubnames
                0x00000192       0x39 c:/altera/13.0sp1/nios2eds/bin/gnu/h-i686-mingw32/bin/../lib/gcc/nios2-elf/4.1.2/../../../../nios2-elf/lib/mno-hw-mul\libsmallc.a(lib_a-impure.o)
 .debug_pubnames
                0x000001cb       0x1f c:/altera/13.0sp1/nios2eds/bin/gnu/h-i686-mingw32/bin/../lib/gcc/nios2-elf/4.1.2/../../../../nios2-elf/lib/mno-hw-mul\libsmallc.a(lib_a-writer.o)
 .debug_pubnames
                0x000001ea       0x1c c:/altera/13.0sp1/nios2eds/bin/gnu/h-i686-mingw32/bin/../lib/gcc/nios2-elf/4.1.2/../../../../nios2-elf/lib/mno-hw-mul\libsmallc.a(lib_a-int_errno.o)
 .debug_pubnames
                0x00000206       0x1f c:/altera/13.0sp1/nios2eds/bin/gnu/h-i686-mingw32/bin/../lib/gcc/nios2-elf/4.1.2/mno-hw-mul\libgcc.a(lib2-mul.o)
 .debug_pubnames
                0x00000225       0x6e ../Bai7_bsp/\libhal_bsp.a(alt_iic.o)
 .debug_pubnames
                0x00000293       0x2b ../Bai7_bsp/\libhal_bsp.a(alt_iic_isr_register.o)
 .debug_pubnames
                0x000002be       0x32 ../Bai7_bsp/\libhal_bsp.a(alt_irq_handler.o)
 .debug_pubnames
                0x000002f0       0x3b ../Bai7_bsp/\libhal_bsp.a(alt_irq_vars.o)
 .debug_pubnames
                0x0000032b       0x1f ../Bai7_bsp/\libhal_bsp.a(alt_load.o)
 .debug_pubnames
                0x0000034a       0x46 ../Bai7_bsp/\libhal_bsp.a(alt_main.o)
 .debug_pubnames
                0x00000390       0x1d ../Bai7_bsp/\libhal_bsp.a(alt_usleep.o)
 .debug_pubnames
                0x000003ad       0x1c ../Bai7_bsp/\libhal_bsp.a(alt_write.o)
 .debug_pubnames
                0x000003c9       0x34 ../Bai7_bsp/\libhal_bsp.a(alt_sys_init.o)
 .debug_pubnames
                0x000003fd       0x5b ../Bai7_bsp/\libhal_bsp.a(altera_avalon_jtag_uart_fd.o)
 .debug_pubnames
                0x00000458       0x33 ../Bai7_bsp/\libhal_bsp.a(altera_avalon_jtag_uart_read.o)
 .debug_pubnames
                0x0000048b       0x34 ../Bai7_bsp/\libhal_bsp.a(altera_avalon_jtag_uart_write.o)
 .debug_pubnames
                0x000004bf       0x25 ../Bai7_bsp/\libhal_bsp.a(alt_busy_sleep.o)
 .debug_pubnames
                0x000004e4       0x1c ../Bai7_bsp/\libhal_bsp.a(alt_close.o)
 .debug_pubnames
                0x00000500       0x2b ../Bai7_bsp/\libhal_bsp.a(alt_dcache_flush_all.o)
 .debug_pubnames
                0x0000052b       0x63 ../Bai7_bsp/\libhal_bsp.a(alt_dev.o)
 .debug_pubnames
                0x0000058e       0x2b ../Bai7_bsp/\libhal_bsp.a(alt_dev_llist_insert.o)
 .debug_pubnames
                0x000005b9       0x20 ../Bai7_bsp/\libhal_bsp.a(alt_do_ctors.o)
 .debug_pubnames
                0x000005d9       0x20 ../Bai7_bsp/\libhal_bsp.a(alt_do_dtors.o)
 .debug_pubnames
                0x000005f9       0x20 ../Bai7_bsp/\libhal_bsp.a(alt_errno.o)
 .debug_pubnames
                0x00000619       0x2b ../Bai7_bsp/\libhal_bsp.a(alt_icache_flush_all.o)
 .debug_pubnames
                0x00000644       0x26 ../Bai7_bsp/\libhal_bsp.a(alt_io_redirect.o)
 .debug_pubnames
                0x0000066a       0x1b ../Bai7_bsp/\libhal_bsp.a(alt_open.o)
 .debug_pubnames
                0x00000685       0x25 ../Bai7_bsp/\libhal_bsp.a(alt_release_fd.o)
 .debug_pubnames
                0x000006aa       0x31 ../Bai7_bsp/\libhal_bsp.a(altera_nios2_qsys_irq.o)
 .debug_pubnames
                0x000006db       0x23 ../Bai7_bsp/\libhal_bsp.a(alt_find_dev.o)
 .debug_pubnames
                0x000006fe       0x24 ../Bai7_bsp/\libhal_bsp.a(alt_find_file.o)
 .debug_pubnames
                0x00000722       0x21 ../Bai7_bsp/\libhal_bsp.a(alt_get_fd.o)
 .debug_pubnames
                0x00000743       0x2a c:/altera/13.0sp1/nios2eds/bin/gnu/h-i686-mingw32/bin/../lib/gcc/nios2-elf/4.1.2/../../../../nios2-elf/lib/mno-hw-mul\libsmallc.a(lib_a-atexit.o)
 .debug_pubnames
                0x0000076d       0x1b c:/altera/13.0sp1/nios2eds/bin/gnu/h-i686-mingw32/bin/../lib/gcc/nios2-elf/4.1.2/../../../../nios2-elf/lib/mno-hw-mul\libsmallc.a(lib_a-exit.o)
 .debug_pubnames
                0x00000788       0x1d c:/altera/13.0sp1/nios2eds/bin/gnu/h-i686-mingw32/bin/../lib/gcc/nios2-elf/4.1.2/../../../../nios2-elf/lib/mno-hw-mul\libsmallc.a(lib_a-memcmp.o)
 .debug_pubnames
                0x000007a5       0x2a c:/altera/13.0sp1/nios2eds/bin/gnu/h-i686-mingw32/bin/../lib/gcc/nios2-elf/4.1.2/../../../../nios2-elf/lib/mno-hw-mul\libsmallc.a(lib_a-__atexit.o)
 .debug_pubnames
                0x000007cf       0x27 c:/altera/13.0sp1/nios2eds/bin/gnu/h-i686-mingw32/bin/../lib/gcc/nios2-elf/4.1.2/../../../../nios2-elf/lib/mno-hw-mul\libsmallc.a(lib_a-__call_atexit.o)
 .debug_pubnames
                0x000007f6       0x1c ../Bai7_bsp/\libhal_bsp.a(alt_exit.o)

.debug_info     0x00000000     0x9d77
 *(.debug_info .gnu.linkonce.wi.*)
 .debug_info    0x00000000       0x5a ../Bai7_bsp//obj/HAL/src/crt0.o
 .debug_info    0x0000005a      0x297 obj/default/Bai1.o
 .debug_info    0x000002f1      0x21c c:/altera/13.0sp1/nios2eds/bin/gnu/h-i686-mingw32/bin/../lib/gcc/nios2-elf/4.1.2/mno-hw-mul\libgcc.a(lib2-divmod.o)
 .debug_info    0x0000050d      0x6c8 c:/altera/13.0sp1/nios2eds/bin/gnu/h-i686-mingw32/bin/../lib/gcc/nios2-elf/4.1.2/../../../../nios2-elf/lib/mno-hw-mul\libsmallc.a(lib_a-printf.o)
 .debug_info    0x00000bd5      0x685 c:/altera/13.0sp1/nios2eds/bin/gnu/h-i686-mingw32/bin/../lib/gcc/nios2-elf/4.1.2/../../../../nios2-elf/lib/mno-hw-mul\libsmallc.a(lib_a-puts.o)
 .debug_info    0x0000125a       0xc2 c:/altera/13.0sp1/nios2eds/bin/gnu/h-i686-mingw32/bin/../lib/gcc/nios2-elf/4.1.2/../../../../nios2-elf/lib/mno-hw-mul\libsmallc.a(lib_a-strlen.o)
 .debug_info    0x0000131c      0x9b6 c:/altera/13.0sp1/nios2eds/bin/gnu/h-i686-mingw32/bin/../lib/gcc/nios2-elf/4.1.2/../../../../nios2-elf/lib/mno-hw-mul\libsmallc.a(lib_a-vfprintf.o)
 .debug_info    0x00001cd2      0x68e c:/altera/13.0sp1/nios2eds/bin/gnu/h-i686-mingw32/bin/../lib/gcc/nios2-elf/4.1.2/../../../../nios2-elf/lib/mno-hw-mul\libsmallc.a(lib_a-fvwrite_small_dev.o)
 .debug_info    0x00002360      0x636 c:/altera/13.0sp1/nios2eds/bin/gnu/h-i686-mingw32/bin/../lib/gcc/nios2-elf/4.1.2/../../../../nios2-elf/lib/mno-hw-mul\libsmallc.a(lib_a-impure.o)
 .debug_info    0x00002996      0x68c c:/altera/13.0sp1/nios2eds/bin/gnu/h-i686-mingw32/bin/../lib/gcc/nios2-elf/4.1.2/../../../../nios2-elf/lib/mno-hw-mul\libsmallc.a(lib_a-writer.o)
 .debug_info    0x00003022       0x8c c:/altera/13.0sp1/nios2eds/bin/gnu/h-i686-mingw32/bin/../lib/gcc/nios2-elf/4.1.2/../../../../nios2-elf/lib/mno-hw-mul\libsmallc.a(lib_a-int_errno.o)
 .debug_info    0x000030ae       0xf3 c:/altera/13.0sp1/nios2eds/bin/gnu/h-i686-mingw32/bin/../lib/gcc/nios2-elf/4.1.2/mno-hw-mul\libgcc.a(lib2-mul.o)
 .debug_info    0x000031a1      0x472 ../Bai7_bsp/\libhal_bsp.a(alt_iic.o)
 .debug_info    0x00003613      0x2f3 ../Bai7_bsp/\libhal_bsp.a(alt_iic_isr_register.o)
 .debug_info    0x00003906       0x63 ../Bai7_bsp/\libhal_bsp.a(alt_irq_entry.o)
 .debug_info    0x00003969      0x254 ../Bai7_bsp/\libhal_bsp.a(alt_irq_handler.o)
 .debug_info    0x00003bbd      0x146 ../Bai7_bsp/\libhal_bsp.a(alt_irq_vars.o)
 .debug_info    0x00003d03      0x26c ../Bai7_bsp/\libhal_bsp.a(alt_load.o)
 .debug_info    0x00003f6f      0x204 ../Bai7_bsp/\libhal_bsp.a(alt_main.o)
 .debug_info    0x00004173      0x147 ../Bai7_bsp/\libhal_bsp.a(alt_usleep.o)
 .debug_info    0x000042ba      0x672 ../Bai7_bsp/\libhal_bsp.a(alt_write.o)
 .debug_info    0x0000492c      0x5a2 ../Bai7_bsp/\libhal_bsp.a(alt_sys_init.o)
 .debug_info    0x00004ece      0x598 ../Bai7_bsp/\libhal_bsp.a(altera_avalon_jtag_uart_fd.o)
 .debug_info    0x00005466      0x2e8 ../Bai7_bsp/\libhal_bsp.a(altera_avalon_jtag_uart_read.o)
 .debug_info    0x0000574e      0x2c5 ../Bai7_bsp/\libhal_bsp.a(altera_avalon_jtag_uart_write.o)
 .debug_info    0x00005a13      0x18a ../Bai7_bsp/\libhal_bsp.a(alt_busy_sleep.o)
 .debug_info    0x00005b9d      0x446 ../Bai7_bsp/\libhal_bsp.a(alt_close.o)
 .debug_info    0x00005fe3      0x13b ../Bai7_bsp/\libhal_bsp.a(alt_dcache_flush_all.o)
 .debug_info    0x0000611e      0x65e ../Bai7_bsp/\libhal_bsp.a(alt_dev.o)
 .debug_info    0x0000677c      0x296 ../Bai7_bsp/\libhal_bsp.a(alt_dev_llist_insert.o)
 .debug_info    0x00006a12       0xee ../Bai7_bsp/\libhal_bsp.a(alt_do_ctors.o)
 .debug_info    0x00006b00       0xed ../Bai7_bsp/\libhal_bsp.a(alt_do_dtors.o)
 .debug_info    0x00006bed      0x143 ../Bai7_bsp/\libhal_bsp.a(alt_errno.o)
 .debug_info    0x00006d30       0x69 ../Bai7_bsp/\libhal_bsp.a(alt_exception_entry.o)
 .debug_info    0x00006d99      0x13b ../Bai7_bsp/\libhal_bsp.a(alt_icache_flush_all.o)
 .debug_info    0x00006ed4      0x674 ../Bai7_bsp/\libhal_bsp.a(alt_io_redirect.o)
 .debug_info    0x00007548      0x504 ../Bai7_bsp/\libhal_bsp.a(alt_open.o)
 .debug_info    0x00007a4c      0x3d1 ../Bai7_bsp/\libhal_bsp.a(alt_release_fd.o)
 .debug_info    0x00007e1d      0x142 ../Bai7_bsp/\libhal_bsp.a(altera_nios2_qsys_irq.o)
 .debug_info    0x00007f5f      0x3f7 ../Bai7_bsp/\libhal_bsp.a(alt_find_dev.o)
 .debug_info    0x00008356      0x3fe ../Bai7_bsp/\libhal_bsp.a(alt_find_file.o)
 .debug_info    0x00008754      0x43f ../Bai7_bsp/\libhal_bsp.a(alt_get_fd.o)
 .debug_info    0x00008b93      0x186 c:/altera/13.0sp1/nios2eds/bin/gnu/h-i686-mingw32/bin/../lib/gcc/nios2-elf/4.1.2/../../../../nios2-elf/lib/mno-hw-mul\libsmallc.a(lib_a-atexit.o)
 .debug_info    0x00008d19       0x9f c:/altera/13.0sp1/nios2eds/bin/gnu/h-i686-mingw32/bin/../lib/gcc/nios2-elf/4.1.2/../../../../nios2-elf/lib/mno-hw-mul\libsmallc.a(lib_a-exit.o)
 .debug_info    0x00008db8       0xef c:/altera/13.0sp1/nios2eds/bin/gnu/h-i686-mingw32/bin/../lib/gcc/nios2-elf/4.1.2/../../../../nios2-elf/lib/mno-hw-mul\libsmallc.a(lib_a-memcmp.o)
 .debug_info    0x00008ea7      0x68f c:/altera/13.0sp1/nios2eds/bin/gnu/h-i686-mingw32/bin/../lib/gcc/nios2-elf/4.1.2/../../../../nios2-elf/lib/mno-hw-mul\libsmallc.a(lib_a-__atexit.o)
 .debug_info    0x00009536      0x6d5 c:/altera/13.0sp1/nios2eds/bin/gnu/h-i686-mingw32/bin/../lib/gcc/nios2-elf/4.1.2/../../../../nios2-elf/lib/mno-hw-mul\libsmallc.a(lib_a-__call_atexit.o)
 .debug_info    0x00009c0b      0x16c ../Bai7_bsp/\libhal_bsp.a(alt_exit.o)

.debug_abbrev   0x00000000     0x2620
 *(.debug_abbrev)
 .debug_abbrev  0x00000000       0x12 ../Bai7_bsp//obj/HAL/src/crt0.o
 .debug_abbrev  0x00000012       0xb1 obj/default/Bai1.o
 .debug_abbrev  0x000000c3       0xe0 c:/altera/13.0sp1/nios2eds/bin/gnu/h-i686-mingw32/bin/../lib/gcc/nios2-elf/4.1.2/mno-hw-mul\libgcc.a(lib2-divmod.o)
 .debug_abbrev  0x000001a3      0x179 c:/altera/13.0sp1/nios2eds/bin/gnu/h-i686-mingw32/bin/../lib/gcc/nios2-elf/4.1.2/../../../../nios2-elf/lib/mno-hw-mul\libsmallc.a(lib_a-printf.o)
 .debug_abbrev  0x0000031c      0x180 c:/altera/13.0sp1/nios2eds/bin/gnu/h-i686-mingw32/bin/../lib/gcc/nios2-elf/4.1.2/../../../../nios2-elf/lib/mno-hw-mul\libsmallc.a(lib_a-puts.o)
 .debug_abbrev  0x0000049c       0x7a c:/altera/13.0sp1/nios2eds/bin/gnu/h-i686-mingw32/bin/../lib/gcc/nios2-elf/4.1.2/../../../../nios2-elf/lib/mno-hw-mul\libsmallc.a(lib_a-strlen.o)
 .debug_abbrev  0x00000516      0x263 c:/altera/13.0sp1/nios2eds/bin/gnu/h-i686-mingw32/bin/../lib/gcc/nios2-elf/4.1.2/../../../../nios2-elf/lib/mno-hw-mul\libsmallc.a(lib_a-vfprintf.o)
 .debug_abbrev  0x00000779      0x179 c:/altera/13.0sp1/nios2eds/bin/gnu/h-i686-mingw32/bin/../lib/gcc/nios2-elf/4.1.2/../../../../nios2-elf/lib/mno-hw-mul\libsmallc.a(lib_a-fvwrite_small_dev.o)
 .debug_abbrev  0x000008f2      0x13f c:/altera/13.0sp1/nios2eds/bin/gnu/h-i686-mingw32/bin/../lib/gcc/nios2-elf/4.1.2/../../../../nios2-elf/lib/mno-hw-mul\libsmallc.a(lib_a-impure.o)
 .debug_abbrev  0x00000a31      0x16c c:/altera/13.0sp1/nios2eds/bin/gnu/h-i686-mingw32/bin/../lib/gcc/nios2-elf/4.1.2/../../../../nios2-elf/lib/mno-hw-mul\libsmallc.a(lib_a-writer.o)
 .debug_abbrev  0x00000b9d       0x3b c:/altera/13.0sp1/nios2eds/bin/gnu/h-i686-mingw32/bin/../lib/gcc/nios2-elf/4.1.2/../../../../nios2-elf/lib/mno-hw-mul\libsmallc.a(lib_a-int_errno.o)
 .debug_abbrev  0x00000bd8       0x7b c:/altera/13.0sp1/nios2eds/bin/gnu/h-i686-mingw32/bin/../lib/gcc/nios2-elf/4.1.2/mno-hw-mul\libgcc.a(lib2-mul.o)
 .debug_abbrev  0x00000c53      0x134 ../Bai7_bsp/\libhal_bsp.a(alt_iic.o)
 .debug_abbrev  0x00000d87      0x14e ../Bai7_bsp/\libhal_bsp.a(alt_iic_isr_register.o)
 .debug_abbrev  0x00000ed5       0x12 ../Bai7_bsp/\libhal_bsp.a(alt_irq_entry.o)
 .debug_abbrev  0x00000ee7      0x10c ../Bai7_bsp/\libhal_bsp.a(alt_irq_handler.o)
 .debug_abbrev  0x00000ff3       0x44 ../Bai7_bsp/\libhal_bsp.a(alt_irq_vars.o)
 .debug_abbrev  0x00001037       0x88 ../Bai7_bsp/\libhal_bsp.a(alt_load.o)
 .debug_abbrev  0x000010bf       0xb7 ../Bai7_bsp/\libhal_bsp.a(alt_main.o)
 .debug_abbrev  0x00001176       0x5d ../Bai7_bsp/\libhal_bsp.a(alt_usleep.o)
 .debug_abbrev  0x000011d3      0x100 ../Bai7_bsp/\libhal_bsp.a(alt_write.o)
 .debug_abbrev  0x000012d3      0x121 ../Bai7_bsp/\libhal_bsp.a(alt_sys_init.o)
 .debug_abbrev  0x000013f4       0xcb ../Bai7_bsp/\libhal_bsp.a(altera_avalon_jtag_uart_fd.o)
 .debug_abbrev  0x000014bf       0xb6 ../Bai7_bsp/\libhal_bsp.a(altera_avalon_jtag_uart_read.o)
 .debug_abbrev  0x00001575       0xb4 ../Bai7_bsp/\libhal_bsp.a(altera_avalon_jtag_uart_write.o)
 .debug_abbrev  0x00001629       0x6c ../Bai7_bsp/\libhal_bsp.a(alt_busy_sleep.o)
 .debug_abbrev  0x00001695       0xfb ../Bai7_bsp/\libhal_bsp.a(alt_close.o)
 .debug_abbrev  0x00001790       0x3f ../Bai7_bsp/\libhal_bsp.a(alt_dcache_flush_all.o)
 .debug_abbrev  0x000017cf       0xc7 ../Bai7_bsp/\libhal_bsp.a(alt_dev.o)
 .debug_abbrev  0x00001896       0xf6 ../Bai7_bsp/\libhal_bsp.a(alt_dev_llist_insert.o)
 .debug_abbrev  0x0000198c       0x76 ../Bai7_bsp/\libhal_bsp.a(alt_do_ctors.o)
 .debug_abbrev  0x00001a02       0x76 ../Bai7_bsp/\libhal_bsp.a(alt_do_dtors.o)
 .debug_abbrev  0x00001a78       0x5e ../Bai7_bsp/\libhal_bsp.a(alt_errno.o)
 .debug_abbrev  0x00001ad6       0x12 ../Bai7_bsp/\libhal_bsp.a(alt_exception_entry.o)
 .debug_abbrev  0x00001ae8       0x3f ../Bai7_bsp/\libhal_bsp.a(alt_icache_flush_all.o)
 .debug_abbrev  0x00001b27       0xf0 ../Bai7_bsp/\libhal_bsp.a(alt_io_redirect.o)
 .debug_abbrev  0x00001c17      0x112 ../Bai7_bsp/\libhal_bsp.a(alt_open.o)
 .debug_abbrev  0x00001d29       0xc1 ../Bai7_bsp/\libhal_bsp.a(alt_release_fd.o)
 .debug_abbrev  0x00001dea       0x3f ../Bai7_bsp/\libhal_bsp.a(altera_nios2_qsys_irq.o)
 .debug_abbrev  0x00001e29       0xcf ../Bai7_bsp/\libhal_bsp.a(alt_find_dev.o)
 .debug_abbrev  0x00001ef8       0xcf ../Bai7_bsp/\libhal_bsp.a(alt_find_file.o)
 .debug_abbrev  0x00001fc7       0xfb ../Bai7_bsp/\libhal_bsp.a(alt_get_fd.o)
 .debug_abbrev  0x000020c2       0xc6 c:/altera/13.0sp1/nios2eds/bin/gnu/h-i686-mingw32/bin/../lib/gcc/nios2-elf/4.1.2/../../../../nios2-elf/lib/mno-hw-mul\libsmallc.a(lib_a-atexit.o)
 .debug_abbrev  0x00002188       0x4e c:/altera/13.0sp1/nios2eds/bin/gnu/h-i686-mingw32/bin/../lib/gcc/nios2-elf/4.1.2/../../../../nios2-elf/lib/mno-hw-mul\libsmallc.a(lib_a-exit.o)
 .debug_abbrev  0x000021d6       0x7c c:/altera/13.0sp1/nios2eds/bin/gnu/h-i686-mingw32/bin/../lib/gcc/nios2-elf/4.1.2/../../../../nios2-elf/lib/mno-hw-mul\libsmallc.a(lib_a-memcmp.o)
 .debug_abbrev  0x00002252      0x196 c:/altera/13.0sp1/nios2eds/bin/gnu/h-i686-mingw32/bin/../lib/gcc/nios2-elf/4.1.2/../../../../nios2-elf/lib/mno-hw-mul\libsmallc.a(lib_a-__atexit.o)
 .debug_abbrev  0x000023e8      0x1c6 c:/altera/13.0sp1/nios2eds/bin/gnu/h-i686-mingw32/bin/../lib/gcc/nios2-elf/4.1.2/../../../../nios2-elf/lib/mno-hw-mul\libsmallc.a(lib_a-__call_atexit.o)
 .debug_abbrev  0x000025ae       0x72 ../Bai7_bsp/\libhal_bsp.a(alt_exit.o)

.debug_line     0x00000000     0x6ba7
 *(.debug_line)
 .debug_line    0x00000000       0x66 ../Bai7_bsp//obj/HAL/src/crt0.o
 .debug_line    0x00000066      0x3fb obj/default/Bai1.o
 .debug_line    0x00000461      0x24f c:/altera/13.0sp1/nios2eds/bin/gnu/h-i686-mingw32/bin/../lib/gcc/nios2-elf/4.1.2/mno-hw-mul\libgcc.a(lib2-divmod.o)
 .debug_line    0x000006b0      0x2be c:/altera/13.0sp1/nios2eds/bin/gnu/h-i686-mingw32/bin/../lib/gcc/nios2-elf/4.1.2/../../../../nios2-elf/lib/mno-hw-mul\libsmallc.a(lib_a-printf.o)
 .debug_line    0x0000096e      0x2b2 c:/altera/13.0sp1/nios2eds/bin/gnu/h-i686-mingw32/bin/../lib/gcc/nios2-elf/4.1.2/../../../../nios2-elf/lib/mno-hw-mul\libsmallc.a(lib_a-puts.o)
 .debug_line    0x00000c20      0x250 c:/altera/13.0sp1/nios2eds/bin/gnu/h-i686-mingw32/bin/../lib/gcc/nios2-elf/4.1.2/../../../../nios2-elf/lib/mno-hw-mul\libsmallc.a(lib_a-strlen.o)
 .debug_line    0x00000e70      0x666 c:/altera/13.0sp1/nios2eds/bin/gnu/h-i686-mingw32/bin/../lib/gcc/nios2-elf/4.1.2/../../../../nios2-elf/lib/mno-hw-mul\libsmallc.a(lib_a-vfprintf.o)
 .debug_line    0x000014d6      0x2a9 c:/altera/13.0sp1/nios2eds/bin/gnu/h-i686-mingw32/bin/../lib/gcc/nios2-elf/4.1.2/../../../../nios2-elf/lib/mno-hw-mul\libsmallc.a(lib_a-fvwrite_small_dev.o)
 .debug_line    0x0000177f      0x230 c:/altera/13.0sp1/nios2eds/bin/gnu/h-i686-mingw32/bin/../lib/gcc/nios2-elf/4.1.2/../../../../nios2-elf/lib/mno-hw-mul\libsmallc.a(lib_a-impure.o)
 .debug_line    0x000019af      0x29d c:/altera/13.0sp1/nios2eds/bin/gnu/h-i686-mingw32/bin/../lib/gcc/nios2-elf/4.1.2/../../../../nios2-elf/lib/mno-hw-mul\libsmallc.a(lib_a-writer.o)
 .debug_line    0x00001c4c      0x1e2 c:/altera/13.0sp1/nios2eds/bin/gnu/h-i686-mingw32/bin/../lib/gcc/nios2-elf/4.1.2/../../../../nios2-elf/lib/mno-hw-mul\libsmallc.a(lib_a-int_errno.o)
 .debug_line    0x00001e2e      0x11a c:/altera/13.0sp1/nios2eds/bin/gnu/h-i686-mingw32/bin/../lib/gcc/nios2-elf/4.1.2/mno-hw-mul\libgcc.a(lib2-mul.o)
 .debug_line    0x00001f48      0x2c8 ../Bai7_bsp/\libhal_bsp.a(alt_iic.o)
 .debug_line    0x00002210      0x249 ../Bai7_bsp/\libhal_bsp.a(alt_iic_isr_register.o)
 .debug_line    0x00002459       0x6b ../Bai7_bsp/\libhal_bsp.a(alt_irq_entry.o)
 .debug_line    0x000024c4      0x248 ../Bai7_bsp/\libhal_bsp.a(alt_irq_handler.o)
 .debug_line    0x0000270c       0x72 ../Bai7_bsp/\libhal_bsp.a(alt_irq_vars.o)
 .debug_line    0x0000277e      0x217 ../Bai7_bsp/\libhal_bsp.a(alt_load.o)
 .debug_line    0x00002995      0x2ca ../Bai7_bsp/\libhal_bsp.a(alt_main.o)
 .debug_line    0x00002c5f      0x202 ../Bai7_bsp/\libhal_bsp.a(alt_usleep.o)
 .debug_line    0x00002e61      0x2c9 ../Bai7_bsp/\libhal_bsp.a(alt_write.o)
 .debug_line    0x0000312a      0x2bf ../Bai7_bsp/\libhal_bsp.a(alt_sys_init.o)
 .debug_line    0x000033e9      0x1d7 ../Bai7_bsp/\libhal_bsp.a(altera_avalon_jtag_uart_fd.o)
 .debug_line    0x000035c0      0x343 ../Bai7_bsp/\libhal_bsp.a(altera_avalon_jtag_uart_read.o)
 .debug_line    0x00003903      0x304 ../Bai7_bsp/\libhal_bsp.a(altera_avalon_jtag_uart_write.o)
 .debug_line    0x00003c07      0x25c ../Bai7_bsp/\libhal_bsp.a(alt_busy_sleep.o)
 .debug_line    0x00003e63      0x299 ../Bai7_bsp/\libhal_bsp.a(alt_close.o)
 .debug_line    0x000040fc      0x1b5 ../Bai7_bsp/\libhal_bsp.a(alt_dcache_flush_all.o)
 .debug_line    0x000042b1      0x254 ../Bai7_bsp/\libhal_bsp.a(alt_dev.o)
 .debug_line    0x00004505      0x25a ../Bai7_bsp/\libhal_bsp.a(alt_dev_llist_insert.o)
 .debug_line    0x0000475f       0x83 ../Bai7_bsp/\libhal_bsp.a(alt_do_ctors.o)
 .debug_line    0x000047e2       0x83 ../Bai7_bsp/\libhal_bsp.a(alt_do_dtors.o)
 .debug_line    0x00004865      0x1aa ../Bai7_bsp/\libhal_bsp.a(alt_errno.o)
 .debug_line    0x00004a0f       0xab ../Bai7_bsp/\libhal_bsp.a(alt_exception_entry.o)
 .debug_line    0x00004aba      0x1b5 ../Bai7_bsp/\libhal_bsp.a(alt_icache_flush_all.o)
 .debug_line    0x00004c6f      0x2b4 ../Bai7_bsp/\libhal_bsp.a(alt_io_redirect.o)
 .debug_line    0x00004f23      0x2ff ../Bai7_bsp/\libhal_bsp.a(alt_open.o)
 .debug_line    0x00005222       0xed ../Bai7_bsp/\libhal_bsp.a(alt_release_fd.o)
 .debug_line    0x0000530f      0x1ce ../Bai7_bsp/\libhal_bsp.a(altera_nios2_qsys_irq.o)
 .debug_line    0x000054dd      0x26b ../Bai7_bsp/\libhal_bsp.a(alt_find_dev.o)
 .debug_line    0x00005748      0x27c ../Bai7_bsp/\libhal_bsp.a(alt_find_file.o)
 .debug_line    0x000059c4      0x297 ../Bai7_bsp/\libhal_bsp.a(alt_get_fd.o)
 .debug_line    0x00005c5b      0x203 c:/altera/13.0sp1/nios2eds/bin/gnu/h-i686-mingw32/bin/../lib/gcc/nios2-elf/4.1.2/../../../../nios2-elf/lib/mno-hw-mul\libsmallc.a(lib_a-atexit.o)
 .debug_line    0x00005e5e      0x223 c:/altera/13.0sp1/nios2eds/bin/gnu/h-i686-mingw32/bin/../lib/gcc/nios2-elf/4.1.2/../../../../nios2-elf/lib/mno-hw-mul\libsmallc.a(lib_a-exit.o)
 .debug_line    0x00006081      0x270 c:/altera/13.0sp1/nios2eds/bin/gnu/h-i686-mingw32/bin/../lib/gcc/nios2-elf/4.1.2/../../../../nios2-elf/lib/mno-hw-mul\libsmallc.a(lib_a-memcmp.o)
 .debug_line    0x000062f1      0x350 c:/altera/13.0sp1/nios2eds/bin/gnu/h-i686-mingw32/bin/../lib/gcc/nios2-elf/4.1.2/../../../../nios2-elf/lib/mno-hw-mul\libsmallc.a(lib_a-__atexit.o)
 .debug_line    0x00006641      0x360 c:/altera/13.0sp1/nios2eds/bin/gnu/h-i686-mingw32/bin/../lib/gcc/nios2-elf/4.1.2/../../../../nios2-elf/lib/mno-hw-mul\libsmallc.a(lib_a-__call_atexit.o)
 .debug_line    0x000069a1      0x206 ../Bai7_bsp/\libhal_bsp.a(alt_exit.o)

.debug_frame    0x00000000      0x978
 *(.debug_frame)
 .debug_frame   0x00000000       0x64 obj/default/Bai1.o
 .debug_frame   0x00000064       0x70 c:/altera/13.0sp1/nios2eds/bin/gnu/h-i686-mingw32/bin/../lib/gcc/nios2-elf/4.1.2/mno-hw-mul\libgcc.a(lib2-divmod.o)
 .debug_frame   0x000000d4       0x40 c:/altera/13.0sp1/nios2eds/bin/gnu/h-i686-mingw32/bin/../lib/gcc/nios2-elf/4.1.2/../../../../nios2-elf/lib/mno-hw-mul\libsmallc.a(lib_a-printf.o)
 .debug_frame   0x00000114       0x3c c:/altera/13.0sp1/nios2eds/bin/gnu/h-i686-mingw32/bin/../lib/gcc/nios2-elf/4.1.2/../../../../nios2-elf/lib/mno-hw-mul\libsmallc.a(lib_a-puts.o)
 .debug_frame   0x00000150       0x20 c:/altera/13.0sp1/nios2eds/bin/gnu/h-i686-mingw32/bin/../lib/gcc/nios2-elf/4.1.2/../../../../nios2-elf/lib/mno-hw-mul\libsmallc.a(lib_a-strlen.o)
 .debug_frame   0x00000170       0x64 c:/altera/13.0sp1/nios2eds/bin/gnu/h-i686-mingw32/bin/../lib/gcc/nios2-elf/4.1.2/../../../../nios2-elf/lib/mno-hw-mul\libsmallc.a(lib_a-vfprintf.o)
 .debug_frame   0x000001d4       0x30 c:/altera/13.0sp1/nios2eds/bin/gnu/h-i686-mingw32/bin/../lib/gcc/nios2-elf/4.1.2/../../../../nios2-elf/lib/mno-hw-mul\libsmallc.a(lib_a-fvwrite_small_dev.o)
 .debug_frame   0x00000204       0x2c c:/altera/13.0sp1/nios2eds/bin/gnu/h-i686-mingw32/bin/../lib/gcc/nios2-elf/4.1.2/../../../../nios2-elf/lib/mno-hw-mul\libsmallc.a(lib_a-writer.o)
 .debug_frame   0x00000230       0x20 c:/altera/13.0sp1/nios2eds/bin/gnu/h-i686-mingw32/bin/../lib/gcc/nios2-elf/4.1.2/mno-hw-mul\libgcc.a(lib2-mul.o)
 .debug_frame   0x00000250       0x80 ../Bai7_bsp/\libhal_bsp.a(alt_iic.o)
 .debug_frame   0x000002d0       0x2c ../Bai7_bsp/\libhal_bsp.a(alt_iic_isr_register.o)
 .debug_frame   0x000002fc       0x2c ../Bai7_bsp/\libhal_bsp.a(alt_irq_handler.o)
 .debug_frame   0x00000328       0x48 ../Bai7_bsp/\libhal_bsp.a(alt_load.o)
 .debug_frame   0x00000370       0x2c ../Bai7_bsp/\libhal_bsp.a(alt_main.o)
 .debug_frame   0x0000039c       0x2c ../Bai7_bsp/\libhal_bsp.a(alt_usleep.o)
 .debug_frame   0x000003c8       0x48 ../Bai7_bsp/\libhal_bsp.a(alt_write.o)
 .debug_frame   0x00000410       0x64 ../Bai7_bsp/\libhal_bsp.a(alt_sys_init.o)
 .debug_frame   0x00000474       0x48 ../Bai7_bsp/\libhal_bsp.a(altera_avalon_jtag_uart_fd.o)
 .debug_frame   0x000004bc       0x2c ../Bai7_bsp/\libhal_bsp.a(altera_avalon_jtag_uart_read.o)
 .debug_frame   0x000004e8       0x2c ../Bai7_bsp/\libhal_bsp.a(altera_avalon_jtag_uart_write.o)
 .debug_frame   0x00000514       0x2c ../Bai7_bsp/\libhal_bsp.a(alt_busy_sleep.o)
 .debug_frame   0x00000540       0x48 ../Bai7_bsp/\libhal_bsp.a(alt_close.o)
 .debug_frame   0x00000588       0x2c ../Bai7_bsp/\libhal_bsp.a(alt_dcache_flush_all.o)
 .debug_frame   0x000005b4       0x2c ../Bai7_bsp/\libhal_bsp.a(alt_dev.o)
 .debug_frame   0x000005e0       0x48 ../Bai7_bsp/\libhal_bsp.a(alt_dev_llist_insert.o)
 .debug_frame   0x00000628       0x2c ../Bai7_bsp/\libhal_bsp.a(alt_do_ctors.o)
 .debug_frame   0x00000654       0x2c ../Bai7_bsp/\libhal_bsp.a(alt_do_dtors.o)
 .debug_frame   0x00000680       0x2c ../Bai7_bsp/\libhal_bsp.a(alt_icache_flush_all.o)
 .debug_frame   0x000006ac       0x4c ../Bai7_bsp/\libhal_bsp.a(alt_io_redirect.o)
 .debug_frame   0x000006f8       0x68 ../Bai7_bsp/\libhal_bsp.a(alt_open.o)
 .debug_frame   0x00000760       0x30 ../Bai7_bsp/\libhal_bsp.a(alt_release_fd.o)
 .debug_frame   0x00000790       0x2c ../Bai7_bsp/\libhal_bsp.a(altera_nios2_qsys_irq.o)
 .debug_frame   0x000007bc       0x2c ../Bai7_bsp/\libhal_bsp.a(alt_find_dev.o)
 .debug_frame   0x000007e8       0x2c ../Bai7_bsp/\libhal_bsp.a(alt_find_file.o)
 .debug_frame   0x00000814       0x30 ../Bai7_bsp/\libhal_bsp.a(alt_get_fd.o)
 .debug_frame   0x00000844       0x20 c:/altera/13.0sp1/nios2eds/bin/gnu/h-i686-mingw32/bin/../lib/gcc/nios2-elf/4.1.2/../../../../nios2-elf/lib/mno-hw-mul\libsmallc.a(lib_a-atexit.o)
 .debug_frame   0x00000864       0x2c c:/altera/13.0sp1/nios2eds/bin/gnu/h-i686-mingw32/bin/../lib/gcc/nios2-elf/4.1.2/../../../../nios2-elf/lib/mno-hw-mul\libsmallc.a(lib_a-exit.o)
 .debug_frame   0x00000890       0x20 c:/altera/13.0sp1/nios2eds/bin/gnu/h-i686-mingw32/bin/../lib/gcc/nios2-elf/4.1.2/../../../../nios2-elf/lib/mno-hw-mul\libsmallc.a(lib_a-memcmp.o)
 .debug_frame   0x000008b0       0x34 c:/altera/13.0sp1/nios2eds/bin/gnu/h-i686-mingw32/bin/../lib/gcc/nios2-elf/4.1.2/../../../../nios2-elf/lib/mno-hw-mul\libsmallc.a(lib_a-__atexit.o)
 .debug_frame   0x000008e4       0x4c c:/altera/13.0sp1/nios2eds/bin/gnu/h-i686-mingw32/bin/../lib/gcc/nios2-elf/4.1.2/../../../../nios2-elf/lib/mno-hw-mul\libsmallc.a(lib_a-__call_atexit.o)
 .debug_frame   0x00000930       0x48 ../Bai7_bsp/\libhal_bsp.a(alt_exit.o)

.debug_str      0x00000000      0xdde
 *(.debug_str)
 .debug_str     0x00000000       0x12 obj/default/Bai1.o
 .debug_str     0x00000012      0x167 c:/altera/13.0sp1/nios2eds/bin/gnu/h-i686-mingw32/bin/../lib/gcc/nios2-elf/4.1.2/mno-hw-mul\libgcc.a(lib2-divmod.o)
                                0x1b4 (size before relaxing)
 .debug_str     0x00000179      0x3aa c:/altera/13.0sp1/nios2eds/bin/gnu/h-i686-mingw32/bin/../lib/gcc/nios2-elf/4.1.2/../../../../nios2-elf/lib/mno-hw-mul\libsmallc.a(lib_a-printf.o)
                                0x466 (size before relaxing)
 .debug_str     0x00000523       0x48 c:/altera/13.0sp1/nios2eds/bin/gnu/h-i686-mingw32/bin/../lib/gcc/nios2-elf/4.1.2/../../../../nios2-elf/lib/mno-hw-mul\libsmallc.a(lib_a-puts.o)
                                0x450 (size before relaxing)
 .debug_str     0x0000056b       0xe2 c:/altera/13.0sp1/nios2eds/bin/gnu/h-i686-mingw32/bin/../lib/gcc/nios2-elf/4.1.2/../../../../nios2-elf/lib/mno-hw-mul\libsmallc.a(lib_a-strlen.o)
                                0x184 (size before relaxing)
 .debug_str     0x0000064d      0x168 c:/altera/13.0sp1/nios2eds/bin/gnu/h-i686-mingw32/bin/../lib/gcc/nios2-elf/4.1.2/../../../../nios2-elf/lib/mno-hw-mul\libsmallc.a(lib_a-vfprintf.o)
                                0x5af (size before relaxing)
 .debug_str     0x000007b5       0x70 c:/altera/13.0sp1/nios2eds/bin/gnu/h-i686-mingw32/bin/../lib/gcc/nios2-elf/4.1.2/../../../../nios2-elf/lib/mno-hw-mul\libsmallc.a(lib_a-fvwrite_small_dev.o)
                                0x46a (size before relaxing)
 .debug_str     0x00000825       0xf8 c:/altera/13.0sp1/nios2eds/bin/gnu/h-i686-mingw32/bin/../lib/gcc/nios2-elf/4.1.2/../../../../nios2-elf/lib/mno-hw-mul\libsmallc.a(lib_a-impure.o)
                                0x45d (size before relaxing)
 .debug_str     0x0000091d       0x4f c:/altera/13.0sp1/nios2eds/bin/gnu/h-i686-mingw32/bin/../lib/gcc/nios2-elf/4.1.2/../../../../nios2-elf/lib/mno-hw-mul\libsmallc.a(lib_a-writer.o)
                                0x451 (size before relaxing)
 .debug_str     0x0000096c       0x40 c:/altera/13.0sp1/nios2eds/bin/gnu/h-i686-mingw32/bin/../lib/gcc/nios2-elf/4.1.2/../../../../nios2-elf/lib/mno-hw-mul\libsmallc.a(lib_a-int_errno.o)
                                0x177 (size before relaxing)
 .debug_str     0x000009ac       0x37 c:/altera/13.0sp1/nios2eds/bin/gnu/h-i686-mingw32/bin/../lib/gcc/nios2-elf/4.1.2/mno-hw-mul\libgcc.a(lib2-mul.o)
                                0x175 (size before relaxing)
 .debug_str     0x000009e3       0x18 ../Bai7_bsp/\libhal_bsp.a(alt_iic.o)
 .debug_str     0x000009fb       0x1a ../Bai7_bsp/\libhal_bsp.a(alt_iic_isr_register.o)
 .debug_str     0x00000a15       0x12 ../Bai7_bsp/\libhal_bsp.a(alt_irq_handler.o)
 .debug_str     0x00000a27       0x12 ../Bai7_bsp/\libhal_bsp.a(alt_load.o)
 .debug_str     0x00000a39       0x12 ../Bai7_bsp/\libhal_bsp.a(alt_main.o)
 .debug_str     0x00000a4b       0x12 ../Bai7_bsp/\libhal_bsp.a(alt_usleep.o)
 .debug_str     0x00000a5d       0x12 ../Bai7_bsp/\libhal_bsp.a(alt_write.o)
 .debug_str     0x00000a6f       0x12 ../Bai7_bsp/\libhal_bsp.a(alt_sys_init.o)
 .debug_str     0x00000a81       0x12 ../Bai7_bsp/\libhal_bsp.a(altera_avalon_jtag_uart_read.o)
 .debug_str     0x00000a93       0x12 ../Bai7_bsp/\libhal_bsp.a(altera_avalon_jtag_uart_write.o)
 .debug_str     0x00000aa5       0x12 ../Bai7_bsp/\libhal_bsp.a(alt_busy_sleep.o)
 .debug_str     0x00000ab7       0x12 ../Bai7_bsp/\libhal_bsp.a(alt_close.o)
 .debug_str     0x00000ac9       0x12 ../Bai7_bsp/\libhal_bsp.a(alt_dcache_flush_all.o)
 .debug_str     0x00000adb       0x12 ../Bai7_bsp/\libhal_bsp.a(alt_dev.o)
 .debug_str     0x00000aed       0x12 ../Bai7_bsp/\libhal_bsp.a(alt_dev_llist_insert.o)
 .debug_str     0x00000aff       0x12 ../Bai7_bsp/\libhal_bsp.a(alt_errno.o)
 .debug_str     0x00000b11       0x12 ../Bai7_bsp/\libhal_bsp.a(alt_icache_flush_all.o)
 .debug_str     0x00000b23       0x12 ../Bai7_bsp/\libhal_bsp.a(alt_io_redirect.o)
 .debug_str     0x00000b35       0x12 ../Bai7_bsp/\libhal_bsp.a(alt_open.o)
 .debug_str     0x00000b47       0x12 ../Bai7_bsp/\libhal_bsp.a(altera_nios2_qsys_irq.o)
 .debug_str     0x00000b59       0x12 ../Bai7_bsp/\libhal_bsp.a(alt_find_dev.o)
 .debug_str     0x00000b6b       0x12 ../Bai7_bsp/\libhal_bsp.a(alt_find_file.o)
 .debug_str     0x00000b7d       0x12 ../Bai7_bsp/\libhal_bsp.a(alt_get_fd.o)
 .debug_str     0x00000b8f       0xdb c:/altera/13.0sp1/nios2eds/bin/gnu/h-i686-mingw32/bin/../lib/gcc/nios2-elf/4.1.2/../../../../nios2-elf/lib/mno-hw-mul\libsmallc.a(lib_a-atexit.o)
                                0x1e5 (size before relaxing)
 .debug_str     0x00000c6a       0x41 c:/altera/13.0sp1/nios2eds/bin/gnu/h-i686-mingw32/bin/../lib/gcc/nios2-elf/4.1.2/../../../../nios2-elf/lib/mno-hw-mul\libsmallc.a(lib_a-exit.o)
                                0x178 (size before relaxing)
 .debug_str     0x00000cab       0x45 c:/altera/13.0sp1/nios2eds/bin/gnu/h-i686-mingw32/bin/../lib/gcc/nios2-elf/4.1.2/../../../../nios2-elf/lib/mno-hw-mul\libsmallc.a(lib_a-memcmp.o)
                                0x17e (size before relaxing)
 .debug_str     0x00000cf0       0x54 c:/altera/13.0sp1/nios2eds/bin/gnu/h-i686-mingw32/bin/../lib/gcc/nios2-elf/4.1.2/../../../../nios2-elf/lib/mno-hw-mul\libsmallc.a(lib_a-__atexit.o)
                                0x467 (size before relaxing)
 .debug_str     0x00000d44       0x7e c:/altera/13.0sp1/nios2eds/bin/gnu/h-i686-mingw32/bin/../lib/gcc/nios2-elf/4.1.2/../../../../nios2-elf/lib/mno-hw-mul\libsmallc.a(lib_a-__call_atexit.o)
                                0x491 (size before relaxing)
 .debug_str     0x00000dc2       0x1c ../Bai7_bsp/\libhal_bsp.a(alt_exit.o)

.debug_loc      0x00000000     0x1910
 *(.debug_loc)
 .debug_loc     0x00000000       0x81 obj/default/Bai1.o
 .debug_loc     0x00000081      0x1d2 c:/altera/13.0sp1/nios2eds/bin/gnu/h-i686-mingw32/bin/../lib/gcc/nios2-elf/4.1.2/mno-hw-mul\libgcc.a(lib2-divmod.o)
 .debug_loc     0x00000253       0x8d c:/altera/13.0sp1/nios2eds/bin/gnu/h-i686-mingw32/bin/../lib/gcc/nios2-elf/4.1.2/../../../../nios2-elf/lib/mno-hw-mul\libsmallc.a(lib_a-printf.o)
 .debug_loc     0x000002e0       0xa2 c:/altera/13.0sp1/nios2eds/bin/gnu/h-i686-mingw32/bin/../lib/gcc/nios2-elf/4.1.2/../../../../nios2-elf/lib/mno-hw-mul\libsmallc.a(lib_a-puts.o)
 .debug_loc     0x00000382       0x1e c:/altera/13.0sp1/nios2eds/bin/gnu/h-i686-mingw32/bin/../lib/gcc/nios2-elf/4.1.2/../../../../nios2-elf/lib/mno-hw-mul\libsmallc.a(lib_a-strlen.o)
 .debug_loc     0x000003a0      0x878 c:/altera/13.0sp1/nios2eds/bin/gnu/h-i686-mingw32/bin/../lib/gcc/nios2-elf/4.1.2/../../../../nios2-elf/lib/mno-hw-mul\libsmallc.a(lib_a-vfprintf.o)
 .debug_loc     0x00000c18      0x162 c:/altera/13.0sp1/nios2eds/bin/gnu/h-i686-mingw32/bin/../lib/gcc/nios2-elf/4.1.2/../../../../nios2-elf/lib/mno-hw-mul\libsmallc.a(lib_a-fvwrite_small_dev.o)
 .debug_loc     0x00000d7a       0x97 c:/altera/13.0sp1/nios2eds/bin/gnu/h-i686-mingw32/bin/../lib/gcc/nios2-elf/4.1.2/../../../../nios2-elf/lib/mno-hw-mul\libsmallc.a(lib_a-writer.o)
 .debug_loc     0x00000e11       0x4f c:/altera/13.0sp1/nios2eds/bin/gnu/h-i686-mingw32/bin/../lib/gcc/nios2-elf/4.1.2/mno-hw-mul\libgcc.a(lib2-mul.o)
 .debug_loc     0x00000e60       0xac ../Bai7_bsp/\libhal_bsp.a(alt_iic.o)
 .debug_loc     0x00000f0c       0x2b ../Bai7_bsp/\libhal_bsp.a(alt_iic_isr_register.o)
 .debug_loc     0x00000f37       0x2b ../Bai7_bsp/\libhal_bsp.a(alt_irq_handler.o)
 .debug_loc     0x00000f62       0x56 ../Bai7_bsp/\libhal_bsp.a(alt_load.o)
 .debug_loc     0x00000fb8       0x2b ../Bai7_bsp/\libhal_bsp.a(alt_main.o)
 .debug_loc     0x00000fe3       0x2b ../Bai7_bsp/\libhal_bsp.a(alt_usleep.o)
 .debug_loc     0x0000100e       0x56 ../Bai7_bsp/\libhal_bsp.a(alt_write.o)
 .debug_loc     0x00001064       0x81 ../Bai7_bsp/\libhal_bsp.a(alt_sys_init.o)
 .debug_loc     0x000010e5       0x56 ../Bai7_bsp/\libhal_bsp.a(altera_avalon_jtag_uart_fd.o)
 .debug_loc     0x0000113b       0x2b ../Bai7_bsp/\libhal_bsp.a(altera_avalon_jtag_uart_read.o)
 .debug_loc     0x00001166       0x2b ../Bai7_bsp/\libhal_bsp.a(altera_avalon_jtag_uart_write.o)
 .debug_loc     0x00001191       0x2b ../Bai7_bsp/\libhal_bsp.a(alt_busy_sleep.o)
 .debug_loc     0x000011bc       0x56 ../Bai7_bsp/\libhal_bsp.a(alt_close.o)
 .debug_loc     0x00001212       0x2b ../Bai7_bsp/\libhal_bsp.a(alt_dcache_flush_all.o)
 .debug_loc     0x0000123d       0x2b ../Bai7_bsp/\libhal_bsp.a(alt_dev.o)
 .debug_loc     0x00001268       0x56 ../Bai7_bsp/\libhal_bsp.a(alt_dev_llist_insert.o)
 .debug_loc     0x000012be       0x2b ../Bai7_bsp/\libhal_bsp.a(alt_do_ctors.o)
 .debug_loc     0x000012e9       0x2b ../Bai7_bsp/\libhal_bsp.a(alt_do_dtors.o)
 .debug_loc     0x00001314       0x2b ../Bai7_bsp/\libhal_bsp.a(alt_icache_flush_all.o)
 .debug_loc     0x0000133f       0x56 ../Bai7_bsp/\libhal_bsp.a(alt_io_redirect.o)
 .debug_loc     0x00001395       0x81 ../Bai7_bsp/\libhal_bsp.a(alt_open.o)
 .debug_loc     0x00001416       0x2b ../Bai7_bsp/\libhal_bsp.a(alt_release_fd.o)
 .debug_loc     0x00001441       0x2b ../Bai7_bsp/\libhal_bsp.a(altera_nios2_qsys_irq.o)
 .debug_loc     0x0000146c       0x2b ../Bai7_bsp/\libhal_bsp.a(alt_find_dev.o)
 .debug_loc     0x00001497       0x2b ../Bai7_bsp/\libhal_bsp.a(alt_find_file.o)
 .debug_loc     0x000014c2       0x2b ../Bai7_bsp/\libhal_bsp.a(alt_get_fd.o)
 .debug_loc     0x000014ed       0x1e c:/altera/13.0sp1/nios2eds/bin/gnu/h-i686-mingw32/bin/../lib/gcc/nios2-elf/4.1.2/../../../../nios2-elf/lib/mno-hw-mul\libsmallc.a(lib_a-atexit.o)
 .debug_loc     0x0000150b       0x3d c:/altera/13.0sp1/nios2eds/bin/gnu/h-i686-mingw32/bin/../lib/gcc/nios2-elf/4.1.2/../../../../nios2-elf/lib/mno-hw-mul\libsmallc.a(lib_a-exit.o)
 .debug_loc     0x00001548       0x70 c:/altera/13.0sp1/nios2eds/bin/gnu/h-i686-mingw32/bin/../lib/gcc/nios2-elf/4.1.2/../../../../nios2-elf/lib/mno-hw-mul\libsmallc.a(lib_a-memcmp.o)
 .debug_loc     0x000015b8      0x141 c:/altera/13.0sp1/nios2eds/bin/gnu/h-i686-mingw32/bin/../lib/gcc/nios2-elf/4.1.2/../../../../nios2-elf/lib/mno-hw-mul\libsmallc.a(lib_a-__atexit.o)
 .debug_loc     0x000016f9      0x1c1 c:/altera/13.0sp1/nios2eds/bin/gnu/h-i686-mingw32/bin/../lib/gcc/nios2-elf/4.1.2/../../../../nios2-elf/lib/mno-hw-mul\libsmallc.a(lib_a-__call_atexit.o)
 .debug_loc     0x000018ba       0x56 ../Bai7_bsp/\libhal_bsp.a(alt_exit.o)

.debug_macinfo
 *(.debug_macinfo)

.debug_weaknames
 *(.debug_weaknames)

.debug_funcnames
 *(.debug_funcnames)

.debug_typenames
 *(.debug_typenames)

.debug_varnames
 *(.debug_varnames)

.debug_alt_sim_info
                0x00000000       0x40
 *(.debug_alt_sim_info)
 .debug_alt_sim_info
                0x00000000       0x10 ../Bai7_bsp//obj/HAL/src/crt0.o
 .debug_alt_sim_info
                0x00000010       0x30 ../Bai7_bsp/\libhal_bsp.a(alt_busy_sleep.o)
                0x00010000                __alt_data_end = 0x10000
                0x00010000                PROVIDE (__alt_stack_pointer, __alt_data_end)
                0x0000b1cc                PROVIDE (__alt_stack_limit, __alt_stack_base)
                0x0000b1cc                PROVIDE (__alt_heap_start, end)
                0x00010000                PROVIDE (__alt_heap_limit, 0x10000)
OUTPUT(Bai7.elf elf32-littlenios2)

.debug_ranges   0x00000000      0x1d0
 .debug_ranges  0x00000000       0x20 ../Bai7_bsp//obj/HAL/src/crt0.o
 .debug_ranges  0x00000020      0x140 c:/altera/13.0sp1/nios2eds/bin/gnu/h-i686-mingw32/bin/../lib/gcc/nios2-elf/4.1.2/../../../../nios2-elf/lib/mno-hw-mul\libsmallc.a(lib_a-vfprintf.o)
 .debug_ranges  0x00000160       0x28 ../Bai7_bsp/\libhal_bsp.a(alt_irq_entry.o)
 .debug_ranges  0x00000188       0x30 ../Bai7_bsp/\libhal_bsp.a(alt_exception_entry.o)
 .debug_ranges  0x000001b8       0x18 c:/altera/13.0sp1/nios2eds/bin/gnu/h-i686-mingw32/bin/../lib/gcc/nios2-elf/4.1.2/../../../../nios2-elf/lib/mno-hw-mul\libsmallc.a(lib_a-__call_atexit.o)
