Flow report for Bai8
Mon May 11 11:15:39 2026
Quartus II 64-Bit Version 13.0.1 Build 232 06/12/2013 Service Pack 1 SJ Web Edition


---------------------
; Table of Contents ;
---------------------
  1. Legal Notice
  2. Flow Summary
  3. Flow Settings
  4. Flow Non-Default Global Settings
  5. Flow Elapsed Time
  6. Flow OS Summary
  7. Flow Log
  8. Flow Messages
  9. Flow Suppressed Messages



----------------
; Legal Notice ;
----------------
Copyright (C) 1991-2013 Altera Corporation
Your use of Altera Corporation's design tools, logic functions 
and other software and tools, and its AMPP partner logic 
functions, and any output files from any of the foregoing 
(including device programming or simulation files), and any 
associated documentation or information are expressly subject 
to the terms and conditions of the Altera Program License 
Subscription Agreement, Altera MegaCore Function License 
Agreement, or other applicable license agreement, including, 
without limitation, that your use is for the sole purpose of 
programming logic devices manufactured by Altera and sold by 
Altera or its authorized distributors.  Please refer to the 
applicable agreement for further details.



+--------------------------------------------------------------------------------------+
; Flow Summary                                                                         ;
+------------------------------------+-------------------------------------------------+
; Flow Status                        ; Successful - Mon May 11 11:15:37 2026           ;
; Quartus II 64-Bit Version          ; 13.0.1 Build 232 06/12/2013 SP 1 SJ Web Edition ;
; Revision Name                      ; Bai8                                            ;
; Top-level Entity Name              ; Bai8                                            ;
; Family                             ; Cyclone II                                      ;
; Device                             ; EP2C35F672C6                                    ;
; Timing Models                      ; Final                                           ;
; Total logic elements               ; 3,912 / 33,216 ( 12 % )                         ;
;     Total combinational functions  ; 2,761 / 33,216 ( 8 % )                          ;
;     Dedicated logic registers      ; 2,648 / 33,216 ( 8 % )                          ;
; Total registers                    ; 2648                                            ;
; Total pins                         ; 2 / 475 ( < 1 % )                               ;
; Total virtual pins                 ; 0                                               ;
; Total memory bits                  ; 353,664 / 483,840 ( 73 % )                      ;
; Embedded Multiplier 9-bit elements ; 0 / 70 ( 0 % )                                  ;
; Total PLLs                         ; 0 / 4 ( 0 % )                                   ;
+------------------------------------+-------------------------------------------------+


+-----------------------------------------+
; Flow Settings                           ;
+-------------------+---------------------+
; Option            ; Setting             ;
+-------------------+---------------------+
; Start date & time ; 05/11/2026 11:15:18 ;
; Main task         ; Compilation         ;
; Revision Name     ; Bai8                ;
+-------------------+---------------------+


+--------------------------------------------------------------------------------------------------------------------------------------------------------------------------------------------------------------------------------------------------------------------------------------------------------------------------------------------------------------------------------------------------------------------------------------------------------------------------------------+
; Flow Non-Default Global Settings                                                                                                                                                                                                                                                                                                                                                                                                                                                     ;
+-------------------------------------+---------------------------------------------------------------------------------------------------------------------------------------------------------------------------------------------------------------------------------------------------------------------------------------------------------------------------------------------------------------------------+---------------+---------------------------------+------------------+
; Assignment Name                     ; Value                                                                                                                                                                                                                                                                                                                                                                     ; Default Value ; Entity Name                     ; Section Id       ;
+-------------------------------------+---------------------------------------------------------------------------------------------------------------------------------------------------------------------------------------------------------------------------------------------------------------------------------------------------------------------------------------------------------------------------+---------------+---------------------------------+------------------+
; COMPILER_SIGNATURE_ID               ; 9413553689692.177847291812588                                                                                                                                                                                                                                                                                                                                             ; --            ; --                              ; --               ;
; ENABLE_SIGNALTAP                    ; On                                                                                                                                                                                                                                                                                                                                                                        ; --            ; --                              ; --               ;
; IP_TOOL_ENV                         ; Qsys                                                                                                                                                                                                                                                                                                                                                                      ; --            ; altera_avalon_sc_fifo           ; --               ;
; IP_TOOL_ENV                         ; Qsys                                                                                                                                                                                                                                                                                                                                                                      ; --            ; altera_merlin_master_agent      ; --               ;
; IP_TOOL_ENV                         ; Qsys                                                                                                                                                                                                                                                                                                                                                                      ; --            ; altera_merlin_master_translator ; --               ;
; IP_TOOL_ENV                         ; Qsys                                                                                                                                                                                                                                                                                                                                                                      ; --            ; altera_merlin_slave_agent       ; --               ;
; IP_TOOL_ENV                         ; Qsys                                                                                                                                                                                                                                                                                                                                                                      ; --            ; altera_merlin_slave_translator  ; --               ;
; IP_TOOL_ENV                         ; Qsys                                                                                                                                                                                                                                                                                                                                                                      ; --            ; altera_merlin_traffic_limiter   ; --               ;
; IP_TOOL_ENV                         ; Qsys                                                                                                                                                                                                                                                                                                                                                                      ; --            ; altera_reset_controller         ; --               ;
; IP_TOOL_ENV                         ; Qsys                                                                                                                                                                                                                                                                                                                                                                      ; --            ; system                          ; --               ;
; IP_TOOL_ENV                         ; Qsys                                                                                                                                                                                                                                                                                                                                                                      ; --            ; system_addr_router              ; --               ;
; IP_TOOL_ENV                         ; Qsys                                                                                                                                                                                                                                                                                                                                                                      ; --            ; system_addr_router_001          ; --               ;
; IP_TOOL_ENV                         ; Qsys                                                                                                                                                                                                                                                                                                                                                                      ; --            ; system_addr_router_002          ; --               ;
; IP_TOOL_ENV                         ; Qsys                                                                                                                                                                                                                                                                                                                                                                      ; --            ; system_cmd_xbar_demux           ; --               ;
; IP_TOOL_ENV                         ; Qsys                                                                                                                                                                                                                                                                                                                                                                      ; --            ; system_cmd_xbar_demux_001       ; --               ;
; IP_TOOL_ENV                         ; Qsys                                                                                                                                                                                                                                                                                                                                                                      ; --            ; system_cmd_xbar_demux_002       ; --               ;
; IP_TOOL_ENV                         ; Qsys                                                                                                                                                                                                                                                                                                                                                                      ; --            ; system_cmd_xbar_demux_003       ; --               ;
; IP_TOOL_ENV                         ; Qsys                                                                                                                                                                                                                                                                                                                                                                      ; --            ; system_cmd_xbar_mux             ; --               ;
; IP_TOOL_ENV                         ; Qsys                                                                                                                                                                                                                                                                                                                                                                      ; --            ; system_cmd_xbar_mux_001         ; --               ;
; IP_TOOL_ENV                         ; Qsys                                                                                                                                                                                                                                                                                                                                                                      ; --            ; system_cmd_xbar_mux_003         ; --               ;
; IP_TOOL_ENV                         ; Qsys                                                                                                                                                                                                                                                                                                                                                                      ; --            ; system_dma_0                    ; --               ;
; IP_TOOL_ENV                         ; Qsys                                                                                                                                                                                                                                                                                                                                                                      ; --            ; system_id_router                ; --               ;
; IP_TOOL_ENV                         ; Qsys                                                                                                                                                                                                                                                                                                                                                                      ; --            ; system_id_router_001            ; --               ;
; IP_TOOL_ENV                         ; Qsys                                                                                                                                                                                                                                                                                                                                                                      ; --            ; system_id_router_002            ; --               ;
; IP_TOOL_ENV                         ; Qsys                                                                                                                                                                                                                                                                                                                                                                      ; --            ; system_id_router_003            ; --               ;
; IP_TOOL_ENV                         ; Qsys                                                                                                                                                                                                                                                                                                                                                                      ; --            ; system_irq_mapper               ; --               ;
; IP_TOOL_ENV                         ; Qsys                                                                                                                                                                                                                                                                                                                                                                      ; --            ; system_jtag_uart_0              ; --               ;
; IP_TOOL_ENV                         ; Qsys                                                                                                                                                                                                                                                                                                                                                                      ; --            ; system_nios2_qsys_0             ; --               ;
; IP_TOOL_ENV                         ; Qsys                                                                                                                                                                                                                                                                                                                                                                      ; --            ; system_onchip_memory2_0         ; --               ;
; IP_TOOL_ENV                         ; Qsys                                                                                                                                                                                                                                                                                                                                                                      ; --            ; system_onchip_memory2_1         ; --               ;
; IP_TOOL_ENV                         ; Qsys                                                                                                                                                                                                                                                                                                                                                                      ; --            ; system_rsp_xbar_demux_001       ; --               ;
; IP_TOOL_ENV                         ; Qsys                                                                                                                                                                                                                                                                                                                                                                      ; --            ; system_rsp_xbar_demux_002       ; --               ;
; IP_TOOL_ENV                         ; Qsys                                                                                                                                                                                                                                                                                                                                                                      ; --            ; system_rsp_xbar_mux             ; --               ;
; IP_TOOL_ENV                         ; Qsys                                                                                                                                                                                                                                                                                                                                                                      ; --            ; system_rsp_xbar_mux_001         ; --               ;
; IP_TOOL_ENV                         ; Qsys                                                                                                                                                                                                                                                                                                                                                                      ; --            ; system_rsp_xbar_mux_002         ; --               ;
; IP_TOOL_NAME                        ; altera_avalon_sc_fifo                                                                                                                                                                                                                                                                                                                                                     ; --            ; altera_avalon_sc_fifo           ; --               ;
; IP_TOOL_NAME                        ; altera_merlin_master_agent                                                                                                                                                                                                                                                                                                                                                ; --            ; altera_merlin_master_agent      ; --               ;
; IP_TOOL_NAME                        ; altera_merlin_master_translator                                                                                                                                                                                                                                                                                                                                           ; --            ; altera_merlin_master_translator ; --               ;
; IP_TOOL_NAME                        ; altera_merlin_slave_agent                                                                                                                                                                                                                                                                                                                                                 ; --            ; altera_merlin_slave_agent       ; --               ;
; IP_TOOL_NAME                        ; altera_merlin_slave_translator                                                                                                                                                                                                                                                                                                                                            ; --            ; altera_merlin_slave_translator  ; --               ;
; IP_TOOL_NAME                        ; altera_merlin_traffic_limiter                                                                                                                                                                                                                                                                                                                                             ; --            ; altera_merlin_traffic_limiter   ; --               ;
; IP_TOOL_NAME                        ; altera_reset_controller                                                                                                                                                                                                                                                                                                                                                   ; --            ; altera_reset_controller         ; --               ;
; IP_TOOL_NAME                        ; Qsys                                                                                                                                                                                                                                                                                                                                                                      ; --            ; system                          ; --               ;
; IP_TOOL_NAME                        ; altera_merlin_router                                                                                                                                                                                                                                                                                                                                                      ; --            ; system_addr_router              ; --               ;
; IP_TOOL_NAME                        ; altera_merlin_router                                                                                                                                                                                                                                                                                                                                                      ; --            ; system_addr_router_001          ; --               ;
; IP_TOOL_NAME                        ; altera_merlin_router                                                                                                                                                                                                                                                                                                                                                      ; --            ; system_addr_router_002          ; --               ;
; IP_TOOL_NAME                        ; altera_merlin_demultiplexer                                                                                                                                                                                                                                                                                                                                               ; --            ; system_cmd_xbar_demux           ; --               ;
; IP_TOOL_NAME                        ; altera_merlin_demultiplexer                                                                                                                                                                                                                                                                                                                                               ; --            ; system_cmd_xbar_demux_001       ; --               ;
; IP_TOOL_NAME                        ; altera_merlin_demultiplexer                                                                                                                                                                                                                                                                                                                                               ; --            ; system_cmd_xbar_demux_002       ; --               ;
; IP_TOOL_NAME                        ; altera_merlin_demultiplexer                                                                                                                                                                                                                                                                                                                                               ; --            ; system_cmd_xbar_demux_003       ; --               ;
; IP_TOOL_NAME                        ; altera_merlin_multiplexer                                                                                                                                                                                                                                                                                                                                                 ; --            ; system_cmd_xbar_mux             ; --               ;
; IP_TOOL_NAME                        ; altera_merlin_multiplexer                                                                                                                                                                                                                                                                                                                                                 ; --            ; system_cmd_xbar_mux_001         ; --               ;
; IP_TOOL_NAME                        ; altera_merlin_multiplexer                                                                                                                                                                                                                                                                                                                                                 ; --            ; system_cmd_xbar_mux_003         ; --               ;
; IP_TOOL_NAME                        ; altera_avalon_dma                                                                                                                                                                                                                                                                                                                                                         ; --            ; system_dma_0                    ; --               ;
; IP_TOOL_NAME                        ; altera_merlin_router                                                                                                                                                                                                                                                                                                                                                      ; --            ; system_id_router                ; --               ;
; IP_TOOL_NAME                        ; altera_merlin_router                                                                                                                                                                                                                                                                                                                                                      ; --            ; system_id_router_001            ; --               ;
; IP_TOOL_NAME                        ; altera_merlin_router                                                                                                                                                                                                                                                                                                                                                      ; --            ; system_id_router_002            ; --               ;
; IP_TOOL_NAME                        ; altera_merlin_router                                                                                                                                                                                                                                                                                                                                                      ; --            ; system_id_router_003            ; --               ;
; IP_TOOL_NAME                        ; altera_irq_mapper                                                                                                                                                                                                                                                                                                                                                         ; --            ; system_irq_mapper               ; --               ;
; IP_TOOL_NAME                        ; altera_avalon_jtag_uart                                                                                                                                                                                                                                                                                                                                                   ; --            ; system_jtag_uart_0              ; --               ;
; IP_TOOL_NAME                        ; altera_nios2_qsys                                                                                                                                                                                                                                                                                                                                                         ; --            ; system_nios2_qsys_0             ; --               ;
; IP_TOOL_NAME                        ; altera_avalon_onchip_memory2                                                                                                                                                                                                                                                                                                                                              ; --            ; system_onchip_memory2_0         ; --               ;
; IP_TOOL_NAME                        ; altera_avalon_onchip_memory2                                                                                                                                                                                                                                                                                                                                              ; --            ; system_onchip_memory2_1         ; --               ;
; IP_TOOL_NAME                        ; altera_merlin_demultiplexer                                                                                                                                                                                                                                                                                                                                               ; --            ; system_rsp_xbar_demux_001       ; --               ;
; IP_TOOL_NAME                        ; altera_merlin_demultiplexer                                                                                                                                                                                                                                                                                                                                               ; --            ; system_rsp_xbar_demux_002       ; --               ;
; IP_TOOL_NAME                        ; altera_merlin_multiplexer                                                                                                                                                                                                                                                                                                                                                 ; --            ; system_rsp_xbar_mux             ; --               ;
; IP_TOOL_NAME                        ; altera_merlin_multiplexer                                                                                                                                                                                                                                                                                                                                                 ; --            ; system_rsp_xbar_mux_001         ; --               ;
; IP_TOOL_NAME                        ; altera_merlin_multiplexer                                                                                                                                                                                                                                                                                                                                                 ; --            ; system_rsp_xbar_mux_002         ; --               ;
; IP_TOOL_VERSION                     ; 13.0                                                                                                                                                                                                                                                                                                                                                                      ; --            ; altera_avalon_sc_fifo           ; --               ;
; IP_TOOL_VERSION                     ; 13.0                                                                                                                                                                                                                                                                                                                                                                      ; --            ; altera_merlin_master_agent      ; --               ;
; IP_TOOL_VERSION                     ; 13.0                                                                                                                                                                                                                                                                                                                                                                      ; --            ; altera_merlin_master_translator ; --               ;
; IP_TOOL_VERSION                     ; 13.0                                                                                                                                                                                                                                                                                                                                                                      ; --            ; altera_merlin_slave_agent       ; --               ;
; IP_TOOL_VERSION                     ; 13.0                                                                                                                                                                                                                                                                                                                                                                      ; --            ; altera_merlin_slave_translator  ; --               ;
; IP_TOOL_VERSION                     ; 13.0                                                                                                                                                                                                                                                                                                                                                                      ; --            ; altera_merlin_traffic_limiter   ; --               ;
; IP_TOOL_VERSION                     ; 13.0                                                                                                                                                                                                                                                                                                                                                                      ; --            ; altera_reset_controller         ; --               ;
; IP_TOOL_VERSION                     ; 13.0sp1                                                                                                                                                                                                                                                                                                                                                                   ; --            ; system                          ; --               ;
; IP_TOOL_VERSION                     ; 13.0                                                                                                                                                                                                                                                                                                                                                                      ; --            ; system_addr_router              ; --               ;
; IP_TOOL_VERSION                     ; 13.0                                                                                                                                                                                                                                                                                                                                                                      ; --            ; system_addr_router_001          ; --               ;
; IP_TOOL_VERSION                     ; 13.0                                                                                                                                                                                                                                                                                                                                                                      ; --            ; system_addr_router_002          ; --               ;
; IP_TOOL_VERSION                     ; 13.0                                                                                                                                                                                                                                                                                                                                                                      ; --            ; system_cmd_xbar_demux           ; --               ;
; IP_TOOL_VERSION                     ; 13.0                                                                                                                                                                                                                                                                                                                                                                      ; --            ; system_cmd_xbar_demux_001       ; --               ;
; IP_TOOL_VERSION                     ; 13.0                                                                                                                                                                                                                                                                                                                                                                      ; --            ; system_cmd_xbar_demux_002       ; --               ;
; IP_TOOL_VERSION                     ; 13.0                                                                                                                                                                                                                                                                                                                                                                      ; --            ; system_cmd_xbar_demux_003       ; --               ;
; IP_TOOL_VERSION                     ; 13.0                                                                                                                                                                                                                                                                                                                                                                      ; --            ; system_cmd_xbar_mux             ; --               ;
; IP_TOOL_VERSION                     ; 13.0                                                                                                                                                                                                                                                                                                                                                                      ; --            ; system_cmd_xbar_mux_001         ; --               ;
; IP_TOOL_VERSION                     ; 13.0                                                                                                                                                                                                                                                                                                                                                                      ; --            ; system_cmd_xbar_mux_003         ; --               ;
; IP_TOOL_VERSION                     ; 13.0.1.99.2                                                                                                                                                                                                                                                                                                                                                               ; --            ; system_dma_0                    ; --               ;
; IP_TOOL_VERSION                     ; 13.0                                                                                                                                                                                                                                                                                                                                                                      ; --            ; system_id_router                ; --               ;
; IP_TOOL_VERSION                     ; 13.0                                                                                                                                                                                                                                                                                                                                                                      ; --            ; system_id_router_001            ; --               ;
; IP_TOOL_VERSION                     ; 13.0                                                                                                                                                                                                                                                                                                                                                                      ; --            ; system_id_router_002            ; --               ;
; IP_TOOL_VERSION                     ; 13.0                                                                                                                                                                                                                                                                                                                                                                      ; --            ; system_id_router_003            ; --               ;
; IP_TOOL_VERSION                     ; 13.0                                                                                                                                                                                                                                                                                                                                                                      ; --            ; system_irq_mapper               ; --               ;
; IP_TOOL_VERSION                     ; 13.0.1.99.2                                                                                                                                                                                                                                                                                                                                                               ; --            ; system_jtag_uart_0              ; --               ;
; IP_TOOL_VERSION                     ; 13.0                                                                                                                                                                                                                                                                                                                                                                      ; --            ; system_nios2_qsys_0             ; --               ;
; IP_TOOL_VERSION                     ; 13.0.1.99.2                                                                                                                                                                                                                                                                                                                                                               ; --            ; system_onchip_memory2_0         ; --               ;
; IP_TOOL_VERSION                     ; 13.0.1.99.2                                                                                                                                                                                                                                                                                                                                                               ; --            ; system_onchip_memory2_1         ; --               ;
; IP_TOOL_VERSION                     ; 13.0                                                                                                                                                                                                                                                                                                                                                                      ; --            ; system_rsp_xbar_demux_001       ; --               ;
; IP_TOOL_VERSION                     ; 13.0                                                                                                                                                                                                                                                                                                                                                                      ; --            ; system_rsp_xbar_demux_002       ; --               ;
; IP_TOOL_VERSION                     ; 13.0                                                                                                                                                                                                                                                                                                                                                                      ; --            ; system_rsp_xbar_mux             ; --               ;
; IP_TOOL_VERSION                     ; 13.0                                                                                                                                                                                                                                                                                                                                                                      ; --            ; system_rsp_xbar_mux_001         ; --               ;
; IP_TOOL_VERSION                     ; 13.0                                                                                                                                                                                                                                                                                                                                                                      ; --            ; system_rsp_xbar_mux_002         ; --               ;
; MAX_CORE_JUNCTION_TEMP              ; 85                                                                                                                                                                                                                                                                                                                                                                        ; --            ; --                              ; --               ;
; MIN_CORE_JUNCTION_TEMP              ; 0                                                                                                                                                                                                                                                                                                                                                                         ; --            ; --                              ; --               ;
; MISC_FILE                           ; system/synthesis/../../system.cmp                                                                                                                                                                                                                                                                                                                                         ; --            ; --                              ; --               ;
; MISC_FILE                           ; system/synthesis/../../system.qsys                                                                                                                                                                                                                                                                                                                                        ; --            ; --                              ; --               ;
; PARTITION_COLOR                     ; 16764057                                                                                                                                                                                                                                                                                                                                                                  ; --            ; --                              ; Top              ;
; PARTITION_FITTER_PRESERVATION_LEVEL ; PLACEMENT_AND_ROUTING                                                                                                                                                                                                                                                                                                                                                     ; --            ; --                              ; Top              ;
; PARTITION_NETLIST_TYPE              ; SOURCE                                                                                                                                                                                                                                                                                                                                                                    ; --            ; --                              ; Top              ;
; PROJECT_OUTPUT_DIRECTORY            ; output_files                                                                                                                                                                                                                                                                                                                                                              ; --            ; --                              ; --               ;
; SLD_FILE                            ; E:/UIT/SoC/LAB_TH/Bai5/output_files/stp3_auto_stripped.stp                                                                                                                                                                                                                                                                                                                ; --            ; --                              ; --               ;
; SLD_INFO                            ; QSYS_NAME system HAS_SOPCINFO 1 GENERATION_ID 1778467957                                                                                                                                                                                                                                                                                                                  ; --            ; system                          ; --               ;
; SLD_NODE_CREATOR_ID                 ; 110                                                                                                                                                                                                                                                                                                                                                                       ; --            ; --                              ; auto_signaltap_0 ;
; SLD_NODE_ENTITY_NAME                ; sld_signaltap                                                                                                                                                                                                                                                                                                                                                             ; --            ; --                              ; auto_signaltap_0 ;
; SLD_NODE_PARAMETER_ASSIGNMENT       ; SLD_DATA_BITS=107                                                                                                                                                                                                                                                                                                                                                         ; --            ; --                              ; auto_signaltap_0 ;
; SLD_NODE_PARAMETER_ASSIGNMENT       ; SLD_TRIGGER_BITS=107                                                                                                                                                                                                                                                                                                                                                      ; --            ; --                              ; auto_signaltap_0 ;
; SLD_NODE_PARAMETER_ASSIGNMENT       ; SLD_NODE_INFO=805334528                                                                                                                                                                                                                                                                                                                                                   ; --            ; --                              ; auto_signaltap_0 ;
; SLD_NODE_PARAMETER_ASSIGNMENT       ; SLD_POWER_UP_TRIGGER=0                                                                                                                                                                                                                                                                                                                                                    ; --            ; --                              ; auto_signaltap_0 ;
; SLD_NODE_PARAMETER_ASSIGNMENT       ; SLD_SEGMENT_SIZE=128                                                                                                                                                                                                                                                                                                                                                      ; --            ; --                              ; auto_signaltap_0 ;
; SLD_NODE_PARAMETER_ASSIGNMENT       ; SLD_ATTRIBUTE_MEM_MODE=OFF                                                                                                                                                                                                                                                                                                                                                ; --            ; --                              ; auto_signaltap_0 ;
; SLD_NODE_PARAMETER_ASSIGNMENT       ; SLD_STATE_FLOW_USE_GENERATED=0                                                                                                                                                                                                                                                                                                                                            ; --            ; --                              ; auto_signaltap_0 ;
; SLD_NODE_PARAMETER_ASSIGNMENT       ; SLD_STATE_BITS=11                                                                                                                                                                                                                                                                                                                                                         ; --            ; --                              ; auto_signaltap_0 ;
; SLD_NODE_PARAMETER_ASSIGNMENT       ; SLD_BUFFER_FULL_STOP=1                                                                                                                                                                                                                                                                                                                                                    ; --            ; --                              ; auto_signaltap_0 ;
; SLD_NODE_PARAMETER_ASSIGNMENT       ; SLD_CURRENT_RESOURCE_WIDTH=1                                                                                                                                                                                                                                                                                                                                              ; --            ; --                              ; auto_signaltap_0 ;
; SLD_NODE_PARAMETER_ASSIGNMENT       ; SLD_NODE_CRC_LOWORD=54436                                                                                                                                                                                                                                                                                                                                                 ; --            ; --                              ; auto_signaltap_0 ;
; SLD_NODE_PARAMETER_ASSIGNMENT       ; SLD_TRIGGER_LEVEL=1                                                                                                                                                                                                                                                                                                                                                       ; --            ; --                              ; auto_signaltap_0 ;
; SLD_NODE_PARAMETER_ASSIGNMENT       ; SLD_SAMPLE_DEPTH=128                                                                                                                                                                                                                                                                                                                                                      ; --            ; --                              ; auto_signaltap_0 ;
; SLD_NODE_PARAMETER_ASSIGNMENT       ; SLD_TRIGGER_IN_ENABLED=0                                                                                                                                                                                                                                                                                                                                                  ; --            ; --                              ; auto_signaltap_0 ;
; SLD_NODE_PARAMETER_ASSIGNMENT       ; SLD_ADVANCED_TRIGGER_ENTITY=basic,1,                                                                                                                                                                                                                                                                                                                                      ; --            ; --                              ; auto_signaltap_0 ;
; SLD_NODE_PARAMETER_ASSIGNMENT       ; SLD_TRIGGER_LEVEL_PIPELINE=1                                                                                                                                                                                                                                                                                                                                              ; --            ; --                              ; auto_signaltap_0 ;
; SLD_NODE_PARAMETER_ASSIGNMENT       ; SLD_ENABLE_ADVANCED_TRIGGER=0                                                                                                                                                                                                                                                                                                                                             ; --            ; --                              ; auto_signaltap_0 ;
; SLD_NODE_PARAMETER_ASSIGNMENT       ; SLD_STORAGE_QUALIFIER_INVERSION_MASK_LENGTH=0                                                                                                                                                                                                                                                                                                                             ; --            ; --                              ; auto_signaltap_0 ;
; SLD_NODE_PARAMETER_ASSIGNMENT       ; SLD_INVERSION_MASK=000000000000000000000000000000000000000000000000000000000000000000000000000000000000000000000000000000000000000000000000000000000000000000000000000000000000000000000000000000000000000000000000000000000000000000000000000000000000000000000000000000000000000000000000000000000000000000000000000000000000000000000000000000000000000000000000000000 ; --            ; --                              ; auto_signaltap_0 ;
; SLD_NODE_PARAMETER_ASSIGNMENT       ; SLD_INVERSION_MASK_LENGTH=342                                                                                                                                                                                                                                                                                                                                             ; --            ; --                              ; auto_signaltap_0 ;
; SLD_NODE_PARAMETER_ASSIGNMENT       ; SLD_NODE_CRC_HIWORD=52465                                                                                                                                                                                                                                                                                                                                                 ; --            ; --                              ; auto_signaltap_0 ;
; SOPCINFO_FILE                       ; system/synthesis/../../system.sopcinfo                                                                                                                                                                                                                                                                                                                                    ; --            ; --                              ; --               ;
; SYNTHESIS_ONLY_QIP                  ; On                                                                                                                                                                                                                                                                                                                                                                        ; --            ; --                              ; --               ;
; USE_SIGNALTAP_FILE                  ; output_files/stp3.stp                                                                                                                                                                                                                                                                                                                                                     ; --            ; --                              ; --               ;
+-------------------------------------+---------------------------------------------------------------------------------------------------------------------------------------------------------------------------------------------------------------------------------------------------------------------------------------------------------------------------------------------------------------------------+---------------+---------------------------------+------------------+


+-------------------------------------------------------------------------------------------------------------------------------+
; Flow Elapsed Time                                                                                                             ;
+---------------------------+--------------+-------------------------+---------------------+------------------------------------+
; Module Name               ; Elapsed Time ; Average Processors Used ; Peak Virtual Memory ; Total CPU Time (on all processors) ;
+---------------------------+--------------+-------------------------+---------------------+------------------------------------+
; Analysis & Synthesis      ; 00:00:08     ; 1.0                     ; 4778 MB             ; 00:00:08                           ;
; Fitter                    ; 00:00:07     ; 2.9                     ; 5788 MB             ; 00:00:13                           ;
; Assembler                 ; 00:00:01     ; 1.0                     ; 4612 MB             ; 00:00:01                           ;
; TimeQuest Timing Analyzer ; 00:00:01     ; 1.0                     ; 4670 MB             ; 00:00:01                           ;
; Total                     ; 00:00:17     ; --                      ; --                  ; 00:00:23                           ;
+---------------------------+--------------+-------------------------+---------------------+------------------------------------+


+----------------------------------------------------------------------------------------+
; Flow OS Summary                                                                        ;
+---------------------------+------------------+-----------+------------+----------------+
; Module Name               ; Machine Hostname ; OS Name   ; OS Version ; Processor type ;
+---------------------------+------------------+-----------+------------+----------------+
; Analysis & Synthesis      ; DESKTOP-7HQBVAU  ; Windows 7 ; 6.2        ; x86_64         ;
; Fitter                    ; DESKTOP-7HQBVAU  ; Windows 7 ; 6.2        ; x86_64         ;
; Assembler                 ; DESKTOP-7HQBVAU  ; Windows 7 ; 6.2        ; x86_64         ;
; TimeQuest Timing Analyzer ; DESKTOP-7HQBVAU  ; Windows 7 ; 6.2        ; x86_64         ;
+---------------------------+------------------+-----------+------------+----------------+


------------
; Flow Log ;
------------
quartus_map --read_settings_files=on --write_settings_files=off Bai8 -c Bai8
quartus_fit --read_settings_files=off --write_settings_files=off Bai8 -c Bai8
quartus_asm --read_settings_files=off --write_settings_files=off Bai8 -c Bai8
quartus_sta Bai8 -c Bai8



